ARM GAS  C:\Users\HUAV\AppData\Local\Temp\ccnIe0P6.s 			page 1


   1              		.cpu cortex-m7
   2              		.arch armv7e-m
   3              		.fpu fpv5-d16
   4              		.eabi_attribute 28, 1
   5              		.eabi_attribute 20, 1
   6              		.eabi_attribute 21, 1
   7              		.eabi_attribute 23, 3
   8              		.eabi_attribute 24, 1
   9              		.eabi_attribute 25, 1
  10              		.eabi_attribute 26, 1
  11              		.eabi_attribute 30, 6
  12              		.eabi_attribute 34, 1
  13              		.eabi_attribute 18, 4
  14              		.file	"Bsp_QSPI.c"
  15              		.text
  16              	.Ltext0:
  17              		.cfi_sections	.debug_frame
  18              		.global	BspQspi
  19              		.section	.data.BspQspi,"aw"
  20              		.align	2
  23              	BspQspi:
  24 0000 00000000 		.word	BspQSPI_Init
  25 0004 00000000 		.word	BspQSPI_Trans
  26 0008 00000000 		.word	BspQSPI_Recv
  27 000c 00000000 		.word	BspQSPI_Command
  28 0010 00000000 		.word	BspQSPI_Polling
  29 0014 00000000 		.word	BspQSPI_MemMap
  30              		.section	.text.BspQSPI_Pin_Init,"ax",%progbits
  31              		.align	1
  32              		.weak	BspQSPI_Pin_Init
  33              		.syntax unified
  34              		.thumb
  35              		.thumb_func
  37              	BspQSPI_Pin_Init:
  38              	.LFB333:
  39              		.file 1 "HW_Lib/STM32H7/BSP/Bsp_QSPI.c"
   1:HW_Lib/STM32H7/BSP/Bsp_QSPI.c **** #include "Bsp_QSPI.h"
   2:HW_Lib/STM32H7/BSP/Bsp_QSPI.c **** #include "Bsp_GPIO.h"
   3:HW_Lib/STM32H7/BSP/Bsp_QSPI.c **** #include "stm32h7xx_hal.h"
   4:HW_Lib/STM32H7/BSP/Bsp_QSPI.c **** 
   5:HW_Lib/STM32H7/BSP/Bsp_QSPI.c **** #define DATALINE_0  ((uint8_t) 0)
   6:HW_Lib/STM32H7/BSP/Bsp_QSPI.c **** #define DATALINE_1  ((uint8_t) 1)
   7:HW_Lib/STM32H7/BSP/Bsp_QSPI.c **** #define DATALINE_2  ((uint8_t) 2)
   8:HW_Lib/STM32H7/BSP/Bsp_QSPI.c **** #define DATALINE_4  ((uint8_t) 4)
   9:HW_Lib/STM32H7/BSP/Bsp_QSPI.c **** 
  10:HW_Lib/STM32H7/BSP/Bsp_QSPI.c **** typedef struct
  11:HW_Lib/STM32H7/BSP/Bsp_QSPI.c **** {
  12:HW_Lib/STM32H7/BSP/Bsp_QSPI.c ****     bool valid;
  13:HW_Lib/STM32H7/BSP/Bsp_QSPI.c ****     QSPI_CommandTypeDef command;
  14:HW_Lib/STM32H7/BSP/Bsp_QSPI.c **** } BspQPI_CMDInfo_TypeDef;
  15:HW_Lib/STM32H7/BSP/Bsp_QSPI.c **** 
  16:HW_Lib/STM32H7/BSP/Bsp_QSPI.c **** /* internal function */
  17:HW_Lib/STM32H7/BSP/Bsp_QSPI.c **** static BspQPI_CMDInfo_TypeDef BspQSPI_Check_CMD(uint8_t data_line, uint8_t addr_line, uint32_t addr
  18:HW_Lib/STM32H7/BSP/Bsp_QSPI.c **** 
  19:HW_Lib/STM32H7/BSP/Bsp_QSPI.c **** /* external function */
  20:HW_Lib/STM32H7/BSP/Bsp_QSPI.c **** static bool BspQSPI_Init(BspQSPI_Config_TypeDef *obj, void *qspi_hdl);
  21:HW_Lib/STM32H7/BSP/Bsp_QSPI.c **** static bool BspQSPI_Command(BspQSPI_Config_TypeDef *obj, uint32_t data_line, uint32_t addr_line, ui
ARM GAS  C:\Users\HUAV\AppData\Local\Temp\ccnIe0P6.s 			page 2


  22:HW_Lib/STM32H7/BSP/Bsp_QSPI.c **** static bool BspQSPI_Polling(BspQSPI_Config_TypeDef *obj, uint32_t data_line, uint32_t addr_line, ui
  23:HW_Lib/STM32H7/BSP/Bsp_QSPI.c **** static bool BspQSPI_MemMap(BspQSPI_Config_TypeDef *obj, uint32_t cmd);
  24:HW_Lib/STM32H7/BSP/Bsp_QSPI.c **** static bool BspQSPI_Recv(BspQSPI_Config_TypeDef *obj, uint8_t *p_data);
  25:HW_Lib/STM32H7/BSP/Bsp_QSPI.c **** static bool BspQSPI_Trans(BspQSPI_Config_TypeDef *obj, uint8_t *p_data);
  26:HW_Lib/STM32H7/BSP/Bsp_QSPI.c **** 
  27:HW_Lib/STM32H7/BSP/Bsp_QSPI.c **** BspQSpi_TypeDef BspQspi = {
  28:HW_Lib/STM32H7/BSP/Bsp_QSPI.c ****     .init    = BspQSPI_Init,
  29:HW_Lib/STM32H7/BSP/Bsp_QSPI.c ****     .cmd     = BspQSPI_Command,
  30:HW_Lib/STM32H7/BSP/Bsp_QSPI.c ****     .polling = BspQSPI_Polling,
  31:HW_Lib/STM32H7/BSP/Bsp_QSPI.c ****     .memmap  = BspQSPI_MemMap,
  32:HW_Lib/STM32H7/BSP/Bsp_QSPI.c ****     .rx      = BspQSPI_Recv,
  33:HW_Lib/STM32H7/BSP/Bsp_QSPI.c ****     .tx      = BspQSPI_Trans,
  34:HW_Lib/STM32H7/BSP/Bsp_QSPI.c **** };
  35:HW_Lib/STM32H7/BSP/Bsp_QSPI.c **** 
  36:HW_Lib/STM32H7/BSP/Bsp_QSPI.c **** __attribute__((weak)) void BspQSPI_Pin_Init(void) { return; }
  40              		.loc 1 36 51
  41              		.cfi_startproc
  42              		@ args = 0, pretend = 0, frame = 0
  43              		@ frame_needed = 1, uses_anonymous_args = 0
  44              		@ link register save eliminated.
  45 0000 80B4     		push	{r7}
  46              	.LCFI0:
  47              		.cfi_def_cfa_offset 4
  48              		.cfi_offset 7, -4
  49 0002 00AF     		add	r7, sp, #0
  50              	.LCFI1:
  51              		.cfi_def_cfa_register 7
  52              		.loc 1 36 53
  53 0004 00BF     		nop
  54              		.loc 1 36 61
  55 0006 BD46     		mov	sp, r7
  56              	.LCFI2:
  57              		.cfi_def_cfa_register 13
  58              		@ sp needed
  59 0008 5DF8047B 		ldr	r7, [sp], #4
  60              	.LCFI3:
  61              		.cfi_restore 7
  62              		.cfi_def_cfa_offset 0
  63 000c 7047     		bx	lr
  64              		.cfi_endproc
  65              	.LFE333:
  67              		.section	.text.BspQSPI_Init,"ax",%progbits
  68              		.align	1
  69              		.syntax unified
  70              		.thumb
  71              		.thumb_func
  73              	BspQSPI_Init:
  74              	.LFB334:
  37:HW_Lib/STM32H7/BSP/Bsp_QSPI.c **** 
  38:HW_Lib/STM32H7/BSP/Bsp_QSPI.c **** static bool BspQSPI_Init(BspQSPI_Config_TypeDef *obj, void *qspi_hdl)
  39:HW_Lib/STM32H7/BSP/Bsp_QSPI.c **** {
  75              		.loc 1 39 1
  76              		.cfi_startproc
  77              		@ args = 0, pretend = 0, frame = 200
  78              		@ frame_needed = 1, uses_anonymous_args = 0
  79 0000 80B5     		push	{r7, lr}
  80              	.LCFI4:
ARM GAS  C:\Users\HUAV\AppData\Local\Temp\ccnIe0P6.s 			page 3


  81              		.cfi_def_cfa_offset 8
  82              		.cfi_offset 7, -8
  83              		.cfi_offset 14, -4
  84 0002 B2B0     		sub	sp, sp, #200
  85              	.LCFI5:
  86              		.cfi_def_cfa_offset 208
  87 0004 00AF     		add	r7, sp, #0
  88              	.LCFI6:
  89              		.cfi_def_cfa_register 7
  90 0006 7860     		str	r0, [r7, #4]
  91 0008 3960     		str	r1, [r7]
  40:HW_Lib/STM32H7/BSP/Bsp_QSPI.c ****     RCC_PeriphCLKInitTypeDef PeriphClkInitStruct = {0};
  92              		.loc 1 40 30
  93 000a 07F10C03 		add	r3, r7, #12
  94 000e BC22     		movs	r2, #188
  95 0010 0021     		movs	r1, #0
  96 0012 1846     		mov	r0, r3
  97 0014 FFF7FEFF 		bl	memset
  41:HW_Lib/STM32H7/BSP/Bsp_QSPI.c **** 
  42:HW_Lib/STM32H7/BSP/Bsp_QSPI.c ****     if ((obj == NULL) || (qspi_hdl == NULL))
  98              		.loc 1 42 8
  99 0018 7B68     		ldr	r3, [r7, #4]
 100 001a 002B     		cmp	r3, #0
 101 001c 02D0     		beq	.L4
 102              		.loc 1 42 23 discriminator 1
 103 001e 3B68     		ldr	r3, [r7]
 104 0020 002B     		cmp	r3, #0
 105 0022 01D1     		bne	.L5
 106              	.L4:
  43:HW_Lib/STM32H7/BSP/Bsp_QSPI.c ****         return false;
 107              		.loc 1 43 16
 108 0024 0023     		movs	r3, #0
 109 0026 5DE0     		b	.L10
 110              	.L5:
  44:HW_Lib/STM32H7/BSP/Bsp_QSPI.c ****     
  45:HW_Lib/STM32H7/BSP/Bsp_QSPI.c ****     obj->init_state = false;
 111              		.loc 1 45 21
 112 0028 7B68     		ldr	r3, [r7, #4]
 113 002a 0022     		movs	r2, #0
 114 002c 1A70     		strb	r2, [r3]
  46:HW_Lib/STM32H7/BSP/Bsp_QSPI.c ****     obj->p_qspi = qspi_hdl;
 115              		.loc 1 46 17
 116 002e 7B68     		ldr	r3, [r7, #4]
 117 0030 3A68     		ldr	r2, [r7]
 118 0032 5A60     		str	r2, [r3, #4]
  47:HW_Lib/STM32H7/BSP/Bsp_QSPI.c **** 
  48:HW_Lib/STM32H7/BSP/Bsp_QSPI.c ****     /* clock init */
  49:HW_Lib/STM32H7/BSP/Bsp_QSPI.c ****     PeriphClkInitStruct.PeriphClockSelection = RCC_PERIPHCLK_QSPI;
 119              		.loc 1 49 46
 120 0034 4FF00073 		mov	r3, #33554432
 121 0038 FB60     		str	r3, [r7, #12]
  50:HW_Lib/STM32H7/BSP/Bsp_QSPI.c ****     PeriphClkInitStruct.QspiClockSelection = RCC_QSPICLKSOURCE_D1HCLK;
 122              		.loc 1 50 44
 123 003a 0023     		movs	r3, #0
 124 003c 7B65     		str	r3, [r7, #84]
  51:HW_Lib/STM32H7/BSP/Bsp_QSPI.c ****     if (HAL_RCCEx_PeriphCLKConfig(&PeriphClkInitStruct) != HAL_OK)
 125              		.loc 1 51 9
ARM GAS  C:\Users\HUAV\AppData\Local\Temp\ccnIe0P6.s 			page 4


 126 003e 07F10C03 		add	r3, r7, #12
 127 0042 1846     		mov	r0, r3
 128 0044 FFF7FEFF 		bl	HAL_RCCEx_PeriphCLKConfig
 129 0048 0346     		mov	r3, r0
 130              		.loc 1 51 8
 131 004a 002B     		cmp	r3, #0
 132 004c 01D0     		beq	.L7
  52:HW_Lib/STM32H7/BSP/Bsp_QSPI.c ****         return false;
 133              		.loc 1 52 16
 134 004e 0023     		movs	r3, #0
 135 0050 48E0     		b	.L10
 136              	.L7:
  53:HW_Lib/STM32H7/BSP/Bsp_QSPI.c **** 
  54:HW_Lib/STM32H7/BSP/Bsp_QSPI.c ****     BspQSPI_Pin_Init();
 137              		.loc 1 54 5
 138 0052 FFF7FEFF 		bl	BspQSPI_Pin_Init
 139              	.LBB2:
  55:HW_Lib/STM32H7/BSP/Bsp_QSPI.c **** 
  56:HW_Lib/STM32H7/BSP/Bsp_QSPI.c ****     __HAL_RCC_QSPI_CLK_ENABLE();
 140              		.loc 1 56 5
 141 0056 254B     		ldr	r3, .L11
 142 0058 D3F8D430 		ldr	r3, [r3, #212]
 143 005c 234A     		ldr	r2, .L11
 144 005e 43F48043 		orr	r3, r3, #16384
 145 0062 C2F8D430 		str	r3, [r2, #212]
 146 0066 214B     		ldr	r3, .L11
 147 0068 D3F8D430 		ldr	r3, [r3, #212]
 148 006c 03F48043 		and	r3, r3, #16384
 149 0070 BB60     		str	r3, [r7, #8]
 150 0072 BB68     		ldr	r3, [r7, #8]
 151              	.LBE2:
  57:HW_Lib/STM32H7/BSP/Bsp_QSPI.c **** 
  58:HW_Lib/STM32H7/BSP/Bsp_QSPI.c ****     if (HAL_QSPI_DeInit(To_QSPI_Handle_Ptr(obj->p_qspi)) != HAL_OK)
 152              		.loc 1 58 25
 153 0074 7B68     		ldr	r3, [r7, #4]
 154 0076 5B68     		ldr	r3, [r3, #4]
 155              		.loc 1 58 9
 156 0078 1846     		mov	r0, r3
 157 007a FFF7FEFF 		bl	HAL_QSPI_DeInit
 158 007e 0346     		mov	r3, r0
 159              		.loc 1 58 8
 160 0080 002B     		cmp	r3, #0
 161 0082 01D0     		beq	.L8
  59:HW_Lib/STM32H7/BSP/Bsp_QSPI.c ****         return false;
 162              		.loc 1 59 16
 163 0084 0023     		movs	r3, #0
 164 0086 2DE0     		b	.L10
 165              	.L8:
  60:HW_Lib/STM32H7/BSP/Bsp_QSPI.c ****     
  61:HW_Lib/STM32H7/BSP/Bsp_QSPI.c ****     To_QSPI_Handle_Ptr(obj->p_qspi)->Init.ClockPrescaler     = 1;
 166              		.loc 1 61 5
 167 0088 7B68     		ldr	r3, [r7, #4]
 168 008a 5B68     		ldr	r3, [r3, #4]
 169              		.loc 1 61 62
 170 008c 0122     		movs	r2, #1
 171 008e 5A60     		str	r2, [r3, #4]
  62:HW_Lib/STM32H7/BSP/Bsp_QSPI.c ****     To_QSPI_Handle_Ptr(obj->p_qspi)->Init.FifoThreshold      = 32;
ARM GAS  C:\Users\HUAV\AppData\Local\Temp\ccnIe0P6.s 			page 5


 172              		.loc 1 62 5
 173 0090 7B68     		ldr	r3, [r7, #4]
 174 0092 5B68     		ldr	r3, [r3, #4]
 175              		.loc 1 62 62
 176 0094 2022     		movs	r2, #32
 177 0096 9A60     		str	r2, [r3, #8]
  63:HW_Lib/STM32H7/BSP/Bsp_QSPI.c ****     To_QSPI_Handle_Ptr(obj->p_qspi)->Init.SampleShifting     = QSPI_SAMPLE_SHIFTING_HALFCYCLE;
 178              		.loc 1 63 5
 179 0098 7B68     		ldr	r3, [r7, #4]
 180 009a 5B68     		ldr	r3, [r3, #4]
 181              		.loc 1 63 62
 182 009c 1022     		movs	r2, #16
 183 009e DA60     		str	r2, [r3, #12]
  64:HW_Lib/STM32H7/BSP/Bsp_QSPI.c ****     To_QSPI_Handle_Ptr(obj->p_qspi)->Init.FlashSize          = 22;
 184              		.loc 1 64 5
 185 00a0 7B68     		ldr	r3, [r7, #4]
 186 00a2 5B68     		ldr	r3, [r3, #4]
 187              		.loc 1 64 62
 188 00a4 1622     		movs	r2, #22
 189 00a6 1A61     		str	r2, [r3, #16]
  65:HW_Lib/STM32H7/BSP/Bsp_QSPI.c ****     To_QSPI_Handle_Ptr(obj->p_qspi)->Init.ChipSelectHighTime = QSPI_CS_HIGH_TIME_1_CYCLE;
 190              		.loc 1 65 5
 191 00a8 7B68     		ldr	r3, [r7, #4]
 192 00aa 5B68     		ldr	r3, [r3, #4]
 193              		.loc 1 65 62
 194 00ac 0022     		movs	r2, #0
 195 00ae 5A61     		str	r2, [r3, #20]
  66:HW_Lib/STM32H7/BSP/Bsp_QSPI.c ****     To_QSPI_Handle_Ptr(obj->p_qspi)->Init.ClockMode          = QSPI_CLOCK_MODE_3;
 196              		.loc 1 66 5
 197 00b0 7B68     		ldr	r3, [r7, #4]
 198 00b2 5B68     		ldr	r3, [r3, #4]
 199              		.loc 1 66 62
 200 00b4 0122     		movs	r2, #1
 201 00b6 9A61     		str	r2, [r3, #24]
  67:HW_Lib/STM32H7/BSP/Bsp_QSPI.c ****     To_QSPI_Handle_Ptr(obj->p_qspi)->Init.FlashID            = QSPI_FLASH_ID_1;
 202              		.loc 1 67 5
 203 00b8 7B68     		ldr	r3, [r7, #4]
 204 00ba 5B68     		ldr	r3, [r3, #4]
 205              		.loc 1 67 62
 206 00bc 0022     		movs	r2, #0
 207 00be DA61     		str	r2, [r3, #28]
  68:HW_Lib/STM32H7/BSP/Bsp_QSPI.c ****     To_QSPI_Handle_Ptr(obj->p_qspi)->Init.DualFlash          = QSPI_DUALFLASH_DISABLE;
 208              		.loc 1 68 5
 209 00c0 7B68     		ldr	r3, [r7, #4]
 210 00c2 5B68     		ldr	r3, [r3, #4]
 211              		.loc 1 68 62
 212 00c4 0022     		movs	r2, #0
 213 00c6 1A62     		str	r2, [r3, #32]
  69:HW_Lib/STM32H7/BSP/Bsp_QSPI.c **** 
  70:HW_Lib/STM32H7/BSP/Bsp_QSPI.c ****     if (HAL_QSPI_Init(To_QSPI_Handle_Ptr(obj->p_qspi)) != HAL_OK)
 214              		.loc 1 70 23
 215 00c8 7B68     		ldr	r3, [r7, #4]
 216 00ca 5B68     		ldr	r3, [r3, #4]
 217              		.loc 1 70 9
 218 00cc 1846     		mov	r0, r3
 219 00ce FFF7FEFF 		bl	HAL_QSPI_Init
 220 00d2 0346     		mov	r3, r0
ARM GAS  C:\Users\HUAV\AppData\Local\Temp\ccnIe0P6.s 			page 6


 221              		.loc 1 70 8
 222 00d4 002B     		cmp	r3, #0
 223 00d6 01D0     		beq	.L9
  71:HW_Lib/STM32H7/BSP/Bsp_QSPI.c ****         return false;
 224              		.loc 1 71 16
 225 00d8 0023     		movs	r3, #0
 226 00da 03E0     		b	.L10
 227              	.L9:
  72:HW_Lib/STM32H7/BSP/Bsp_QSPI.c **** 
  73:HW_Lib/STM32H7/BSP/Bsp_QSPI.c ****     obj->init_state = true;
 228              		.loc 1 73 21
 229 00dc 7B68     		ldr	r3, [r7, #4]
 230 00de 0122     		movs	r2, #1
 231 00e0 1A70     		strb	r2, [r3]
  74:HW_Lib/STM32H7/BSP/Bsp_QSPI.c ****     return true;
 232              		.loc 1 74 12
 233 00e2 0123     		movs	r3, #1
 234              	.L10:
  75:HW_Lib/STM32H7/BSP/Bsp_QSPI.c **** }
 235              		.loc 1 75 1 discriminator 1
 236 00e4 1846     		mov	r0, r3
 237 00e6 C837     		adds	r7, r7, #200
 238              	.LCFI7:
 239              		.cfi_def_cfa_offset 8
 240 00e8 BD46     		mov	sp, r7
 241              	.LCFI8:
 242              		.cfi_def_cfa_register 13
 243              		@ sp needed
 244 00ea 80BD     		pop	{r7, pc}
 245              	.L12:
 246              		.align	2
 247              	.L11:
 248 00ec 00440258 		.word	1476543488
 249              		.cfi_endproc
 250              	.LFE334:
 252              		.section	.text.BspQSPI_Trans,"ax",%progbits
 253              		.align	1
 254              		.syntax unified
 255              		.thumb
 256              		.thumb_func
 258              	BspQSPI_Trans:
 259              	.LFB335:
  76:HW_Lib/STM32H7/BSP/Bsp_QSPI.c **** 
  77:HW_Lib/STM32H7/BSP/Bsp_QSPI.c **** static bool BspQSPI_Trans(BspQSPI_Config_TypeDef *obj, uint8_t *p_data)
  78:HW_Lib/STM32H7/BSP/Bsp_QSPI.c **** {
 260              		.loc 1 78 1
 261              		.cfi_startproc
 262              		@ args = 0, pretend = 0, frame = 8
 263              		@ frame_needed = 1, uses_anonymous_args = 0
 264 0000 80B5     		push	{r7, lr}
 265              	.LCFI9:
 266              		.cfi_def_cfa_offset 8
 267              		.cfi_offset 7, -8
 268              		.cfi_offset 14, -4
 269 0002 82B0     		sub	sp, sp, #8
 270              	.LCFI10:
 271              		.cfi_def_cfa_offset 16
ARM GAS  C:\Users\HUAV\AppData\Local\Temp\ccnIe0P6.s 			page 7


 272 0004 00AF     		add	r7, sp, #0
 273              	.LCFI11:
 274              		.cfi_def_cfa_register 7
 275 0006 7860     		str	r0, [r7, #4]
 276 0008 3960     		str	r1, [r7]
  79:HW_Lib/STM32H7/BSP/Bsp_QSPI.c ****     if ((obj == NULL) || (obj->p_qspi == NULL) || !obj->init_state)
 277              		.loc 1 79 8
 278 000a 7B68     		ldr	r3, [r7, #4]
 279 000c 002B     		cmp	r3, #0
 280 000e 0AD0     		beq	.L14
 281              		.loc 1 79 30 discriminator 1
 282 0010 7B68     		ldr	r3, [r7, #4]
 283 0012 5B68     		ldr	r3, [r3, #4]
 284              		.loc 1 79 23 discriminator 1
 285 0014 002B     		cmp	r3, #0
 286 0016 06D0     		beq	.L14
 287              		.loc 1 79 55 discriminator 2
 288 0018 7B68     		ldr	r3, [r7, #4]
 289 001a 1B78     		ldrb	r3, [r3]	@ zero_extendqisi2
 290              		.loc 1 79 51 discriminator 2
 291 001c 83F00103 		eor	r3, r3, #1
 292 0020 DBB2     		uxtb	r3, r3
 293              		.loc 1 79 48 discriminator 2
 294 0022 002B     		cmp	r3, #0
 295 0024 01D0     		beq	.L15
 296              	.L14:
  80:HW_Lib/STM32H7/BSP/Bsp_QSPI.c ****         return false;
 297              		.loc 1 80 16
 298 0026 0023     		movs	r3, #0
 299 0028 0DE0     		b	.L16
 300              	.L15:
  81:HW_Lib/STM32H7/BSP/Bsp_QSPI.c ****     
  82:HW_Lib/STM32H7/BSP/Bsp_QSPI.c ****     /* send command */
  83:HW_Lib/STM32H7/BSP/Bsp_QSPI.c ****     if (HAL_QSPI_Transmit(obj->p_qspi, p_data, HAL_QPSI_TIMEOUT_DEFAULT_VALUE) == HAL_OK)
 301              		.loc 1 83 30
 302 002a 7B68     		ldr	r3, [r7, #4]
 303 002c 5B68     		ldr	r3, [r3, #4]
 304              		.loc 1 83 9
 305 002e 41F28832 		movw	r2, #5000
 306 0032 3968     		ldr	r1, [r7]
 307 0034 1846     		mov	r0, r3
 308 0036 FFF7FEFF 		bl	HAL_QSPI_Transmit
 309 003a 0346     		mov	r3, r0
 310              		.loc 1 83 8
 311 003c 002B     		cmp	r3, #0
 312 003e 01D1     		bne	.L17
  84:HW_Lib/STM32H7/BSP/Bsp_QSPI.c ****         return true;
 313              		.loc 1 84 16
 314 0040 0123     		movs	r3, #1
 315 0042 00E0     		b	.L16
 316              	.L17:
  85:HW_Lib/STM32H7/BSP/Bsp_QSPI.c **** 
  86:HW_Lib/STM32H7/BSP/Bsp_QSPI.c ****     return false;
 317              		.loc 1 86 12
 318 0044 0023     		movs	r3, #0
 319              	.L16:
  87:HW_Lib/STM32H7/BSP/Bsp_QSPI.c **** }
ARM GAS  C:\Users\HUAV\AppData\Local\Temp\ccnIe0P6.s 			page 8


 320              		.loc 1 87 1
 321 0046 1846     		mov	r0, r3
 322 0048 0837     		adds	r7, r7, #8
 323              	.LCFI12:
 324              		.cfi_def_cfa_offset 8
 325 004a BD46     		mov	sp, r7
 326              	.LCFI13:
 327              		.cfi_def_cfa_register 13
 328              		@ sp needed
 329 004c 80BD     		pop	{r7, pc}
 330              		.cfi_endproc
 331              	.LFE335:
 333              		.section	.text.BspQSPI_Recv,"ax",%progbits
 334              		.align	1
 335              		.syntax unified
 336              		.thumb
 337              		.thumb_func
 339              	BspQSPI_Recv:
 340              	.LFB336:
  88:HW_Lib/STM32H7/BSP/Bsp_QSPI.c **** 
  89:HW_Lib/STM32H7/BSP/Bsp_QSPI.c **** static bool BspQSPI_Recv(BspQSPI_Config_TypeDef *obj, uint8_t *p_data)
  90:HW_Lib/STM32H7/BSP/Bsp_QSPI.c **** {
 341              		.loc 1 90 1
 342              		.cfi_startproc
 343              		@ args = 0, pretend = 0, frame = 8
 344              		@ frame_needed = 1, uses_anonymous_args = 0
 345 0000 80B5     		push	{r7, lr}
 346              	.LCFI14:
 347              		.cfi_def_cfa_offset 8
 348              		.cfi_offset 7, -8
 349              		.cfi_offset 14, -4
 350 0002 82B0     		sub	sp, sp, #8
 351              	.LCFI15:
 352              		.cfi_def_cfa_offset 16
 353 0004 00AF     		add	r7, sp, #0
 354              	.LCFI16:
 355              		.cfi_def_cfa_register 7
 356 0006 7860     		str	r0, [r7, #4]
 357 0008 3960     		str	r1, [r7]
  91:HW_Lib/STM32H7/BSP/Bsp_QSPI.c ****     if ((obj == NULL) || (obj->p_qspi == NULL) || !obj->init_state)
 358              		.loc 1 91 8
 359 000a 7B68     		ldr	r3, [r7, #4]
 360 000c 002B     		cmp	r3, #0
 361 000e 0AD0     		beq	.L19
 362              		.loc 1 91 30 discriminator 1
 363 0010 7B68     		ldr	r3, [r7, #4]
 364 0012 5B68     		ldr	r3, [r3, #4]
 365              		.loc 1 91 23 discriminator 1
 366 0014 002B     		cmp	r3, #0
 367 0016 06D0     		beq	.L19
 368              		.loc 1 91 55 discriminator 2
 369 0018 7B68     		ldr	r3, [r7, #4]
 370 001a 1B78     		ldrb	r3, [r3]	@ zero_extendqisi2
 371              		.loc 1 91 51 discriminator 2
 372 001c 83F00103 		eor	r3, r3, #1
 373 0020 DBB2     		uxtb	r3, r3
 374              		.loc 1 91 48 discriminator 2
ARM GAS  C:\Users\HUAV\AppData\Local\Temp\ccnIe0P6.s 			page 9


 375 0022 002B     		cmp	r3, #0
 376 0024 01D0     		beq	.L20
 377              	.L19:
  92:HW_Lib/STM32H7/BSP/Bsp_QSPI.c ****         return false;
 378              		.loc 1 92 16
 379 0026 0023     		movs	r3, #0
 380 0028 0DE0     		b	.L21
 381              	.L20:
  93:HW_Lib/STM32H7/BSP/Bsp_QSPI.c **** 
  94:HW_Lib/STM32H7/BSP/Bsp_QSPI.c ****     if (HAL_QSPI_Receive(obj->p_qspi, p_data, HAL_QPSI_TIMEOUT_DEFAULT_VALUE) == HAL_OK)
 382              		.loc 1 94 29
 383 002a 7B68     		ldr	r3, [r7, #4]
 384 002c 5B68     		ldr	r3, [r3, #4]
 385              		.loc 1 94 9
 386 002e 41F28832 		movw	r2, #5000
 387 0032 3968     		ldr	r1, [r7]
 388 0034 1846     		mov	r0, r3
 389 0036 FFF7FEFF 		bl	HAL_QSPI_Receive
 390 003a 0346     		mov	r3, r0
 391              		.loc 1 94 8
 392 003c 002B     		cmp	r3, #0
 393 003e 01D1     		bne	.L22
  95:HW_Lib/STM32H7/BSP/Bsp_QSPI.c ****         return true;
 394              		.loc 1 95 16
 395 0040 0123     		movs	r3, #1
 396 0042 00E0     		b	.L21
 397              	.L22:
  96:HW_Lib/STM32H7/BSP/Bsp_QSPI.c **** 
  97:HW_Lib/STM32H7/BSP/Bsp_QSPI.c ****     return false;
 398              		.loc 1 97 12
 399 0044 0023     		movs	r3, #0
 400              	.L21:
  98:HW_Lib/STM32H7/BSP/Bsp_QSPI.c **** }
 401              		.loc 1 98 1
 402 0046 1846     		mov	r0, r3
 403 0048 0837     		adds	r7, r7, #8
 404              	.LCFI17:
 405              		.cfi_def_cfa_offset 8
 406 004a BD46     		mov	sp, r7
 407              	.LCFI18:
 408              		.cfi_def_cfa_register 13
 409              		@ sp needed
 410 004c 80BD     		pop	{r7, pc}
 411              		.cfi_endproc
 412              	.LFE336:
 414              		.section	.text.BspQSPI_Command,"ax",%progbits
 415              		.align	1
 416              		.syntax unified
 417              		.thumb
 418              		.thumb_func
 420              	BspQSPI_Command:
 421              	.LFB337:
  99:HW_Lib/STM32H7/BSP/Bsp_QSPI.c **** 
 100:HW_Lib/STM32H7/BSP/Bsp_QSPI.c **** static bool BspQSPI_Command(BspQSPI_Config_TypeDef *obj, uint32_t data_line, uint32_t addr_line, ui
 101:HW_Lib/STM32H7/BSP/Bsp_QSPI.c **** {
 422              		.loc 1 101 1
 423              		.cfi_startproc
ARM GAS  C:\Users\HUAV\AppData\Local\Temp\ccnIe0P6.s 			page 10


 424              		@ args = 12, pretend = 0, frame = 144
 425              		@ frame_needed = 1, uses_anonymous_args = 0
 426 0000 B0B5     		push	{r4, r5, r7, lr}
 427              	.LCFI19:
 428              		.cfi_def_cfa_offset 16
 429              		.cfi_offset 4, -16
 430              		.cfi_offset 5, -12
 431              		.cfi_offset 7, -8
 432              		.cfi_offset 14, -4
 433 0002 A8B0     		sub	sp, sp, #160
 434              	.LCFI20:
 435              		.cfi_def_cfa_offset 176
 436 0004 04AF     		add	r7, sp, #16
 437              	.LCFI21:
 438              		.cfi_def_cfa 7, 160
 439 0006 F864     		str	r0, [r7, #76]
 440 0008 B964     		str	r1, [r7, #72]
 441 000a 7A64     		str	r2, [r7, #68]
 442 000c 3B64     		str	r3, [r7, #64]
 102:HW_Lib/STM32H7/BSP/Bsp_QSPI.c ****     BspQPI_CMDInfo_TypeDef cmd;
 103:HW_Lib/STM32H7/BSP/Bsp_QSPI.c ****     cmd = BspQSPI_Check_CMD(data_line, addr_line, addr, dummy_cyc, size, code);
 443              		.loc 1 103 11
 444 000e BB6C     		ldr	r3, [r7, #72]
 445 0010 D9B2     		uxtb	r1, r3
 446 0012 7B6C     		ldr	r3, [r7, #68]
 447 0014 DCB2     		uxtb	r4, r3
 448 0016 D7F8A430 		ldr	r3, [r7, #164]
 449 001a 9BB2     		uxth	r3, r3
 450 001c 3846     		mov	r0, r7
 451 001e D7F8A820 		ldr	r2, [r7, #168]
 452 0022 0292     		str	r2, [sp, #8]
 453 0024 0193     		str	r3, [sp, #4]
 454 0026 D7F8A030 		ldr	r3, [r7, #160]
 455 002a 0093     		str	r3, [sp]
 456 002c 3B6C     		ldr	r3, [r7, #64]
 457 002e 2246     		mov	r2, r4
 458 0030 FFF7FEFF 		bl	BspQSPI_Check_CMD
 459 0034 07F15404 		add	r4, r7, #84
 460 0038 3D46     		mov	r5, r7
 461 003a 0FCD     		ldmia	r5!, {r0, r1, r2, r3}
 462 003c 0FC4     		stmia	r4!, {r0, r1, r2, r3}
 463 003e 0FCD     		ldmia	r5!, {r0, r1, r2, r3}
 464 0040 0FC4     		stmia	r4!, {r0, r1, r2, r3}
 465 0042 0FCD     		ldmia	r5!, {r0, r1, r2, r3}
 466 0044 0FC4     		stmia	r4!, {r0, r1, r2, r3}
 467 0046 95E80700 		ldm	r5, {r0, r1, r2}
 468 004a 84E80700 		stm	r4, {r0, r1, r2}
 104:HW_Lib/STM32H7/BSP/Bsp_QSPI.c **** 
 105:HW_Lib/STM32H7/BSP/Bsp_QSPI.c ****     if ((obj == NULL) || (obj->p_qspi == NULL) || !obj->init_state || !cmd.valid)
 469              		.loc 1 105 8
 470 004e FB6C     		ldr	r3, [r7, #76]
 471 0050 002B     		cmp	r3, #0
 472 0052 11D0     		beq	.L24
 473              		.loc 1 105 30 discriminator 1
 474 0054 FB6C     		ldr	r3, [r7, #76]
 475 0056 5B68     		ldr	r3, [r3, #4]
 476              		.loc 1 105 23 discriminator 1
ARM GAS  C:\Users\HUAV\AppData\Local\Temp\ccnIe0P6.s 			page 11


 477 0058 002B     		cmp	r3, #0
 478 005a 0DD0     		beq	.L24
 479              		.loc 1 105 55 discriminator 2
 480 005c FB6C     		ldr	r3, [r7, #76]
 481 005e 1B78     		ldrb	r3, [r3]	@ zero_extendqisi2
 482              		.loc 1 105 51 discriminator 2
 483 0060 83F00103 		eor	r3, r3, #1
 484 0064 DBB2     		uxtb	r3, r3
 485              		.loc 1 105 48 discriminator 2
 486 0066 002B     		cmp	r3, #0
 487 0068 06D1     		bne	.L24
 488              		.loc 1 105 75 discriminator 3
 489 006a 97F85430 		ldrb	r3, [r7, #84]	@ zero_extendqisi2
 490              		.loc 1 105 71 discriminator 3
 491 006e 83F00103 		eor	r3, r3, #1
 492 0072 DBB2     		uxtb	r3, r3
 493              		.loc 1 105 68 discriminator 3
 494 0074 002B     		cmp	r3, #0
 495 0076 01D0     		beq	.L25
 496              	.L24:
 106:HW_Lib/STM32H7/BSP/Bsp_QSPI.c ****         return false;
 497              		.loc 1 106 16
 498 0078 0023     		movs	r3, #0
 499 007a 0FE0     		b	.L28
 500              	.L25:
 107:HW_Lib/STM32H7/BSP/Bsp_QSPI.c **** 
 108:HW_Lib/STM32H7/BSP/Bsp_QSPI.c ****     if (HAL_QSPI_Command(obj->p_qspi, &cmd.command, HAL_QPSI_TIMEOUT_DEFAULT_VALUE) != HAL_OK)
 501              		.loc 1 108 29
 502 007c FB6C     		ldr	r3, [r7, #76]
 503 007e 5868     		ldr	r0, [r3, #4]
 504              		.loc 1 108 9
 505 0080 07F15403 		add	r3, r7, #84
 506 0084 0433     		adds	r3, r3, #4
 507 0086 41F28832 		movw	r2, #5000
 508 008a 1946     		mov	r1, r3
 509 008c FFF7FEFF 		bl	HAL_QSPI_Command
 510 0090 0346     		mov	r3, r0
 511              		.loc 1 108 8
 512 0092 002B     		cmp	r3, #0
 513 0094 01D0     		beq	.L27
 109:HW_Lib/STM32H7/BSP/Bsp_QSPI.c ****         return false;
 514              		.loc 1 109 16
 515 0096 0023     		movs	r3, #0
 516 0098 00E0     		b	.L28
 517              	.L27:
 110:HW_Lib/STM32H7/BSP/Bsp_QSPI.c **** 
 111:HW_Lib/STM32H7/BSP/Bsp_QSPI.c ****     return true;
 518              		.loc 1 111 12
 519 009a 0123     		movs	r3, #1
 520              	.L28:
 112:HW_Lib/STM32H7/BSP/Bsp_QSPI.c **** }
 521              		.loc 1 112 1 discriminator 1
 522 009c 1846     		mov	r0, r3
 523 009e 9037     		adds	r7, r7, #144
 524              	.LCFI22:
 525              		.cfi_def_cfa_offset 16
 526 00a0 BD46     		mov	sp, r7
ARM GAS  C:\Users\HUAV\AppData\Local\Temp\ccnIe0P6.s 			page 12


 527              	.LCFI23:
 528              		.cfi_def_cfa_register 13
 529              		@ sp needed
 530 00a2 B0BD     		pop	{r4, r5, r7, pc}
 531              		.cfi_endproc
 532              	.LFE337:
 534              		.section	.text.BspQSPI_Polling,"ax",%progbits
 535              		.align	1
 536              		.syntax unified
 537              		.thumb
 538              		.thumb_func
 540              	BspQSPI_Polling:
 541              	.LFB338:
 113:HW_Lib/STM32H7/BSP/Bsp_QSPI.c **** static bool BspQSPI_Polling(BspQSPI_Config_TypeDef *obj, uint32_t data_line, uint32_t addr_line, ui
 114:HW_Lib/STM32H7/BSP/Bsp_QSPI.c **** {
 542              		.loc 1 114 1
 543              		.cfi_startproc
 544              		@ args = 20, pretend = 0, frame = 168
 545              		@ frame_needed = 1, uses_anonymous_args = 0
 546 0000 B0B5     		push	{r4, r5, r7, lr}
 547              	.LCFI24:
 548              		.cfi_def_cfa_offset 16
 549              		.cfi_offset 4, -16
 550              		.cfi_offset 5, -12
 551              		.cfi_offset 7, -8
 552              		.cfi_offset 14, -4
 553 0002 AEB0     		sub	sp, sp, #184
 554              	.LCFI25:
 555              		.cfi_def_cfa_offset 200
 556 0004 04AF     		add	r7, sp, #16
 557              	.LCFI26:
 558              		.cfi_def_cfa 7, 184
 559 0006 F864     		str	r0, [r7, #76]
 560 0008 B964     		str	r1, [r7, #72]
 561 000a 7A64     		str	r2, [r7, #68]
 562 000c 3B64     		str	r3, [r7, #64]
 115:HW_Lib/STM32H7/BSP/Bsp_QSPI.c **** 	QSPI_AutoPollingTypeDef s_config;
 116:HW_Lib/STM32H7/BSP/Bsp_QSPI.c ****     BspQPI_CMDInfo_TypeDef cmd;
 117:HW_Lib/STM32H7/BSP/Bsp_QSPI.c **** 
 118:HW_Lib/STM32H7/BSP/Bsp_QSPI.c ****     memset(&cmd, 0, sizeof(BspQPI_CMDInfo_TypeDef));
 563              		.loc 1 118 5
 564 000e 07F15403 		add	r3, r7, #84
 565 0012 3C22     		movs	r2, #60
 566 0014 0021     		movs	r1, #0
 567 0016 1846     		mov	r0, r3
 568 0018 FFF7FEFF 		bl	memset
 119:HW_Lib/STM32H7/BSP/Bsp_QSPI.c ****     memset(&s_config, 0, sizeof(QSPI_AutoPollingTypeDef));
 569              		.loc 1 119 5
 570 001c 07F19003 		add	r3, r7, #144
 571 0020 1822     		movs	r2, #24
 572 0022 0021     		movs	r1, #0
 573 0024 1846     		mov	r0, r3
 574 0026 FFF7FEFF 		bl	memset
 120:HW_Lib/STM32H7/BSP/Bsp_QSPI.c **** 
 121:HW_Lib/STM32H7/BSP/Bsp_QSPI.c ****     if ((obj == NULL) || (obj->p_qspi == NULL) || !obj->init_state)
 575              		.loc 1 121 8
 576 002a FB6C     		ldr	r3, [r7, #76]
ARM GAS  C:\Users\HUAV\AppData\Local\Temp\ccnIe0P6.s 			page 13


 577 002c 002B     		cmp	r3, #0
 578 002e 0AD0     		beq	.L30
 579              		.loc 1 121 30 discriminator 1
 580 0030 FB6C     		ldr	r3, [r7, #76]
 581 0032 5B68     		ldr	r3, [r3, #4]
 582              		.loc 1 121 23 discriminator 1
 583 0034 002B     		cmp	r3, #0
 584 0036 06D0     		beq	.L30
 585              		.loc 1 121 55 discriminator 2
 586 0038 FB6C     		ldr	r3, [r7, #76]
 587 003a 1B78     		ldrb	r3, [r3]	@ zero_extendqisi2
 588              		.loc 1 121 51 discriminator 2
 589 003c 83F00103 		eor	r3, r3, #1
 590 0040 DBB2     		uxtb	r3, r3
 591              		.loc 1 121 48 discriminator 2
 592 0042 002B     		cmp	r3, #0
 593 0044 01D0     		beq	.L31
 594              	.L30:
 122:HW_Lib/STM32H7/BSP/Bsp_QSPI.c ****         return false;
 595              		.loc 1 122 16
 596 0046 0023     		movs	r3, #0
 597 0048 4EE0     		b	.L35
 598              	.L31:
 123:HW_Lib/STM32H7/BSP/Bsp_QSPI.c **** 
 124:HW_Lib/STM32H7/BSP/Bsp_QSPI.c ****     cmd = BspQSPI_Check_CMD(data_line, addr_line, addr, dummy_cyc, size, code);
 599              		.loc 1 124 11
 600 004a BB6C     		ldr	r3, [r7, #72]
 601 004c D9B2     		uxtb	r1, r3
 602 004e 7B6C     		ldr	r3, [r7, #68]
 603 0050 DCB2     		uxtb	r4, r3
 604 0052 D7F8BC30 		ldr	r3, [r7, #188]
 605 0056 9BB2     		uxth	r3, r3
 606 0058 3846     		mov	r0, r7
 607 005a D7F8C020 		ldr	r2, [r7, #192]
 608 005e 0292     		str	r2, [sp, #8]
 609 0060 0193     		str	r3, [sp, #4]
 610 0062 D7F8B830 		ldr	r3, [r7, #184]
 611 0066 0093     		str	r3, [sp]
 612 0068 3B6C     		ldr	r3, [r7, #64]
 613 006a 2246     		mov	r2, r4
 614 006c FFF7FEFF 		bl	BspQSPI_Check_CMD
 615 0070 07F15404 		add	r4, r7, #84
 616 0074 3D46     		mov	r5, r7
 617 0076 0FCD     		ldmia	r5!, {r0, r1, r2, r3}
 618 0078 0FC4     		stmia	r4!, {r0, r1, r2, r3}
 619 007a 0FCD     		ldmia	r5!, {r0, r1, r2, r3}
 620 007c 0FC4     		stmia	r4!, {r0, r1, r2, r3}
 621 007e 0FCD     		ldmia	r5!, {r0, r1, r2, r3}
 622 0080 0FC4     		stmia	r4!, {r0, r1, r2, r3}
 623 0082 95E80700 		ldm	r5, {r0, r1, r2}
 624 0086 84E80700 		stm	r4, {r0, r1, r2}
 125:HW_Lib/STM32H7/BSP/Bsp_QSPI.c ****     if (!cmd.valid)
 625              		.loc 1 125 13
 626 008a 97F85430 		ldrb	r3, [r7, #84]	@ zero_extendqisi2
 627              		.loc 1 125 9
 628 008e 83F00103 		eor	r3, r3, #1
 629 0092 DBB2     		uxtb	r3, r3
ARM GAS  C:\Users\HUAV\AppData\Local\Temp\ccnIe0P6.s 			page 14


 630              		.loc 1 125 8
 631 0094 002B     		cmp	r3, #0
 632 0096 01D0     		beq	.L33
 126:HW_Lib/STM32H7/BSP/Bsp_QSPI.c ****         return false;
 633              		.loc 1 126 16
 634 0098 0023     		movs	r3, #0
 635 009a 25E0     		b	.L35
 636              	.L33:
 127:HW_Lib/STM32H7/BSP/Bsp_QSPI.c **** 
 128:HW_Lib/STM32H7/BSP/Bsp_QSPI.c ****     s_config.Match              = match;
 637              		.loc 1 128 33
 638 009c D7F8C430 		ldr	r3, [r7, #196]
 639 00a0 C7F89030 		str	r3, [r7, #144]
 129:HW_Lib/STM32H7/BSP/Bsp_QSPI.c ****     s_config.Mask               = mask;
 640              		.loc 1 129 33
 641 00a4 D7F8C830 		ldr	r3, [r7, #200]
 642 00a8 C7F89430 		str	r3, [r7, #148]
 130:HW_Lib/STM32H7/BSP/Bsp_QSPI.c ****     s_config.MatchMode          = QSPI_MATCH_MODE_AND;
 643              		.loc 1 130 33
 644 00ac 0023     		movs	r3, #0
 645 00ae C7F8A030 		str	r3, [r7, #160]
 131:HW_Lib/STM32H7/BSP/Bsp_QSPI.c ****     s_config.StatusBytesSize    = 1;
 646              		.loc 1 131 33
 647 00b2 0123     		movs	r3, #1
 648 00b4 C7F89C30 		str	r3, [r7, #156]
 132:HW_Lib/STM32H7/BSP/Bsp_QSPI.c ****     s_config.Interval           = 0x10;
 649              		.loc 1 132 33
 650 00b8 1023     		movs	r3, #16
 651 00ba C7F89830 		str	r3, [r7, #152]
 133:HW_Lib/STM32H7/BSP/Bsp_QSPI.c ****     s_config.AutomaticStop      = QSPI_AUTOMATIC_STOP_ENABLE;
 652              		.loc 1 133 33
 653 00be 4FF48003 		mov	r3, #4194304
 654 00c2 C7F8A430 		str	r3, [r7, #164]
 134:HW_Lib/STM32H7/BSP/Bsp_QSPI.c **** 
 135:HW_Lib/STM32H7/BSP/Bsp_QSPI.c ****     if (HAL_QSPI_AutoPolling(obj->p_qspi, &cmd.command, &s_config, HAL_QPSI_TIMEOUT_DEFAULT_VALUE) 
 655              		.loc 1 135 33
 656 00c6 FB6C     		ldr	r3, [r7, #76]
 657 00c8 5868     		ldr	r0, [r3, #4]
 658              		.loc 1 135 9
 659 00ca 07F19002 		add	r2, r7, #144
 660 00ce 07F15403 		add	r3, r7, #84
 661 00d2 191D     		adds	r1, r3, #4
 662 00d4 41F28833 		movw	r3, #5000
 663 00d8 FFF7FEFF 		bl	HAL_QSPI_AutoPolling
 664 00dc 0346     		mov	r3, r0
 665              		.loc 1 135 8
 666 00de 002B     		cmp	r3, #0
 667 00e0 01D0     		beq	.L34
 136:HW_Lib/STM32H7/BSP/Bsp_QSPI.c ****         return false;
 668              		.loc 1 136 16
 669 00e2 0023     		movs	r3, #0
 670 00e4 00E0     		b	.L35
 671              	.L34:
 137:HW_Lib/STM32H7/BSP/Bsp_QSPI.c **** 
 138:HW_Lib/STM32H7/BSP/Bsp_QSPI.c ****     return true;
 672              		.loc 1 138 12
 673 00e6 0123     		movs	r3, #1
ARM GAS  C:\Users\HUAV\AppData\Local\Temp\ccnIe0P6.s 			page 15


 674              	.L35:
 139:HW_Lib/STM32H7/BSP/Bsp_QSPI.c **** }
 675              		.loc 1 139 1 discriminator 1
 676 00e8 1846     		mov	r0, r3
 677 00ea A837     		adds	r7, r7, #168
 678              	.LCFI27:
 679              		.cfi_def_cfa_offset 16
 680 00ec BD46     		mov	sp, r7
 681              	.LCFI28:
 682              		.cfi_def_cfa_register 13
 683              		@ sp needed
 684 00ee B0BD     		pop	{r4, r5, r7, pc}
 685              		.cfi_endproc
 686              	.LFE338:
 688              		.section	.text.BspQSPI_MemMap,"ax",%progbits
 689              		.align	1
 690              		.syntax unified
 691              		.thumb
 692              		.thumb_func
 694              	BspQSPI_MemMap:
 695              	.LFB339:
 140:HW_Lib/STM32H7/BSP/Bsp_QSPI.c **** 
 141:HW_Lib/STM32H7/BSP/Bsp_QSPI.c **** static bool BspQSPI_MemMap(BspQSPI_Config_TypeDef *obj, uint32_t cmd)
 142:HW_Lib/STM32H7/BSP/Bsp_QSPI.c **** {
 696              		.loc 1 142 1
 697              		.cfi_startproc
 698              		@ args = 0, pretend = 0, frame = 72
 699              		@ frame_needed = 1, uses_anonymous_args = 0
 700 0000 80B5     		push	{r7, lr}
 701              	.LCFI29:
 702              		.cfi_def_cfa_offset 8
 703              		.cfi_offset 7, -8
 704              		.cfi_offset 14, -4
 705 0002 92B0     		sub	sp, sp, #72
 706              	.LCFI30:
 707              		.cfi_def_cfa_offset 80
 708 0004 00AF     		add	r7, sp, #0
 709              	.LCFI31:
 710              		.cfi_def_cfa_register 7
 711 0006 7860     		str	r0, [r7, #4]
 712 0008 3960     		str	r1, [r7]
 143:HW_Lib/STM32H7/BSP/Bsp_QSPI.c **** 	QSPI_CommandTypeDef s_command;
 144:HW_Lib/STM32H7/BSP/Bsp_QSPI.c **** 	QSPI_MemoryMappedTypeDef s_mem_mapped_cfg;
 145:HW_Lib/STM32H7/BSP/Bsp_QSPI.c **** 
 146:HW_Lib/STM32H7/BSP/Bsp_QSPI.c ****     memset(&s_command, 0, sizeof(QSPI_CommandTypeDef));
 713              		.loc 1 146 5
 714 000a 07F11003 		add	r3, r7, #16
 715 000e 3822     		movs	r2, #56
 716 0010 0021     		movs	r1, #0
 717 0012 1846     		mov	r0, r3
 718 0014 FFF7FEFF 		bl	memset
 147:HW_Lib/STM32H7/BSP/Bsp_QSPI.c ****     memset(&s_mem_mapped_cfg, 0, sizeof(QSPI_MemoryMappedTypeDef));
 719              		.loc 1 147 5
 720 0018 07F10803 		add	r3, r7, #8
 721 001c 0822     		movs	r2, #8
 722 001e 0021     		movs	r1, #0
 723 0020 1846     		mov	r0, r3
ARM GAS  C:\Users\HUAV\AppData\Local\Temp\ccnIe0P6.s 			page 16


 724 0022 FFF7FEFF 		bl	memset
 148:HW_Lib/STM32H7/BSP/Bsp_QSPI.c **** 
 149:HW_Lib/STM32H7/BSP/Bsp_QSPI.c ****     if ((obj == NULL) || (obj->p_qspi == NULL) || !obj->init_state)
 725              		.loc 1 149 8
 726 0026 7B68     		ldr	r3, [r7, #4]
 727 0028 002B     		cmp	r3, #0
 728 002a 0AD0     		beq	.L37
 729              		.loc 1 149 30 discriminator 1
 730 002c 7B68     		ldr	r3, [r7, #4]
 731 002e 5B68     		ldr	r3, [r3, #4]
 732              		.loc 1 149 23 discriminator 1
 733 0030 002B     		cmp	r3, #0
 734 0032 06D0     		beq	.L37
 735              		.loc 1 149 55 discriminator 2
 736 0034 7B68     		ldr	r3, [r7, #4]
 737 0036 1B78     		ldrb	r3, [r3]	@ zero_extendqisi2
 738              		.loc 1 149 51 discriminator 2
 739 0038 83F00103 		eor	r3, r3, #1
 740 003c DBB2     		uxtb	r3, r3
 741              		.loc 1 149 48 discriminator 2
 742 003e 002B     		cmp	r3, #0
 743 0040 01D0     		beq	.L38
 744              	.L37:
 150:HW_Lib/STM32H7/BSP/Bsp_QSPI.c ****         return false;
 745              		.loc 1 150 16
 746 0042 0023     		movs	r3, #0
 747 0044 2AE0     		b	.L41
 748              	.L38:
 151:HW_Lib/STM32H7/BSP/Bsp_QSPI.c **** 
 152:HW_Lib/STM32H7/BSP/Bsp_QSPI.c ****     s_command.InstructionMode   = QSPI_INSTRUCTION_1_LINE;
 749              		.loc 1 152 33
 750 0046 4FF48073 		mov	r3, #256
 751 004a BB62     		str	r3, [r7, #40]
 153:HW_Lib/STM32H7/BSP/Bsp_QSPI.c ****     s_command.AddressSize       = QSPI_ADDRESS_24_BITS;
 752              		.loc 1 153 33
 753 004c 4FF40053 		mov	r3, #8192
 754 0050 FB61     		str	r3, [r7, #28]
 154:HW_Lib/STM32H7/BSP/Bsp_QSPI.c ****     s_command.AlternateByteMode = QSPI_ALTERNATE_BYTES_NONE;
 755              		.loc 1 154 33
 756 0052 0023     		movs	r3, #0
 757 0054 3B63     		str	r3, [r7, #48]
 155:HW_Lib/STM32H7/BSP/Bsp_QSPI.c ****     s_command.DdrMode           = QSPI_DDR_MODE_DISABLE;
 758              		.loc 1 155 33
 759 0056 0023     		movs	r3, #0
 760 0058 FB63     		str	r3, [r7, #60]
 156:HW_Lib/STM32H7/BSP/Bsp_QSPI.c ****     s_command.DdrHoldHalfCycle  = QSPI_DDR_HHC_ANALOG_DELAY;
 761              		.loc 1 156 33
 762 005a 0023     		movs	r3, #0
 763 005c 3B64     		str	r3, [r7, #64]
 157:HW_Lib/STM32H7/BSP/Bsp_QSPI.c ****     s_command.SIOOMode          = QSPI_SIOO_INST_EVERY_CMD;
 764              		.loc 1 157 33
 765 005e 0023     		movs	r3, #0
 766 0060 7B64     		str	r3, [r7, #68]
 158:HW_Lib/STM32H7/BSP/Bsp_QSPI.c ****     s_command.AddressMode       = QSPI_ADDRESS_4_LINES;
 767              		.loc 1 158 33
 768 0062 4FF44063 		mov	r3, #3072
 769 0066 FB62     		str	r3, [r7, #44]
ARM GAS  C:\Users\HUAV\AppData\Local\Temp\ccnIe0P6.s 			page 17


 159:HW_Lib/STM32H7/BSP/Bsp_QSPI.c ****     s_command.DataMode          = QSPI_DATA_4_LINES;
 770              		.loc 1 159 33
 771 0068 4FF04073 		mov	r3, #50331648
 772 006c 7B63     		str	r3, [r7, #52]
 160:HW_Lib/STM32H7/BSP/Bsp_QSPI.c ****     s_command.DummyCycles       = 6;
 773              		.loc 1 160 33
 774 006e 0623     		movs	r3, #6
 775 0070 7B62     		str	r3, [r7, #36]
 161:HW_Lib/STM32H7/BSP/Bsp_QSPI.c ****     s_command.Instruction       = cmd;
 776              		.loc 1 161 33
 777 0072 3B68     		ldr	r3, [r7]
 778 0074 3B61     		str	r3, [r7, #16]
 162:HW_Lib/STM32H7/BSP/Bsp_QSPI.c **** 	
 163:HW_Lib/STM32H7/BSP/Bsp_QSPI.c **** 	s_mem_mapped_cfg.TimeOutActivation = QSPI_TIMEOUT_COUNTER_DISABLE;
 779              		.loc 1 163 37
 780 0076 0023     		movs	r3, #0
 781 0078 FB60     		str	r3, [r7, #12]
 164:HW_Lib/STM32H7/BSP/Bsp_QSPI.c **** 	s_mem_mapped_cfg.TimeOutPeriod     = 0;
 782              		.loc 1 164 37
 783 007a 0023     		movs	r3, #0
 784 007c BB60     		str	r3, [r7, #8]
 165:HW_Lib/STM32H7/BSP/Bsp_QSPI.c **** 
 166:HW_Lib/STM32H7/BSP/Bsp_QSPI.c ****     if (HAL_QSPI_MemoryMapped(obj->p_qspi, &s_command, &s_mem_mapped_cfg) != HAL_OK)
 785              		.loc 1 166 34
 786 007e 7B68     		ldr	r3, [r7, #4]
 787 0080 5B68     		ldr	r3, [r3, #4]
 788              		.loc 1 166 9
 789 0082 07F10802 		add	r2, r7, #8
 790 0086 07F11001 		add	r1, r7, #16
 791 008a 1846     		mov	r0, r3
 792 008c FFF7FEFF 		bl	HAL_QSPI_MemoryMapped
 793 0090 0346     		mov	r3, r0
 794              		.loc 1 166 8
 795 0092 002B     		cmp	r3, #0
 796 0094 01D0     		beq	.L40
 167:HW_Lib/STM32H7/BSP/Bsp_QSPI.c ****         return false;
 797              		.loc 1 167 16
 798 0096 0023     		movs	r3, #0
 799 0098 00E0     		b	.L41
 800              	.L40:
 168:HW_Lib/STM32H7/BSP/Bsp_QSPI.c **** 
 169:HW_Lib/STM32H7/BSP/Bsp_QSPI.c ****     return true;
 801              		.loc 1 169 12
 802 009a 0123     		movs	r3, #1
 803              	.L41:
 170:HW_Lib/STM32H7/BSP/Bsp_QSPI.c **** }
 804              		.loc 1 170 1 discriminator 1
 805 009c 1846     		mov	r0, r3
 806 009e 4837     		adds	r7, r7, #72
 807              	.LCFI32:
 808              		.cfi_def_cfa_offset 8
 809 00a0 BD46     		mov	sp, r7
 810              	.LCFI33:
 811              		.cfi_def_cfa_register 13
 812              		@ sp needed
 813 00a2 80BD     		pop	{r7, pc}
 814              		.cfi_endproc
ARM GAS  C:\Users\HUAV\AppData\Local\Temp\ccnIe0P6.s 			page 18


 815              	.LFE339:
 817              		.section	.text.BspQSPI_Check_CMD,"ax",%progbits
 818              		.align	1
 819              		.syntax unified
 820              		.thumb
 821              		.thumb_func
 823              	BspQSPI_Check_CMD:
 824              	.LFB340:
 171:HW_Lib/STM32H7/BSP/Bsp_QSPI.c **** 
 172:HW_Lib/STM32H7/BSP/Bsp_QSPI.c **** static BspQPI_CMDInfo_TypeDef BspQSPI_Check_CMD(uint8_t data_line, uint8_t addr_line, uint32_t addr
 173:HW_Lib/STM32H7/BSP/Bsp_QSPI.c **** {
 825              		.loc 1 173 1
 826              		.cfi_startproc
 827              		@ args = 12, pretend = 0, frame = 80
 828              		@ frame_needed = 1, uses_anonymous_args = 0
 829              		@ link register save eliminated.
 830 0000 B0B4     		push	{r4, r5, r7}
 831              	.LCFI34:
 832              		.cfi_def_cfa_offset 12
 833              		.cfi_offset 4, -12
 834              		.cfi_offset 5, -8
 835              		.cfi_offset 7, -4
 836 0002 95B0     		sub	sp, sp, #84
 837              	.LCFI35:
 838              		.cfi_def_cfa_offset 96
 839 0004 00AF     		add	r7, sp, #0
 840              	.LCFI36:
 841              		.cfi_def_cfa_register 7
 842 0006 F860     		str	r0, [r7, #12]
 843 0008 7B60     		str	r3, [r7, #4]
 844 000a 0B46     		mov	r3, r1
 845 000c FB72     		strb	r3, [r7, #11]
 846 000e 1346     		mov	r3, r2
 847 0010 BB72     		strb	r3, [r7, #10]
 174:HW_Lib/STM32H7/BSP/Bsp_QSPI.c ****     BspQPI_CMDInfo_TypeDef cmd;
 175:HW_Lib/STM32H7/BSP/Bsp_QSPI.c **** 
 176:HW_Lib/STM32H7/BSP/Bsp_QSPI.c ****     cmd.valid = false;
 848              		.loc 1 176 15
 849 0012 0023     		movs	r3, #0
 850 0014 3B75     		strb	r3, [r7, #20]
 177:HW_Lib/STM32H7/BSP/Bsp_QSPI.c **** 
 178:HW_Lib/STM32H7/BSP/Bsp_QSPI.c ****     cmd.command.InstructionMode   = QSPI_INSTRUCTION_1_LINE;
 851              		.loc 1 178 35
 852 0016 4FF48073 		mov	r3, #256
 853 001a 3B63     		str	r3, [r7, #48]
 179:HW_Lib/STM32H7/BSP/Bsp_QSPI.c ****     cmd.command.AddressSize       = QSPI_ADDRESS_24_BITS;
 854              		.loc 1 179 35
 855 001c 4FF40053 		mov	r3, #8192
 856 0020 7B62     		str	r3, [r7, #36]
 180:HW_Lib/STM32H7/BSP/Bsp_QSPI.c ****     cmd.command.AlternateByteMode = QSPI_ALTERNATE_BYTES_NONE;
 857              		.loc 1 180 35
 858 0022 0023     		movs	r3, #0
 859 0024 BB63     		str	r3, [r7, #56]
 181:HW_Lib/STM32H7/BSP/Bsp_QSPI.c ****     cmd.command.DdrMode           = QSPI_DDR_MODE_DISABLE;
 860              		.loc 1 181 35
 861 0026 0023     		movs	r3, #0
 862 0028 7B64     		str	r3, [r7, #68]
ARM GAS  C:\Users\HUAV\AppData\Local\Temp\ccnIe0P6.s 			page 19


 182:HW_Lib/STM32H7/BSP/Bsp_QSPI.c ****     cmd.command.DdrHoldHalfCycle  = QSPI_DDR_HHC_ANALOG_DELAY;
 863              		.loc 1 182 35
 864 002a 0023     		movs	r3, #0
 865 002c BB64     		str	r3, [r7, #72]
 183:HW_Lib/STM32H7/BSP/Bsp_QSPI.c ****     cmd.command.SIOOMode          = QSPI_SIOO_INST_EVERY_CMD;
 866              		.loc 1 183 35
 867 002e 0023     		movs	r3, #0
 868 0030 FB64     		str	r3, [r7, #76]
 184:HW_Lib/STM32H7/BSP/Bsp_QSPI.c **** 
 185:HW_Lib/STM32H7/BSP/Bsp_QSPI.c ****     switch (data_line)
 869              		.loc 1 185 5
 870 0032 FB7A     		ldrb	r3, [r7, #11]	@ zero_extendqisi2
 871 0034 042B     		cmp	r3, #4
 872 0036 1CD8     		bhi	.L43
 873 0038 01A2     		adr	r2, .L45
 874 003a 52F823F0 		ldr	pc, [r2, r3, lsl #2]
 875 003e 00BF     		.p2align 2
 876              	.L45:
 877 0040 55000000 		.word	.L48+1
 878 0044 5B000000 		.word	.L47+1
 879 0048 63000000 		.word	.L46+1
 880 004c 73000000 		.word	.L43+1
 881 0050 6B000000 		.word	.L44+1
 882              		.p2align 1
 883              	.L48:
 186:HW_Lib/STM32H7/BSP/Bsp_QSPI.c ****     {
 187:HW_Lib/STM32H7/BSP/Bsp_QSPI.c ****         case DATALINE_0: cmd.command.DataMode = QSPI_DATA_NONE; break;
 884              		.loc 1 187 47
 885 0054 0023     		movs	r3, #0
 886 0056 FB63     		str	r3, [r7, #60]
 887              		.loc 1 187 9
 888 0058 1AE0     		b	.L49
 889              	.L47:
 188:HW_Lib/STM32H7/BSP/Bsp_QSPI.c ****         case DATALINE_1: cmd.command.DataMode = QSPI_DATA_1_LINE; break;
 890              		.loc 1 188 47
 891 005a 4FF08073 		mov	r3, #16777216
 892 005e FB63     		str	r3, [r7, #60]
 893              		.loc 1 188 9
 894 0060 16E0     		b	.L49
 895              	.L46:
 189:HW_Lib/STM32H7/BSP/Bsp_QSPI.c ****         case DATALINE_2: cmd.command.DataMode = QSPI_DATA_2_LINES; break;
 896              		.loc 1 189 47
 897 0062 4FF00073 		mov	r3, #33554432
 898 0066 FB63     		str	r3, [r7, #60]
 899              		.loc 1 189 9
 900 0068 12E0     		b	.L49
 901              	.L44:
 190:HW_Lib/STM32H7/BSP/Bsp_QSPI.c ****         case DATALINE_4: cmd.command.DataMode = QSPI_DATA_4_LINES; break;
 902              		.loc 1 190 47
 903 006a 4FF04073 		mov	r3, #50331648
 904 006e FB63     		str	r3, [r7, #60]
 905              		.loc 1 190 9
 906 0070 0EE0     		b	.L49
 907              	.L43:
 191:HW_Lib/STM32H7/BSP/Bsp_QSPI.c ****         default: return cmd;
 908              		.loc 1 191 25
 909 0072 FB68     		ldr	r3, [r7, #12]
ARM GAS  C:\Users\HUAV\AppData\Local\Temp\ccnIe0P6.s 			page 20


 910 0074 1D46     		mov	r5, r3
 911 0076 07F11404 		add	r4, r7, #20
 912 007a 0FCC     		ldmia	r4!, {r0, r1, r2, r3}
 913 007c 0FC5     		stmia	r5!, {r0, r1, r2, r3}
 914 007e 0FCC     		ldmia	r4!, {r0, r1, r2, r3}
 915 0080 0FC5     		stmia	r5!, {r0, r1, r2, r3}
 916 0082 0FCC     		ldmia	r4!, {r0, r1, r2, r3}
 917 0084 0FC5     		stmia	r5!, {r0, r1, r2, r3}
 918 0086 94E80700 		ldm	r4, {r0, r1, r2}
 919 008a 85E80700 		stm	r5, {r0, r1, r2}
 920 008e 46E0     		b	.L58
 921              	.L49:
 192:HW_Lib/STM32H7/BSP/Bsp_QSPI.c ****     }
 193:HW_Lib/STM32H7/BSP/Bsp_QSPI.c **** 
 194:HW_Lib/STM32H7/BSP/Bsp_QSPI.c ****     switch (addr_line)
 922              		.loc 1 194 5
 923 0090 BB7A     		ldrb	r3, [r7, #10]	@ zero_extendqisi2
 924 0092 042B     		cmp	r3, #4
 925 0094 1BD8     		bhi	.L51
 926 0096 01A2     		adr	r2, .L53
 927 0098 52F823F0 		ldr	pc, [r2, r3, lsl #2]
 928              		.p2align 2
 929              	.L53:
 930 009c B1000000 		.word	.L56+1
 931 00a0 B7000000 		.word	.L55+1
 932 00a4 BF000000 		.word	.L54+1
 933 00a8 CF000000 		.word	.L51+1
 934 00ac C7000000 		.word	.L52+1
 935              		.p2align 1
 936              	.L56:
 195:HW_Lib/STM32H7/BSP/Bsp_QSPI.c ****     {
 196:HW_Lib/STM32H7/BSP/Bsp_QSPI.c ****         case DATALINE_0: cmd.command.AddressMode = QSPI_ADDRESS_NONE; break;
 937              		.loc 1 196 50
 938 00b0 0023     		movs	r3, #0
 939 00b2 7B63     		str	r3, [r7, #52]
 940              		.loc 1 196 9
 941 00b4 1AE0     		b	.L57
 942              	.L55:
 197:HW_Lib/STM32H7/BSP/Bsp_QSPI.c ****         case DATALINE_1: cmd.command.AddressMode = QSPI_ADDRESS_1_LINE; break;
 943              		.loc 1 197 50
 944 00b6 4FF48063 		mov	r3, #1024
 945 00ba 7B63     		str	r3, [r7, #52]
 946              		.loc 1 197 9
 947 00bc 16E0     		b	.L57
 948              	.L54:
 198:HW_Lib/STM32H7/BSP/Bsp_QSPI.c ****         case DATALINE_2: cmd.command.AddressMode = QSPI_ADDRESS_2_LINES; break;
 949              		.loc 1 198 50
 950 00be 4FF40063 		mov	r3, #2048
 951 00c2 7B63     		str	r3, [r7, #52]
 952              		.loc 1 198 9
 953 00c4 12E0     		b	.L57
 954              	.L52:
 199:HW_Lib/STM32H7/BSP/Bsp_QSPI.c ****         case DATALINE_4: cmd.command.AddressMode = QSPI_ADDRESS_4_LINES; break;
 955              		.loc 1 199 50
 956 00c6 4FF44063 		mov	r3, #3072
 957 00ca 7B63     		str	r3, [r7, #52]
 958              		.loc 1 199 9
ARM GAS  C:\Users\HUAV\AppData\Local\Temp\ccnIe0P6.s 			page 21


 959 00cc 0EE0     		b	.L57
 960              	.L51:
 200:HW_Lib/STM32H7/BSP/Bsp_QSPI.c ****         default: return cmd;
 961              		.loc 1 200 25
 962 00ce FB68     		ldr	r3, [r7, #12]
 963 00d0 1D46     		mov	r5, r3
 964 00d2 07F11404 		add	r4, r7, #20
 965 00d6 0FCC     		ldmia	r4!, {r0, r1, r2, r3}
 966 00d8 0FC5     		stmia	r5!, {r0, r1, r2, r3}
 967 00da 0FCC     		ldmia	r4!, {r0, r1, r2, r3}
 968 00dc 0FC5     		stmia	r5!, {r0, r1, r2, r3}
 969 00de 0FCC     		ldmia	r4!, {r0, r1, r2, r3}
 970 00e0 0FC5     		stmia	r5!, {r0, r1, r2, r3}
 971 00e2 94E80700 		ldm	r4, {r0, r1, r2}
 972 00e6 85E80700 		stm	r5, {r0, r1, r2}
 973 00ea 18E0     		b	.L58
 974              	.L57:
 201:HW_Lib/STM32H7/BSP/Bsp_QSPI.c ****     }
 202:HW_Lib/STM32H7/BSP/Bsp_QSPI.c **** 
 203:HW_Lib/STM32H7/BSP/Bsp_QSPI.c ****     cmd.command.Address     = addr;
 975              		.loc 1 203 29
 976 00ec 7B68     		ldr	r3, [r7, #4]
 977 00ee FB61     		str	r3, [r7, #28]
 204:HW_Lib/STM32H7/BSP/Bsp_QSPI.c ****     cmd.command.NbData      = size;
 978              		.loc 1 204 29
 979 00f0 B7F86430 		ldrh	r3, [r7, #100]
 980 00f4 3B64     		str	r3, [r7, #64]
 205:HW_Lib/STM32H7/BSP/Bsp_QSPI.c ****     cmd.command.DummyCycles = dummy_cyc;
 981              		.loc 1 205 29
 982 00f6 3B6E     		ldr	r3, [r7, #96]
 983 00f8 FB62     		str	r3, [r7, #44]
 206:HW_Lib/STM32H7/BSP/Bsp_QSPI.c ****     cmd.command.Instruction = code;
 984              		.loc 1 206 29
 985 00fa BB6E     		ldr	r3, [r7, #104]
 986 00fc BB61     		str	r3, [r7, #24]
 207:HW_Lib/STM32H7/BSP/Bsp_QSPI.c **** 
 208:HW_Lib/STM32H7/BSP/Bsp_QSPI.c ****     cmd.valid = true;
 987              		.loc 1 208 15
 988 00fe 0123     		movs	r3, #1
 989 0100 3B75     		strb	r3, [r7, #20]
 209:HW_Lib/STM32H7/BSP/Bsp_QSPI.c ****     return cmd;
 990              		.loc 1 209 12
 991 0102 FB68     		ldr	r3, [r7, #12]
 992 0104 1D46     		mov	r5, r3
 993 0106 07F11404 		add	r4, r7, #20
 994 010a 0FCC     		ldmia	r4!, {r0, r1, r2, r3}
 995 010c 0FC5     		stmia	r5!, {r0, r1, r2, r3}
 996 010e 0FCC     		ldmia	r4!, {r0, r1, r2, r3}
 997 0110 0FC5     		stmia	r5!, {r0, r1, r2, r3}
 998 0112 0FCC     		ldmia	r4!, {r0, r1, r2, r3}
 999 0114 0FC5     		stmia	r5!, {r0, r1, r2, r3}
 1000 0116 94E80700 		ldm	r4, {r0, r1, r2}
 1001 011a 85E80700 		stm	r5, {r0, r1, r2}
 1002              	.L58:
 210:HW_Lib/STM32H7/BSP/Bsp_QSPI.c **** }
 1003              		.loc 1 210 1 discriminator 1
 1004 011e F868     		ldr	r0, [r7, #12]
ARM GAS  C:\Users\HUAV\AppData\Local\Temp\ccnIe0P6.s 			page 22


 1005 0120 5437     		adds	r7, r7, #84
 1006              	.LCFI37:
 1007              		.cfi_def_cfa_offset 12
 1008 0122 BD46     		mov	sp, r7
 1009              	.LCFI38:
 1010              		.cfi_def_cfa_register 13
 1011              		@ sp needed
 1012 0124 B0BC     		pop	{r4, r5, r7}
 1013              	.LCFI39:
 1014              		.cfi_restore 7
 1015              		.cfi_restore 5
 1016              		.cfi_restore 4
 1017              		.cfi_def_cfa_offset 0
 1018 0126 7047     		bx	lr
 1019              		.cfi_endproc
 1020              	.LFE340:
 1022              		.text
 1023              	.Letext0:
 1024              		.file 2 "d:\\hpm-compile-tool\\gcc-arm-none-eabi-10.3-win\\arm-none-eabi\\include\\machine\\_defau
 1025              		.file 3 "d:\\hpm-compile-tool\\gcc-arm-none-eabi-10.3-win\\arm-none-eabi\\include\\sys\\_stdint.h"
 1026              		.file 4 "HW_Lib/PortApi_Def/Bsp_QSPI_Port_Def.h"
 1027              		.file 5 "HW_Lib/STM32H7/HAL_Lib/CMSIS/Device/ST/STM32H7xx/Include/stm32h743xx.h"
 1028              		.file 6 "HW_Lib/STM32H7/HAL_Lib/STM32H7xx_HAL_Driver/Inc/stm32h7xx_hal_def.h"
 1029              		.file 7 "HW_Lib/STM32H7/HAL_Lib/STM32H7xx_HAL_Driver/Inc/stm32h7xx_hal_rcc_ex.h"
 1030              		.file 8 "HW_Lib/STM32H7/HAL_Lib/STM32H7xx_HAL_Driver/Inc/stm32h7xx_hal_mdma.h"
 1031              		.file 9 "HW_Lib/STM32H7/HAL_Lib/STM32H7xx_HAL_Driver/Inc/stm32h7xx_hal_qspi.h"
 1032              		.file 10 "HW_Lib/STM32H7/BSP/Bsp_QSPI.h"
ARM GAS  C:\Users\HUAV\AppData\Local\Temp\ccnIe0P6.s 			page 23


DEFINED SYMBOLS
                            *ABS*:00000000 Bsp_QSPI.c
C:\Users\HUAV\AppData\Local\Temp\ccnIe0P6.s:23     .data.BspQspi:00000000 BspQspi
C:\Users\HUAV\AppData\Local\Temp\ccnIe0P6.s:20     .data.BspQspi:00000000 $d
C:\Users\HUAV\AppData\Local\Temp\ccnIe0P6.s:73     .text.BspQSPI_Init:00000000 BspQSPI_Init
C:\Users\HUAV\AppData\Local\Temp\ccnIe0P6.s:258    .text.BspQSPI_Trans:00000000 BspQSPI_Trans
C:\Users\HUAV\AppData\Local\Temp\ccnIe0P6.s:339    .text.BspQSPI_Recv:00000000 BspQSPI_Recv
C:\Users\HUAV\AppData\Local\Temp\ccnIe0P6.s:420    .text.BspQSPI_Command:00000000 BspQSPI_Command
C:\Users\HUAV\AppData\Local\Temp\ccnIe0P6.s:540    .text.BspQSPI_Polling:00000000 BspQSPI_Polling
C:\Users\HUAV\AppData\Local\Temp\ccnIe0P6.s:694    .text.BspQSPI_MemMap:00000000 BspQSPI_MemMap
C:\Users\HUAV\AppData\Local\Temp\ccnIe0P6.s:31     .text.BspQSPI_Pin_Init:00000000 $t
C:\Users\HUAV\AppData\Local\Temp\ccnIe0P6.s:37     .text.BspQSPI_Pin_Init:00000000 BspQSPI_Pin_Init
C:\Users\HUAV\AppData\Local\Temp\ccnIe0P6.s:68     .text.BspQSPI_Init:00000000 $t
C:\Users\HUAV\AppData\Local\Temp\ccnIe0P6.s:248    .text.BspQSPI_Init:000000ec $d
C:\Users\HUAV\AppData\Local\Temp\ccnIe0P6.s:253    .text.BspQSPI_Trans:00000000 $t
C:\Users\HUAV\AppData\Local\Temp\ccnIe0P6.s:334    .text.BspQSPI_Recv:00000000 $t
C:\Users\HUAV\AppData\Local\Temp\ccnIe0P6.s:415    .text.BspQSPI_Command:00000000 $t
C:\Users\HUAV\AppData\Local\Temp\ccnIe0P6.s:823    .text.BspQSPI_Check_CMD:00000000 BspQSPI_Check_CMD
C:\Users\HUAV\AppData\Local\Temp\ccnIe0P6.s:535    .text.BspQSPI_Polling:00000000 $t
C:\Users\HUAV\AppData\Local\Temp\ccnIe0P6.s:689    .text.BspQSPI_MemMap:00000000 $t
C:\Users\HUAV\AppData\Local\Temp\ccnIe0P6.s:818    .text.BspQSPI_Check_CMD:00000000 $t
C:\Users\HUAV\AppData\Local\Temp\ccnIe0P6.s:877    .text.BspQSPI_Check_CMD:00000040 $d
C:\Users\HUAV\AppData\Local\Temp\ccnIe0P6.s:882    .text.BspQSPI_Check_CMD:00000054 $t
C:\Users\HUAV\AppData\Local\Temp\ccnIe0P6.s:930    .text.BspQSPI_Check_CMD:0000009c $d
C:\Users\HUAV\AppData\Local\Temp\ccnIe0P6.s:935    .text.BspQSPI_Check_CMD:000000b0 $t

UNDEFINED SYMBOLS
memset
HAL_RCCEx_PeriphCLKConfig
HAL_QSPI_DeInit
HAL_QSPI_Init
HAL_QSPI_Transmit
HAL_QSPI_Receive
HAL_QSPI_Command
HAL_QSPI_AutoPolling
HAL_QSPI_MemoryMapped
