ARM GAS  C:\Users\HUAV\AppData\Local\Temp\ccFpszpf.s 			page 1


   1              		.cpu cortex-m7
   2              		.arch armv7e-m
   3              		.fpu fpv5-d16
   4              		.eabi_attribute 28, 1
   5              		.eabi_attribute 20, 1
   6              		.eabi_attribute 21, 1
   7              		.eabi_attribute 23, 3
   8              		.eabi_attribute 24, 1
   9              		.eabi_attribute 25, 1
  10              		.eabi_attribute 26, 1
  11              		.eabi_attribute 30, 6
  12              		.eabi_attribute 34, 1
  13              		.eabi_attribute 18, 4
  14              		.file	"Bsp_SPI.c"
  15              		.text
  16              	.Ltext0:
  17              		.cfi_sections	.debug_frame
  18              		.global	BspSPI
  19              		.section	.data.BspSPI,"aw"
  20              		.align	2
  23              	BspSPI:
  24 0000 00000000 		.word	BspSPI_NormalMode_Init
  25 0004 00000000 		.word	BspSPI_DeInit
  26 0008 00000000 		.word	BspSPI_Trans
  27 000c 00000000 		.word	BspSPI_Receive
  28 0010 00000000 		.word	BspSPI_TransReceive
  29 0014 00000000 		.word	BspSPI_Set_CLKSpeed
  30              		.section	.rodata.BspSPI_Pin_Cfg,"a"
  31              		.align	2
  34              	BspSPI_Pin_Cfg:
  35 0000 00000000 		.word	0
  36 0004 02000000 		.word	2
  37 0008 00000000 		.word	0
  38 000c 00000000 		.word	0
  39 0010 00000000 		.word	0
  40              		.section	.text.BspSPI_PinCLK_Enable,"ax",%progbits
  41              		.align	1
  42              		.syntax unified
  43              		.thumb
  44              		.thumb_func
  46              	BspSPI_PinCLK_Enable:
  47              	.LFB333:
  48              		.file 1 "HW_Lib/STM32H7/BSP/Bsp_SPI.c"
   1:HW_Lib/STM32H7/BSP/Bsp_SPI.c **** #include "Bsp_SPI.h"
   2:HW_Lib/STM32H7/BSP/Bsp_SPI.c **** 
   3:HW_Lib/STM32H7/BSP/Bsp_SPI.c **** #define To_SPI_Handle_Ptr(x) ((SPI_HandleTypeDef *)x)
   4:HW_Lib/STM32H7/BSP/Bsp_SPI.c **** 
   5:HW_Lib/STM32H7/BSP/Bsp_SPI.c **** /* internal function */
   6:HW_Lib/STM32H7/BSP/Bsp_SPI.c **** static bool BspSPI_NormalMode_Init(BspSPI_Config_TypeDef spi_cfg, void *spi_instance);
   7:HW_Lib/STM32H7/BSP/Bsp_SPI.c **** static bool BspSPI_DeInit(BspSPI_Config_TypeDef spi_cfg);
   8:HW_Lib/STM32H7/BSP/Bsp_SPI.c **** static bool BspSPI_Trans(void *spi_instance, uint8_t *tx, uint16_t size, uint16_t time_out);
   9:HW_Lib/STM32H7/BSP/Bsp_SPI.c **** static bool BspSPI_Receive(void *spi_instance, uint8_t *rx, uint16_t size, uint16_t time_out);
  10:HW_Lib/STM32H7/BSP/Bsp_SPI.c **** static uint16_t BspSPI_TransReceive(void *spi_instance, uint8_t *tx, uint8_t *rx, uint16_t size, ui
  11:HW_Lib/STM32H7/BSP/Bsp_SPI.c **** static bool BspSPI_Set_CLKSpeed(void *spi_instance, uint32_t speed);
  12:HW_Lib/STM32H7/BSP/Bsp_SPI.c **** 
  13:HW_Lib/STM32H7/BSP/Bsp_SPI.c **** /* SPI0 Object */
  14:HW_Lib/STM32H7/BSP/Bsp_SPI.c **** BspSpi_TypeDef BspSPI = {
ARM GAS  C:\Users\HUAV\AppData\Local\Temp\ccFpszpf.s 			page 2


  15:HW_Lib/STM32H7/BSP/Bsp_SPI.c ****     .init = BspSPI_NormalMode_Init,
  16:HW_Lib/STM32H7/BSP/Bsp_SPI.c ****     .deinit = BspSPI_DeInit,
  17:HW_Lib/STM32H7/BSP/Bsp_SPI.c ****     .trans = BspSPI_Trans,
  18:HW_Lib/STM32H7/BSP/Bsp_SPI.c ****     .receive = BspSPI_Receive,
  19:HW_Lib/STM32H7/BSP/Bsp_SPI.c ****     .trans_receive = BspSPI_TransReceive,
  20:HW_Lib/STM32H7/BSP/Bsp_SPI.c ****     .set_speed = BspSPI_Set_CLKSpeed,
  21:HW_Lib/STM32H7/BSP/Bsp_SPI.c **** };
  22:HW_Lib/STM32H7/BSP/Bsp_SPI.c **** 
  23:HW_Lib/STM32H7/BSP/Bsp_SPI.c **** static const GPIO_InitTypeDef BspSPI_Pin_Cfg = {
  24:HW_Lib/STM32H7/BSP/Bsp_SPI.c ****     .Alternate = 0,
  25:HW_Lib/STM32H7/BSP/Bsp_SPI.c ****     .Mode = GPIO_MODE_AF_PP,
  26:HW_Lib/STM32H7/BSP/Bsp_SPI.c ****     .Pin = 0,
  27:HW_Lib/STM32H7/BSP/Bsp_SPI.c ****     .Pull = GPIO_NOPULL,
  28:HW_Lib/STM32H7/BSP/Bsp_SPI.c ****     .Speed = GPIO_SPEED_FREQ_LOW,
  29:HW_Lib/STM32H7/BSP/Bsp_SPI.c **** };
  30:HW_Lib/STM32H7/BSP/Bsp_SPI.c **** 
  31:HW_Lib/STM32H7/BSP/Bsp_SPI.c **** static void BspSPI_PinCLK_Enable(GPIO_TypeDef *port)
  32:HW_Lib/STM32H7/BSP/Bsp_SPI.c **** {
  49              		.loc 1 32 1
  50              		.cfi_startproc
  51              		@ args = 0, pretend = 0, frame = 48
  52              		@ frame_needed = 1, uses_anonymous_args = 0
  53              		@ link register save eliminated.
  54 0000 80B4     		push	{r7}
  55              	.LCFI0:
  56              		.cfi_def_cfa_offset 4
  57              		.cfi_offset 7, -4
  58 0002 8DB0     		sub	sp, sp, #52
  59              	.LCFI1:
  60              		.cfi_def_cfa_offset 56
  61 0004 00AF     		add	r7, sp, #0
  62              	.LCFI2:
  63              		.cfi_def_cfa_register 7
  64 0006 7860     		str	r0, [r7, #4]
  33:HW_Lib/STM32H7/BSP/Bsp_SPI.c ****     if (port == GPIOA)
  65              		.loc 1 33 8
  66 0008 7B68     		ldr	r3, [r7, #4]
  67 000a 664A     		ldr	r2, .L13
  68 000c 9342     		cmp	r3, r2
  69 000e 0FD1     		bne	.L2
  70              	.LBB2:
  34:HW_Lib/STM32H7/BSP/Bsp_SPI.c ****     {
  35:HW_Lib/STM32H7/BSP/Bsp_SPI.c ****         __HAL_RCC_GPIOA_CLK_ENABLE();
  71              		.loc 1 35 9
  72 0010 654B     		ldr	r3, .L13+4
  73 0012 D3F8E030 		ldr	r3, [r3, #224]
  74 0016 644A     		ldr	r2, .L13+4
  75 0018 43F00103 		orr	r3, r3, #1
  76 001c C2F8E030 		str	r3, [r2, #224]
  77 0020 614B     		ldr	r3, .L13+4
  78 0022 D3F8E030 		ldr	r3, [r3, #224]
  79 0026 03F00103 		and	r3, r3, #1
  80 002a FB62     		str	r3, [r7, #44]
  81 002c FB6A     		ldr	r3, [r7, #44]
  82              	.LBE2:
  36:HW_Lib/STM32H7/BSP/Bsp_SPI.c ****     }
  37:HW_Lib/STM32H7/BSP/Bsp_SPI.c ****     else if (port == GPIOB)
ARM GAS  C:\Users\HUAV\AppData\Local\Temp\ccFpszpf.s 			page 3


  38:HW_Lib/STM32H7/BSP/Bsp_SPI.c ****     {
  39:HW_Lib/STM32H7/BSP/Bsp_SPI.c ****         __HAL_RCC_GPIOB_CLK_ENABLE();
  40:HW_Lib/STM32H7/BSP/Bsp_SPI.c ****     }
  41:HW_Lib/STM32H7/BSP/Bsp_SPI.c ****     else if (port == GPIOC)
  42:HW_Lib/STM32H7/BSP/Bsp_SPI.c ****     {
  43:HW_Lib/STM32H7/BSP/Bsp_SPI.c ****         __HAL_RCC_GPIOC_CLK_ENABLE();
  44:HW_Lib/STM32H7/BSP/Bsp_SPI.c ****     }
  45:HW_Lib/STM32H7/BSP/Bsp_SPI.c ****     else if (port == GPIOD)
  46:HW_Lib/STM32H7/BSP/Bsp_SPI.c ****     {
  47:HW_Lib/STM32H7/BSP/Bsp_SPI.c ****         __HAL_RCC_GPIOD_CLK_ENABLE();
  48:HW_Lib/STM32H7/BSP/Bsp_SPI.c ****     }
  49:HW_Lib/STM32H7/BSP/Bsp_SPI.c ****     else if (port == GPIOE)
  50:HW_Lib/STM32H7/BSP/Bsp_SPI.c ****     {
  51:HW_Lib/STM32H7/BSP/Bsp_SPI.c ****         __HAL_RCC_GPIOE_CLK_ENABLE();
  52:HW_Lib/STM32H7/BSP/Bsp_SPI.c ****     }
  53:HW_Lib/STM32H7/BSP/Bsp_SPI.c ****     else if (port == GPIOF)
  54:HW_Lib/STM32H7/BSP/Bsp_SPI.c ****     {
  55:HW_Lib/STM32H7/BSP/Bsp_SPI.c ****         __HAL_RCC_GPIOF_CLK_ENABLE();
  56:HW_Lib/STM32H7/BSP/Bsp_SPI.c ****     }
  57:HW_Lib/STM32H7/BSP/Bsp_SPI.c ****     else if (port == GPIOG)
  58:HW_Lib/STM32H7/BSP/Bsp_SPI.c ****     {
  59:HW_Lib/STM32H7/BSP/Bsp_SPI.c ****         __HAL_RCC_GPIOG_CLK_ENABLE();
  60:HW_Lib/STM32H7/BSP/Bsp_SPI.c ****     }
  61:HW_Lib/STM32H7/BSP/Bsp_SPI.c ****     else if (port == GPIOH)
  62:HW_Lib/STM32H7/BSP/Bsp_SPI.c ****     {
  63:HW_Lib/STM32H7/BSP/Bsp_SPI.c ****         __HAL_RCC_GPIOH_CLK_ENABLE();
  64:HW_Lib/STM32H7/BSP/Bsp_SPI.c ****     }
  65:HW_Lib/STM32H7/BSP/Bsp_SPI.c ****     else if (port == GPIOJ)
  66:HW_Lib/STM32H7/BSP/Bsp_SPI.c ****     {
  67:HW_Lib/STM32H7/BSP/Bsp_SPI.c ****         __HAL_RCC_GPIOJ_CLK_ENABLE();
  68:HW_Lib/STM32H7/BSP/Bsp_SPI.c ****     }
  69:HW_Lib/STM32H7/BSP/Bsp_SPI.c ****     else if (port == GPIOK)
  70:HW_Lib/STM32H7/BSP/Bsp_SPI.c ****     {
  71:HW_Lib/STM32H7/BSP/Bsp_SPI.c ****         __HAL_RCC_GPIOK_CLK_ENABLE();
  72:HW_Lib/STM32H7/BSP/Bsp_SPI.c ****     }
  73:HW_Lib/STM32H7/BSP/Bsp_SPI.c **** }
  83              		.loc 1 73 1
  84 002e B2E0     		b	.L12
  85              	.L2:
  37:HW_Lib/STM32H7/BSP/Bsp_SPI.c ****     {
  86              		.loc 1 37 13
  87 0030 7B68     		ldr	r3, [r7, #4]
  88 0032 5E4A     		ldr	r2, .L13+8
  89 0034 9342     		cmp	r3, r2
  90 0036 0FD1     		bne	.L4
  91              	.LBB3:
  39:HW_Lib/STM32H7/BSP/Bsp_SPI.c ****     }
  92              		.loc 1 39 9
  93 0038 5B4B     		ldr	r3, .L13+4
  94 003a D3F8E030 		ldr	r3, [r3, #224]
  95 003e 5A4A     		ldr	r2, .L13+4
  96 0040 43F00203 		orr	r3, r3, #2
  97 0044 C2F8E030 		str	r3, [r2, #224]
  98 0048 574B     		ldr	r3, .L13+4
  99 004a D3F8E030 		ldr	r3, [r3, #224]
 100 004e 03F00203 		and	r3, r3, #2
 101 0052 BB62     		str	r3, [r7, #40]
ARM GAS  C:\Users\HUAV\AppData\Local\Temp\ccFpszpf.s 			page 4


 102 0054 BB6A     		ldr	r3, [r7, #40]
 103              	.LBE3:
 104              		.loc 1 73 1
 105 0056 9EE0     		b	.L12
 106              	.L4:
  41:HW_Lib/STM32H7/BSP/Bsp_SPI.c ****     {
 107              		.loc 1 41 13
 108 0058 7B68     		ldr	r3, [r7, #4]
 109 005a 554A     		ldr	r2, .L13+12
 110 005c 9342     		cmp	r3, r2
 111 005e 0FD1     		bne	.L5
 112              	.LBB4:
  43:HW_Lib/STM32H7/BSP/Bsp_SPI.c ****     }
 113              		.loc 1 43 9
 114 0060 514B     		ldr	r3, .L13+4
 115 0062 D3F8E030 		ldr	r3, [r3, #224]
 116 0066 504A     		ldr	r2, .L13+4
 117 0068 43F00403 		orr	r3, r3, #4
 118 006c C2F8E030 		str	r3, [r2, #224]
 119 0070 4D4B     		ldr	r3, .L13+4
 120 0072 D3F8E030 		ldr	r3, [r3, #224]
 121 0076 03F00403 		and	r3, r3, #4
 122 007a 7B62     		str	r3, [r7, #36]
 123 007c 7B6A     		ldr	r3, [r7, #36]
 124              	.LBE4:
 125              		.loc 1 73 1
 126 007e 8AE0     		b	.L12
 127              	.L5:
  45:HW_Lib/STM32H7/BSP/Bsp_SPI.c ****     {
 128              		.loc 1 45 13
 129 0080 7B68     		ldr	r3, [r7, #4]
 130 0082 4C4A     		ldr	r2, .L13+16
 131 0084 9342     		cmp	r3, r2
 132 0086 0FD1     		bne	.L6
 133              	.LBB5:
  47:HW_Lib/STM32H7/BSP/Bsp_SPI.c ****     }
 134              		.loc 1 47 9
 135 0088 474B     		ldr	r3, .L13+4
 136 008a D3F8E030 		ldr	r3, [r3, #224]
 137 008e 464A     		ldr	r2, .L13+4
 138 0090 43F00803 		orr	r3, r3, #8
 139 0094 C2F8E030 		str	r3, [r2, #224]
 140 0098 434B     		ldr	r3, .L13+4
 141 009a D3F8E030 		ldr	r3, [r3, #224]
 142 009e 03F00803 		and	r3, r3, #8
 143 00a2 3B62     		str	r3, [r7, #32]
 144 00a4 3B6A     		ldr	r3, [r7, #32]
 145              	.LBE5:
 146              		.loc 1 73 1
 147 00a6 76E0     		b	.L12
 148              	.L6:
  49:HW_Lib/STM32H7/BSP/Bsp_SPI.c ****     {
 149              		.loc 1 49 13
 150 00a8 7B68     		ldr	r3, [r7, #4]
 151 00aa 434A     		ldr	r2, .L13+20
 152 00ac 9342     		cmp	r3, r2
 153 00ae 0FD1     		bne	.L7
ARM GAS  C:\Users\HUAV\AppData\Local\Temp\ccFpszpf.s 			page 5


 154              	.LBB6:
  51:HW_Lib/STM32H7/BSP/Bsp_SPI.c ****     }
 155              		.loc 1 51 9
 156 00b0 3D4B     		ldr	r3, .L13+4
 157 00b2 D3F8E030 		ldr	r3, [r3, #224]
 158 00b6 3C4A     		ldr	r2, .L13+4
 159 00b8 43F01003 		orr	r3, r3, #16
 160 00bc C2F8E030 		str	r3, [r2, #224]
 161 00c0 394B     		ldr	r3, .L13+4
 162 00c2 D3F8E030 		ldr	r3, [r3, #224]
 163 00c6 03F01003 		and	r3, r3, #16
 164 00ca FB61     		str	r3, [r7, #28]
 165 00cc FB69     		ldr	r3, [r7, #28]
 166              	.LBE6:
 167              		.loc 1 73 1
 168 00ce 62E0     		b	.L12
 169              	.L7:
  53:HW_Lib/STM32H7/BSP/Bsp_SPI.c ****     {
 170              		.loc 1 53 13
 171 00d0 7B68     		ldr	r3, [r7, #4]
 172 00d2 3A4A     		ldr	r2, .L13+24
 173 00d4 9342     		cmp	r3, r2
 174 00d6 0FD1     		bne	.L8
 175              	.LBB7:
  55:HW_Lib/STM32H7/BSP/Bsp_SPI.c ****     }
 176              		.loc 1 55 9
 177 00d8 334B     		ldr	r3, .L13+4
 178 00da D3F8E030 		ldr	r3, [r3, #224]
 179 00de 324A     		ldr	r2, .L13+4
 180 00e0 43F02003 		orr	r3, r3, #32
 181 00e4 C2F8E030 		str	r3, [r2, #224]
 182 00e8 2F4B     		ldr	r3, .L13+4
 183 00ea D3F8E030 		ldr	r3, [r3, #224]
 184 00ee 03F02003 		and	r3, r3, #32
 185 00f2 BB61     		str	r3, [r7, #24]
 186 00f4 BB69     		ldr	r3, [r7, #24]
 187              	.LBE7:
 188              		.loc 1 73 1
 189 00f6 4EE0     		b	.L12
 190              	.L8:
  57:HW_Lib/STM32H7/BSP/Bsp_SPI.c ****     {
 191              		.loc 1 57 13
 192 00f8 7B68     		ldr	r3, [r7, #4]
 193 00fa 314A     		ldr	r2, .L13+28
 194 00fc 9342     		cmp	r3, r2
 195 00fe 0FD1     		bne	.L9
 196              	.LBB8:
  59:HW_Lib/STM32H7/BSP/Bsp_SPI.c ****     }
 197              		.loc 1 59 9
 198 0100 294B     		ldr	r3, .L13+4
 199 0102 D3F8E030 		ldr	r3, [r3, #224]
 200 0106 284A     		ldr	r2, .L13+4
 201 0108 43F04003 		orr	r3, r3, #64
 202 010c C2F8E030 		str	r3, [r2, #224]
 203 0110 254B     		ldr	r3, .L13+4
 204 0112 D3F8E030 		ldr	r3, [r3, #224]
 205 0116 03F04003 		and	r3, r3, #64
ARM GAS  C:\Users\HUAV\AppData\Local\Temp\ccFpszpf.s 			page 6


 206 011a 7B61     		str	r3, [r7, #20]
 207 011c 7B69     		ldr	r3, [r7, #20]
 208              	.LBE8:
 209              		.loc 1 73 1
 210 011e 3AE0     		b	.L12
 211              	.L9:
  61:HW_Lib/STM32H7/BSP/Bsp_SPI.c ****     {
 212              		.loc 1 61 13
 213 0120 7B68     		ldr	r3, [r7, #4]
 214 0122 284A     		ldr	r2, .L13+32
 215 0124 9342     		cmp	r3, r2
 216 0126 0FD1     		bne	.L10
 217              	.LBB9:
  63:HW_Lib/STM32H7/BSP/Bsp_SPI.c ****     }
 218              		.loc 1 63 9
 219 0128 1F4B     		ldr	r3, .L13+4
 220 012a D3F8E030 		ldr	r3, [r3, #224]
 221 012e 1E4A     		ldr	r2, .L13+4
 222 0130 43F08003 		orr	r3, r3, #128
 223 0134 C2F8E030 		str	r3, [r2, #224]
 224 0138 1B4B     		ldr	r3, .L13+4
 225 013a D3F8E030 		ldr	r3, [r3, #224]
 226 013e 03F08003 		and	r3, r3, #128
 227 0142 3B61     		str	r3, [r7, #16]
 228 0144 3B69     		ldr	r3, [r7, #16]
 229              	.LBE9:
 230              		.loc 1 73 1
 231 0146 26E0     		b	.L12
 232              	.L10:
  65:HW_Lib/STM32H7/BSP/Bsp_SPI.c ****     {
 233              		.loc 1 65 13
 234 0148 7B68     		ldr	r3, [r7, #4]
 235 014a 1F4A     		ldr	r2, .L13+36
 236 014c 9342     		cmp	r3, r2
 237 014e 0FD1     		bne	.L11
 238              	.LBB10:
  67:HW_Lib/STM32H7/BSP/Bsp_SPI.c ****     }
 239              		.loc 1 67 9
 240 0150 154B     		ldr	r3, .L13+4
 241 0152 D3F8E030 		ldr	r3, [r3, #224]
 242 0156 144A     		ldr	r2, .L13+4
 243 0158 43F40073 		orr	r3, r3, #512
 244 015c C2F8E030 		str	r3, [r2, #224]
 245 0160 114B     		ldr	r3, .L13+4
 246 0162 D3F8E030 		ldr	r3, [r3, #224]
 247 0166 03F40073 		and	r3, r3, #512
 248 016a FB60     		str	r3, [r7, #12]
 249 016c FB68     		ldr	r3, [r7, #12]
 250              	.LBE10:
 251              		.loc 1 73 1
 252 016e 12E0     		b	.L12
 253              	.L11:
  69:HW_Lib/STM32H7/BSP/Bsp_SPI.c ****     {
 254              		.loc 1 69 13
 255 0170 7B68     		ldr	r3, [r7, #4]
 256 0172 164A     		ldr	r2, .L13+40
 257 0174 9342     		cmp	r3, r2
ARM GAS  C:\Users\HUAV\AppData\Local\Temp\ccFpszpf.s 			page 7


 258 0176 0ED1     		bne	.L12
 259              	.LBB11:
  71:HW_Lib/STM32H7/BSP/Bsp_SPI.c ****     }
 260              		.loc 1 71 9
 261 0178 0B4B     		ldr	r3, .L13+4
 262 017a D3F8E030 		ldr	r3, [r3, #224]
 263 017e 0A4A     		ldr	r2, .L13+4
 264 0180 43F48063 		orr	r3, r3, #1024
 265 0184 C2F8E030 		str	r3, [r2, #224]
 266 0188 074B     		ldr	r3, .L13+4
 267 018a D3F8E030 		ldr	r3, [r3, #224]
 268 018e 03F48063 		and	r3, r3, #1024
 269 0192 BB60     		str	r3, [r7, #8]
 270 0194 BB68     		ldr	r3, [r7, #8]
 271              	.L12:
 272              	.LBE11:
 273              		.loc 1 73 1
 274 0196 00BF     		nop
 275 0198 3437     		adds	r7, r7, #52
 276              	.LCFI3:
 277              		.cfi_def_cfa_offset 4
 278 019a BD46     		mov	sp, r7
 279              	.LCFI4:
 280              		.cfi_def_cfa_register 13
 281              		@ sp needed
 282 019c 5DF8047B 		ldr	r7, [sp], #4
 283              	.LCFI5:
 284              		.cfi_restore 7
 285              		.cfi_def_cfa_offset 0
 286 01a0 7047     		bx	lr
 287              	.L14:
 288 01a2 00BF     		.align	2
 289              	.L13:
 290 01a4 00000258 		.word	1476526080
 291 01a8 00440258 		.word	1476543488
 292 01ac 00040258 		.word	1476527104
 293 01b0 00080258 		.word	1476528128
 294 01b4 000C0258 		.word	1476529152
 295 01b8 00100258 		.word	1476530176
 296 01bc 00140258 		.word	1476531200
 297 01c0 00180258 		.word	1476532224
 298 01c4 001C0258 		.word	1476533248
 299 01c8 00240258 		.word	1476535296
 300 01cc 00280258 		.word	1476536320
 301              		.cfi_endproc
 302              	.LFE333:
 304              		.section	.text.BspSPI_PinInit,"ax",%progbits
 305              		.align	1
 306              		.syntax unified
 307              		.thumb
 308              		.thumb_func
 310              	BspSPI_PinInit:
 311              	.LFB334:
  74:HW_Lib/STM32H7/BSP/Bsp_SPI.c **** 
  75:HW_Lib/STM32H7/BSP/Bsp_SPI.c **** static bool BspSPI_PinInit(BspSPI_PinConfig_TypeDef pin_cfg)
  76:HW_Lib/STM32H7/BSP/Bsp_SPI.c **** {
 312              		.loc 1 76 1
ARM GAS  C:\Users\HUAV\AppData\Local\Temp\ccFpszpf.s 			page 8


 313              		.cfi_startproc
 314              		@ args = 28, pretend = 16, frame = 24
 315              		@ frame_needed = 1, uses_anonymous_args = 0
 316 0000 84B0     		sub	sp, sp, #16
 317              	.LCFI6:
 318              		.cfi_def_cfa_offset 16
 319 0002 80B5     		push	{r7, lr}
 320              	.LCFI7:
 321              		.cfi_def_cfa_offset 24
 322              		.cfi_offset 7, -24
 323              		.cfi_offset 14, -20
 324 0004 86B0     		sub	sp, sp, #24
 325              	.LCFI8:
 326              		.cfi_def_cfa_offset 48
 327 0006 00AF     		add	r7, sp, #0
 328              	.LCFI9:
 329              		.cfi_def_cfa_register 7
 330 0008 07F1200C 		add	ip, r7, #32
 331 000c 8CE80F00 		stm	ip, {r0, r1, r2, r3}
  77:HW_Lib/STM32H7/BSP/Bsp_SPI.c ****     GPIO_InitTypeDef GPIO_InitStruct = BspSPI_Pin_Cfg;
 332              		.loc 1 77 22
 333 0010 0023     		movs	r3, #0
 334 0012 7B60     		str	r3, [r7, #4]
 335 0014 0223     		movs	r3, #2
 336 0016 BB60     		str	r3, [r7, #8]
 337 0018 0023     		movs	r3, #0
 338 001a FB60     		str	r3, [r7, #12]
 339 001c 0023     		movs	r3, #0
 340 001e 3B61     		str	r3, [r7, #16]
 341 0020 0023     		movs	r3, #0
 342 0022 7B61     		str	r3, [r7, #20]
  78:HW_Lib/STM32H7/BSP/Bsp_SPI.c **** 
  79:HW_Lib/STM32H7/BSP/Bsp_SPI.c ****     /* mosi pin init */
  80:HW_Lib/STM32H7/BSP/Bsp_SPI.c ****     BspSPI_PinCLK_Enable(pin_cfg.port_mosi);
 343              		.loc 1 80 33
 344 0024 3B6A     		ldr	r3, [r7, #32]
 345              		.loc 1 80 5
 346 0026 1846     		mov	r0, r3
 347 0028 FFF7FEFF 		bl	BspSPI_PinCLK_Enable
  81:HW_Lib/STM32H7/BSP/Bsp_SPI.c ****     GPIO_InitStruct.Pin = pin_cfg.pin_mosi;
 348              		.loc 1 81 34
 349 002c FB6A     		ldr	r3, [r7, #44]
 350              		.loc 1 81 25
 351 002e 7B60     		str	r3, [r7, #4]
  82:HW_Lib/STM32H7/BSP/Bsp_SPI.c ****     GPIO_InitStruct.Alternate = pin_cfg.pin_Alternate;
 352              		.loc 1 82 40
 353 0030 BB6B     		ldr	r3, [r7, #56]
 354              		.loc 1 82 31
 355 0032 7B61     		str	r3, [r7, #20]
  83:HW_Lib/STM32H7/BSP/Bsp_SPI.c ****     HAL_GPIO_Init(pin_cfg.port_mosi, &GPIO_InitStruct);
 356              		.loc 1 83 26
 357 0034 3B6A     		ldr	r3, [r7, #32]
 358              		.loc 1 83 5
 359 0036 3A1D     		adds	r2, r7, #4
 360 0038 1146     		mov	r1, r2
 361 003a 1846     		mov	r0, r3
 362 003c FFF7FEFF 		bl	HAL_GPIO_Init
ARM GAS  C:\Users\HUAV\AppData\Local\Temp\ccFpszpf.s 			page 9


  84:HW_Lib/STM32H7/BSP/Bsp_SPI.c **** 
  85:HW_Lib/STM32H7/BSP/Bsp_SPI.c ****     /* miso pin init */
  86:HW_Lib/STM32H7/BSP/Bsp_SPI.c ****     BspSPI_PinCLK_Enable(pin_cfg.port_miso);
 363              		.loc 1 86 33
 364 0040 7B6A     		ldr	r3, [r7, #36]
 365              		.loc 1 86 5
 366 0042 1846     		mov	r0, r3
 367 0044 FFF7FEFF 		bl	BspSPI_PinCLK_Enable
  87:HW_Lib/STM32H7/BSP/Bsp_SPI.c ****     GPIO_InitStruct.Pin = pin_cfg.pin_miso;
 368              		.loc 1 87 34
 369 0048 3B6B     		ldr	r3, [r7, #48]
 370              		.loc 1 87 25
 371 004a 7B60     		str	r3, [r7, #4]
  88:HW_Lib/STM32H7/BSP/Bsp_SPI.c ****     GPIO_InitStruct.Alternate = pin_cfg.pin_Alternate;
 372              		.loc 1 88 40
 373 004c BB6B     		ldr	r3, [r7, #56]
 374              		.loc 1 88 31
 375 004e 7B61     		str	r3, [r7, #20]
  89:HW_Lib/STM32H7/BSP/Bsp_SPI.c ****     HAL_GPIO_Init(pin_cfg.port_miso, &GPIO_InitStruct);
 376              		.loc 1 89 26
 377 0050 7B6A     		ldr	r3, [r7, #36]
 378              		.loc 1 89 5
 379 0052 3A1D     		adds	r2, r7, #4
 380 0054 1146     		mov	r1, r2
 381 0056 1846     		mov	r0, r3
 382 0058 FFF7FEFF 		bl	HAL_GPIO_Init
  90:HW_Lib/STM32H7/BSP/Bsp_SPI.c **** 
  91:HW_Lib/STM32H7/BSP/Bsp_SPI.c ****     /* clk pin init */
  92:HW_Lib/STM32H7/BSP/Bsp_SPI.c ****     BspSPI_PinCLK_Enable(pin_cfg.port_clk);
 383              		.loc 1 92 33
 384 005c BB6A     		ldr	r3, [r7, #40]
 385              		.loc 1 92 5
 386 005e 1846     		mov	r0, r3
 387 0060 FFF7FEFF 		bl	BspSPI_PinCLK_Enable
  93:HW_Lib/STM32H7/BSP/Bsp_SPI.c ****     GPIO_InitStruct.Pin = pin_cfg.pin_clk;
 388              		.loc 1 93 34
 389 0064 7B6B     		ldr	r3, [r7, #52]
 390              		.loc 1 93 25
 391 0066 7B60     		str	r3, [r7, #4]
  94:HW_Lib/STM32H7/BSP/Bsp_SPI.c ****     GPIO_InitStruct.Alternate = pin_cfg.pin_Alternate;
 392              		.loc 1 94 40
 393 0068 BB6B     		ldr	r3, [r7, #56]
 394              		.loc 1 94 31
 395 006a 7B61     		str	r3, [r7, #20]
  95:HW_Lib/STM32H7/BSP/Bsp_SPI.c ****     HAL_GPIO_Init(pin_cfg.port_clk, &GPIO_InitStruct);
 396              		.loc 1 95 26
 397 006c BB6A     		ldr	r3, [r7, #40]
 398              		.loc 1 95 5
 399 006e 3A1D     		adds	r2, r7, #4
 400 0070 1146     		mov	r1, r2
 401 0072 1846     		mov	r0, r3
 402 0074 FFF7FEFF 		bl	HAL_GPIO_Init
  96:HW_Lib/STM32H7/BSP/Bsp_SPI.c **** 
  97:HW_Lib/STM32H7/BSP/Bsp_SPI.c ****     return true;
 403              		.loc 1 97 12
 404 0078 0123     		movs	r3, #1
  98:HW_Lib/STM32H7/BSP/Bsp_SPI.c **** }
ARM GAS  C:\Users\HUAV\AppData\Local\Temp\ccFpszpf.s 			page 10


 405              		.loc 1 98 1
 406 007a 1846     		mov	r0, r3
 407 007c 1837     		adds	r7, r7, #24
 408              	.LCFI10:
 409              		.cfi_def_cfa_offset 24
 410 007e BD46     		mov	sp, r7
 411              	.LCFI11:
 412              		.cfi_def_cfa_register 13
 413              		@ sp needed
 414 0080 BDE88040 		pop	{r7, lr}
 415              	.LCFI12:
 416              		.cfi_restore 14
 417              		.cfi_restore 7
 418              		.cfi_def_cfa_offset 16
 419 0084 04B0     		add	sp, sp, #16
 420              	.LCFI13:
 421              		.cfi_def_cfa_offset 0
 422 0086 7047     		bx	lr
 423              		.cfi_endproc
 424              	.LFE334:
 426              		.section	.text.BspSPI_NormalMode_Init,"ax",%progbits
 427              		.align	1
 428              		.syntax unified
 429              		.thumb
 430              		.thumb_func
 432              	BspSPI_NormalMode_Init:
 433              	.LFB335:
  99:HW_Lib/STM32H7/BSP/Bsp_SPI.c **** 
 100:HW_Lib/STM32H7/BSP/Bsp_SPI.c **** static bool BspSPI_NormalMode_Init(BspSPI_Config_TypeDef spi_cfg, void *spi_instance)
 101:HW_Lib/STM32H7/BSP/Bsp_SPI.c **** {
 434              		.loc 1 101 1
 435              		.cfi_startproc
 436              		@ args = 52, pretend = 16, frame = 160
 437              		@ frame_needed = 1, uses_anonymous_args = 0
 438 0000 84B0     		sub	sp, sp, #16
 439              	.LCFI14:
 440              		.cfi_def_cfa_offset 16
 441 0002 90B5     		push	{r4, r7, lr}
 442              	.LCFI15:
 443              		.cfi_def_cfa_offset 28
 444              		.cfi_offset 4, -28
 445              		.cfi_offset 7, -24
 446              		.cfi_offset 14, -20
 447 0004 ADB0     		sub	sp, sp, #180
 448              	.LCFI16:
 449              		.cfi_def_cfa_offset 208
 450 0006 04AF     		add	r7, sp, #16
 451              	.LCFI17:
 452              		.cfi_def_cfa 7, 192
 453 0008 07F1B004 		add	r4, r7, #176
 454 000c 84E80F00 		stm	r4, {r0, r1, r2, r3}
 102:HW_Lib/STM32H7/BSP/Bsp_SPI.c ****     SPI_HandleTypeDef SPI_InitStructure;
 103:HW_Lib/STM32H7/BSP/Bsp_SPI.c **** 
 104:HW_Lib/STM32H7/BSP/Bsp_SPI.c ****     if(spi_instance == NULL)
 455              		.loc 1 104 7
 456 0010 D7F8E030 		ldr	r3, [r7, #224]
 457 0014 002B     		cmp	r3, #0
ARM GAS  C:\Users\HUAV\AppData\Local\Temp\ccFpszpf.s 			page 11


 458 0016 01D1     		bne	.L18
 105:HW_Lib/STM32H7/BSP/Bsp_SPI.c ****         return false;
 459              		.loc 1 105 16
 460 0018 0023     		movs	r3, #0
 461 001a D3E0     		b	.L28
 462              	.L18:
 106:HW_Lib/STM32H7/BSP/Bsp_SPI.c **** 
 107:HW_Lib/STM32H7/BSP/Bsp_SPI.c ****     if (spi_cfg.Instance == SPI1)
 463              		.loc 1 107 16
 464 001c D7F8D030 		ldr	r3, [r7, #208]
 465              		.loc 1 107 8
 466 0020 6C4A     		ldr	r2, .L29
 467 0022 9342     		cmp	r3, r2
 468 0024 0FD1     		bne	.L20
 469              	.LBB12:
 108:HW_Lib/STM32H7/BSP/Bsp_SPI.c ****     {
 109:HW_Lib/STM32H7/BSP/Bsp_SPI.c ****         __SPI1_CLK_ENABLE();
 470              		.loc 1 109 9
 471 0026 6C4B     		ldr	r3, .L29+4
 472 0028 D3F8F030 		ldr	r3, [r3, #240]
 473 002c 6A4A     		ldr	r2, .L29+4
 474 002e 43F48053 		orr	r3, r3, #4096
 475 0032 C2F8F030 		str	r3, [r2, #240]
 476 0036 684B     		ldr	r3, .L29+4
 477 0038 D3F8F030 		ldr	r3, [r3, #240]
 478 003c 03F48053 		and	r3, r3, #4096
 479 0040 7B61     		str	r3, [r7, #20]
 480 0042 7B69     		ldr	r3, [r7, #20]
 481              	.LBE12:
 482 0044 6AE0     		b	.L21
 483              	.L20:
 110:HW_Lib/STM32H7/BSP/Bsp_SPI.c ****     }
 111:HW_Lib/STM32H7/BSP/Bsp_SPI.c ****     else if (spi_cfg.Instance == SPI2)
 484              		.loc 1 111 21
 485 0046 D7F8D030 		ldr	r3, [r7, #208]
 486              		.loc 1 111 13
 487 004a 644A     		ldr	r2, .L29+8
 488 004c 9342     		cmp	r3, r2
 489 004e 0FD1     		bne	.L22
 490              	.LBB13:
 112:HW_Lib/STM32H7/BSP/Bsp_SPI.c ****     {
 113:HW_Lib/STM32H7/BSP/Bsp_SPI.c ****         __SPI2_CLK_ENABLE();
 491              		.loc 1 113 9
 492 0050 614B     		ldr	r3, .L29+4
 493 0052 D3F8E830 		ldr	r3, [r3, #232]
 494 0056 604A     		ldr	r2, .L29+4
 495 0058 43F48043 		orr	r3, r3, #16384
 496 005c C2F8E830 		str	r3, [r2, #232]
 497 0060 5D4B     		ldr	r3, .L29+4
 498 0062 D3F8E830 		ldr	r3, [r3, #232]
 499 0066 03F48043 		and	r3, r3, #16384
 500 006a 3B61     		str	r3, [r7, #16]
 501 006c 3B69     		ldr	r3, [r7, #16]
 502              	.LBE13:
 503 006e 55E0     		b	.L21
 504              	.L22:
 114:HW_Lib/STM32H7/BSP/Bsp_SPI.c ****     }
ARM GAS  C:\Users\HUAV\AppData\Local\Temp\ccFpszpf.s 			page 12


 115:HW_Lib/STM32H7/BSP/Bsp_SPI.c ****     else if (spi_cfg.Instance == SPI3)
 505              		.loc 1 115 21
 506 0070 D7F8D030 		ldr	r3, [r7, #208]
 507              		.loc 1 115 13
 508 0074 5A4A     		ldr	r2, .L29+12
 509 0076 9342     		cmp	r3, r2
 510 0078 0FD1     		bne	.L23
 511              	.LBB14:
 116:HW_Lib/STM32H7/BSP/Bsp_SPI.c ****     {
 117:HW_Lib/STM32H7/BSP/Bsp_SPI.c ****         __SPI3_CLK_ENABLE();
 512              		.loc 1 117 9
 513 007a 574B     		ldr	r3, .L29+4
 514 007c D3F8E830 		ldr	r3, [r3, #232]
 515 0080 554A     		ldr	r2, .L29+4
 516 0082 43F40043 		orr	r3, r3, #32768
 517 0086 C2F8E830 		str	r3, [r2, #232]
 518 008a 534B     		ldr	r3, .L29+4
 519 008c D3F8E830 		ldr	r3, [r3, #232]
 520 0090 03F40043 		and	r3, r3, #32768
 521 0094 FB60     		str	r3, [r7, #12]
 522 0096 FB68     		ldr	r3, [r7, #12]
 523              	.LBE14:
 524 0098 40E0     		b	.L21
 525              	.L23:
 118:HW_Lib/STM32H7/BSP/Bsp_SPI.c ****     }
 119:HW_Lib/STM32H7/BSP/Bsp_SPI.c ****     else if (spi_cfg.Instance == SPI4)
 526              		.loc 1 119 21
 527 009a D7F8D030 		ldr	r3, [r7, #208]
 528              		.loc 1 119 13
 529 009e 514A     		ldr	r2, .L29+16
 530 00a0 9342     		cmp	r3, r2
 531 00a2 0FD1     		bne	.L24
 532              	.LBB15:
 120:HW_Lib/STM32H7/BSP/Bsp_SPI.c ****     {
 121:HW_Lib/STM32H7/BSP/Bsp_SPI.c ****         __SPI4_CLK_ENABLE();
 533              		.loc 1 121 9
 534 00a4 4C4B     		ldr	r3, .L29+4
 535 00a6 D3F8F030 		ldr	r3, [r3, #240]
 536 00aa 4B4A     		ldr	r2, .L29+4
 537 00ac 43F40053 		orr	r3, r3, #8192
 538 00b0 C2F8F030 		str	r3, [r2, #240]
 539 00b4 484B     		ldr	r3, .L29+4
 540 00b6 D3F8F030 		ldr	r3, [r3, #240]
 541 00ba 03F40053 		and	r3, r3, #8192
 542 00be BB60     		str	r3, [r7, #8]
 543 00c0 BB68     		ldr	r3, [r7, #8]
 544              	.LBE15:
 545 00c2 2BE0     		b	.L21
 546              	.L24:
 122:HW_Lib/STM32H7/BSP/Bsp_SPI.c ****     }
 123:HW_Lib/STM32H7/BSP/Bsp_SPI.c ****     else if (spi_cfg.Instance == SPI5)
 547              		.loc 1 123 21
 548 00c4 D7F8D030 		ldr	r3, [r7, #208]
 549              		.loc 1 123 13
 550 00c8 474A     		ldr	r2, .L29+20
 551 00ca 9342     		cmp	r3, r2
 552 00cc 0FD1     		bne	.L25
ARM GAS  C:\Users\HUAV\AppData\Local\Temp\ccFpszpf.s 			page 13


 553              	.LBB16:
 124:HW_Lib/STM32H7/BSP/Bsp_SPI.c ****     {
 125:HW_Lib/STM32H7/BSP/Bsp_SPI.c ****         __SPI5_CLK_ENABLE();
 554              		.loc 1 125 9
 555 00ce 424B     		ldr	r3, .L29+4
 556 00d0 D3F8F030 		ldr	r3, [r3, #240]
 557 00d4 404A     		ldr	r2, .L29+4
 558 00d6 43F48013 		orr	r3, r3, #1048576
 559 00da C2F8F030 		str	r3, [r2, #240]
 560 00de 3E4B     		ldr	r3, .L29+4
 561 00e0 D3F8F030 		ldr	r3, [r3, #240]
 562 00e4 03F48013 		and	r3, r3, #1048576
 563 00e8 7B60     		str	r3, [r7, #4]
 564 00ea 7B68     		ldr	r3, [r7, #4]
 565              	.LBE16:
 566 00ec 16E0     		b	.L21
 567              	.L25:
 126:HW_Lib/STM32H7/BSP/Bsp_SPI.c ****     }
 127:HW_Lib/STM32H7/BSP/Bsp_SPI.c ****     else if (spi_cfg.Instance == SPI6)
 568              		.loc 1 127 21
 569 00ee D7F8D030 		ldr	r3, [r7, #208]
 570              		.loc 1 127 13
 571 00f2 3E4A     		ldr	r2, .L29+24
 572 00f4 9342     		cmp	r3, r2
 573 00f6 0FD1     		bne	.L26
 574              	.LBB17:
 128:HW_Lib/STM32H7/BSP/Bsp_SPI.c ****     {
 129:HW_Lib/STM32H7/BSP/Bsp_SPI.c ****         __SPI6_CLK_ENABLE();
 575              		.loc 1 129 9
 576 00f8 374B     		ldr	r3, .L29+4
 577 00fa D3F8F430 		ldr	r3, [r3, #244]
 578 00fe 364A     		ldr	r2, .L29+4
 579 0100 43F02003 		orr	r3, r3, #32
 580 0104 C2F8F430 		str	r3, [r2, #244]
 581 0108 334B     		ldr	r3, .L29+4
 582 010a D3F8F430 		ldr	r3, [r3, #244]
 583 010e 03F02003 		and	r3, r3, #32
 584 0112 3B60     		str	r3, [r7]
 585 0114 3B68     		ldr	r3, [r7]
 586              	.LBE17:
 587 0116 01E0     		b	.L21
 588              	.L26:
 130:HW_Lib/STM32H7/BSP/Bsp_SPI.c ****     }
 131:HW_Lib/STM32H7/BSP/Bsp_SPI.c ****     else
 132:HW_Lib/STM32H7/BSP/Bsp_SPI.c ****         return false;
 589              		.loc 1 132 16
 590 0118 0023     		movs	r3, #0
 591 011a 53E0     		b	.L28
 592              	.L21:
 133:HW_Lib/STM32H7/BSP/Bsp_SPI.c **** 
 134:HW_Lib/STM32H7/BSP/Bsp_SPI.c ****     BspSPI_PinInit(spi_cfg.Pin);
 593              		.loc 1 134 5
 594 011c 6C46     		mov	r4, sp
 595 011e 07F1C003 		add	r3, r7, #192
 596 0122 93E80700 		ldm	r3, {r0, r1, r2}
 597 0126 84E80700 		stm	r4, {r0, r1, r2}
 598 012a 07F1B003 		add	r3, r7, #176
ARM GAS  C:\Users\HUAV\AppData\Local\Temp\ccFpszpf.s 			page 14


 599 012e 0FCB     		ldm	r3, {r0, r1, r2, r3}
 600 0130 FFF7FEFF 		bl	BspSPI_PinInit
 135:HW_Lib/STM32H7/BSP/Bsp_SPI.c **** 
 136:HW_Lib/STM32H7/BSP/Bsp_SPI.c ****     SPI_InitStructure.Instance = spi_cfg.Instance;                        // SPI2;
 601              		.loc 1 136 41
 602 0134 D7F8D030 		ldr	r3, [r7, #208]
 603              		.loc 1 136 32
 604 0138 BB61     		str	r3, [r7, #24]
 137:HW_Lib/STM32H7/BSP/Bsp_SPI.c ****     SPI_InitStructure.Init.Mode = SPI_MODE_MASTER;                        // SPI_MODE_MASTER;
 605              		.loc 1 137 33
 606 013a 4FF48003 		mov	r3, #4194304
 607 013e FB61     		str	r3, [r7, #28]
 138:HW_Lib/STM32H7/BSP/Bsp_SPI.c ****     SPI_InitStructure.Init.Direction = SPI_DIRECTION_2LINES;              // SPI_DIRECTION_2LINES;
 608              		.loc 1 138 38
 609 0140 0023     		movs	r3, #0
 610 0142 3B62     		str	r3, [r7, #32]
 139:HW_Lib/STM32H7/BSP/Bsp_SPI.c ****     SPI_InitStructure.Init.DataSize = SPI_DATASIZE_8BIT;                  // SPI_DATASIZE_8BIT;
 611              		.loc 1 139 37
 612 0144 0723     		movs	r3, #7
 613 0146 7B62     		str	r3, [r7, #36]
 140:HW_Lib/STM32H7/BSP/Bsp_SPI.c ****     SPI_InitStructure.Init.CLKPolarity = spi_cfg.CLKPolarity;             // SPI_POLARITY_LOW;
 614              		.loc 1 140 49
 615 0148 D7F8D430 		ldr	r3, [r7, #212]
 616              		.loc 1 140 40
 617 014c BB62     		str	r3, [r7, #40]
 141:HW_Lib/STM32H7/BSP/Bsp_SPI.c ****     SPI_InitStructure.Init.CLKPhase = spi_cfg.CLKPhase;                   // SPI_PHASE_1EDGE;
 618              		.loc 1 141 46
 619 014e D7F8D830 		ldr	r3, [r7, #216]
 620              		.loc 1 141 37
 621 0152 FB62     		str	r3, [r7, #44]
 142:HW_Lib/STM32H7/BSP/Bsp_SPI.c ****     SPI_InitStructure.Init.NSS = SPI_NSS_SOFT;                            // SPI_NSS_SOFT;
 622              		.loc 1 142 32
 623 0154 4FF08063 		mov	r3, #67108864
 624 0158 3B63     		str	r3, [r7, #48]
 143:HW_Lib/STM32H7/BSP/Bsp_SPI.c ****     SPI_InitStructure.Init.BaudRatePrescaler = spi_cfg.BaudRatePrescaler; // SPI_BAUDRATEPRESCALER_
 625              		.loc 1 143 55
 626 015a D7F8DC30 		ldr	r3, [r7, #220]
 627              		.loc 1 143 46
 628 015e 7B63     		str	r3, [r7, #52]
 144:HW_Lib/STM32H7/BSP/Bsp_SPI.c ****     SPI_InitStructure.Init.FirstBit = SPI_FIRSTBIT_MSB;                   // SPI_FIRSTBIT_MSB;
 629              		.loc 1 144 37
 630 0160 0023     		movs	r3, #0
 631 0162 BB63     		str	r3, [r7, #56]
 145:HW_Lib/STM32H7/BSP/Bsp_SPI.c ****     SPI_InitStructure.Init.TIMode = SPI_TIMODE_DISABLE;
 632              		.loc 1 145 35
 633 0164 0023     		movs	r3, #0
 634 0166 FB63     		str	r3, [r7, #60]
 146:HW_Lib/STM32H7/BSP/Bsp_SPI.c ****     SPI_InitStructure.Init.CRCCalculation = SPI_CRCCALCULATION_DISABLE;
 635              		.loc 1 146 43
 636 0168 0023     		movs	r3, #0
 637 016a 3B64     		str	r3, [r7, #64]
 147:HW_Lib/STM32H7/BSP/Bsp_SPI.c ****     SPI_InitStructure.Init.CRCPolynomial = 0;
 638              		.loc 1 147 42
 639 016c 0023     		movs	r3, #0
 640 016e 7B64     		str	r3, [r7, #68]
 148:HW_Lib/STM32H7/BSP/Bsp_SPI.c ****     SPI_InitStructure.Init.CRCLength = SPI_CRC_LENGTH_DATASIZE;
 641              		.loc 1 148 38
ARM GAS  C:\Users\HUAV\AppData\Local\Temp\ccFpszpf.s 			page 15


 642 0170 0023     		movs	r3, #0
 643 0172 BB64     		str	r3, [r7, #72]
 149:HW_Lib/STM32H7/BSP/Bsp_SPI.c ****     SPI_InitStructure.Init.NSSPMode = SPI_NSS_PULSE_DISABLE;
 644              		.loc 1 149 37
 645 0174 0023     		movs	r3, #0
 646 0176 FB64     		str	r3, [r7, #76]
 150:HW_Lib/STM32H7/BSP/Bsp_SPI.c ****     SPI_InitStructure.Init.NSSPolarity = SPI_NSS_POLARITY_LOW;
 647              		.loc 1 150 40
 648 0178 0023     		movs	r3, #0
 649 017a 3B65     		str	r3, [r7, #80]
 151:HW_Lib/STM32H7/BSP/Bsp_SPI.c ****     SPI_InitStructure.Init.FifoThreshold = SPI_FIFO_THRESHOLD_01DATA;
 650              		.loc 1 151 42
 651 017c 0023     		movs	r3, #0
 652 017e 7B65     		str	r3, [r7, #84]
 152:HW_Lib/STM32H7/BSP/Bsp_SPI.c ****     SPI_InitStructure.Init.TxCRCInitializationPattern = SPI_CRC_INITIALIZATION_ALL_ZERO_PATTERN;
 653              		.loc 1 152 55
 654 0180 0023     		movs	r3, #0
 655 0182 BB65     		str	r3, [r7, #88]
 153:HW_Lib/STM32H7/BSP/Bsp_SPI.c ****     SPI_InitStructure.Init.RxCRCInitializationPattern = SPI_CRC_INITIALIZATION_ALL_ZERO_PATTERN;
 656              		.loc 1 153 55
 657 0184 0023     		movs	r3, #0
 658 0186 FB65     		str	r3, [r7, #92]
 154:HW_Lib/STM32H7/BSP/Bsp_SPI.c ****     SPI_InitStructure.Init.MasterSSIdleness = SPI_MASTER_SS_IDLENESS_00CYCLE;
 659              		.loc 1 154 45
 660 0188 0023     		movs	r3, #0
 661 018a 3B66     		str	r3, [r7, #96]
 155:HW_Lib/STM32H7/BSP/Bsp_SPI.c ****     SPI_InitStructure.Init.MasterInterDataIdleness = SPI_MASTER_INTERDATA_IDLENESS_00CYCLE;
 662              		.loc 1 155 52
 663 018c 0023     		movs	r3, #0
 664 018e 7B66     		str	r3, [r7, #100]
 156:HW_Lib/STM32H7/BSP/Bsp_SPI.c ****     SPI_InitStructure.Init.MasterReceiverAutoSusp = SPI_MASTER_RX_AUTOSUSP_DISABLE;
 665              		.loc 1 156 51
 666 0190 0023     		movs	r3, #0
 667 0192 BB66     		str	r3, [r7, #104]
 157:HW_Lib/STM32H7/BSP/Bsp_SPI.c ****     SPI_InitStructure.Init.MasterKeepIOState = SPI_MASTER_KEEP_IO_STATE_ENABLE;
 668              		.loc 1 157 46
 669 0194 4FF00043 		mov	r3, #-2147483648
 670 0198 FB66     		str	r3, [r7, #108]
 158:HW_Lib/STM32H7/BSP/Bsp_SPI.c ****     SPI_InitStructure.Init.IOSwap = SPI_IO_SWAP_DISABLE;
 671              		.loc 1 158 35
 672 019a 0023     		movs	r3, #0
 673 019c 3B67     		str	r3, [r7, #112]
 159:HW_Lib/STM32H7/BSP/Bsp_SPI.c ****     if (HAL_SPI_Init(&SPI_InitStructure) != HAL_OK)
 674              		.loc 1 159 9
 675 019e 07F11803 		add	r3, r7, #24
 676 01a2 1846     		mov	r0, r3
 677 01a4 FFF7FEFF 		bl	HAL_SPI_Init
 678 01a8 0346     		mov	r3, r0
 679              		.loc 1 159 8
 680 01aa 002B     		cmp	r3, #0
 681 01ac 01D0     		beq	.L27
 160:HW_Lib/STM32H7/BSP/Bsp_SPI.c ****         return false;
 682              		.loc 1 160 16
 683 01ae 0023     		movs	r3, #0
 684 01b0 08E0     		b	.L28
 685              	.L27:
 161:HW_Lib/STM32H7/BSP/Bsp_SPI.c **** 
ARM GAS  C:\Users\HUAV\AppData\Local\Temp\ccFpszpf.s 			page 16


 162:HW_Lib/STM32H7/BSP/Bsp_SPI.c ****     memcpy(To_SPI_Handle_Ptr(spi_instance), &SPI_InitStructure, sizeof(SPI_HandleTypeDef));
 686              		.loc 1 162 5
 687 01b2 07F11803 		add	r3, r7, #24
 688 01b6 8822     		movs	r2, #136
 689 01b8 1946     		mov	r1, r3
 690 01ba D7F8E000 		ldr	r0, [r7, #224]
 691 01be FFF7FEFF 		bl	memcpy
 163:HW_Lib/STM32H7/BSP/Bsp_SPI.c **** 
 164:HW_Lib/STM32H7/BSP/Bsp_SPI.c ****     return true;
 692              		.loc 1 164 12
 693 01c2 0123     		movs	r3, #1
 694              	.L28:
 165:HW_Lib/STM32H7/BSP/Bsp_SPI.c **** }
 695              		.loc 1 165 1 discriminator 1
 696 01c4 1846     		mov	r0, r3
 697 01c6 A437     		adds	r7, r7, #164
 698              	.LCFI18:
 699              		.cfi_def_cfa_offset 28
 700 01c8 BD46     		mov	sp, r7
 701              	.LCFI19:
 702              		.cfi_def_cfa_register 13
 703              		@ sp needed
 704 01ca BDE89040 		pop	{r4, r7, lr}
 705              	.LCFI20:
 706              		.cfi_restore 14
 707              		.cfi_restore 7
 708              		.cfi_restore 4
 709              		.cfi_def_cfa_offset 16
 710 01ce 04B0     		add	sp, sp, #16
 711              	.LCFI21:
 712              		.cfi_def_cfa_offset 0
 713 01d0 7047     		bx	lr
 714              	.L30:
 715 01d2 00BF     		.align	2
 716              	.L29:
 717 01d4 00300140 		.word	1073819648
 718 01d8 00440258 		.word	1476543488
 719 01dc 00380040 		.word	1073756160
 720 01e0 003C0040 		.word	1073757184
 721 01e4 00340140 		.word	1073820672
 722 01e8 00500140 		.word	1073827840
 723 01ec 00140058 		.word	1476400128
 724              		.cfi_endproc
 725              	.LFE335:
 727              		.section	.text.BspSPI_Set_CLKSpeed,"ax",%progbits
 728              		.align	1
 729              		.syntax unified
 730              		.thumb
 731              		.thumb_func
 733              	BspSPI_Set_CLKSpeed:
 734              	.LFB336:
 166:HW_Lib/STM32H7/BSP/Bsp_SPI.c **** 
 167:HW_Lib/STM32H7/BSP/Bsp_SPI.c **** static bool BspSPI_Set_CLKSpeed(void *spi_instance, uint32_t speed)
 168:HW_Lib/STM32H7/BSP/Bsp_SPI.c **** {
 735              		.loc 1 168 1
 736              		.cfi_startproc
 737              		@ args = 0, pretend = 0, frame = 8
ARM GAS  C:\Users\HUAV\AppData\Local\Temp\ccFpszpf.s 			page 17


 738              		@ frame_needed = 1, uses_anonymous_args = 0
 739              		@ link register save eliminated.
 740 0000 80B4     		push	{r7}
 741              	.LCFI22:
 742              		.cfi_def_cfa_offset 4
 743              		.cfi_offset 7, -4
 744 0002 83B0     		sub	sp, sp, #12
 745              	.LCFI23:
 746              		.cfi_def_cfa_offset 16
 747 0004 00AF     		add	r7, sp, #0
 748              	.LCFI24:
 749              		.cfi_def_cfa_register 7
 750 0006 7860     		str	r0, [r7, #4]
 751 0008 3960     		str	r1, [r7]
 169:HW_Lib/STM32H7/BSP/Bsp_SPI.c ****     if (spi_instance == NULL)
 752              		.loc 1 169 8
 753 000a 7B68     		ldr	r3, [r7, #4]
 754 000c 002B     		cmp	r3, #0
 755 000e 01D1     		bne	.L32
 170:HW_Lib/STM32H7/BSP/Bsp_SPI.c ****         return false;
 756              		.loc 1 170 16
 757 0010 0023     		movs	r3, #0
 758 0012 03E0     		b	.L33
 759              	.L32:
 171:HW_Lib/STM32H7/BSP/Bsp_SPI.c **** 
 172:HW_Lib/STM32H7/BSP/Bsp_SPI.c ****     To_SPI_Handle_Ptr(spi_instance)->Init.BaudRatePrescaler = speed;
 760              		.loc 1 172 61
 761 0014 7B68     		ldr	r3, [r7, #4]
 762 0016 3A68     		ldr	r2, [r7]
 763 0018 DA61     		str	r2, [r3, #28]
 173:HW_Lib/STM32H7/BSP/Bsp_SPI.c **** 
 174:HW_Lib/STM32H7/BSP/Bsp_SPI.c ****     return true;
 764              		.loc 1 174 12
 765 001a 0123     		movs	r3, #1
 766              	.L33:
 175:HW_Lib/STM32H7/BSP/Bsp_SPI.c **** }
 767              		.loc 1 175 1
 768 001c 1846     		mov	r0, r3
 769 001e 0C37     		adds	r7, r7, #12
 770              	.LCFI25:
 771              		.cfi_def_cfa_offset 4
 772 0020 BD46     		mov	sp, r7
 773              	.LCFI26:
 774              		.cfi_def_cfa_register 13
 775              		@ sp needed
 776 0022 5DF8047B 		ldr	r7, [sp], #4
 777              	.LCFI27:
 778              		.cfi_restore 7
 779              		.cfi_def_cfa_offset 0
 780 0026 7047     		bx	lr
 781              		.cfi_endproc
 782              	.LFE336:
 784              		.section	.text.BspSPI_DeInit,"ax",%progbits
 785              		.align	1
 786              		.syntax unified
 787              		.thumb
 788              		.thumb_func
ARM GAS  C:\Users\HUAV\AppData\Local\Temp\ccFpszpf.s 			page 18


 790              	BspSPI_DeInit:
 791              	.LFB337:
 176:HW_Lib/STM32H7/BSP/Bsp_SPI.c **** 
 177:HW_Lib/STM32H7/BSP/Bsp_SPI.c **** static bool BspSPI_DeInit(BspSPI_Config_TypeDef spi_cfg)
 178:HW_Lib/STM32H7/BSP/Bsp_SPI.c **** {
 792              		.loc 1 178 1
 793              		.cfi_startproc
 794              		@ args = 48, pretend = 16, frame = 0
 795              		@ frame_needed = 1, uses_anonymous_args = 0
 796 0000 84B0     		sub	sp, sp, #16
 797              	.LCFI28:
 798              		.cfi_def_cfa_offset 16
 799 0002 80B5     		push	{r7, lr}
 800              	.LCFI29:
 801              		.cfi_def_cfa_offset 24
 802              		.cfi_offset 7, -24
 803              		.cfi_offset 14, -20
 804 0004 00AF     		add	r7, sp, #0
 805              	.LCFI30:
 806              		.cfi_def_cfa_register 7
 807 0006 07F1080C 		add	ip, r7, #8
 808 000a 8CE80F00 		stm	ip, {r0, r1, r2, r3}
 179:HW_Lib/STM32H7/BSP/Bsp_SPI.c ****     if (spi_cfg.Instance == SPI1)
 809              		.loc 1 179 16
 810 000e BB6A     		ldr	r3, [r7, #40]
 811              		.loc 1 179 8
 812 0010 334A     		ldr	r2, .L43
 813 0012 9342     		cmp	r3, r2
 814 0014 08D1     		bne	.L35
 180:HW_Lib/STM32H7/BSP/Bsp_SPI.c ****     {
 181:HW_Lib/STM32H7/BSP/Bsp_SPI.c ****         __SPI1_CLK_DISABLE();
 815              		.loc 1 181 9
 816 0016 334B     		ldr	r3, .L43+4
 817 0018 D3F8F030 		ldr	r3, [r3, #240]
 818 001c 314A     		ldr	r2, .L43+4
 819 001e 23F48053 		bic	r3, r3, #4096
 820 0022 C2F8F030 		str	r3, [r2, #240]
 821 0026 42E0     		b	.L36
 822              	.L35:
 182:HW_Lib/STM32H7/BSP/Bsp_SPI.c ****     }
 183:HW_Lib/STM32H7/BSP/Bsp_SPI.c ****     else if (spi_cfg.Instance == SPI2)
 823              		.loc 1 183 21
 824 0028 BB6A     		ldr	r3, [r7, #40]
 825              		.loc 1 183 13
 826 002a 2F4A     		ldr	r2, .L43+8
 827 002c 9342     		cmp	r3, r2
 828 002e 08D1     		bne	.L37
 184:HW_Lib/STM32H7/BSP/Bsp_SPI.c ****     {
 185:HW_Lib/STM32H7/BSP/Bsp_SPI.c ****         __SPI2_CLK_DISABLE();
 829              		.loc 1 185 9
 830 0030 2C4B     		ldr	r3, .L43+4
 831 0032 D3F8E830 		ldr	r3, [r3, #232]
 832 0036 2B4A     		ldr	r2, .L43+4
 833 0038 23F48043 		bic	r3, r3, #16384
 834 003c C2F8E830 		str	r3, [r2, #232]
 835 0040 35E0     		b	.L36
 836              	.L37:
ARM GAS  C:\Users\HUAV\AppData\Local\Temp\ccFpszpf.s 			page 19


 186:HW_Lib/STM32H7/BSP/Bsp_SPI.c ****     }
 187:HW_Lib/STM32H7/BSP/Bsp_SPI.c ****     else if (spi_cfg.Instance == SPI3)
 837              		.loc 1 187 21
 838 0042 BB6A     		ldr	r3, [r7, #40]
 839              		.loc 1 187 13
 840 0044 294A     		ldr	r2, .L43+12
 841 0046 9342     		cmp	r3, r2
 842 0048 08D1     		bne	.L38
 188:HW_Lib/STM32H7/BSP/Bsp_SPI.c ****     {
 189:HW_Lib/STM32H7/BSP/Bsp_SPI.c ****         __SPI3_CLK_DISABLE();
 843              		.loc 1 189 9
 844 004a 264B     		ldr	r3, .L43+4
 845 004c D3F8E830 		ldr	r3, [r3, #232]
 846 0050 244A     		ldr	r2, .L43+4
 847 0052 23F40043 		bic	r3, r3, #32768
 848 0056 C2F8E830 		str	r3, [r2, #232]
 849 005a 28E0     		b	.L36
 850              	.L38:
 190:HW_Lib/STM32H7/BSP/Bsp_SPI.c ****     }
 191:HW_Lib/STM32H7/BSP/Bsp_SPI.c ****     else if (spi_cfg.Instance == SPI4)
 851              		.loc 1 191 21
 852 005c BB6A     		ldr	r3, [r7, #40]
 853              		.loc 1 191 13
 854 005e 244A     		ldr	r2, .L43+16
 855 0060 9342     		cmp	r3, r2
 856 0062 08D1     		bne	.L39
 192:HW_Lib/STM32H7/BSP/Bsp_SPI.c ****     {
 193:HW_Lib/STM32H7/BSP/Bsp_SPI.c ****         __SPI4_CLK_DISABLE();
 857              		.loc 1 193 9
 858 0064 1F4B     		ldr	r3, .L43+4
 859 0066 D3F8F030 		ldr	r3, [r3, #240]
 860 006a 1E4A     		ldr	r2, .L43+4
 861 006c 23F40053 		bic	r3, r3, #8192
 862 0070 C2F8F030 		str	r3, [r2, #240]
 863 0074 1BE0     		b	.L36
 864              	.L39:
 194:HW_Lib/STM32H7/BSP/Bsp_SPI.c ****     }
 195:HW_Lib/STM32H7/BSP/Bsp_SPI.c ****     else if (spi_cfg.Instance == SPI5)
 865              		.loc 1 195 21
 866 0076 BB6A     		ldr	r3, [r7, #40]
 867              		.loc 1 195 13
 868 0078 1E4A     		ldr	r2, .L43+20
 869 007a 9342     		cmp	r3, r2
 870 007c 08D1     		bne	.L40
 196:HW_Lib/STM32H7/BSP/Bsp_SPI.c ****     {
 197:HW_Lib/STM32H7/BSP/Bsp_SPI.c ****         __SPI5_CLK_DISABLE();
 871              		.loc 1 197 9
 872 007e 194B     		ldr	r3, .L43+4
 873 0080 D3F8F030 		ldr	r3, [r3, #240]
 874 0084 174A     		ldr	r2, .L43+4
 875 0086 23F48013 		bic	r3, r3, #1048576
 876 008a C2F8F030 		str	r3, [r2, #240]
 877 008e 0EE0     		b	.L36
 878              	.L40:
 198:HW_Lib/STM32H7/BSP/Bsp_SPI.c ****     }
 199:HW_Lib/STM32H7/BSP/Bsp_SPI.c ****     else if (spi_cfg.Instance == SPI6)
 879              		.loc 1 199 21
ARM GAS  C:\Users\HUAV\AppData\Local\Temp\ccFpszpf.s 			page 20


 880 0090 BB6A     		ldr	r3, [r7, #40]
 881              		.loc 1 199 13
 882 0092 194A     		ldr	r2, .L43+24
 883 0094 9342     		cmp	r3, r2
 884 0096 08D1     		bne	.L41
 200:HW_Lib/STM32H7/BSP/Bsp_SPI.c ****     {
 201:HW_Lib/STM32H7/BSP/Bsp_SPI.c ****         __SPI6_CLK_DISABLE();
 885              		.loc 1 201 9
 886 0098 124B     		ldr	r3, .L43+4
 887 009a D3F8F430 		ldr	r3, [r3, #244]
 888 009e 114A     		ldr	r2, .L43+4
 889 00a0 23F02003 		bic	r3, r3, #32
 890 00a4 C2F8F430 		str	r3, [r2, #244]
 891 00a8 01E0     		b	.L36
 892              	.L41:
 202:HW_Lib/STM32H7/BSP/Bsp_SPI.c ****     }
 203:HW_Lib/STM32H7/BSP/Bsp_SPI.c ****     else
 204:HW_Lib/STM32H7/BSP/Bsp_SPI.c ****         return false;
 893              		.loc 1 204 16
 894 00aa 0023     		movs	r3, #0
 895 00ac 12E0     		b	.L42
 896              	.L36:
 205:HW_Lib/STM32H7/BSP/Bsp_SPI.c **** 
 206:HW_Lib/STM32H7/BSP/Bsp_SPI.c ****     HAL_GPIO_DeInit(spi_cfg.Pin.port_mosi, spi_cfg.Pin.pin_mosi);
 897              		.loc 1 206 32
 898 00ae BB68     		ldr	r3, [r7, #8]
 899              		.loc 1 206 5
 900 00b0 7A69     		ldr	r2, [r7, #20]
 901 00b2 1146     		mov	r1, r2
 902 00b4 1846     		mov	r0, r3
 903 00b6 FFF7FEFF 		bl	HAL_GPIO_DeInit
 207:HW_Lib/STM32H7/BSP/Bsp_SPI.c ****     HAL_GPIO_DeInit(spi_cfg.Pin.port_miso, spi_cfg.Pin.pin_miso);
 904              		.loc 1 207 32
 905 00ba FB68     		ldr	r3, [r7, #12]
 906              		.loc 1 207 5
 907 00bc BA69     		ldr	r2, [r7, #24]
 908 00be 1146     		mov	r1, r2
 909 00c0 1846     		mov	r0, r3
 910 00c2 FFF7FEFF 		bl	HAL_GPIO_DeInit
 208:HW_Lib/STM32H7/BSP/Bsp_SPI.c ****     HAL_GPIO_DeInit(spi_cfg.Pin.port_clk, spi_cfg.Pin.pin_clk);
 911              		.loc 1 208 32
 912 00c6 3B69     		ldr	r3, [r7, #16]
 913              		.loc 1 208 5
 914 00c8 FA69     		ldr	r2, [r7, #28]
 915 00ca 1146     		mov	r1, r2
 916 00cc 1846     		mov	r0, r3
 917 00ce FFF7FEFF 		bl	HAL_GPIO_DeInit
 209:HW_Lib/STM32H7/BSP/Bsp_SPI.c **** 
 210:HW_Lib/STM32H7/BSP/Bsp_SPI.c ****     return true;
 918              		.loc 1 210 12
 919 00d2 0123     		movs	r3, #1
 920              	.L42:
 211:HW_Lib/STM32H7/BSP/Bsp_SPI.c **** }
 921              		.loc 1 211 1
 922 00d4 1846     		mov	r0, r3
 923 00d6 BD46     		mov	sp, r7
 924              	.LCFI31:
ARM GAS  C:\Users\HUAV\AppData\Local\Temp\ccFpszpf.s 			page 21


 925              		.cfi_def_cfa_register 13
 926              		@ sp needed
 927 00d8 BDE88040 		pop	{r7, lr}
 928              	.LCFI32:
 929              		.cfi_restore 14
 930              		.cfi_restore 7
 931              		.cfi_def_cfa_offset 16
 932 00dc 04B0     		add	sp, sp, #16
 933              	.LCFI33:
 934              		.cfi_def_cfa_offset 0
 935 00de 7047     		bx	lr
 936              	.L44:
 937              		.align	2
 938              	.L43:
 939 00e0 00300140 		.word	1073819648
 940 00e4 00440258 		.word	1476543488
 941 00e8 00380040 		.word	1073756160
 942 00ec 003C0040 		.word	1073757184
 943 00f0 00340140 		.word	1073820672
 944 00f4 00500140 		.word	1073827840
 945 00f8 00140058 		.word	1476400128
 946              		.cfi_endproc
 947              	.LFE337:
 949              		.section	.text.BspSPI_Trans,"ax",%progbits
 950              		.align	1
 951              		.syntax unified
 952              		.thumb
 953              		.thumb_func
 955              	BspSPI_Trans:
 956              	.LFB338:
 212:HW_Lib/STM32H7/BSP/Bsp_SPI.c **** 
 213:HW_Lib/STM32H7/BSP/Bsp_SPI.c **** static bool BspSPI_Trans(void *spi_instance, uint8_t *tx, uint16_t size, uint16_t time_out)
 214:HW_Lib/STM32H7/BSP/Bsp_SPI.c **** {
 957              		.loc 1 214 1
 958              		.cfi_startproc
 959              		@ args = 0, pretend = 0, frame = 16
 960              		@ frame_needed = 1, uses_anonymous_args = 0
 961 0000 80B5     		push	{r7, lr}
 962              	.LCFI34:
 963              		.cfi_def_cfa_offset 8
 964              		.cfi_offset 7, -8
 965              		.cfi_offset 14, -4
 966 0002 84B0     		sub	sp, sp, #16
 967              	.LCFI35:
 968              		.cfi_def_cfa_offset 24
 969 0004 00AF     		add	r7, sp, #0
 970              	.LCFI36:
 971              		.cfi_def_cfa_register 7
 972 0006 F860     		str	r0, [r7, #12]
 973 0008 B960     		str	r1, [r7, #8]
 974 000a 1146     		mov	r1, r2
 975 000c 1A46     		mov	r2, r3
 976 000e 0B46     		mov	r3, r1	@ movhi
 977 0010 FB80     		strh	r3, [r7, #6]	@ movhi
 978 0012 1346     		mov	r3, r2	@ movhi
 979 0014 BB80     		strh	r3, [r7, #4]	@ movhi
 215:HW_Lib/STM32H7/BSP/Bsp_SPI.c ****     if (HAL_SPI_Transmit(To_SPI_Handle_Ptr(spi_instance), tx, size, time_out) == HAL_OK)
ARM GAS  C:\Users\HUAV\AppData\Local\Temp\ccFpszpf.s 			page 22


 980              		.loc 1 215 9
 981 0016 BB88     		ldrh	r3, [r7, #4]
 982 0018 FA88     		ldrh	r2, [r7, #6]
 983 001a B968     		ldr	r1, [r7, #8]
 984 001c F868     		ldr	r0, [r7, #12]
 985 001e FFF7FEFF 		bl	HAL_SPI_Transmit
 986 0022 0346     		mov	r3, r0
 987              		.loc 1 215 8
 988 0024 002B     		cmp	r3, #0
 989 0026 01D1     		bne	.L46
 216:HW_Lib/STM32H7/BSP/Bsp_SPI.c ****         return true;
 990              		.loc 1 216 16
 991 0028 0123     		movs	r3, #1
 992 002a 00E0     		b	.L47
 993              	.L46:
 217:HW_Lib/STM32H7/BSP/Bsp_SPI.c **** 
 218:HW_Lib/STM32H7/BSP/Bsp_SPI.c ****     return false;
 994              		.loc 1 218 12
 995 002c 0023     		movs	r3, #0
 996              	.L47:
 219:HW_Lib/STM32H7/BSP/Bsp_SPI.c **** }
 997              		.loc 1 219 1
 998 002e 1846     		mov	r0, r3
 999 0030 1037     		adds	r7, r7, #16
 1000              	.LCFI37:
 1001              		.cfi_def_cfa_offset 8
 1002 0032 BD46     		mov	sp, r7
 1003              	.LCFI38:
 1004              		.cfi_def_cfa_register 13
 1005              		@ sp needed
 1006 0034 80BD     		pop	{r7, pc}
 1007              		.cfi_endproc
 1008              	.LFE338:
 1010              		.section	.text.BspSPI_Receive,"ax",%progbits
 1011              		.align	1
 1012              		.syntax unified
 1013              		.thumb
 1014              		.thumb_func
 1016              	BspSPI_Receive:
 1017              	.LFB339:
 220:HW_Lib/STM32H7/BSP/Bsp_SPI.c **** 
 221:HW_Lib/STM32H7/BSP/Bsp_SPI.c **** static bool BspSPI_Receive(void *spi_instance, uint8_t *rx, uint16_t size, uint16_t time_out)
 222:HW_Lib/STM32H7/BSP/Bsp_SPI.c **** {
 1018              		.loc 1 222 1
 1019              		.cfi_startproc
 1020              		@ args = 0, pretend = 0, frame = 16
 1021              		@ frame_needed = 1, uses_anonymous_args = 0
 1022 0000 80B5     		push	{r7, lr}
 1023              	.LCFI39:
 1024              		.cfi_def_cfa_offset 8
 1025              		.cfi_offset 7, -8
 1026              		.cfi_offset 14, -4
 1027 0002 84B0     		sub	sp, sp, #16
 1028              	.LCFI40:
 1029              		.cfi_def_cfa_offset 24
 1030 0004 00AF     		add	r7, sp, #0
 1031              	.LCFI41:
ARM GAS  C:\Users\HUAV\AppData\Local\Temp\ccFpszpf.s 			page 23


 1032              		.cfi_def_cfa_register 7
 1033 0006 F860     		str	r0, [r7, #12]
 1034 0008 B960     		str	r1, [r7, #8]
 1035 000a 1146     		mov	r1, r2
 1036 000c 1A46     		mov	r2, r3
 1037 000e 0B46     		mov	r3, r1	@ movhi
 1038 0010 FB80     		strh	r3, [r7, #6]	@ movhi
 1039 0012 1346     		mov	r3, r2	@ movhi
 1040 0014 BB80     		strh	r3, [r7, #4]	@ movhi
 223:HW_Lib/STM32H7/BSP/Bsp_SPI.c ****     if (HAL_SPI_Receive(To_SPI_Handle_Ptr(spi_instance), rx, size, time_out) == HAL_OK)
 1041              		.loc 1 223 9
 1042 0016 BB88     		ldrh	r3, [r7, #4]
 1043 0018 FA88     		ldrh	r2, [r7, #6]
 1044 001a B968     		ldr	r1, [r7, #8]
 1045 001c F868     		ldr	r0, [r7, #12]
 1046 001e FFF7FEFF 		bl	HAL_SPI_Receive
 1047 0022 0346     		mov	r3, r0
 1048              		.loc 1 223 8
 1049 0024 002B     		cmp	r3, #0
 1050 0026 01D1     		bne	.L49
 224:HW_Lib/STM32H7/BSP/Bsp_SPI.c ****         return true;
 1051              		.loc 1 224 16
 1052 0028 0123     		movs	r3, #1
 1053 002a 00E0     		b	.L50
 1054              	.L49:
 225:HW_Lib/STM32H7/BSP/Bsp_SPI.c **** 
 226:HW_Lib/STM32H7/BSP/Bsp_SPI.c ****     return false;
 1055              		.loc 1 226 12
 1056 002c 0023     		movs	r3, #0
 1057              	.L50:
 227:HW_Lib/STM32H7/BSP/Bsp_SPI.c **** }
 1058              		.loc 1 227 1
 1059 002e 1846     		mov	r0, r3
 1060 0030 1037     		adds	r7, r7, #16
 1061              	.LCFI42:
 1062              		.cfi_def_cfa_offset 8
 1063 0032 BD46     		mov	sp, r7
 1064              	.LCFI43:
 1065              		.cfi_def_cfa_register 13
 1066              		@ sp needed
 1067 0034 80BD     		pop	{r7, pc}
 1068              		.cfi_endproc
 1069              	.LFE339:
 1071              		.section	.text.BspSPI_TransReceive,"ax",%progbits
 1072              		.align	1
 1073              		.syntax unified
 1074              		.thumb
 1075              		.thumb_func
 1077              	BspSPI_TransReceive:
 1078              	.LFB340:
 228:HW_Lib/STM32H7/BSP/Bsp_SPI.c **** 
 229:HW_Lib/STM32H7/BSP/Bsp_SPI.c **** static uint16_t BspSPI_TransReceive(void *spi_instance, uint8_t *tx, uint8_t *rx, uint16_t size, ui
 230:HW_Lib/STM32H7/BSP/Bsp_SPI.c **** {
 1079              		.loc 1 230 1
 1080              		.cfi_startproc
 1081              		@ args = 4, pretend = 0, frame = 16
 1082              		@ frame_needed = 1, uses_anonymous_args = 0
ARM GAS  C:\Users\HUAV\AppData\Local\Temp\ccFpszpf.s 			page 24


 1083 0000 80B5     		push	{r7, lr}
 1084              	.LCFI44:
 1085              		.cfi_def_cfa_offset 8
 1086              		.cfi_offset 7, -8
 1087              		.cfi_offset 14, -4
 1088 0002 86B0     		sub	sp, sp, #24
 1089              	.LCFI45:
 1090              		.cfi_def_cfa_offset 32
 1091 0004 02AF     		add	r7, sp, #8
 1092              	.LCFI46:
 1093              		.cfi_def_cfa 7, 24
 1094 0006 F860     		str	r0, [r7, #12]
 1095 0008 B960     		str	r1, [r7, #8]
 1096 000a 7A60     		str	r2, [r7, #4]
 1097 000c 7B80     		strh	r3, [r7, #2]	@ movhi
 231:HW_Lib/STM32H7/BSP/Bsp_SPI.c ****     if (HAL_SPI_TransmitReceive(To_SPI_Handle_Ptr(spi_instance), tx, rx, size, time_out) == HAL_OK)
 1098              		.loc 1 231 9
 1099 000e 3B8B     		ldrh	r3, [r7, #24]
 1100 0010 7A88     		ldrh	r2, [r7, #2]
 1101 0012 0093     		str	r3, [sp]
 1102 0014 1346     		mov	r3, r2
 1103 0016 7A68     		ldr	r2, [r7, #4]
 1104 0018 B968     		ldr	r1, [r7, #8]
 1105 001a F868     		ldr	r0, [r7, #12]
 1106 001c FFF7FEFF 		bl	HAL_SPI_TransmitReceive
 1107 0020 0346     		mov	r3, r0
 1108              		.loc 1 231 8
 1109 0022 002B     		cmp	r3, #0
 1110 0024 01D1     		bne	.L52
 232:HW_Lib/STM32H7/BSP/Bsp_SPI.c ****         return size;
 1111              		.loc 1 232 16
 1112 0026 7B88     		ldrh	r3, [r7, #2]
 1113 0028 00E0     		b	.L53
 1114              	.L52:
 233:HW_Lib/STM32H7/BSP/Bsp_SPI.c **** 
 234:HW_Lib/STM32H7/BSP/Bsp_SPI.c ****     return 0;
 1115              		.loc 1 234 12
 1116 002a 0023     		movs	r3, #0
 1117              	.L53:
 235:HW_Lib/STM32H7/BSP/Bsp_SPI.c **** }
 1118              		.loc 1 235 1
 1119 002c 1846     		mov	r0, r3
 1120 002e 1037     		adds	r7, r7, #16
 1121              	.LCFI47:
 1122              		.cfi_def_cfa_offset 8
 1123 0030 BD46     		mov	sp, r7
 1124              	.LCFI48:
 1125              		.cfi_def_cfa_register 13
 1126              		@ sp needed
 1127 0032 80BD     		pop	{r7, pc}
 1128              		.cfi_endproc
 1129              	.LFE340:
 1131              		.text
 1132              	.Letext0:
 1133              		.file 2 "d:\\hpm-compile-tool\\gcc-arm-none-eabi-10.3-win\\arm-none-eabi\\include\\machine\\_defau
 1134              		.file 3 "d:\\hpm-compile-tool\\gcc-arm-none-eabi-10.3-win\\arm-none-eabi\\include\\sys\\_stdint.h"
 1135              		.file 4 "HW_Lib/PortApi_Def/Bsp_SPI_Port_Def.h"
ARM GAS  C:\Users\HUAV\AppData\Local\Temp\ccFpszpf.s 			page 25


 1136              		.file 5 "HW_Lib/STM32H7/HAL_Lib/CMSIS/Device/ST/STM32H7xx/Include/stm32h743xx.h"
 1137              		.file 6 "HW_Lib/STM32H7/HAL_Lib/STM32H7xx_HAL_Driver/Inc/stm32h7xx_hal_def.h"
 1138              		.file 7 "HW_Lib/STM32H7/HAL_Lib/STM32H7xx_HAL_Driver/Inc/stm32h7xx_hal_gpio.h"
 1139              		.file 8 "HW_Lib/STM32H7/HAL_Lib/STM32H7xx_HAL_Driver/Inc/stm32h7xx_hal_dma.h"
 1140              		.file 9 "HW_Lib/STM32H7/HAL_Lib/STM32H7xx_HAL_Driver/Inc/stm32h7xx_hal_spi.h"
 1141              		.file 10 "HW_Lib/STM32H7/BSP/Bsp_SPI.h"
ARM GAS  C:\Users\HUAV\AppData\Local\Temp\ccFpszpf.s 			page 26


DEFINED SYMBOLS
                            *ABS*:00000000 Bsp_SPI.c
C:\Users\HUAV\AppData\Local\Temp\ccFpszpf.s:23     .data.BspSPI:00000000 BspSPI
C:\Users\HUAV\AppData\Local\Temp\ccFpszpf.s:20     .data.BspSPI:00000000 $d
C:\Users\HUAV\AppData\Local\Temp\ccFpszpf.s:432    .text.BspSPI_NormalMode_Init:00000000 BspSPI_NormalMode_Init
C:\Users\HUAV\AppData\Local\Temp\ccFpszpf.s:790    .text.BspSPI_DeInit:00000000 BspSPI_DeInit
C:\Users\HUAV\AppData\Local\Temp\ccFpszpf.s:955    .text.BspSPI_Trans:00000000 BspSPI_Trans
C:\Users\HUAV\AppData\Local\Temp\ccFpszpf.s:1016   .text.BspSPI_Receive:00000000 BspSPI_Receive
C:\Users\HUAV\AppData\Local\Temp\ccFpszpf.s:1077   .text.BspSPI_TransReceive:00000000 BspSPI_TransReceive
C:\Users\HUAV\AppData\Local\Temp\ccFpszpf.s:733    .text.BspSPI_Set_CLKSpeed:00000000 BspSPI_Set_CLKSpeed
C:\Users\HUAV\AppData\Local\Temp\ccFpszpf.s:31     .rodata.BspSPI_Pin_Cfg:00000000 $d
C:\Users\HUAV\AppData\Local\Temp\ccFpszpf.s:34     .rodata.BspSPI_Pin_Cfg:00000000 BspSPI_Pin_Cfg
C:\Users\HUAV\AppData\Local\Temp\ccFpszpf.s:41     .text.BspSPI_PinCLK_Enable:00000000 $t
C:\Users\HUAV\AppData\Local\Temp\ccFpszpf.s:46     .text.BspSPI_PinCLK_Enable:00000000 BspSPI_PinCLK_Enable
C:\Users\HUAV\AppData\Local\Temp\ccFpszpf.s:290    .text.BspSPI_PinCLK_Enable:000001a4 $d
C:\Users\HUAV\AppData\Local\Temp\ccFpszpf.s:305    .text.BspSPI_PinInit:00000000 $t
C:\Users\HUAV\AppData\Local\Temp\ccFpszpf.s:310    .text.BspSPI_PinInit:00000000 BspSPI_PinInit
C:\Users\HUAV\AppData\Local\Temp\ccFpszpf.s:427    .text.BspSPI_NormalMode_Init:00000000 $t
C:\Users\HUAV\AppData\Local\Temp\ccFpszpf.s:717    .text.BspSPI_NormalMode_Init:000001d4 $d
C:\Users\HUAV\AppData\Local\Temp\ccFpszpf.s:728    .text.BspSPI_Set_CLKSpeed:00000000 $t
C:\Users\HUAV\AppData\Local\Temp\ccFpszpf.s:785    .text.BspSPI_DeInit:00000000 $t
C:\Users\HUAV\AppData\Local\Temp\ccFpszpf.s:939    .text.BspSPI_DeInit:000000e0 $d
C:\Users\HUAV\AppData\Local\Temp\ccFpszpf.s:950    .text.BspSPI_Trans:00000000 $t
C:\Users\HUAV\AppData\Local\Temp\ccFpszpf.s:1011   .text.BspSPI_Receive:00000000 $t
C:\Users\HUAV\AppData\Local\Temp\ccFpszpf.s:1072   .text.BspSPI_TransReceive:00000000 $t

UNDEFINED SYMBOLS
HAL_GPIO_Init
HAL_SPI_Init
memcpy
HAL_GPIO_DeInit
HAL_SPI_Transmit
HAL_SPI_Receive
HAL_SPI_TransmitReceive
