ARM GAS  C:\Users\HUAV\AppData\Local\Temp\cczRUSLe.s 			page 1


   1              		.cpu cortex-m7
   2              		.arch armv7e-m
   3              		.fpu fpv5-d16
   4              		.eabi_attribute 28, 1
   5              		.eabi_attribute 20, 1
   6              		.eabi_attribute 21, 1
   7              		.eabi_attribute 23, 3
   8              		.eabi_attribute 24, 1
   9              		.eabi_attribute 25, 1
  10              		.eabi_attribute 26, 1
  11              		.eabi_attribute 30, 6
  12              		.eabi_attribute 34, 1
  13              		.eabi_attribute 18, 4
  14              		.file	"Bsp_DMA.c"
  15              		.text
  16              	.Ltext0:
  17              		.cfi_sections	.debug_frame
  18              		.section	.bss.BspDMA_Map,"aw",%nobits
  19              		.align	2
  22              	BspDMA_Map:
  23 0000 00000000 		.space	64
  23      00000000 
  23      00000000 
  23      00000000 
  23      00000000 
  24              		.section	.bss.DataPipe_DMA,"aw",%nobits
  25              		.align	2
  28              	DataPipe_DMA:
  29 0000 00000000 		.space	120
  29      00000000 
  29      00000000 
  29      00000000 
  29      00000000 
  30              		.section	.bss.DataPipe_DMA_Init,"aw",%nobits
  33              	DataPipe_DMA_Init:
  34 0000 00       		.space	1
  35              		.section	.data.BspDMA1_Instance_List,"aw"
  36              		.align	2
  39              	BspDMA1_Instance_List:
  40 0000 10000240 		.word	1073872912
  41 0004 28000240 		.word	1073872936
  42 0008 40000240 		.word	1073872960
  43 000c 58000240 		.word	1073872984
  44 0010 70000240 		.word	1073873008
  45 0014 88000240 		.word	1073873032
  46 0018 A0000240 		.word	1073873056
  47 001c B8000240 		.word	1073873080
  48              		.section	.data.BspDMA2_Instance_List,"aw"
  49              		.align	2
  52              	BspDMA2_Instance_List:
  53 0000 10040240 		.word	1073873936
  54 0004 28040240 		.word	1073873960
  55 0008 40040240 		.word	1073873984
  56 000c 58040240 		.word	1073874008
  57 0010 70040240 		.word	1073874032
  58 0014 88040240 		.word	1073874056
  59 0018 A0040240 		.word	1073874080
ARM GAS  C:\Users\HUAV\AppData\Local\Temp\cczRUSLe.s 			page 2


  60 001c B8040240 		.word	1073874104
  61              		.section	.bss.dma1_clk_init,"aw",%nobits
  64              	dma1_clk_init:
  65 0000 00       		.space	1
  66              		.section	.bss.dma2_clk_init,"aw",%nobits
  69              	dma2_clk_init:
  70 0000 00       		.space	1
  71              		.global	BspDMA
  72              		.section	.data.BspDMA,"aw"
  73              		.align	2
  76              	BspDMA:
  77 0000 00000000 		.word	BspDMA_DeInit
  78 0004 00000000 		.word	BspDMA_Regist_Obj
  79 0008 00000000 		.word	BspDMA_Unregist_Obj
  80 000c 00000000 		.word	BspDMA_Get_Handle
  81 0010 00000000 		.word	BspDMA_Get_Instance
  82 0014 00000000 		.word	BspDMA_EnableIRQ
  83 0018 00000000 		.space	4
  84              		.global	BspDMA_Pipe
  85              		.section	.data.BspDMA_Pipe,"aw"
  86              		.align	2
  89              	BspDMA_Pipe:
  90 0000 00000000 		.word	BspDMA_Pipe_Init
  91 0004 00000000 		.space	4
  92 0008 00000000 		.word	BspDMA_Pipe_Trans
  93 000c 00000000 		.word	BspDMA_Get_Pipe_Handle
  94              		.section	.text.BspDMA_Get_Instance,"ax",%progbits
  95              		.align	1
  96              		.syntax unified
  97              		.thumb
  98              		.thumb_func
 100              	BspDMA_Get_Instance:
 101              	.LFB333:
 102              		.file 1 "HW_Lib/STM32H7/BSP/Bsp_DMA.c"
   1:HW_Lib/STM32H7/BSP/Bsp_DMA.c **** #include "Bsp_DMA_Port_Def.h"
   2:HW_Lib/STM32H7/BSP/Bsp_DMA.c **** #include "stm32h743xx.h"
   3:HW_Lib/STM32H7/BSP/Bsp_DMA.c **** #include "stm32h7xx_hal.h"
   4:HW_Lib/STM32H7/BSP/Bsp_DMA.c **** #include "stm32h7xx_hal_rcc.h"
   5:HW_Lib/STM32H7/BSP/Bsp_DMA.c **** #include "Bsp_DMA.h"
   6:HW_Lib/STM32H7/BSP/Bsp_DMA.c **** 
   7:HW_Lib/STM32H7/BSP/Bsp_DMA.c **** static DMA_HandleTypeDef *BspDMA_Map[Bsp_DMA_Sum][Bsp_DMA_Stream_Sum] = {NULL};
   8:HW_Lib/STM32H7/BSP/Bsp_DMA.c **** static DMA_HandleTypeDef DataPipe_DMA;
   9:HW_Lib/STM32H7/BSP/Bsp_DMA.c **** static bool DataPipe_DMA_Init = false;
  10:HW_Lib/STM32H7/BSP/Bsp_DMA.c **** 
  11:HW_Lib/STM32H7/BSP/Bsp_DMA.c **** static const DMA_Stream_TypeDef* BspDMA1_Instance_List[Bsp_DMA_Stream_Sum] = {
  12:HW_Lib/STM32H7/BSP/Bsp_DMA.c ****     DMA1_Stream0,
  13:HW_Lib/STM32H7/BSP/Bsp_DMA.c ****     DMA1_Stream1,
  14:HW_Lib/STM32H7/BSP/Bsp_DMA.c ****     DMA1_Stream2,
  15:HW_Lib/STM32H7/BSP/Bsp_DMA.c ****     DMA1_Stream3,
  16:HW_Lib/STM32H7/BSP/Bsp_DMA.c ****     DMA1_Stream4,
  17:HW_Lib/STM32H7/BSP/Bsp_DMA.c ****     DMA1_Stream5,
  18:HW_Lib/STM32H7/BSP/Bsp_DMA.c ****     DMA1_Stream6,
  19:HW_Lib/STM32H7/BSP/Bsp_DMA.c ****     DMA1_Stream7};
  20:HW_Lib/STM32H7/BSP/Bsp_DMA.c **** 
  21:HW_Lib/STM32H7/BSP/Bsp_DMA.c **** static const DMA_Stream_TypeDef* BspDMA2_Instance_List[Bsp_DMA_Stream_Sum] = {
  22:HW_Lib/STM32H7/BSP/Bsp_DMA.c ****     DMA2_Stream0,
  23:HW_Lib/STM32H7/BSP/Bsp_DMA.c ****     DMA2_Stream1,
ARM GAS  C:\Users\HUAV\AppData\Local\Temp\cczRUSLe.s 			page 3


  24:HW_Lib/STM32H7/BSP/Bsp_DMA.c ****     DMA2_Stream2,
  25:HW_Lib/STM32H7/BSP/Bsp_DMA.c ****     DMA2_Stream3,
  26:HW_Lib/STM32H7/BSP/Bsp_DMA.c ****     DMA2_Stream4,
  27:HW_Lib/STM32H7/BSP/Bsp_DMA.c ****     DMA2_Stream5,
  28:HW_Lib/STM32H7/BSP/Bsp_DMA.c ****     DMA2_Stream6,
  29:HW_Lib/STM32H7/BSP/Bsp_DMA.c ****     DMA2_Stream7};
  30:HW_Lib/STM32H7/BSP/Bsp_DMA.c **** 
  31:HW_Lib/STM32H7/BSP/Bsp_DMA.c **** /* internal function */
  32:HW_Lib/STM32H7/BSP/Bsp_DMA.c **** static IRQn_Type BspDMA_Get_IrqType(BspDMA_List dma, BspDMA_Stream_List stream);
  33:HW_Lib/STM32H7/BSP/Bsp_DMA.c **** static bool dma1_clk_init = false;
  34:HW_Lib/STM32H7/BSP/Bsp_DMA.c **** static bool dma2_clk_init = false;
  35:HW_Lib/STM32H7/BSP/Bsp_DMA.c **** 
  36:HW_Lib/STM32H7/BSP/Bsp_DMA.c **** /* external function */
  37:HW_Lib/STM32H7/BSP/Bsp_DMA.c **** static void BspDMA_DeInit(BspDMA_List dma, BspDMA_Stream_List stream, DMA_HandleTypeDef *hdl);
  38:HW_Lib/STM32H7/BSP/Bsp_DMA.c **** static bool BspDMA_Regist_Obj(BspDMA_List dma, BspDMA_Stream_List stream, DMA_HandleTypeDef *hdl);
  39:HW_Lib/STM32H7/BSP/Bsp_DMA.c **** static bool BspDMA_Unregist_Obj(BspDMA_List dma, BspDMA_Stream_List stream);
  40:HW_Lib/STM32H7/BSP/Bsp_DMA.c **** static void *BspDMA_Get_Handle(BspDMA_List dma, BspDMA_Stream_List stream);
  41:HW_Lib/STM32H7/BSP/Bsp_DMA.c **** static void *BspDMA_Get_Instance(BspDMA_List dma, BspDMA_Stream_List stream);
  42:HW_Lib/STM32H7/BSP/Bsp_DMA.c **** static void BspDMA_EnableIRQ(BspDMA_List dma, BspDMA_Stream_List stream, uint32_t preempt, uint32_t
  43:HW_Lib/STM32H7/BSP/Bsp_DMA.c **** 
  44:HW_Lib/STM32H7/BSP/Bsp_DMA.c **** BspDMA_TypeDef BspDMA = {
  45:HW_Lib/STM32H7/BSP/Bsp_DMA.c ****     .de_init      = (bool (*)(int8_t, int8_t, void *))BspDMA_DeInit,
  46:HW_Lib/STM32H7/BSP/Bsp_DMA.c ****     .regist       = (bool (*)(int8_t, int8_t, void *))BspDMA_Regist_Obj,
  47:HW_Lib/STM32H7/BSP/Bsp_DMA.c ****     .unregist     = (bool (*)(int8_t, int8_t))BspDMA_Unregist_Obj,
  48:HW_Lib/STM32H7/BSP/Bsp_DMA.c ****     .get_handle   = (void *(*)(int8_t, int8_t))BspDMA_Get_Handle,
  49:HW_Lib/STM32H7/BSP/Bsp_DMA.c ****     .get_instance = (void *(*)(int8_t, int8_t))BspDMA_Get_Instance,
  50:HW_Lib/STM32H7/BSP/Bsp_DMA.c ****     .enable_irq   = (void (*)(int8_t, int8_t, uint32_t, uint32_t, uint32_t, void *))BspDMA_EnableIR
  51:HW_Lib/STM32H7/BSP/Bsp_DMA.c **** };
  52:HW_Lib/STM32H7/BSP/Bsp_DMA.c **** 
  53:HW_Lib/STM32H7/BSP/Bsp_DMA.c **** /* pipe external function */
  54:HW_Lib/STM32H7/BSP/Bsp_DMA.c **** static bool BspDMA_Pipe_Init(BspDMA_Pipe_TransFin_Cb fin_cb, BspDMA_Pipe_TransErr_Cb err_cb);
  55:HW_Lib/STM32H7/BSP/Bsp_DMA.c **** static bool BspDMA_Pipe_Trans(uint32_t SrcAddress, uint32_t DstAddress, uint32_t DataLength);
  56:HW_Lib/STM32H7/BSP/Bsp_DMA.c **** static void* BspDMA_Get_Pipe_Handle(void);
  57:HW_Lib/STM32H7/BSP/Bsp_DMA.c **** 
  58:HW_Lib/STM32H7/BSP/Bsp_DMA.c **** BspDMA_Pipe_TypeDef BspDMA_Pipe = {
  59:HW_Lib/STM32H7/BSP/Bsp_DMA.c ****     .init = BspDMA_Pipe_Init,
  60:HW_Lib/STM32H7/BSP/Bsp_DMA.c ****     .trans = BspDMA_Pipe_Trans,
  61:HW_Lib/STM32H7/BSP/Bsp_DMA.c ****     .get_hanle = BspDMA_Get_Pipe_Handle,
  62:HW_Lib/STM32H7/BSP/Bsp_DMA.c **** };
  63:HW_Lib/STM32H7/BSP/Bsp_DMA.c **** 
  64:HW_Lib/STM32H7/BSP/Bsp_DMA.c **** /* DMA2_Stream7 for DataPipe Use */
  65:HW_Lib/STM32H7/BSP/Bsp_DMA.c **** static void *BspDMA_Get_Instance(BspDMA_List dma, BspDMA_Stream_List stream)
  66:HW_Lib/STM32H7/BSP/Bsp_DMA.c **** {
 103              		.loc 1 66 1
 104              		.cfi_startproc
 105              		@ args = 0, pretend = 0, frame = 16
 106              		@ frame_needed = 1, uses_anonymous_args = 0
 107              		@ link register save eliminated.
 108 0000 80B4     		push	{r7}
 109              	.LCFI0:
 110              		.cfi_def_cfa_offset 4
 111              		.cfi_offset 7, -4
 112 0002 85B0     		sub	sp, sp, #20
 113              	.LCFI1:
 114              		.cfi_def_cfa_offset 24
 115 0004 00AF     		add	r7, sp, #0
 116              	.LCFI2:
ARM GAS  C:\Users\HUAV\AppData\Local\Temp\cczRUSLe.s 			page 4


 117              		.cfi_def_cfa_register 7
 118 0006 0346     		mov	r3, r0
 119 0008 0A46     		mov	r2, r1
 120 000a FB71     		strb	r3, [r7, #7]
 121 000c 1346     		mov	r3, r2
 122 000e BB71     		strb	r3, [r7, #6]
  67:HW_Lib/STM32H7/BSP/Bsp_DMA.c ****     if ((dma < Bsp_DMA_1) || (stream < Bsp_DMA_Stream_0))
 123              		.loc 1 67 8
 124 0010 97F90730 		ldrsb	r3, [r7, #7]
 125 0014 002B     		cmp	r3, #0
 126 0016 03DB     		blt	.L2
 127              		.loc 1 67 27 discriminator 1
 128 0018 97F90630 		ldrsb	r3, [r7, #6]
 129 001c 002B     		cmp	r3, #0
 130 001e 01DA     		bge	.L3
 131              	.L2:
  68:HW_Lib/STM32H7/BSP/Bsp_DMA.c ****         return NULL;
 132              		.loc 1 68 16
 133 0020 0023     		movs	r3, #0
 134 0022 56E0     		b	.L4
 135              	.L3:
  69:HW_Lib/STM32H7/BSP/Bsp_DMA.c **** 
  70:HW_Lib/STM32H7/BSP/Bsp_DMA.c ****     if ((dma == Bsp_DMA_1) && ((stream < Bsp_DMA_Stream_Sum) && (stream >= Bsp_DMA_Stream_0)))
 136              		.loc 1 70 8
 137 0024 97F90730 		ldrsb	r3, [r7, #7]
 138 0028 002B     		cmp	r3, #0
 139 002a 26D1     		bne	.L5
 140              		.loc 1 70 28 discriminator 1
 141 002c 97F90630 		ldrsb	r3, [r7, #6]
 142 0030 072B     		cmp	r3, #7
 143 0032 22DC     		bgt	.L5
 144              		.loc 1 70 62 discriminator 2
 145 0034 97F90630 		ldrsb	r3, [r7, #6]
 146 0038 002B     		cmp	r3, #0
 147 003a 1EDB     		blt	.L5
  71:HW_Lib/STM32H7/BSP/Bsp_DMA.c ****     {
  72:HW_Lib/STM32H7/BSP/Bsp_DMA.c ****         if (!dma1_clk_init)
 148              		.loc 1 72 13
 149 003c 284B     		ldr	r3, .L9
 150 003e 1B78     		ldrb	r3, [r3]	@ zero_extendqisi2
 151 0040 83F00103 		eor	r3, r3, #1
 152 0044 DBB2     		uxtb	r3, r3
 153              		.loc 1 72 12
 154 0046 002B     		cmp	r3, #0
 155 0048 11D0     		beq	.L6
 156              	.LBB2:
  73:HW_Lib/STM32H7/BSP/Bsp_DMA.c ****         {
  74:HW_Lib/STM32H7/BSP/Bsp_DMA.c ****             __HAL_RCC_DMA1_CLK_ENABLE();
 157              		.loc 1 74 13
 158 004a 264B     		ldr	r3, .L9+4
 159 004c D3F8D830 		ldr	r3, [r3, #216]
 160 0050 244A     		ldr	r2, .L9+4
 161 0052 43F00103 		orr	r3, r3, #1
 162 0056 C2F8D830 		str	r3, [r2, #216]
 163 005a 224B     		ldr	r3, .L9+4
 164 005c D3F8D830 		ldr	r3, [r3, #216]
 165 0060 03F00103 		and	r3, r3, #1
ARM GAS  C:\Users\HUAV\AppData\Local\Temp\cczRUSLe.s 			page 5


 166 0064 FB60     		str	r3, [r7, #12]
 167 0066 FB68     		ldr	r3, [r7, #12]
 168              	.LBE2:
  75:HW_Lib/STM32H7/BSP/Bsp_DMA.c ****             dma1_clk_init = true;
 169              		.loc 1 75 27
 170 0068 1D4B     		ldr	r3, .L9
 171 006a 0122     		movs	r2, #1
 172 006c 1A70     		strb	r2, [r3]
 173              	.L6:
  76:HW_Lib/STM32H7/BSP/Bsp_DMA.c ****         }
  77:HW_Lib/STM32H7/BSP/Bsp_DMA.c **** 
  78:HW_Lib/STM32H7/BSP/Bsp_DMA.c ****         return (void *)BspDMA1_Instance_List[stream];
 174              		.loc 1 78 45
 175 006e 97F90630 		ldrsb	r3, [r7, #6]
 176              		.loc 1 78 16
 177 0072 1D4A     		ldr	r2, .L9+8
 178 0074 52F82330 		ldr	r3, [r2, r3, lsl #2]
 179 0078 2BE0     		b	.L4
 180              	.L5:
  79:HW_Lib/STM32H7/BSP/Bsp_DMA.c ****     }
  80:HW_Lib/STM32H7/BSP/Bsp_DMA.c ****     else if ((dma == Bsp_DMA_2) && ((stream < Bsp_DMA_Stream_7) && (stream >= Bsp_DMA_Stream_0)))
 181              		.loc 1 80 13
 182 007a 97F90730 		ldrsb	r3, [r7, #7]
 183 007e 012B     		cmp	r3, #1
 184 0080 26D1     		bne	.L7
 185              		.loc 1 80 33 discriminator 1
 186 0082 97F90630 		ldrsb	r3, [r7, #6]
 187 0086 062B     		cmp	r3, #6
 188 0088 22DC     		bgt	.L7
 189              		.loc 1 80 65 discriminator 2
 190 008a 97F90630 		ldrsb	r3, [r7, #6]
 191 008e 002B     		cmp	r3, #0
 192 0090 1EDB     		blt	.L7
  81:HW_Lib/STM32H7/BSP/Bsp_DMA.c ****     {
  82:HW_Lib/STM32H7/BSP/Bsp_DMA.c ****         if (!dma2_clk_init)
 193              		.loc 1 82 13
 194 0092 164B     		ldr	r3, .L9+12
 195 0094 1B78     		ldrb	r3, [r3]	@ zero_extendqisi2
 196 0096 83F00103 		eor	r3, r3, #1
 197 009a DBB2     		uxtb	r3, r3
 198              		.loc 1 82 12
 199 009c 002B     		cmp	r3, #0
 200 009e 11D0     		beq	.L8
 201              	.LBB3:
  83:HW_Lib/STM32H7/BSP/Bsp_DMA.c ****         {
  84:HW_Lib/STM32H7/BSP/Bsp_DMA.c ****             __HAL_RCC_DMA2_CLK_ENABLE();
 202              		.loc 1 84 13
 203 00a0 104B     		ldr	r3, .L9+4
 204 00a2 D3F8D830 		ldr	r3, [r3, #216]
 205 00a6 0F4A     		ldr	r2, .L9+4
 206 00a8 43F00203 		orr	r3, r3, #2
 207 00ac C2F8D830 		str	r3, [r2, #216]
 208 00b0 0C4B     		ldr	r3, .L9+4
 209 00b2 D3F8D830 		ldr	r3, [r3, #216]
 210 00b6 03F00203 		and	r3, r3, #2
 211 00ba BB60     		str	r3, [r7, #8]
 212 00bc BB68     		ldr	r3, [r7, #8]
ARM GAS  C:\Users\HUAV\AppData\Local\Temp\cczRUSLe.s 			page 6


 213              	.LBE3:
  85:HW_Lib/STM32H7/BSP/Bsp_DMA.c ****             dma2_clk_init = true;
 214              		.loc 1 85 27
 215 00be 0B4B     		ldr	r3, .L9+12
 216 00c0 0122     		movs	r2, #1
 217 00c2 1A70     		strb	r2, [r3]
 218              	.L8:
  86:HW_Lib/STM32H7/BSP/Bsp_DMA.c ****         }
  87:HW_Lib/STM32H7/BSP/Bsp_DMA.c **** 
  88:HW_Lib/STM32H7/BSP/Bsp_DMA.c ****         return (void *)BspDMA2_Instance_List[stream];
 219              		.loc 1 88 45
 220 00c4 97F90630 		ldrsb	r3, [r7, #6]
 221              		.loc 1 88 16
 222 00c8 094A     		ldr	r2, .L9+16
 223 00ca 52F82330 		ldr	r3, [r2, r3, lsl #2]
 224 00ce 00E0     		b	.L4
 225              	.L7:
  89:HW_Lib/STM32H7/BSP/Bsp_DMA.c ****     }
  90:HW_Lib/STM32H7/BSP/Bsp_DMA.c **** 
  91:HW_Lib/STM32H7/BSP/Bsp_DMA.c ****     return NULL;
 226              		.loc 1 91 12
 227 00d0 0023     		movs	r3, #0
 228              	.L4:
  92:HW_Lib/STM32H7/BSP/Bsp_DMA.c **** }
 229              		.loc 1 92 1
 230 00d2 1846     		mov	r0, r3
 231 00d4 1437     		adds	r7, r7, #20
 232              	.LCFI3:
 233              		.cfi_def_cfa_offset 4
 234 00d6 BD46     		mov	sp, r7
 235              	.LCFI4:
 236              		.cfi_def_cfa_register 13
 237              		@ sp needed
 238 00d8 5DF8047B 		ldr	r7, [sp], #4
 239              	.LCFI5:
 240              		.cfi_restore 7
 241              		.cfi_def_cfa_offset 0
 242 00dc 7047     		bx	lr
 243              	.L10:
 244 00de 00BF     		.align	2
 245              	.L9:
 246 00e0 00000000 		.word	dma1_clk_init
 247 00e4 00440258 		.word	1476543488
 248 00e8 00000000 		.word	BspDMA1_Instance_List
 249 00ec 00000000 		.word	dma2_clk_init
 250 00f0 00000000 		.word	BspDMA2_Instance_List
 251              		.cfi_endproc
 252              	.LFE333:
 254              		.section	.text.BspDMA_DeInit,"ax",%progbits
 255              		.align	1
 256              		.syntax unified
 257              		.thumb
 258              		.thumb_func
 260              	BspDMA_DeInit:
 261              	.LFB334:
  93:HW_Lib/STM32H7/BSP/Bsp_DMA.c **** 
  94:HW_Lib/STM32H7/BSP/Bsp_DMA.c **** static void BspDMA_DeInit(BspDMA_List dma, BspDMA_Stream_List stream, DMA_HandleTypeDef *hdl)
ARM GAS  C:\Users\HUAV\AppData\Local\Temp\cczRUSLe.s 			page 7


  95:HW_Lib/STM32H7/BSP/Bsp_DMA.c **** {
 262              		.loc 1 95 1
 263              		.cfi_startproc
 264              		@ args = 0, pretend = 0, frame = 16
 265              		@ frame_needed = 1, uses_anonymous_args = 0
 266 0000 80B5     		push	{r7, lr}
 267              	.LCFI6:
 268              		.cfi_def_cfa_offset 8
 269              		.cfi_offset 7, -8
 270              		.cfi_offset 14, -4
 271 0002 84B0     		sub	sp, sp, #16
 272              	.LCFI7:
 273              		.cfi_def_cfa_offset 24
 274 0004 00AF     		add	r7, sp, #0
 275              	.LCFI8:
 276              		.cfi_def_cfa_register 7
 277 0006 0346     		mov	r3, r0
 278 0008 3A60     		str	r2, [r7]
 279 000a FB71     		strb	r3, [r7, #7]
 280 000c 0B46     		mov	r3, r1
 281 000e BB71     		strb	r3, [r7, #6]
  96:HW_Lib/STM32H7/BSP/Bsp_DMA.c ****     if ((hdl == NULL) || \
 282              		.loc 1 96 8
 283 0010 3B68     		ldr	r3, [r7]
 284 0012 002B     		cmp	r3, #0
 285 0014 45D0     		beq	.L18
 286              		.loc 1 96 23 discriminator 1
 287 0016 97F90730 		ldrsb	r3, [r7, #7]
 288 001a 002B     		cmp	r3, #0
 289 001c 41DB     		blt	.L18
  97:HW_Lib/STM32H7/BSP/Bsp_DMA.c ****         (dma < Bsp_DMA_1) || \
 290              		.loc 1 97 27
 291 001e 97F90730 		ldrsb	r3, [r7, #7]
 292 0022 012B     		cmp	r3, #1
 293 0024 3DDC     		bgt	.L18
  98:HW_Lib/STM32H7/BSP/Bsp_DMA.c ****         (dma > Bsp_DMA_2) || \
 294              		.loc 1 98 27
 295 0026 97F90630 		ldrsb	r3, [r7, #6]
 296 002a 002B     		cmp	r3, #0
 297 002c 39DB     		blt	.L18
  99:HW_Lib/STM32H7/BSP/Bsp_DMA.c ****         (stream < Bsp_DMA_Stream_0) || \
 298              		.loc 1 99 37
 299 002e 97F90630 		ldrsb	r3, [r7, #6]
 300 0032 072B     		cmp	r3, #7
 301 0034 35DC     		bgt	.L18
 100:HW_Lib/STM32H7/BSP/Bsp_DMA.c ****         (stream > Bsp_DMA_Stream_7))
 101:HW_Lib/STM32H7/BSP/Bsp_DMA.c ****         return;
 102:HW_Lib/STM32H7/BSP/Bsp_DMA.c **** 
 103:HW_Lib/STM32H7/BSP/Bsp_DMA.c ****     if (dma1_clk_init)
 302              		.loc 1 103 9
 303 0036 1E4B     		ldr	r3, .L20
 304 0038 1B78     		ldrb	r3, [r3]	@ zero_extendqisi2
 305              		.loc 1 103 8
 306 003a 002B     		cmp	r3, #0
 307 003c 0BD0     		beq	.L15
 104:HW_Lib/STM32H7/BSP/Bsp_DMA.c ****     {
 105:HW_Lib/STM32H7/BSP/Bsp_DMA.c ****         __HAL_RCC_DMA1_CLK_DISABLE();
ARM GAS  C:\Users\HUAV\AppData\Local\Temp\cczRUSLe.s 			page 8


 308              		.loc 1 105 9
 309 003e 1D4B     		ldr	r3, .L20+4
 310 0040 D3F8D830 		ldr	r3, [r3, #216]
 311 0044 1B4A     		ldr	r2, .L20+4
 312 0046 23F00103 		bic	r3, r3, #1
 313 004a C2F8D830 		str	r3, [r2, #216]
 106:HW_Lib/STM32H7/BSP/Bsp_DMA.c ****         dma1_clk_init = false;
 314              		.loc 1 106 23
 315 004e 184B     		ldr	r3, .L20
 316 0050 0022     		movs	r2, #0
 317 0052 1A70     		strb	r2, [r3]
 318 0054 0EE0     		b	.L16
 319              	.L15:
 107:HW_Lib/STM32H7/BSP/Bsp_DMA.c ****     }
 108:HW_Lib/STM32H7/BSP/Bsp_DMA.c ****     else if (dma2_clk_init)
 320              		.loc 1 108 14
 321 0056 184B     		ldr	r3, .L20+8
 322 0058 1B78     		ldrb	r3, [r3]	@ zero_extendqisi2
 323              		.loc 1 108 13
 324 005a 002B     		cmp	r3, #0
 325 005c 0AD0     		beq	.L16
 109:HW_Lib/STM32H7/BSP/Bsp_DMA.c ****     {
 110:HW_Lib/STM32H7/BSP/Bsp_DMA.c ****         __HAL_RCC_DMA2_CLK_DISABLE();
 326              		.loc 1 110 9
 327 005e 154B     		ldr	r3, .L20+4
 328 0060 D3F8D830 		ldr	r3, [r3, #216]
 329 0064 134A     		ldr	r2, .L20+4
 330 0066 23F00203 		bic	r3, r3, #2
 331 006a C2F8D830 		str	r3, [r2, #216]
 111:HW_Lib/STM32H7/BSP/Bsp_DMA.c ****         dma2_clk_init = false;
 332              		.loc 1 111 23
 333 006e 124B     		ldr	r3, .L20+8
 334 0070 0022     		movs	r2, #0
 335 0072 1A70     		strb	r2, [r3]
 336              	.L16:
 112:HW_Lib/STM32H7/BSP/Bsp_DMA.c ****     }
 113:HW_Lib/STM32H7/BSP/Bsp_DMA.c **** 
 114:HW_Lib/STM32H7/BSP/Bsp_DMA.c ****     HAL_DMA_DeInit(hdl);
 337              		.loc 1 114 5
 338 0074 3868     		ldr	r0, [r7]
 339 0076 FFF7FEFF 		bl	HAL_DMA_DeInit
 115:HW_Lib/STM32H7/BSP/Bsp_DMA.c ****     IRQn_Type irq = BspDMA_Get_IrqType(dma, stream);
 340              		.loc 1 115 21
 341 007a 97F90620 		ldrsb	r2, [r7, #6]
 342 007e 97F90730 		ldrsb	r3, [r7, #7]
 343 0082 1146     		mov	r1, r2
 344 0084 1846     		mov	r0, r3
 345 0086 FFF7FEFF 		bl	BspDMA_Get_IrqType
 346 008a 0346     		mov	r3, r0
 347 008c FB81     		strh	r3, [r7, #14]	@ movhi
 116:HW_Lib/STM32H7/BSP/Bsp_DMA.c ****     if (irq < 0)
 348              		.loc 1 116 8
 349 008e B7F90E30 		ldrsh	r3, [r7, #14]
 350 0092 002B     		cmp	r3, #0
 351 0094 07DB     		blt	.L19
 117:HW_Lib/STM32H7/BSP/Bsp_DMA.c ****         return;
 118:HW_Lib/STM32H7/BSP/Bsp_DMA.c **** 
ARM GAS  C:\Users\HUAV\AppData\Local\Temp\cczRUSLe.s 			page 9


 119:HW_Lib/STM32H7/BSP/Bsp_DMA.c ****     HAL_NVIC_DisableIRQ(irq);
 352              		.loc 1 119 5
 353 0096 B7F90E30 		ldrsh	r3, [r7, #14]
 354 009a 1846     		mov	r0, r3
 355 009c FFF7FEFF 		bl	HAL_NVIC_DisableIRQ
 356 00a0 02E0     		b	.L11
 357              	.L18:
 101:HW_Lib/STM32H7/BSP/Bsp_DMA.c **** 
 358              		.loc 1 101 9
 359 00a2 00BF     		nop
 360 00a4 00E0     		b	.L11
 361              	.L19:
 117:HW_Lib/STM32H7/BSP/Bsp_DMA.c ****         return;
 362              		.loc 1 117 9
 363 00a6 00BF     		nop
 364              	.L11:
 120:HW_Lib/STM32H7/BSP/Bsp_DMA.c **** }
 365              		.loc 1 120 1
 366 00a8 1037     		adds	r7, r7, #16
 367              	.LCFI9:
 368              		.cfi_def_cfa_offset 8
 369 00aa BD46     		mov	sp, r7
 370              	.LCFI10:
 371              		.cfi_def_cfa_register 13
 372              		@ sp needed
 373 00ac 80BD     		pop	{r7, pc}
 374              	.L21:
 375 00ae 00BF     		.align	2
 376              	.L20:
 377 00b0 00000000 		.word	dma1_clk_init
 378 00b4 00440258 		.word	1476543488
 379 00b8 00000000 		.word	dma2_clk_init
 380              		.cfi_endproc
 381              	.LFE334:
 383              		.section	.text.BspDMA_Regist_Obj,"ax",%progbits
 384              		.align	1
 385              		.syntax unified
 386              		.thumb
 387              		.thumb_func
 389              	BspDMA_Regist_Obj:
 390              	.LFB335:
 121:HW_Lib/STM32H7/BSP/Bsp_DMA.c **** 
 122:HW_Lib/STM32H7/BSP/Bsp_DMA.c **** static bool BspDMA_Regist_Obj(BspDMA_List dma, BspDMA_Stream_List stream, DMA_HandleTypeDef *hdl)
 123:HW_Lib/STM32H7/BSP/Bsp_DMA.c **** {
 391              		.loc 1 123 1
 392              		.cfi_startproc
 393              		@ args = 0, pretend = 0, frame = 16
 394              		@ frame_needed = 1, uses_anonymous_args = 0
 395 0000 80B5     		push	{r7, lr}
 396              	.LCFI11:
 397              		.cfi_def_cfa_offset 8
 398              		.cfi_offset 7, -8
 399              		.cfi_offset 14, -4
 400 0002 84B0     		sub	sp, sp, #16
 401              	.LCFI12:
 402              		.cfi_def_cfa_offset 24
 403 0004 00AF     		add	r7, sp, #0
ARM GAS  C:\Users\HUAV\AppData\Local\Temp\cczRUSLe.s 			page 10


 404              	.LCFI13:
 405              		.cfi_def_cfa_register 7
 406 0006 0346     		mov	r3, r0
 407 0008 3A60     		str	r2, [r7]
 408 000a FB71     		strb	r3, [r7, #7]
 409 000c 0B46     		mov	r3, r1
 410 000e BB71     		strb	r3, [r7, #6]
 124:HW_Lib/STM32H7/BSP/Bsp_DMA.c ****     void *instance = NULL;
 411              		.loc 1 124 11
 412 0010 0023     		movs	r3, #0
 413 0012 FB60     		str	r3, [r7, #12]
 125:HW_Lib/STM32H7/BSP/Bsp_DMA.c **** 
 126:HW_Lib/STM32H7/BSP/Bsp_DMA.c ****     if ((dma < Bsp_DMA_1) || (stream < Bsp_DMA_Stream_0))
 414              		.loc 1 126 8
 415 0014 97F90730 		ldrsb	r3, [r7, #7]
 416 0018 002B     		cmp	r3, #0
 417 001a 03DB     		blt	.L23
 418              		.loc 1 126 27 discriminator 1
 419 001c 97F90630 		ldrsb	r3, [r7, #6]
 420 0020 002B     		cmp	r3, #0
 421 0022 01DA     		bge	.L24
 422              	.L23:
 127:HW_Lib/STM32H7/BSP/Bsp_DMA.c ****         return false;
 423              		.loc 1 127 16
 424 0024 0023     		movs	r3, #0
 425 0026 2DE0     		b	.L25
 426              	.L24:
 128:HW_Lib/STM32H7/BSP/Bsp_DMA.c **** 
 129:HW_Lib/STM32H7/BSP/Bsp_DMA.c ****     if (((dma < Bsp_DMA_Sum) && (dma >= Bsp_DMA_1)) &&
 427              		.loc 1 129 8
 428 0028 97F90730 		ldrsb	r3, [r7, #7]
 429 002c 012B     		cmp	r3, #1
 430 002e 28DC     		bgt	.L26
 431              		.loc 1 129 30 discriminator 1
 432 0030 97F90730 		ldrsb	r3, [r7, #7]
 433 0034 002B     		cmp	r3, #0
 434 0036 24DB     		blt	.L26
 435              		.loc 1 129 53 discriminator 2
 436 0038 97F90630 		ldrsb	r3, [r7, #6]
 437 003c 072B     		cmp	r3, #7
 438 003e 20DC     		bgt	.L26
 130:HW_Lib/STM32H7/BSP/Bsp_DMA.c ****         ((stream < Bsp_DMA_Stream_Sum) && (stream >= Bsp_DMA_Stream_0)))
 439              		.loc 1 130 40
 440 0040 97F90630 		ldrsb	r3, [r7, #6]
 441 0044 002B     		cmp	r3, #0
 442 0046 1CDB     		blt	.L26
 131:HW_Lib/STM32H7/BSP/Bsp_DMA.c ****     {
 132:HW_Lib/STM32H7/BSP/Bsp_DMA.c ****         instance = BspDMA_Get_Instance(dma, stream);
 443              		.loc 1 132 20
 444 0048 97F90620 		ldrsb	r2, [r7, #6]
 445 004c 97F90730 		ldrsb	r3, [r7, #7]
 446 0050 1146     		mov	r1, r2
 447 0052 1846     		mov	r0, r3
 448 0054 FFF7FEFF 		bl	BspDMA_Get_Instance
 449 0058 F860     		str	r0, [r7, #12]
 133:HW_Lib/STM32H7/BSP/Bsp_DMA.c ****         if (instance == NULL)
 450              		.loc 1 133 12
ARM GAS  C:\Users\HUAV\AppData\Local\Temp\cczRUSLe.s 			page 11


 451 005a FB68     		ldr	r3, [r7, #12]
 452 005c 002B     		cmp	r3, #0
 453 005e 01D1     		bne	.L27
 134:HW_Lib/STM32H7/BSP/Bsp_DMA.c ****             return false;
 454              		.loc 1 134 20
 455 0060 0023     		movs	r3, #0
 456 0062 0FE0     		b	.L25
 457              	.L27:
 135:HW_Lib/STM32H7/BSP/Bsp_DMA.c **** 
 136:HW_Lib/STM32H7/BSP/Bsp_DMA.c ****         hdl->Instance = instance;
 458              		.loc 1 136 23
 459 0064 3B68     		ldr	r3, [r7]
 460 0066 FA68     		ldr	r2, [r7, #12]
 461 0068 1A60     		str	r2, [r3]
 137:HW_Lib/STM32H7/BSP/Bsp_DMA.c ****         BspDMA_Map[dma][stream] = hdl;
 462              		.loc 1 137 24
 463 006a 97F90720 		ldrsb	r2, [r7, #7]
 464 006e 97F90630 		ldrsb	r3, [r7, #6]
 465              		.loc 1 137 33
 466 0072 0649     		ldr	r1, .L28
 467 0074 D200     		lsls	r2, r2, #3
 468 0076 1344     		add	r3, r3, r2
 469 0078 3A68     		ldr	r2, [r7]
 470 007a 41F82320 		str	r2, [r1, r3, lsl #2]
 138:HW_Lib/STM32H7/BSP/Bsp_DMA.c ****         return true;
 471              		.loc 1 138 16
 472 007e 0123     		movs	r3, #1
 473 0080 00E0     		b	.L25
 474              	.L26:
 139:HW_Lib/STM32H7/BSP/Bsp_DMA.c ****     }
 140:HW_Lib/STM32H7/BSP/Bsp_DMA.c **** 
 141:HW_Lib/STM32H7/BSP/Bsp_DMA.c ****     return false;
 475              		.loc 1 141 12
 476 0082 0023     		movs	r3, #0
 477              	.L25:
 142:HW_Lib/STM32H7/BSP/Bsp_DMA.c **** }
 478              		.loc 1 142 1
 479 0084 1846     		mov	r0, r3
 480 0086 1037     		adds	r7, r7, #16
 481              	.LCFI14:
 482              		.cfi_def_cfa_offset 8
 483 0088 BD46     		mov	sp, r7
 484              	.LCFI15:
 485              		.cfi_def_cfa_register 13
 486              		@ sp needed
 487 008a 80BD     		pop	{r7, pc}
 488              	.L29:
 489              		.align	2
 490              	.L28:
 491 008c 00000000 		.word	BspDMA_Map
 492              		.cfi_endproc
 493              	.LFE335:
 495              		.section	.text.BspDMA_Unregist_Obj,"ax",%progbits
 496              		.align	1
 497              		.syntax unified
 498              		.thumb
 499              		.thumb_func
ARM GAS  C:\Users\HUAV\AppData\Local\Temp\cczRUSLe.s 			page 12


 501              	BspDMA_Unregist_Obj:
 502              	.LFB336:
 143:HW_Lib/STM32H7/BSP/Bsp_DMA.c **** 
 144:HW_Lib/STM32H7/BSP/Bsp_DMA.c **** static bool BspDMA_Unregist_Obj(BspDMA_List dma, BspDMA_Stream_List stream)
 145:HW_Lib/STM32H7/BSP/Bsp_DMA.c **** {
 503              		.loc 1 145 1
 504              		.cfi_startproc
 505              		@ args = 0, pretend = 0, frame = 8
 506              		@ frame_needed = 1, uses_anonymous_args = 0
 507              		@ link register save eliminated.
 508 0000 80B4     		push	{r7}
 509              	.LCFI16:
 510              		.cfi_def_cfa_offset 4
 511              		.cfi_offset 7, -4
 512 0002 83B0     		sub	sp, sp, #12
 513              	.LCFI17:
 514              		.cfi_def_cfa_offset 16
 515 0004 00AF     		add	r7, sp, #0
 516              	.LCFI18:
 517              		.cfi_def_cfa_register 7
 518 0006 0346     		mov	r3, r0
 519 0008 0A46     		mov	r2, r1
 520 000a FB71     		strb	r3, [r7, #7]
 521 000c 1346     		mov	r3, r2
 522 000e BB71     		strb	r3, [r7, #6]
 146:HW_Lib/STM32H7/BSP/Bsp_DMA.c ****     if ((dma < Bsp_DMA_1) || (stream < Bsp_DMA_Stream_0))
 523              		.loc 1 146 8
 524 0010 97F90730 		ldrsb	r3, [r7, #7]
 525 0014 002B     		cmp	r3, #0
 526 0016 03DB     		blt	.L31
 527              		.loc 1 146 27 discriminator 1
 528 0018 97F90630 		ldrsb	r3, [r7, #6]
 529 001c 002B     		cmp	r3, #0
 530 001e 01DA     		bge	.L32
 531              	.L31:
 147:HW_Lib/STM32H7/BSP/Bsp_DMA.c ****         return false;
 532              		.loc 1 147 16
 533 0020 0023     		movs	r3, #0
 534 0022 1CE0     		b	.L33
 535              	.L32:
 148:HW_Lib/STM32H7/BSP/Bsp_DMA.c **** 
 149:HW_Lib/STM32H7/BSP/Bsp_DMA.c ****     if (((dma < Bsp_DMA_Sum) && (dma >= Bsp_DMA_1)) &&
 536              		.loc 1 149 8
 537 0024 97F90730 		ldrsb	r3, [r7, #7]
 538 0028 012B     		cmp	r3, #1
 539 002a 17DC     		bgt	.L34
 540              		.loc 1 149 30 discriminator 1
 541 002c 97F90730 		ldrsb	r3, [r7, #7]
 542 0030 002B     		cmp	r3, #0
 543 0032 13DB     		blt	.L34
 544              		.loc 1 149 53 discriminator 2
 545 0034 97F90630 		ldrsb	r3, [r7, #6]
 546 0038 072B     		cmp	r3, #7
 547 003a 0FDC     		bgt	.L34
 150:HW_Lib/STM32H7/BSP/Bsp_DMA.c ****         ((stream < Bsp_DMA_Stream_Sum) && (stream >= Bsp_DMA_Stream_0)))
 548              		.loc 1 150 40
 549 003c 97F90630 		ldrsb	r3, [r7, #6]
ARM GAS  C:\Users\HUAV\AppData\Local\Temp\cczRUSLe.s 			page 13


 550 0040 002B     		cmp	r3, #0
 551 0042 0BDB     		blt	.L34
 151:HW_Lib/STM32H7/BSP/Bsp_DMA.c ****     {
 152:HW_Lib/STM32H7/BSP/Bsp_DMA.c ****         BspDMA_Map[dma][stream] = NULL;
 552              		.loc 1 152 24
 553 0044 97F90720 		ldrsb	r2, [r7, #7]
 554 0048 97F90630 		ldrsb	r3, [r7, #6]
 555              		.loc 1 152 33
 556 004c 0749     		ldr	r1, .L35
 557 004e D200     		lsls	r2, r2, #3
 558 0050 1344     		add	r3, r3, r2
 559 0052 0022     		movs	r2, #0
 560 0054 41F82320 		str	r2, [r1, r3, lsl #2]
 153:HW_Lib/STM32H7/BSP/Bsp_DMA.c ****         return true;
 561              		.loc 1 153 16
 562 0058 0123     		movs	r3, #1
 563 005a 00E0     		b	.L33
 564              	.L34:
 154:HW_Lib/STM32H7/BSP/Bsp_DMA.c ****     }
 155:HW_Lib/STM32H7/BSP/Bsp_DMA.c **** 
 156:HW_Lib/STM32H7/BSP/Bsp_DMA.c ****     return false;
 565              		.loc 1 156 12
 566 005c 0023     		movs	r3, #0
 567              	.L33:
 157:HW_Lib/STM32H7/BSP/Bsp_DMA.c **** }
 568              		.loc 1 157 1
 569 005e 1846     		mov	r0, r3
 570 0060 0C37     		adds	r7, r7, #12
 571              	.LCFI19:
 572              		.cfi_def_cfa_offset 4
 573 0062 BD46     		mov	sp, r7
 574              	.LCFI20:
 575              		.cfi_def_cfa_register 13
 576              		@ sp needed
 577 0064 5DF8047B 		ldr	r7, [sp], #4
 578              	.LCFI21:
 579              		.cfi_restore 7
 580              		.cfi_def_cfa_offset 0
 581 0068 7047     		bx	lr
 582              	.L36:
 583 006a 00BF     		.align	2
 584              	.L35:
 585 006c 00000000 		.word	BspDMA_Map
 586              		.cfi_endproc
 587              	.LFE336:
 589              		.section	.text.BspDMA_Get_Handle,"ax",%progbits
 590              		.align	1
 591              		.syntax unified
 592              		.thumb
 593              		.thumb_func
 595              	BspDMA_Get_Handle:
 596              	.LFB337:
 158:HW_Lib/STM32H7/BSP/Bsp_DMA.c **** 
 159:HW_Lib/STM32H7/BSP/Bsp_DMA.c **** static void *BspDMA_Get_Handle(BspDMA_List dma, BspDMA_Stream_List stream)
 160:HW_Lib/STM32H7/BSP/Bsp_DMA.c **** {
 597              		.loc 1 160 1
 598              		.cfi_startproc
ARM GAS  C:\Users\HUAV\AppData\Local\Temp\cczRUSLe.s 			page 14


 599              		@ args = 0, pretend = 0, frame = 8
 600              		@ frame_needed = 1, uses_anonymous_args = 0
 601              		@ link register save eliminated.
 602 0000 80B4     		push	{r7}
 603              	.LCFI22:
 604              		.cfi_def_cfa_offset 4
 605              		.cfi_offset 7, -4
 606 0002 83B0     		sub	sp, sp, #12
 607              	.LCFI23:
 608              		.cfi_def_cfa_offset 16
 609 0004 00AF     		add	r7, sp, #0
 610              	.LCFI24:
 611              		.cfi_def_cfa_register 7
 612 0006 0346     		mov	r3, r0
 613 0008 0A46     		mov	r2, r1
 614 000a FB71     		strb	r3, [r7, #7]
 615 000c 1346     		mov	r3, r2
 616 000e BB71     		strb	r3, [r7, #6]
 161:HW_Lib/STM32H7/BSP/Bsp_DMA.c ****     if ((dma < Bsp_DMA_1) || (stream < Bsp_DMA_Stream_0))
 617              		.loc 1 161 8
 618 0010 97F90730 		ldrsb	r3, [r7, #7]
 619 0014 002B     		cmp	r3, #0
 620 0016 03DB     		blt	.L38
 621              		.loc 1 161 27 discriminator 1
 622 0018 97F90630 		ldrsb	r3, [r7, #6]
 623 001c 002B     		cmp	r3, #0
 624 001e 01DA     		bge	.L39
 625              	.L38:
 162:HW_Lib/STM32H7/BSP/Bsp_DMA.c ****         return NULL;
 626              		.loc 1 162 16
 627 0020 0023     		movs	r3, #0
 628 0022 1AE0     		b	.L40
 629              	.L39:
 163:HW_Lib/STM32H7/BSP/Bsp_DMA.c **** 
 164:HW_Lib/STM32H7/BSP/Bsp_DMA.c ****     if (((dma < Bsp_DMA_Sum) && (dma >= Bsp_DMA_1)) &&
 630              		.loc 1 164 8
 631 0024 97F90730 		ldrsb	r3, [r7, #7]
 632 0028 012B     		cmp	r3, #1
 633 002a 15DC     		bgt	.L41
 634              		.loc 1 164 30 discriminator 1
 635 002c 97F90730 		ldrsb	r3, [r7, #7]
 636 0030 002B     		cmp	r3, #0
 637 0032 11DB     		blt	.L41
 638              		.loc 1 164 53 discriminator 2
 639 0034 97F90630 		ldrsb	r3, [r7, #6]
 640 0038 072B     		cmp	r3, #7
 641 003a 0DDC     		bgt	.L41
 165:HW_Lib/STM32H7/BSP/Bsp_DMA.c ****         ((stream < Bsp_DMA_Stream_Sum) && (stream >= Bsp_DMA_Stream_0)))
 642              		.loc 1 165 40
 643 003c 97F90630 		ldrsb	r3, [r7, #6]
 644 0040 002B     		cmp	r3, #0
 645 0042 09DB     		blt	.L41
 166:HW_Lib/STM32H7/BSP/Bsp_DMA.c ****     {
 167:HW_Lib/STM32H7/BSP/Bsp_DMA.c ****         return (void *)BspDMA_Map[dma][stream];
 646              		.loc 1 167 39
 647 0044 97F90720 		ldrsb	r2, [r7, #7]
 648 0048 97F90630 		ldrsb	r3, [r7, #6]
ARM GAS  C:\Users\HUAV\AppData\Local\Temp\cczRUSLe.s 			page 15


 649              		.loc 1 167 16
 650 004c 0649     		ldr	r1, .L42
 651 004e D200     		lsls	r2, r2, #3
 652 0050 1344     		add	r3, r3, r2
 653 0052 51F82330 		ldr	r3, [r1, r3, lsl #2]
 654 0056 00E0     		b	.L40
 655              	.L41:
 168:HW_Lib/STM32H7/BSP/Bsp_DMA.c ****     }
 169:HW_Lib/STM32H7/BSP/Bsp_DMA.c **** 
 170:HW_Lib/STM32H7/BSP/Bsp_DMA.c ****     return NULL;
 656              		.loc 1 170 12
 657 0058 0023     		movs	r3, #0
 658              	.L40:
 171:HW_Lib/STM32H7/BSP/Bsp_DMA.c **** }
 659              		.loc 1 171 1
 660 005a 1846     		mov	r0, r3
 661 005c 0C37     		adds	r7, r7, #12
 662              	.LCFI25:
 663              		.cfi_def_cfa_offset 4
 664 005e BD46     		mov	sp, r7
 665              	.LCFI26:
 666              		.cfi_def_cfa_register 13
 667              		@ sp needed
 668 0060 5DF8047B 		ldr	r7, [sp], #4
 669              	.LCFI27:
 670              		.cfi_restore 7
 671              		.cfi_def_cfa_offset 0
 672 0064 7047     		bx	lr
 673              	.L43:
 674 0066 00BF     		.align	2
 675              	.L42:
 676 0068 00000000 		.word	BspDMA_Map
 677              		.cfi_endproc
 678              	.LFE337:
 680              		.section	.text.BspDMA_EnableIRQ,"ax",%progbits
 681              		.align	1
 682              		.syntax unified
 683              		.thumb
 684              		.thumb_func
 686              	BspDMA_EnableIRQ:
 687              	.LFB338:
 172:HW_Lib/STM32H7/BSP/Bsp_DMA.c **** 
 173:HW_Lib/STM32H7/BSP/Bsp_DMA.c **** static void BspDMA_EnableIRQ(BspDMA_List dma, BspDMA_Stream_List stream, uint32_t preempt, uint32_t
 174:HW_Lib/STM32H7/BSP/Bsp_DMA.c **** {
 688              		.loc 1 174 1
 689              		.cfi_startproc
 690              		@ args = 8, pretend = 0, frame = 24
 691              		@ frame_needed = 1, uses_anonymous_args = 0
 692 0000 80B5     		push	{r7, lr}
 693              	.LCFI28:
 694              		.cfi_def_cfa_offset 8
 695              		.cfi_offset 7, -8
 696              		.cfi_offset 14, -4
 697 0002 86B0     		sub	sp, sp, #24
 698              	.LCFI29:
 699              		.cfi_def_cfa_offset 32
 700 0004 00AF     		add	r7, sp, #0
ARM GAS  C:\Users\HUAV\AppData\Local\Temp\cczRUSLe.s 			page 16


 701              	.LCFI30:
 702              		.cfi_def_cfa_register 7
 703 0006 BA60     		str	r2, [r7, #8]
 704 0008 7B60     		str	r3, [r7, #4]
 705 000a 0346     		mov	r3, r0
 706 000c FB73     		strb	r3, [r7, #15]
 707 000e 0B46     		mov	r3, r1
 708 0010 BB73     		strb	r3, [r7, #14]
 175:HW_Lib/STM32H7/BSP/Bsp_DMA.c ****     UNUSED(mux_seq);
 176:HW_Lib/STM32H7/BSP/Bsp_DMA.c ****     UNUSED(cb);
 177:HW_Lib/STM32H7/BSP/Bsp_DMA.c **** 
 178:HW_Lib/STM32H7/BSP/Bsp_DMA.c ****     IRQn_Type irq = BspDMA_Get_IrqType(dma, stream);
 709              		.loc 1 178 21
 710 0012 97F90E20 		ldrsb	r2, [r7, #14]
 711 0016 97F90F30 		ldrsb	r3, [r7, #15]
 712 001a 1146     		mov	r1, r2
 713 001c 1846     		mov	r0, r3
 714 001e FFF7FEFF 		bl	BspDMA_Get_IrqType
 715 0022 0346     		mov	r3, r0
 716 0024 FB82     		strh	r3, [r7, #22]	@ movhi
 179:HW_Lib/STM32H7/BSP/Bsp_DMA.c ****     if (irq < 0)
 717              		.loc 1 179 8
 718 0026 B7F91630 		ldrsh	r3, [r7, #22]
 719 002a 002B     		cmp	r3, #0
 720 002c 0CDB     		blt	.L47
 180:HW_Lib/STM32H7/BSP/Bsp_DMA.c ****         return;
 181:HW_Lib/STM32H7/BSP/Bsp_DMA.c **** 
 182:HW_Lib/STM32H7/BSP/Bsp_DMA.c ****     HAL_NVIC_SetPriority(irq, preempt, sub);
 721              		.loc 1 182 5
 722 002e B7F91630 		ldrsh	r3, [r7, #22]
 723 0032 7A68     		ldr	r2, [r7, #4]
 724 0034 B968     		ldr	r1, [r7, #8]
 725 0036 1846     		mov	r0, r3
 726 0038 FFF7FEFF 		bl	HAL_NVIC_SetPriority
 183:HW_Lib/STM32H7/BSP/Bsp_DMA.c ****     HAL_NVIC_EnableIRQ(irq);
 727              		.loc 1 183 5
 728 003c B7F91630 		ldrsh	r3, [r7, #22]
 729 0040 1846     		mov	r0, r3
 730 0042 FFF7FEFF 		bl	HAL_NVIC_EnableIRQ
 731 0046 00E0     		b	.L44
 732              	.L47:
 180:HW_Lib/STM32H7/BSP/Bsp_DMA.c ****         return;
 733              		.loc 1 180 9
 734 0048 00BF     		nop
 735              	.L44:
 184:HW_Lib/STM32H7/BSP/Bsp_DMA.c **** }
 736              		.loc 1 184 1
 737 004a 1837     		adds	r7, r7, #24
 738              	.LCFI31:
 739              		.cfi_def_cfa_offset 8
 740 004c BD46     		mov	sp, r7
 741              	.LCFI32:
 742              		.cfi_def_cfa_register 13
 743              		@ sp needed
 744 004e 80BD     		pop	{r7, pc}
 745              		.cfi_endproc
 746              	.LFE338:
ARM GAS  C:\Users\HUAV\AppData\Local\Temp\cczRUSLe.s 			page 17


 748              		.section	.text.BspDMA_Get_IrqType,"ax",%progbits
 749              		.align	1
 750              		.syntax unified
 751              		.thumb
 752              		.thumb_func
 754              	BspDMA_Get_IrqType:
 755              	.LFB339:
 185:HW_Lib/STM32H7/BSP/Bsp_DMA.c **** 
 186:HW_Lib/STM32H7/BSP/Bsp_DMA.c **** static IRQn_Type BspDMA_Get_IrqType(BspDMA_List dma, BspDMA_Stream_List stream)
 187:HW_Lib/STM32H7/BSP/Bsp_DMA.c **** {
 756              		.loc 1 187 1
 757              		.cfi_startproc
 758              		@ args = 0, pretend = 0, frame = 8
 759              		@ frame_needed = 1, uses_anonymous_args = 0
 760              		@ link register save eliminated.
 761 0000 80B4     		push	{r7}
 762              	.LCFI33:
 763              		.cfi_def_cfa_offset 4
 764              		.cfi_offset 7, -4
 765 0002 83B0     		sub	sp, sp, #12
 766              	.LCFI34:
 767              		.cfi_def_cfa_offset 16
 768 0004 00AF     		add	r7, sp, #0
 769              	.LCFI35:
 770              		.cfi_def_cfa_register 7
 771 0006 0346     		mov	r3, r0
 772 0008 0A46     		mov	r2, r1
 773 000a FB71     		strb	r3, [r7, #7]
 774 000c 1346     		mov	r3, r2
 775 000e BB71     		strb	r3, [r7, #6]
 188:HW_Lib/STM32H7/BSP/Bsp_DMA.c ****     if ((dma < Bsp_DMA_1) || (stream < Bsp_DMA_Stream_0))
 776              		.loc 1 188 8
 777 0010 97F90730 		ldrsb	r3, [r7, #7]
 778 0014 002B     		cmp	r3, #0
 779 0016 03DB     		blt	.L49
 780              		.loc 1 188 27 discriminator 1
 781 0018 97F90630 		ldrsb	r3, [r7, #6]
 782 001c 002B     		cmp	r3, #0
 783 001e 02DA     		bge	.L50
 784              	.L49:
 189:HW_Lib/STM32H7/BSP/Bsp_DMA.c ****         return -1;
 785              		.loc 1 189 16
 786 0020 4FF0FF33 		mov	r3, #-1
 787 0024 5DE0     		b	.L51
 788              	.L50:
 190:HW_Lib/STM32H7/BSP/Bsp_DMA.c **** 
 191:HW_Lib/STM32H7/BSP/Bsp_DMA.c ****     if (dma == Bsp_DMA_1)
 789              		.loc 1 191 8
 790 0026 97F90730 		ldrsb	r3, [r7, #7]
 791 002a 002B     		cmp	r3, #0
 792 002c 29D1     		bne	.L52
 192:HW_Lib/STM32H7/BSP/Bsp_DMA.c ****     {
 193:HW_Lib/STM32H7/BSP/Bsp_DMA.c ****         switch (stream)
 793              		.loc 1 193 9
 794 002e 97F90630 		ldrsb	r3, [r7, #6]
 795 0032 072B     		cmp	r3, #7
 796 0034 22D8     		bhi	.L53
ARM GAS  C:\Users\HUAV\AppData\Local\Temp\cczRUSLe.s 			page 18


 797 0036 01A2     		adr	r2, .L55
 798 0038 52F823F0 		ldr	pc, [r2, r3, lsl #2]
 799              		.p2align 2
 800              	.L55:
 801 003c 5D000000 		.word	.L62+1
 802 0040 61000000 		.word	.L61+1
 803 0044 65000000 		.word	.L60+1
 804 0048 69000000 		.word	.L59+1
 805 004c 6D000000 		.word	.L58+1
 806 0050 71000000 		.word	.L57+1
 807 0054 75000000 		.word	.L56+1
 808 0058 79000000 		.word	.L54+1
 809              		.p2align 1
 810              	.L62:
 194:HW_Lib/STM32H7/BSP/Bsp_DMA.c ****         {
 195:HW_Lib/STM32H7/BSP/Bsp_DMA.c ****         case Bsp_DMA_Stream_0: return DMA1_Stream0_IRQn;
 811              		.loc 1 195 39
 812 005c 0B23     		movs	r3, #11
 813 005e 40E0     		b	.L51
 814              	.L61:
 196:HW_Lib/STM32H7/BSP/Bsp_DMA.c ****         case Bsp_DMA_Stream_1: return DMA1_Stream1_IRQn;
 815              		.loc 1 196 39
 816 0060 0C23     		movs	r3, #12
 817 0062 3EE0     		b	.L51
 818              	.L60:
 197:HW_Lib/STM32H7/BSP/Bsp_DMA.c ****         case Bsp_DMA_Stream_2: return DMA1_Stream2_IRQn;
 819              		.loc 1 197 39
 820 0064 0D23     		movs	r3, #13
 821 0066 3CE0     		b	.L51
 822              	.L59:
 198:HW_Lib/STM32H7/BSP/Bsp_DMA.c ****         case Bsp_DMA_Stream_3: return DMA1_Stream3_IRQn;
 823              		.loc 1 198 39
 824 0068 0E23     		movs	r3, #14
 825 006a 3AE0     		b	.L51
 826              	.L58:
 199:HW_Lib/STM32H7/BSP/Bsp_DMA.c ****         case Bsp_DMA_Stream_4: return DMA1_Stream4_IRQn;
 827              		.loc 1 199 39
 828 006c 0F23     		movs	r3, #15
 829 006e 38E0     		b	.L51
 830              	.L57:
 200:HW_Lib/STM32H7/BSP/Bsp_DMA.c ****         case Bsp_DMA_Stream_5: return DMA1_Stream5_IRQn;
 831              		.loc 1 200 39
 832 0070 1023     		movs	r3, #16
 833 0072 36E0     		b	.L51
 834              	.L56:
 201:HW_Lib/STM32H7/BSP/Bsp_DMA.c ****         case Bsp_DMA_Stream_6: return DMA1_Stream6_IRQn;
 835              		.loc 1 201 39
 836 0074 1123     		movs	r3, #17
 837 0076 34E0     		b	.L51
 838              	.L54:
 202:HW_Lib/STM32H7/BSP/Bsp_DMA.c ****         case Bsp_DMA_Stream_7: return DMA1_Stream7_IRQn;
 839              		.loc 1 202 39
 840 0078 2F23     		movs	r3, #47
 841 007a 32E0     		b	.L51
 842              	.L53:
 203:HW_Lib/STM32H7/BSP/Bsp_DMA.c ****         default: return -1;
 843              		.loc 1 203 25
ARM GAS  C:\Users\HUAV\AppData\Local\Temp\cczRUSLe.s 			page 19


 844 007c 4FF0FF33 		mov	r3, #-1
 845 0080 2FE0     		b	.L51
 846              	.L52:
 204:HW_Lib/STM32H7/BSP/Bsp_DMA.c ****         }
 205:HW_Lib/STM32H7/BSP/Bsp_DMA.c ****     }
 206:HW_Lib/STM32H7/BSP/Bsp_DMA.c ****     
 207:HW_Lib/STM32H7/BSP/Bsp_DMA.c ****     if (dma == Bsp_DMA_2)
 847              		.loc 1 207 8
 848 0082 97F90730 		ldrsb	r3, [r7, #7]
 849 0086 012B     		cmp	r3, #1
 850 0088 29D1     		bne	.L63
 208:HW_Lib/STM32H7/BSP/Bsp_DMA.c ****     {
 209:HW_Lib/STM32H7/BSP/Bsp_DMA.c ****         switch (stream)
 851              		.loc 1 209 9
 852 008a 97F90630 		ldrsb	r3, [r7, #6]
 853 008e 072B     		cmp	r3, #7
 854 0090 22D8     		bhi	.L64
 855 0092 01A2     		adr	r2, .L66
 856 0094 52F823F0 		ldr	pc, [r2, r3, lsl #2]
 857              		.p2align 2
 858              	.L66:
 859 0098 B9000000 		.word	.L73+1
 860 009c BD000000 		.word	.L72+1
 861 00a0 C1000000 		.word	.L71+1
 862 00a4 C5000000 		.word	.L70+1
 863 00a8 C9000000 		.word	.L69+1
 864 00ac CD000000 		.word	.L68+1
 865 00b0 D1000000 		.word	.L67+1
 866 00b4 D5000000 		.word	.L65+1
 867              		.p2align 1
 868              	.L73:
 210:HW_Lib/STM32H7/BSP/Bsp_DMA.c ****         {
 211:HW_Lib/STM32H7/BSP/Bsp_DMA.c ****             case Bsp_DMA_Stream_0: return DMA2_Stream0_IRQn;
 869              		.loc 1 211 43
 870 00b8 3823     		movs	r3, #56
 871 00ba 12E0     		b	.L51
 872              	.L72:
 212:HW_Lib/STM32H7/BSP/Bsp_DMA.c ****             case Bsp_DMA_Stream_1: return DMA2_Stream1_IRQn;
 873              		.loc 1 212 43
 874 00bc 3923     		movs	r3, #57
 875 00be 10E0     		b	.L51
 876              	.L71:
 213:HW_Lib/STM32H7/BSP/Bsp_DMA.c ****             case Bsp_DMA_Stream_2: return DMA2_Stream2_IRQn;
 877              		.loc 1 213 43
 878 00c0 3A23     		movs	r3, #58
 879 00c2 0EE0     		b	.L51
 880              	.L70:
 214:HW_Lib/STM32H7/BSP/Bsp_DMA.c ****             case Bsp_DMA_Stream_3: return DMA2_Stream3_IRQn;
 881              		.loc 1 214 43
 882 00c4 3B23     		movs	r3, #59
 883 00c6 0CE0     		b	.L51
 884              	.L69:
 215:HW_Lib/STM32H7/BSP/Bsp_DMA.c ****             case Bsp_DMA_Stream_4: return DMA2_Stream4_IRQn;
 885              		.loc 1 215 43
 886 00c8 3C23     		movs	r3, #60
 887 00ca 0AE0     		b	.L51
 888              	.L68:
ARM GAS  C:\Users\HUAV\AppData\Local\Temp\cczRUSLe.s 			page 20


 216:HW_Lib/STM32H7/BSP/Bsp_DMA.c ****             case Bsp_DMA_Stream_5: return DMA2_Stream5_IRQn;
 889              		.loc 1 216 43
 890 00cc 4423     		movs	r3, #68
 891 00ce 08E0     		b	.L51
 892              	.L67:
 217:HW_Lib/STM32H7/BSP/Bsp_DMA.c ****             case Bsp_DMA_Stream_6: return DMA2_Stream6_IRQn;
 893              		.loc 1 217 43
 894 00d0 4523     		movs	r3, #69
 895 00d2 06E0     		b	.L51
 896              	.L65:
 218:HW_Lib/STM32H7/BSP/Bsp_DMA.c ****             case Bsp_DMA_Stream_7: return DMA2_Stream7_IRQn;
 897              		.loc 1 218 43
 898 00d4 4623     		movs	r3, #70
 899 00d6 04E0     		b	.L51
 900              	.L64:
 219:HW_Lib/STM32H7/BSP/Bsp_DMA.c ****             default: return -1;
 901              		.loc 1 219 29
 902 00d8 4FF0FF33 		mov	r3, #-1
 903 00dc 01E0     		b	.L51
 904              	.L63:
 220:HW_Lib/STM32H7/BSP/Bsp_DMA.c ****         }
 221:HW_Lib/STM32H7/BSP/Bsp_DMA.c ****     }
 222:HW_Lib/STM32H7/BSP/Bsp_DMA.c **** 
 223:HW_Lib/STM32H7/BSP/Bsp_DMA.c ****     return -1;
 905              		.loc 1 223 12
 906 00de 4FF0FF33 		mov	r3, #-1
 907              	.L51:
 224:HW_Lib/STM32H7/BSP/Bsp_DMA.c **** }
 908              		.loc 1 224 1
 909 00e2 1846     		mov	r0, r3
 910 00e4 0C37     		adds	r7, r7, #12
 911              	.LCFI36:
 912              		.cfi_def_cfa_offset 4
 913 00e6 BD46     		mov	sp, r7
 914              	.LCFI37:
 915              		.cfi_def_cfa_register 13
 916              		@ sp needed
 917 00e8 5DF8047B 		ldr	r7, [sp], #4
 918              	.LCFI38:
 919              		.cfi_restore 7
 920              		.cfi_def_cfa_offset 0
 921 00ec 7047     		bx	lr
 922              		.cfi_endproc
 923              	.LFE339:
 925 00ee 00BF     		.section	.text.BspDMA_Pipe_Init,"ax",%progbits
 926              		.align	1
 927              		.syntax unified
 928              		.thumb
 929              		.thumb_func
 931              	BspDMA_Pipe_Init:
 932              	.LFB340:
 225:HW_Lib/STM32H7/BSP/Bsp_DMA.c **** 
 226:HW_Lib/STM32H7/BSP/Bsp_DMA.c **** static bool BspDMA_Pipe_Init(BspDMA_Pipe_TransFin_Cb fin_cb, BspDMA_Pipe_TransErr_Cb err_cb)
 227:HW_Lib/STM32H7/BSP/Bsp_DMA.c **** {
 933              		.loc 1 227 1
 934              		.cfi_startproc
 935              		@ args = 0, pretend = 0, frame = 16
ARM GAS  C:\Users\HUAV\AppData\Local\Temp\cczRUSLe.s 			page 21


 936              		@ frame_needed = 1, uses_anonymous_args = 0
 937 0000 80B5     		push	{r7, lr}
 938              	.LCFI39:
 939              		.cfi_def_cfa_offset 8
 940              		.cfi_offset 7, -8
 941              		.cfi_offset 14, -4
 942 0002 84B0     		sub	sp, sp, #16
 943              	.LCFI40:
 944              		.cfi_def_cfa_offset 24
 945 0004 00AF     		add	r7, sp, #0
 946              	.LCFI41:
 947              		.cfi_def_cfa_register 7
 948 0006 7860     		str	r0, [r7, #4]
 949 0008 3960     		str	r1, [r7]
 228:HW_Lib/STM32H7/BSP/Bsp_DMA.c ****     if(fin_cb == NULL)
 950              		.loc 1 228 7
 951 000a 7B68     		ldr	r3, [r7, #4]
 952 000c 002B     		cmp	r3, #0
 953 000e 01D1     		bne	.L75
 229:HW_Lib/STM32H7/BSP/Bsp_DMA.c ****         return false;
 954              		.loc 1 229 16
 955 0010 0023     		movs	r3, #0
 956 0012 4DE0     		b	.L76
 957              	.L75:
 958              	.LBB4:
 230:HW_Lib/STM32H7/BSP/Bsp_DMA.c **** 
 231:HW_Lib/STM32H7/BSP/Bsp_DMA.c ****     /* DMA controller clock enable */
 232:HW_Lib/STM32H7/BSP/Bsp_DMA.c ****     __HAL_RCC_DMA2_CLK_ENABLE();
 959              		.loc 1 232 5
 960 0014 284B     		ldr	r3, .L78
 961 0016 D3F8D830 		ldr	r3, [r3, #216]
 962 001a 274A     		ldr	r2, .L78
 963 001c 43F00203 		orr	r3, r3, #2
 964 0020 C2F8D830 		str	r3, [r2, #216]
 965 0024 244B     		ldr	r3, .L78
 966 0026 D3F8D830 		ldr	r3, [r3, #216]
 967 002a 03F00203 		and	r3, r3, #2
 968 002e FB60     		str	r3, [r7, #12]
 969 0030 FB68     		ldr	r3, [r7, #12]
 970              	.LBE4:
 233:HW_Lib/STM32H7/BSP/Bsp_DMA.c **** 
 234:HW_Lib/STM32H7/BSP/Bsp_DMA.c ****     /* Configure DMA request DataPipe_DMA on DMA2_Stream7 */
 235:HW_Lib/STM32H7/BSP/Bsp_DMA.c ****     DataPipe_DMA.Instance = DMA2_Stream7;
 971              		.loc 1 235 27
 972 0032 224B     		ldr	r3, .L78+4
 973 0034 224A     		ldr	r2, .L78+8
 974 0036 1A60     		str	r2, [r3]
 236:HW_Lib/STM32H7/BSP/Bsp_DMA.c ****     DataPipe_DMA.Init.Request = DMA_REQUEST_MEM2MEM;
 975              		.loc 1 236 31
 976 0038 204B     		ldr	r3, .L78+4
 977 003a 0022     		movs	r2, #0
 978 003c 5A60     		str	r2, [r3, #4]
 237:HW_Lib/STM32H7/BSP/Bsp_DMA.c ****     DataPipe_DMA.Init.Direction = DMA_MEMORY_TO_MEMORY;
 979              		.loc 1 237 33
 980 003e 1F4B     		ldr	r3, .L78+4
 981 0040 8022     		movs	r2, #128
 982 0042 9A60     		str	r2, [r3, #8]
ARM GAS  C:\Users\HUAV\AppData\Local\Temp\cczRUSLe.s 			page 22


 238:HW_Lib/STM32H7/BSP/Bsp_DMA.c ****     DataPipe_DMA.Init.PeriphInc = DMA_PINC_ENABLE;
 983              		.loc 1 238 33
 984 0044 1D4B     		ldr	r3, .L78+4
 985 0046 4FF40072 		mov	r2, #512
 986 004a DA60     		str	r2, [r3, #12]
 239:HW_Lib/STM32H7/BSP/Bsp_DMA.c ****     DataPipe_DMA.Init.MemInc = DMA_MINC_ENABLE;
 987              		.loc 1 239 30
 988 004c 1B4B     		ldr	r3, .L78+4
 989 004e 4FF48062 		mov	r2, #1024
 990 0052 1A61     		str	r2, [r3, #16]
 240:HW_Lib/STM32H7/BSP/Bsp_DMA.c ****     DataPipe_DMA.Init.PeriphDataAlignment = DMA_PDATAALIGN_BYTE;
 991              		.loc 1 240 43
 992 0054 194B     		ldr	r3, .L78+4
 993 0056 0022     		movs	r2, #0
 994 0058 5A61     		str	r2, [r3, #20]
 241:HW_Lib/STM32H7/BSP/Bsp_DMA.c ****     DataPipe_DMA.Init.MemDataAlignment = DMA_MDATAALIGN_BYTE;
 995              		.loc 1 241 40
 996 005a 184B     		ldr	r3, .L78+4
 997 005c 0022     		movs	r2, #0
 998 005e 9A61     		str	r2, [r3, #24]
 242:HW_Lib/STM32H7/BSP/Bsp_DMA.c ****     DataPipe_DMA.Init.Mode = DMA_NORMAL;
 999              		.loc 1 242 28
 1000 0060 164B     		ldr	r3, .L78+4
 1001 0062 0022     		movs	r2, #0
 1002 0064 DA61     		str	r2, [r3, #28]
 243:HW_Lib/STM32H7/BSP/Bsp_DMA.c ****     DataPipe_DMA.Init.Priority = DMA_PRIORITY_VERY_HIGH;
 1003              		.loc 1 243 32
 1004 0066 154B     		ldr	r3, .L78+4
 1005 0068 4FF44032 		mov	r2, #196608
 1006 006c 1A62     		str	r2, [r3, #32]
 244:HW_Lib/STM32H7/BSP/Bsp_DMA.c ****     DataPipe_DMA.Init.FIFOMode = DMA_FIFOMODE_ENABLE;
 1007              		.loc 1 244 32
 1008 006e 134B     		ldr	r3, .L78+4
 1009 0070 0422     		movs	r2, #4
 1010 0072 5A62     		str	r2, [r3, #36]
 245:HW_Lib/STM32H7/BSP/Bsp_DMA.c **** 
 246:HW_Lib/STM32H7/BSP/Bsp_DMA.c ****     if (HAL_DMA_Init(&DataPipe_DMA) != HAL_OK)
 1011              		.loc 1 246 9
 1012 0074 1148     		ldr	r0, .L78+4
 1013 0076 FFF7FEFF 		bl	HAL_DMA_Init
 1014 007a 0346     		mov	r3, r0
 1015              		.loc 1 246 8
 1016 007c 002B     		cmp	r3, #0
 1017 007e 01D0     		beq	.L77
 247:HW_Lib/STM32H7/BSP/Bsp_DMA.c ****         return false;
 1018              		.loc 1 247 16
 1019 0080 0023     		movs	r3, #0
 1020 0082 15E0     		b	.L76
 1021              	.L77:
 248:HW_Lib/STM32H7/BSP/Bsp_DMA.c **** 
 249:HW_Lib/STM32H7/BSP/Bsp_DMA.c ****     /* set transmit process callback */
 250:HW_Lib/STM32H7/BSP/Bsp_DMA.c ****     HAL_DMA_RegisterCallback(&DataPipe_DMA, HAL_DMA_XFER_CPLT_CB_ID, (void (*)(DMA_HandleTypeDef *)
 1022              		.loc 1 250 5
 1023 0084 7A68     		ldr	r2, [r7, #4]
 1024 0086 0021     		movs	r1, #0
 1025 0088 0C48     		ldr	r0, .L78+4
 1026 008a FFF7FEFF 		bl	HAL_DMA_RegisterCallback
ARM GAS  C:\Users\HUAV\AppData\Local\Temp\cczRUSLe.s 			page 23


 251:HW_Lib/STM32H7/BSP/Bsp_DMA.c ****     HAL_DMA_RegisterCallback(&DataPipe_DMA, HAL_DMA_XFER_ERROR_CB_ID, (void (*)(DMA_HandleTypeDef *
 1027              		.loc 1 251 5
 1028 008e 3A68     		ldr	r2, [r7]
 1029 0090 0421     		movs	r1, #4
 1030 0092 0A48     		ldr	r0, .L78+4
 1031 0094 FFF7FEFF 		bl	HAL_DMA_RegisterCallback
 252:HW_Lib/STM32H7/BSP/Bsp_DMA.c **** 
 253:HW_Lib/STM32H7/BSP/Bsp_DMA.c ****     /* DMA interrupt init */
 254:HW_Lib/STM32H7/BSP/Bsp_DMA.c ****     /* DMA2_Stream7_IRQn interrupt configuration */
 255:HW_Lib/STM32H7/BSP/Bsp_DMA.c ****     HAL_NVIC_SetPriority(DMA2_Stream7_IRQn, 5, 0);
 1032              		.loc 1 255 5
 1033 0098 0022     		movs	r2, #0
 1034 009a 0521     		movs	r1, #5
 1035 009c 4620     		movs	r0, #70
 1036 009e FFF7FEFF 		bl	HAL_NVIC_SetPriority
 256:HW_Lib/STM32H7/BSP/Bsp_DMA.c ****     HAL_NVIC_EnableIRQ(DMA2_Stream7_IRQn);
 1037              		.loc 1 256 5
 1038 00a2 4620     		movs	r0, #70
 1039 00a4 FFF7FEFF 		bl	HAL_NVIC_EnableIRQ
 257:HW_Lib/STM32H7/BSP/Bsp_DMA.c **** 
 258:HW_Lib/STM32H7/BSP/Bsp_DMA.c ****     DataPipe_DMA_Init = true;
 1040              		.loc 1 258 23
 1041 00a8 064B     		ldr	r3, .L78+12
 1042 00aa 0122     		movs	r2, #1
 1043 00ac 1A70     		strb	r2, [r3]
 259:HW_Lib/STM32H7/BSP/Bsp_DMA.c **** 
 260:HW_Lib/STM32H7/BSP/Bsp_DMA.c ****     return true;
 1044              		.loc 1 260 12
 1045 00ae 0123     		movs	r3, #1
 1046              	.L76:
 261:HW_Lib/STM32H7/BSP/Bsp_DMA.c **** }
 1047              		.loc 1 261 1
 1048 00b0 1846     		mov	r0, r3
 1049 00b2 1037     		adds	r7, r7, #16
 1050              	.LCFI42:
 1051              		.cfi_def_cfa_offset 8
 1052 00b4 BD46     		mov	sp, r7
 1053              	.LCFI43:
 1054              		.cfi_def_cfa_register 13
 1055              		@ sp needed
 1056 00b6 80BD     		pop	{r7, pc}
 1057              	.L79:
 1058              		.align	2
 1059              	.L78:
 1060 00b8 00440258 		.word	1476543488
 1061 00bc 00000000 		.word	DataPipe_DMA
 1062 00c0 B8040240 		.word	1073874104
 1063 00c4 00000000 		.word	DataPipe_DMA_Init
 1064              		.cfi_endproc
 1065              	.LFE340:
 1067              		.section	.text.BspDMA_Pipe_Trans,"ax",%progbits
 1068              		.align	1
 1069              		.syntax unified
 1070              		.thumb
 1071              		.thumb_func
 1073              	BspDMA_Pipe_Trans:
 1074              	.LFB341:
ARM GAS  C:\Users\HUAV\AppData\Local\Temp\cczRUSLe.s 			page 24


 262:HW_Lib/STM32H7/BSP/Bsp_DMA.c **** 
 263:HW_Lib/STM32H7/BSP/Bsp_DMA.c **** static bool BspDMA_Pipe_Trans(uint32_t SrcAddress, uint32_t DstAddress, uint32_t DataLength)
 264:HW_Lib/STM32H7/BSP/Bsp_DMA.c **** {
 1075              		.loc 1 264 1
 1076              		.cfi_startproc
 1077              		@ args = 0, pretend = 0, frame = 16
 1078              		@ frame_needed = 1, uses_anonymous_args = 0
 1079 0000 80B5     		push	{r7, lr}
 1080              	.LCFI44:
 1081              		.cfi_def_cfa_offset 8
 1082              		.cfi_offset 7, -8
 1083              		.cfi_offset 14, -4
 1084 0002 84B0     		sub	sp, sp, #16
 1085              	.LCFI45:
 1086              		.cfi_def_cfa_offset 24
 1087 0004 00AF     		add	r7, sp, #0
 1088              	.LCFI46:
 1089              		.cfi_def_cfa_register 7
 1090 0006 F860     		str	r0, [r7, #12]
 1091 0008 B960     		str	r1, [r7, #8]
 1092 000a 7A60     		str	r2, [r7, #4]
 265:HW_Lib/STM32H7/BSP/Bsp_DMA.c ****     if (!DataPipe_DMA_Init || \
 1093              		.loc 1 265 9
 1094 000c 124B     		ldr	r3, .L85
 1095 000e 1B78     		ldrb	r3, [r3]	@ zero_extendqisi2
 1096 0010 83F00103 		eor	r3, r3, #1
 1097 0014 DBB2     		uxtb	r3, r3
 1098              		.loc 1 265 8
 1099 0016 002B     		cmp	r3, #0
 1100 0018 08D1     		bne	.L81
 1101              		.loc 1 265 28 discriminator 1
 1102 001a FB68     		ldr	r3, [r7, #12]
 1103 001c 002B     		cmp	r3, #0
 1104 001e 05D0     		beq	.L81
 266:HW_Lib/STM32H7/BSP/Bsp_DMA.c ****         (SrcAddress == 0) || \
 1105              		.loc 1 266 27
 1106 0020 BB68     		ldr	r3, [r7, #8]
 1107 0022 002B     		cmp	r3, #0
 1108 0024 02D0     		beq	.L81
 267:HW_Lib/STM32H7/BSP/Bsp_DMA.c ****         (DstAddress == 0) || \
 1109              		.loc 1 267 27
 1110 0026 7B68     		ldr	r3, [r7, #4]
 1111 0028 002B     		cmp	r3, #0
 1112 002a 01D1     		bne	.L82
 1113              	.L81:
 268:HW_Lib/STM32H7/BSP/Bsp_DMA.c ****         (DataLength == 0))
 269:HW_Lib/STM32H7/BSP/Bsp_DMA.c ****         return false;
 1114              		.loc 1 269 16
 1115 002c 0023     		movs	r3, #0
 1116 002e 0EE0     		b	.L83
 1117              	.L82:
 270:HW_Lib/STM32H7/BSP/Bsp_DMA.c **** 
 271:HW_Lib/STM32H7/BSP/Bsp_DMA.c ****     if(HAL_DMA_Start_IT(&DataPipe_DMA, SrcAddress, DstAddress, DataLength) != HAL_OK)
 1118              		.loc 1 271 8
 1119 0030 7B68     		ldr	r3, [r7, #4]
 1120 0032 BA68     		ldr	r2, [r7, #8]
 1121 0034 F968     		ldr	r1, [r7, #12]
ARM GAS  C:\Users\HUAV\AppData\Local\Temp\cczRUSLe.s 			page 25


 1122 0036 0948     		ldr	r0, .L85+4
 1123 0038 FFF7FEFF 		bl	HAL_DMA_Start_IT
 1124 003c 0346     		mov	r3, r0
 1125              		.loc 1 271 7
 1126 003e 002B     		cmp	r3, #0
 1127 0040 04D0     		beq	.L84
 272:HW_Lib/STM32H7/BSP/Bsp_DMA.c ****     {
 273:HW_Lib/STM32H7/BSP/Bsp_DMA.c ****         HAL_DMA_Abort_IT(&DataPipe_DMA);
 1128              		.loc 1 273 9
 1129 0042 0648     		ldr	r0, .L85+4
 1130 0044 FFF7FEFF 		bl	HAL_DMA_Abort_IT
 274:HW_Lib/STM32H7/BSP/Bsp_DMA.c ****         return false;
 1131              		.loc 1 274 16
 1132 0048 0023     		movs	r3, #0
 1133 004a 00E0     		b	.L83
 1134              	.L84:
 275:HW_Lib/STM32H7/BSP/Bsp_DMA.c ****     }
 276:HW_Lib/STM32H7/BSP/Bsp_DMA.c **** 
 277:HW_Lib/STM32H7/BSP/Bsp_DMA.c ****     return true;
 1135              		.loc 1 277 12
 1136 004c 0123     		movs	r3, #1
 1137              	.L83:
 278:HW_Lib/STM32H7/BSP/Bsp_DMA.c **** }
 1138              		.loc 1 278 1
 1139 004e 1846     		mov	r0, r3
 1140 0050 1037     		adds	r7, r7, #16
 1141              	.LCFI47:
 1142              		.cfi_def_cfa_offset 8
 1143 0052 BD46     		mov	sp, r7
 1144              	.LCFI48:
 1145              		.cfi_def_cfa_register 13
 1146              		@ sp needed
 1147 0054 80BD     		pop	{r7, pc}
 1148              	.L86:
 1149 0056 00BF     		.align	2
 1150              	.L85:
 1151 0058 00000000 		.word	DataPipe_DMA_Init
 1152 005c 00000000 		.word	DataPipe_DMA
 1153              		.cfi_endproc
 1154              	.LFE341:
 1156              		.section	.text.BspDMA_Get_Pipe_Handle,"ax",%progbits
 1157              		.align	1
 1158              		.syntax unified
 1159              		.thumb
 1160              		.thumb_func
 1162              	BspDMA_Get_Pipe_Handle:
 1163              	.LFB342:
 279:HW_Lib/STM32H7/BSP/Bsp_DMA.c **** 
 280:HW_Lib/STM32H7/BSP/Bsp_DMA.c **** static void* BspDMA_Get_Pipe_Handle(void)
 281:HW_Lib/STM32H7/BSP/Bsp_DMA.c **** {
 1164              		.loc 1 281 1
 1165              		.cfi_startproc
 1166              		@ args = 0, pretend = 0, frame = 0
 1167              		@ frame_needed = 1, uses_anonymous_args = 0
 1168              		@ link register save eliminated.
 1169 0000 80B4     		push	{r7}
 1170              	.LCFI49:
ARM GAS  C:\Users\HUAV\AppData\Local\Temp\cczRUSLe.s 			page 26


 1171              		.cfi_def_cfa_offset 4
 1172              		.cfi_offset 7, -4
 1173 0002 00AF     		add	r7, sp, #0
 1174              	.LCFI50:
 1175              		.cfi_def_cfa_register 7
 282:HW_Lib/STM32H7/BSP/Bsp_DMA.c ****     if(!DataPipe_DMA_Init)
 1176              		.loc 1 282 8
 1177 0004 074B     		ldr	r3, .L90
 1178 0006 1B78     		ldrb	r3, [r3]	@ zero_extendqisi2
 1179 0008 83F00103 		eor	r3, r3, #1
 1180 000c DBB2     		uxtb	r3, r3
 1181              		.loc 1 282 7
 1182 000e 002B     		cmp	r3, #0
 1183 0010 01D0     		beq	.L88
 283:HW_Lib/STM32H7/BSP/Bsp_DMA.c ****         return NULL;
 1184              		.loc 1 283 16
 1185 0012 0023     		movs	r3, #0
 1186 0014 00E0     		b	.L89
 1187              	.L88:
 284:HW_Lib/STM32H7/BSP/Bsp_DMA.c **** 
 285:HW_Lib/STM32H7/BSP/Bsp_DMA.c ****     return (void *)&DataPipe_DMA;
 1188              		.loc 1 285 12
 1189 0016 044B     		ldr	r3, .L90+4
 1190              	.L89:
 286:HW_Lib/STM32H7/BSP/Bsp_DMA.c **** }
 1191              		.loc 1 286 1
 1192 0018 1846     		mov	r0, r3
 1193 001a BD46     		mov	sp, r7
 1194              	.LCFI51:
 1195              		.cfi_def_cfa_register 13
 1196              		@ sp needed
 1197 001c 5DF8047B 		ldr	r7, [sp], #4
 1198              	.LCFI52:
 1199              		.cfi_restore 7
 1200              		.cfi_def_cfa_offset 0
 1201 0020 7047     		bx	lr
 1202              	.L91:
 1203 0022 00BF     		.align	2
 1204              	.L90:
 1205 0024 00000000 		.word	DataPipe_DMA_Init
 1206 0028 00000000 		.word	DataPipe_DMA
 1207              		.cfi_endproc
 1208              	.LFE342:
 1210              		.text
 1211              	.Letext0:
 1212              		.file 2 "d:\\hpm-compile-tool\\gcc-arm-none-eabi-10.3-win\\arm-none-eabi\\include\\machine\\_defau
 1213              		.file 3 "d:\\hpm-compile-tool\\gcc-arm-none-eabi-10.3-win\\arm-none-eabi\\include\\sys\\_stdint.h"
 1214              		.file 4 "HW_Lib/PortApi_Def/Bsp_DMA_Port_Def.h"
 1215              		.file 5 "HW_Lib/STM32H7/HAL_Lib/CMSIS/Device/ST/STM32H7xx/Include/stm32h743xx.h"
 1216              		.file 6 "HW_Lib/STM32H7/HAL_Lib/STM32H7xx_HAL_Driver/Inc/stm32h7xx_hal_def.h"
 1217              		.file 7 "HW_Lib/STM32H7/HAL_Lib/STM32H7xx_HAL_Driver/Inc/stm32h7xx_hal_dma.h"
 1218              		.file 8 "HW_Lib/STM32H7/BSP/Bsp_DMA.h"
ARM GAS  C:\Users\HUAV\AppData\Local\Temp\cczRUSLe.s 			page 27


DEFINED SYMBOLS
                            *ABS*:00000000 Bsp_DMA.c
C:\Users\HUAV\AppData\Local\Temp\cczRUSLe.s:19     .bss.BspDMA_Map:00000000 $d
C:\Users\HUAV\AppData\Local\Temp\cczRUSLe.s:22     .bss.BspDMA_Map:00000000 BspDMA_Map
C:\Users\HUAV\AppData\Local\Temp\cczRUSLe.s:25     .bss.DataPipe_DMA:00000000 $d
C:\Users\HUAV\AppData\Local\Temp\cczRUSLe.s:28     .bss.DataPipe_DMA:00000000 DataPipe_DMA
C:\Users\HUAV\AppData\Local\Temp\cczRUSLe.s:33     .bss.DataPipe_DMA_Init:00000000 DataPipe_DMA_Init
C:\Users\HUAV\AppData\Local\Temp\cczRUSLe.s:34     .bss.DataPipe_DMA_Init:00000000 $d
C:\Users\HUAV\AppData\Local\Temp\cczRUSLe.s:36     .data.BspDMA1_Instance_List:00000000 $d
C:\Users\HUAV\AppData\Local\Temp\cczRUSLe.s:39     .data.BspDMA1_Instance_List:00000000 BspDMA1_Instance_List
C:\Users\HUAV\AppData\Local\Temp\cczRUSLe.s:49     .data.BspDMA2_Instance_List:00000000 $d
C:\Users\HUAV\AppData\Local\Temp\cczRUSLe.s:52     .data.BspDMA2_Instance_List:00000000 BspDMA2_Instance_List
C:\Users\HUAV\AppData\Local\Temp\cczRUSLe.s:64     .bss.dma1_clk_init:00000000 dma1_clk_init
C:\Users\HUAV\AppData\Local\Temp\cczRUSLe.s:65     .bss.dma1_clk_init:00000000 $d
C:\Users\HUAV\AppData\Local\Temp\cczRUSLe.s:69     .bss.dma2_clk_init:00000000 dma2_clk_init
C:\Users\HUAV\AppData\Local\Temp\cczRUSLe.s:70     .bss.dma2_clk_init:00000000 $d
C:\Users\HUAV\AppData\Local\Temp\cczRUSLe.s:76     .data.BspDMA:00000000 BspDMA
C:\Users\HUAV\AppData\Local\Temp\cczRUSLe.s:73     .data.BspDMA:00000000 $d
C:\Users\HUAV\AppData\Local\Temp\cczRUSLe.s:260    .text.BspDMA_DeInit:00000000 BspDMA_DeInit
C:\Users\HUAV\AppData\Local\Temp\cczRUSLe.s:389    .text.BspDMA_Regist_Obj:00000000 BspDMA_Regist_Obj
C:\Users\HUAV\AppData\Local\Temp\cczRUSLe.s:501    .text.BspDMA_Unregist_Obj:00000000 BspDMA_Unregist_Obj
C:\Users\HUAV\AppData\Local\Temp\cczRUSLe.s:595    .text.BspDMA_Get_Handle:00000000 BspDMA_Get_Handle
C:\Users\HUAV\AppData\Local\Temp\cczRUSLe.s:100    .text.BspDMA_Get_Instance:00000000 BspDMA_Get_Instance
C:\Users\HUAV\AppData\Local\Temp\cczRUSLe.s:686    .text.BspDMA_EnableIRQ:00000000 BspDMA_EnableIRQ
C:\Users\HUAV\AppData\Local\Temp\cczRUSLe.s:89     .data.BspDMA_Pipe:00000000 BspDMA_Pipe
C:\Users\HUAV\AppData\Local\Temp\cczRUSLe.s:86     .data.BspDMA_Pipe:00000000 $d
C:\Users\HUAV\AppData\Local\Temp\cczRUSLe.s:931    .text.BspDMA_Pipe_Init:00000000 BspDMA_Pipe_Init
C:\Users\HUAV\AppData\Local\Temp\cczRUSLe.s:1073   .text.BspDMA_Pipe_Trans:00000000 BspDMA_Pipe_Trans
C:\Users\HUAV\AppData\Local\Temp\cczRUSLe.s:1162   .text.BspDMA_Get_Pipe_Handle:00000000 BspDMA_Get_Pipe_Handle
C:\Users\HUAV\AppData\Local\Temp\cczRUSLe.s:95     .text.BspDMA_Get_Instance:00000000 $t
C:\Users\HUAV\AppData\Local\Temp\cczRUSLe.s:246    .text.BspDMA_Get_Instance:000000e0 $d
C:\Users\HUAV\AppData\Local\Temp\cczRUSLe.s:255    .text.BspDMA_DeInit:00000000 $t
C:\Users\HUAV\AppData\Local\Temp\cczRUSLe.s:754    .text.BspDMA_Get_IrqType:00000000 BspDMA_Get_IrqType
C:\Users\HUAV\AppData\Local\Temp\cczRUSLe.s:377    .text.BspDMA_DeInit:000000b0 $d
C:\Users\HUAV\AppData\Local\Temp\cczRUSLe.s:384    .text.BspDMA_Regist_Obj:00000000 $t
C:\Users\HUAV\AppData\Local\Temp\cczRUSLe.s:491    .text.BspDMA_Regist_Obj:0000008c $d
C:\Users\HUAV\AppData\Local\Temp\cczRUSLe.s:496    .text.BspDMA_Unregist_Obj:00000000 $t
C:\Users\HUAV\AppData\Local\Temp\cczRUSLe.s:585    .text.BspDMA_Unregist_Obj:0000006c $d
C:\Users\HUAV\AppData\Local\Temp\cczRUSLe.s:590    .text.BspDMA_Get_Handle:00000000 $t
C:\Users\HUAV\AppData\Local\Temp\cczRUSLe.s:676    .text.BspDMA_Get_Handle:00000068 $d
C:\Users\HUAV\AppData\Local\Temp\cczRUSLe.s:681    .text.BspDMA_EnableIRQ:00000000 $t
C:\Users\HUAV\AppData\Local\Temp\cczRUSLe.s:749    .text.BspDMA_Get_IrqType:00000000 $t
C:\Users\HUAV\AppData\Local\Temp\cczRUSLe.s:801    .text.BspDMA_Get_IrqType:0000003c $d
C:\Users\HUAV\AppData\Local\Temp\cczRUSLe.s:809    .text.BspDMA_Get_IrqType:0000005c $t
C:\Users\HUAV\AppData\Local\Temp\cczRUSLe.s:859    .text.BspDMA_Get_IrqType:00000098 $d
C:\Users\HUAV\AppData\Local\Temp\cczRUSLe.s:867    .text.BspDMA_Get_IrqType:000000b8 $t
C:\Users\HUAV\AppData\Local\Temp\cczRUSLe.s:926    .text.BspDMA_Pipe_Init:00000000 $t
C:\Users\HUAV\AppData\Local\Temp\cczRUSLe.s:1060   .text.BspDMA_Pipe_Init:000000b8 $d
C:\Users\HUAV\AppData\Local\Temp\cczRUSLe.s:1068   .text.BspDMA_Pipe_Trans:00000000 $t
C:\Users\HUAV\AppData\Local\Temp\cczRUSLe.s:1151   .text.BspDMA_Pipe_Trans:00000058 $d
C:\Users\HUAV\AppData\Local\Temp\cczRUSLe.s:1157   .text.BspDMA_Get_Pipe_Handle:00000000 $t
C:\Users\HUAV\AppData\Local\Temp\cczRUSLe.s:1205   .text.BspDMA_Get_Pipe_Handle:00000024 $d

UNDEFINED SYMBOLS
HAL_DMA_DeInit
HAL_NVIC_DisableIRQ
HAL_NVIC_SetPriority
ARM GAS  C:\Users\HUAV\AppData\Local\Temp\cczRUSLe.s 			page 28


HAL_NVIC_EnableIRQ
HAL_DMA_Init
HAL_DMA_RegisterCallback
HAL_DMA_Start_IT
HAL_DMA_Abort_IT
