ARM GAS  C:\Users\HUAV\AppData\Local\Temp\ccvClVct.s 			page 1


   1              		.cpu cortex-m7
   2              		.arch armv7e-m
   3              		.fpu fpv5-d16
   4              		.eabi_attribute 28, 1
   5              		.eabi_attribute 20, 1
   6              		.eabi_attribute 21, 1
   7              		.eabi_attribute 23, 3
   8              		.eabi_attribute 24, 1
   9              		.eabi_attribute 25, 1
  10              		.eabi_attribute 26, 1
  11              		.eabi_attribute 30, 6
  12              		.eabi_attribute 34, 1
  13              		.eabi_attribute 18, 4
  14              		.file	"Bsp_GPIO.c"
  15              		.text
  16              	.Ltext0:
  17              		.cfi_sections	.debug_frame
  18              		.section	.bss.EXTI_CallBack_List,"aw",%nobits
  19              		.align	2
  22              	EXTI_CallBack_List:
  23 0000 00000000 		.space	64
  23      00000000 
  23      00000000 
  23      00000000 
  23      00000000 
  24              		.global	BspGPIO
  25              		.section	.data.BspGPIO,"aw"
  26              		.align	2
  29              	BspGPIO:
  30 0000 00000000 		.word	BspGPIO_ExtiInit
  31 0004 00000000 		.word	BspGPIO_Output_Init
  32 0008 00000000 		.word	BspGPIO_Input_Init
  33 000c 00000000 		.word	BspGPIO_Alternate_Init
  34 0010 00000000 		.word	BspGPIO_Read
  35 0014 00000000 		.word	BspGPIO_ResetExtiCallback
  36 0018 00000000 		.word	BspGPIO_ExtiSetMode
  37 001c 00000000 		.word	BspGPIO_Write
  38 0020 00000000 		.space	4
  39              		.section	.text.BspGPIO_GetEXTI_Index,"ax",%progbits
  40              		.align	1
  41              		.syntax unified
  42              		.thumb
  43              		.thumb_func
  45              	BspGPIO_GetEXTI_Index:
  46              	.LFB336:
  47              		.file 1 "HW_Lib/STM32H7/BSP/Bsp_GPIO.c"
   1:HW_Lib/STM32H7/BSP/Bsp_GPIO.c **** #include "Bsp_GPIO.h"
   2:HW_Lib/STM32H7/BSP/Bsp_GPIO.c **** #include "debug_util.h"
   3:HW_Lib/STM32H7/BSP/Bsp_GPIO.c **** 
   4:HW_Lib/STM32H7/BSP/Bsp_GPIO.c **** /* interbal function */
   5:HW_Lib/STM32H7/BSP/Bsp_GPIO.c **** static EXTI_Callback EXTI_CallBack_List[GPIO_EXTI_SUM] = {NULL};
   6:HW_Lib/STM32H7/BSP/Bsp_GPIO.c **** 
   7:HW_Lib/STM32H7/BSP/Bsp_GPIO.c **** /* internal function */
   8:HW_Lib/STM32H7/BSP/Bsp_GPIO.c **** static void BspGPIO_CLK_Enable(GPIO_TypeDef *port);
   9:HW_Lib/STM32H7/BSP/Bsp_GPIO.c **** static uint8_t BspGPIO_GetEXTI_Index(uint16_t exti_id);
  10:HW_Lib/STM32H7/BSP/Bsp_GPIO.c **** static IRQn_Type BspGPIO_GetExti_IRQnID(BspGPIO_Obj_TypeDef IO_Obj);
  11:HW_Lib/STM32H7/BSP/Bsp_GPIO.c **** 
ARM GAS  C:\Users\HUAV\AppData\Local\Temp\ccvClVct.s 			page 2


  12:HW_Lib/STM32H7/BSP/Bsp_GPIO.c **** /* external function */
  13:HW_Lib/STM32H7/BSP/Bsp_GPIO.c **** static bool BspGPIO_Output_Init(BspGPIO_Obj_TypeDef IO_Obj);
  14:HW_Lib/STM32H7/BSP/Bsp_GPIO.c **** static bool BspGPIO_Input_Init(BspGPIO_Obj_TypeDef IO_Obj);
  15:HW_Lib/STM32H7/BSP/Bsp_GPIO.c **** static bool BspGPIO_Alternate_Init(BspGPIO_Obj_TypeDef IO_Obj, uint32_t af_mode);
  16:HW_Lib/STM32H7/BSP/Bsp_GPIO.c **** static bool BspGPIO_Read(BspGPIO_Obj_TypeDef IO_Obj);
  17:HW_Lib/STM32H7/BSP/Bsp_GPIO.c **** static void BspGPIO_Write(BspGPIO_Obj_TypeDef IO_Obj, bool state);
  18:HW_Lib/STM32H7/BSP/Bsp_GPIO.c **** static bool BspGPIO_ExtiInit(BspGPIO_Obj_TypeDef IO_Obj, EXTI_Callback callback);
  19:HW_Lib/STM32H7/BSP/Bsp_GPIO.c **** static bool BspGPIO_ResetExtiCallback(BspGPIO_Obj_TypeDef IO_Obj, EXTI_Callback callback);
  20:HW_Lib/STM32H7/BSP/Bsp_GPIO.c **** static bool BspGPIO_ExtiSetMode(BspGPIO_Obj_TypeDef IO_Obj, BspGPOP_ExtiMode_List mode);
  21:HW_Lib/STM32H7/BSP/Bsp_GPIO.c **** 
  22:HW_Lib/STM32H7/BSP/Bsp_GPIO.c **** BspGPIO_TypeDef BspGPIO = {
  23:HW_Lib/STM32H7/BSP/Bsp_GPIO.c ****     .exti_init = BspGPIO_ExtiInit,
  24:HW_Lib/STM32H7/BSP/Bsp_GPIO.c ****     .in_init = BspGPIO_Input_Init,
  25:HW_Lib/STM32H7/BSP/Bsp_GPIO.c ****     .out_init = BspGPIO_Output_Init,
  26:HW_Lib/STM32H7/BSP/Bsp_GPIO.c ****     .alt_init = BspGPIO_Alternate_Init,
  27:HW_Lib/STM32H7/BSP/Bsp_GPIO.c ****     .read = BspGPIO_Read,
  28:HW_Lib/STM32H7/BSP/Bsp_GPIO.c ****     .write = BspGPIO_Write,
  29:HW_Lib/STM32H7/BSP/Bsp_GPIO.c ****     .set_exti_callback = BspGPIO_ResetExtiCallback,
  30:HW_Lib/STM32H7/BSP/Bsp_GPIO.c ****     .set_exti_mode = BspGPIO_ExtiSetMode,
  31:HW_Lib/STM32H7/BSP/Bsp_GPIO.c **** };
  32:HW_Lib/STM32H7/BSP/Bsp_GPIO.c **** 
  33:HW_Lib/STM32H7/BSP/Bsp_GPIO.c **** static uint8_t BspGPIO_GetEXTI_Index(uint16_t exti_id)
  34:HW_Lib/STM32H7/BSP/Bsp_GPIO.c **** {
  48              		.loc 1 34 1
  49              		.cfi_startproc
  50              		@ args = 0, pretend = 0, frame = 24
  51              		@ frame_needed = 1, uses_anonymous_args = 0
  52              		@ link register save eliminated.
  53 0000 80B4     		push	{r7}
  54              	.LCFI0:
  55              		.cfi_def_cfa_offset 4
  56              		.cfi_offset 7, -4
  57 0002 87B0     		sub	sp, sp, #28
  58              	.LCFI1:
  59              		.cfi_def_cfa_offset 32
  60 0004 00AF     		add	r7, sp, #0
  61              	.LCFI2:
  62              		.cfi_def_cfa_register 7
  63 0006 0346     		mov	r3, r0
  64 0008 FB80     		strh	r3, [r7, #6]	@ movhi
  35:HW_Lib/STM32H7/BSP/Bsp_GPIO.c ****     float f_exti_id = (float)exti_id;
  65              		.loc 1 35 23
  66 000a FB88     		ldrh	r3, [r7, #6]
  67 000c 07EE903A 		vmov	s15, r3	@ int
  68 0010 F8EE677A 		vcvt.f32.u32	s15, s15
  69              		.loc 1 35 11
  70 0014 C7ED037A 		vstr.32	s15, [r7, #12]
  36:HW_Lib/STM32H7/BSP/Bsp_GPIO.c ****     uint32_t u32_exti_id = 0;
  71              		.loc 1 36 14
  72 0018 0023     		movs	r3, #0
  73 001a 7B61     		str	r3, [r7, #20]
  37:HW_Lib/STM32H7/BSP/Bsp_GPIO.c ****     uint8_t exp = 0;
  74              		.loc 1 37 13
  75 001c 0023     		movs	r3, #0
  76 001e FB74     		strb	r3, [r7, #19]
  38:HW_Lib/STM32H7/BSP/Bsp_GPIO.c **** 
  39:HW_Lib/STM32H7/BSP/Bsp_GPIO.c ****     u32_exti_id = *((unsigned long *)(&f_exti_id));
ARM GAS  C:\Users\HUAV\AppData\Local\Temp\ccvClVct.s 			page 3


  77              		.loc 1 39 39
  78 0020 07F10C03 		add	r3, r7, #12
  79              		.loc 1 39 17
  80 0024 1B68     		ldr	r3, [r3]
  81 0026 7B61     		str	r3, [r7, #20]
  40:HW_Lib/STM32H7/BSP/Bsp_GPIO.c **** 
  41:HW_Lib/STM32H7/BSP/Bsp_GPIO.c ****     exp = (u32_exti_id >> 23) & 0xFF;
  82              		.loc 1 41 24
  83 0028 7B69     		ldr	r3, [r7, #20]
  84 002a DB0D     		lsrs	r3, r3, #23
  85              		.loc 1 41 9
  86 002c FB74     		strb	r3, [r7, #19]
  42:HW_Lib/STM32H7/BSP/Bsp_GPIO.c ****     exp -= 127;
  87              		.loc 1 42 9
  88 002e FB7C     		ldrb	r3, [r7, #19]
  89 0030 7F3B     		subs	r3, r3, #127
  90 0032 FB74     		strb	r3, [r7, #19]
  43:HW_Lib/STM32H7/BSP/Bsp_GPIO.c **** 
  44:HW_Lib/STM32H7/BSP/Bsp_GPIO.c ****     return exp;
  91              		.loc 1 44 12
  92 0034 FB7C     		ldrb	r3, [r7, #19]	@ zero_extendqisi2
  45:HW_Lib/STM32H7/BSP/Bsp_GPIO.c **** }
  93              		.loc 1 45 1
  94 0036 1846     		mov	r0, r3
  95 0038 1C37     		adds	r7, r7, #28
  96              	.LCFI3:
  97              		.cfi_def_cfa_offset 4
  98 003a BD46     		mov	sp, r7
  99              	.LCFI4:
 100              		.cfi_def_cfa_register 13
 101              		@ sp needed
 102 003c 5DF8047B 		ldr	r7, [sp], #4
 103              	.LCFI5:
 104              		.cfi_restore 7
 105              		.cfi_def_cfa_offset 0
 106 0040 7047     		bx	lr
 107              		.cfi_endproc
 108              	.LFE336:
 110              		.section	.text.BspGPIO_CLK_Enable,"ax",%progbits
 111              		.align	1
 112              		.syntax unified
 113              		.thumb
 114              		.thumb_func
 116              	BspGPIO_CLK_Enable:
 117              	.LFB337:
  46:HW_Lib/STM32H7/BSP/Bsp_GPIO.c **** 
  47:HW_Lib/STM32H7/BSP/Bsp_GPIO.c **** static void BspGPIO_CLK_Enable(GPIO_TypeDef *port)
  48:HW_Lib/STM32H7/BSP/Bsp_GPIO.c **** {
 118              		.loc 1 48 1
 119              		.cfi_startproc
 120              		@ args = 0, pretend = 0, frame = 56
 121              		@ frame_needed = 1, uses_anonymous_args = 0
 122              		@ link register save eliminated.
 123 0000 80B4     		push	{r7}
 124              	.LCFI6:
 125              		.cfi_def_cfa_offset 4
 126              		.cfi_offset 7, -4
ARM GAS  C:\Users\HUAV\AppData\Local\Temp\ccvClVct.s 			page 4


 127 0002 8FB0     		sub	sp, sp, #60
 128              	.LCFI7:
 129              		.cfi_def_cfa_offset 64
 130 0004 00AF     		add	r7, sp, #0
 131              	.LCFI8:
 132              		.cfi_def_cfa_register 7
 133 0006 7860     		str	r0, [r7, #4]
  49:HW_Lib/STM32H7/BSP/Bsp_GPIO.c ****     if (port == GPIOA)
 134              		.loc 1 49 8
 135 0008 7B68     		ldr	r3, [r7, #4]
 136 000a 704A     		ldr	r2, .L16
 137 000c 9342     		cmp	r3, r2
 138 000e 0FD1     		bne	.L4
 139              	.LBB2:
  50:HW_Lib/STM32H7/BSP/Bsp_GPIO.c ****         __HAL_RCC_GPIOA_CLK_ENABLE();
 140              		.loc 1 50 9
 141 0010 6F4B     		ldr	r3, .L16+4
 142 0012 D3F8E030 		ldr	r3, [r3, #224]
 143 0016 6E4A     		ldr	r2, .L16+4
 144 0018 43F00103 		orr	r3, r3, #1
 145 001c C2F8E030 		str	r3, [r2, #224]
 146 0020 6B4B     		ldr	r3, .L16+4
 147 0022 D3F8E030 		ldr	r3, [r3, #224]
 148 0026 03F00103 		and	r3, r3, #1
 149 002a 7B63     		str	r3, [r7, #52]
 150 002c 7B6B     		ldr	r3, [r7, #52]
 151              	.LBE2:
  51:HW_Lib/STM32H7/BSP/Bsp_GPIO.c ****     else if (port == GPIOB)
  52:HW_Lib/STM32H7/BSP/Bsp_GPIO.c ****         __HAL_RCC_GPIOB_CLK_ENABLE();
  53:HW_Lib/STM32H7/BSP/Bsp_GPIO.c ****     else if (port == GPIOC)
  54:HW_Lib/STM32H7/BSP/Bsp_GPIO.c ****         __HAL_RCC_GPIOC_CLK_ENABLE();
  55:HW_Lib/STM32H7/BSP/Bsp_GPIO.c ****     else if (port == GPIOD)
  56:HW_Lib/STM32H7/BSP/Bsp_GPIO.c ****         __HAL_RCC_GPIOD_CLK_ENABLE();
  57:HW_Lib/STM32H7/BSP/Bsp_GPIO.c ****     else if (port == GPIOE)
  58:HW_Lib/STM32H7/BSP/Bsp_GPIO.c ****         __HAL_RCC_GPIOE_CLK_ENABLE();
  59:HW_Lib/STM32H7/BSP/Bsp_GPIO.c ****     else if (port == GPIOF)
  60:HW_Lib/STM32H7/BSP/Bsp_GPIO.c ****         __HAL_RCC_GPIOF_CLK_ENABLE();
  61:HW_Lib/STM32H7/BSP/Bsp_GPIO.c ****     else if (port == GPIOG)
  62:HW_Lib/STM32H7/BSP/Bsp_GPIO.c ****         __HAL_RCC_GPIOG_CLK_ENABLE();
  63:HW_Lib/STM32H7/BSP/Bsp_GPIO.c ****     else if (port == GPIOH)
  64:HW_Lib/STM32H7/BSP/Bsp_GPIO.c ****         __HAL_RCC_GPIOH_CLK_ENABLE();
  65:HW_Lib/STM32H7/BSP/Bsp_GPIO.c **** #if defined(GPIOI)
  66:HW_Lib/STM32H7/BSP/Bsp_GPIO.c ****     else if (port == GPIOI)
  67:HW_Lib/STM32H7/BSP/Bsp_GPIO.c ****         __HAL_RCC_GPIOI_CLK_ENABLE();
  68:HW_Lib/STM32H7/BSP/Bsp_GPIO.c **** #endif
  69:HW_Lib/STM32H7/BSP/Bsp_GPIO.c ****     else if (port == GPIOJ)
  70:HW_Lib/STM32H7/BSP/Bsp_GPIO.c ****         __HAL_RCC_GPIOJ_CLK_ENABLE();
  71:HW_Lib/STM32H7/BSP/Bsp_GPIO.c ****     else if (port == GPIOK)
  72:HW_Lib/STM32H7/BSP/Bsp_GPIO.c ****         __HAL_RCC_GPIOK_CLK_ENABLE();
  73:HW_Lib/STM32H7/BSP/Bsp_GPIO.c **** }
 152              		.loc 1 73 1
 153 002e C6E0     		b	.L15
 154              	.L4:
  51:HW_Lib/STM32H7/BSP/Bsp_GPIO.c ****     else if (port == GPIOB)
 155              		.loc 1 51 13
 156 0030 7B68     		ldr	r3, [r7, #4]
 157 0032 684A     		ldr	r2, .L16+8
ARM GAS  C:\Users\HUAV\AppData\Local\Temp\ccvClVct.s 			page 5


 158 0034 9342     		cmp	r3, r2
 159 0036 0FD1     		bne	.L6
 160              	.LBB3:
  52:HW_Lib/STM32H7/BSP/Bsp_GPIO.c ****     else if (port == GPIOC)
 161              		.loc 1 52 9
 162 0038 654B     		ldr	r3, .L16+4
 163 003a D3F8E030 		ldr	r3, [r3, #224]
 164 003e 644A     		ldr	r2, .L16+4
 165 0040 43F00203 		orr	r3, r3, #2
 166 0044 C2F8E030 		str	r3, [r2, #224]
 167 0048 614B     		ldr	r3, .L16+4
 168 004a D3F8E030 		ldr	r3, [r3, #224]
 169 004e 03F00203 		and	r3, r3, #2
 170 0052 3B63     		str	r3, [r7, #48]
 171 0054 3B6B     		ldr	r3, [r7, #48]
 172              	.LBE3:
 173              		.loc 1 73 1
 174 0056 B2E0     		b	.L15
 175              	.L6:
  53:HW_Lib/STM32H7/BSP/Bsp_GPIO.c ****         __HAL_RCC_GPIOC_CLK_ENABLE();
 176              		.loc 1 53 13
 177 0058 7B68     		ldr	r3, [r7, #4]
 178 005a 5F4A     		ldr	r2, .L16+12
 179 005c 9342     		cmp	r3, r2
 180 005e 0FD1     		bne	.L7
 181              	.LBB4:
  54:HW_Lib/STM32H7/BSP/Bsp_GPIO.c ****     else if (port == GPIOD)
 182              		.loc 1 54 9
 183 0060 5B4B     		ldr	r3, .L16+4
 184 0062 D3F8E030 		ldr	r3, [r3, #224]
 185 0066 5A4A     		ldr	r2, .L16+4
 186 0068 43F00403 		orr	r3, r3, #4
 187 006c C2F8E030 		str	r3, [r2, #224]
 188 0070 574B     		ldr	r3, .L16+4
 189 0072 D3F8E030 		ldr	r3, [r3, #224]
 190 0076 03F00403 		and	r3, r3, #4
 191 007a FB62     		str	r3, [r7, #44]
 192 007c FB6A     		ldr	r3, [r7, #44]
 193              	.LBE4:
 194              		.loc 1 73 1
 195 007e 9EE0     		b	.L15
 196              	.L7:
  55:HW_Lib/STM32H7/BSP/Bsp_GPIO.c ****         __HAL_RCC_GPIOD_CLK_ENABLE();
 197              		.loc 1 55 13
 198 0080 7B68     		ldr	r3, [r7, #4]
 199 0082 564A     		ldr	r2, .L16+16
 200 0084 9342     		cmp	r3, r2
 201 0086 0FD1     		bne	.L8
 202              	.LBB5:
  56:HW_Lib/STM32H7/BSP/Bsp_GPIO.c ****     else if (port == GPIOE)
 203              		.loc 1 56 9
 204 0088 514B     		ldr	r3, .L16+4
 205 008a D3F8E030 		ldr	r3, [r3, #224]
 206 008e 504A     		ldr	r2, .L16+4
 207 0090 43F00803 		orr	r3, r3, #8
 208 0094 C2F8E030 		str	r3, [r2, #224]
 209 0098 4D4B     		ldr	r3, .L16+4
ARM GAS  C:\Users\HUAV\AppData\Local\Temp\ccvClVct.s 			page 6


 210 009a D3F8E030 		ldr	r3, [r3, #224]
 211 009e 03F00803 		and	r3, r3, #8
 212 00a2 BB62     		str	r3, [r7, #40]
 213 00a4 BB6A     		ldr	r3, [r7, #40]
 214              	.LBE5:
 215              		.loc 1 73 1
 216 00a6 8AE0     		b	.L15
 217              	.L8:
  57:HW_Lib/STM32H7/BSP/Bsp_GPIO.c ****         __HAL_RCC_GPIOE_CLK_ENABLE();
 218              		.loc 1 57 13
 219 00a8 7B68     		ldr	r3, [r7, #4]
 220 00aa 4D4A     		ldr	r2, .L16+20
 221 00ac 9342     		cmp	r3, r2
 222 00ae 0FD1     		bne	.L9
 223              	.LBB6:
  58:HW_Lib/STM32H7/BSP/Bsp_GPIO.c ****     else if (port == GPIOF)
 224              		.loc 1 58 9
 225 00b0 474B     		ldr	r3, .L16+4
 226 00b2 D3F8E030 		ldr	r3, [r3, #224]
 227 00b6 464A     		ldr	r2, .L16+4
 228 00b8 43F01003 		orr	r3, r3, #16
 229 00bc C2F8E030 		str	r3, [r2, #224]
 230 00c0 434B     		ldr	r3, .L16+4
 231 00c2 D3F8E030 		ldr	r3, [r3, #224]
 232 00c6 03F01003 		and	r3, r3, #16
 233 00ca 7B62     		str	r3, [r7, #36]
 234 00cc 7B6A     		ldr	r3, [r7, #36]
 235              	.LBE6:
 236              		.loc 1 73 1
 237 00ce 76E0     		b	.L15
 238              	.L9:
  59:HW_Lib/STM32H7/BSP/Bsp_GPIO.c ****         __HAL_RCC_GPIOF_CLK_ENABLE();
 239              		.loc 1 59 13
 240 00d0 7B68     		ldr	r3, [r7, #4]
 241 00d2 444A     		ldr	r2, .L16+24
 242 00d4 9342     		cmp	r3, r2
 243 00d6 0FD1     		bne	.L10
 244              	.LBB7:
  60:HW_Lib/STM32H7/BSP/Bsp_GPIO.c ****     else if (port == GPIOG)
 245              		.loc 1 60 9
 246 00d8 3D4B     		ldr	r3, .L16+4
 247 00da D3F8E030 		ldr	r3, [r3, #224]
 248 00de 3C4A     		ldr	r2, .L16+4
 249 00e0 43F02003 		orr	r3, r3, #32
 250 00e4 C2F8E030 		str	r3, [r2, #224]
 251 00e8 394B     		ldr	r3, .L16+4
 252 00ea D3F8E030 		ldr	r3, [r3, #224]
 253 00ee 03F02003 		and	r3, r3, #32
 254 00f2 3B62     		str	r3, [r7, #32]
 255 00f4 3B6A     		ldr	r3, [r7, #32]
 256              	.LBE7:
 257              		.loc 1 73 1
 258 00f6 62E0     		b	.L15
 259              	.L10:
  61:HW_Lib/STM32H7/BSP/Bsp_GPIO.c ****         __HAL_RCC_GPIOG_CLK_ENABLE();
 260              		.loc 1 61 13
 261 00f8 7B68     		ldr	r3, [r7, #4]
ARM GAS  C:\Users\HUAV\AppData\Local\Temp\ccvClVct.s 			page 7


 262 00fa 3B4A     		ldr	r2, .L16+28
 263 00fc 9342     		cmp	r3, r2
 264 00fe 0FD1     		bne	.L11
 265              	.LBB8:
  62:HW_Lib/STM32H7/BSP/Bsp_GPIO.c ****     else if (port == GPIOH)
 266              		.loc 1 62 9
 267 0100 334B     		ldr	r3, .L16+4
 268 0102 D3F8E030 		ldr	r3, [r3, #224]
 269 0106 324A     		ldr	r2, .L16+4
 270 0108 43F04003 		orr	r3, r3, #64
 271 010c C2F8E030 		str	r3, [r2, #224]
 272 0110 2F4B     		ldr	r3, .L16+4
 273 0112 D3F8E030 		ldr	r3, [r3, #224]
 274 0116 03F04003 		and	r3, r3, #64
 275 011a FB61     		str	r3, [r7, #28]
 276 011c FB69     		ldr	r3, [r7, #28]
 277              	.LBE8:
 278              		.loc 1 73 1
 279 011e 4EE0     		b	.L15
 280              	.L11:
  63:HW_Lib/STM32H7/BSP/Bsp_GPIO.c ****         __HAL_RCC_GPIOH_CLK_ENABLE();
 281              		.loc 1 63 13
 282 0120 7B68     		ldr	r3, [r7, #4]
 283 0122 324A     		ldr	r2, .L16+32
 284 0124 9342     		cmp	r3, r2
 285 0126 0FD1     		bne	.L12
 286              	.LBB9:
  64:HW_Lib/STM32H7/BSP/Bsp_GPIO.c **** #if defined(GPIOI)
 287              		.loc 1 64 9
 288 0128 294B     		ldr	r3, .L16+4
 289 012a D3F8E030 		ldr	r3, [r3, #224]
 290 012e 284A     		ldr	r2, .L16+4
 291 0130 43F08003 		orr	r3, r3, #128
 292 0134 C2F8E030 		str	r3, [r2, #224]
 293 0138 254B     		ldr	r3, .L16+4
 294 013a D3F8E030 		ldr	r3, [r3, #224]
 295 013e 03F08003 		and	r3, r3, #128
 296 0142 BB61     		str	r3, [r7, #24]
 297 0144 BB69     		ldr	r3, [r7, #24]
 298              	.LBE9:
 299              		.loc 1 73 1
 300 0146 3AE0     		b	.L15
 301              	.L12:
  66:HW_Lib/STM32H7/BSP/Bsp_GPIO.c ****         __HAL_RCC_GPIOI_CLK_ENABLE();
 302              		.loc 1 66 13
 303 0148 7B68     		ldr	r3, [r7, #4]
 304 014a 294A     		ldr	r2, .L16+36
 305 014c 9342     		cmp	r3, r2
 306 014e 0FD1     		bne	.L13
 307              	.LBB10:
  67:HW_Lib/STM32H7/BSP/Bsp_GPIO.c **** #endif
 308              		.loc 1 67 9
 309 0150 1F4B     		ldr	r3, .L16+4
 310 0152 D3F8E030 		ldr	r3, [r3, #224]
 311 0156 1E4A     		ldr	r2, .L16+4
 312 0158 43F48073 		orr	r3, r3, #256
 313 015c C2F8E030 		str	r3, [r2, #224]
ARM GAS  C:\Users\HUAV\AppData\Local\Temp\ccvClVct.s 			page 8


 314 0160 1B4B     		ldr	r3, .L16+4
 315 0162 D3F8E030 		ldr	r3, [r3, #224]
 316 0166 03F48073 		and	r3, r3, #256
 317 016a 7B61     		str	r3, [r7, #20]
 318 016c 7B69     		ldr	r3, [r7, #20]
 319              	.LBE10:
 320              		.loc 1 73 1
 321 016e 26E0     		b	.L15
 322              	.L13:
  69:HW_Lib/STM32H7/BSP/Bsp_GPIO.c ****         __HAL_RCC_GPIOJ_CLK_ENABLE();
 323              		.loc 1 69 13
 324 0170 7B68     		ldr	r3, [r7, #4]
 325 0172 204A     		ldr	r2, .L16+40
 326 0174 9342     		cmp	r3, r2
 327 0176 0FD1     		bne	.L14
 328              	.LBB11:
  70:HW_Lib/STM32H7/BSP/Bsp_GPIO.c ****     else if (port == GPIOK)
 329              		.loc 1 70 9
 330 0178 154B     		ldr	r3, .L16+4
 331 017a D3F8E030 		ldr	r3, [r3, #224]
 332 017e 144A     		ldr	r2, .L16+4
 333 0180 43F40073 		orr	r3, r3, #512
 334 0184 C2F8E030 		str	r3, [r2, #224]
 335 0188 114B     		ldr	r3, .L16+4
 336 018a D3F8E030 		ldr	r3, [r3, #224]
 337 018e 03F40073 		and	r3, r3, #512
 338 0192 3B61     		str	r3, [r7, #16]
 339 0194 3B69     		ldr	r3, [r7, #16]
 340              	.LBE11:
 341              		.loc 1 73 1
 342 0196 12E0     		b	.L15
 343              	.L14:
  71:HW_Lib/STM32H7/BSP/Bsp_GPIO.c ****         __HAL_RCC_GPIOK_CLK_ENABLE();
 344              		.loc 1 71 13
 345 0198 7B68     		ldr	r3, [r7, #4]
 346 019a 174A     		ldr	r2, .L16+44
 347 019c 9342     		cmp	r3, r2
 348 019e 0ED1     		bne	.L15
 349              	.LBB12:
  72:HW_Lib/STM32H7/BSP/Bsp_GPIO.c **** }
 350              		.loc 1 72 9
 351 01a0 0B4B     		ldr	r3, .L16+4
 352 01a2 D3F8E030 		ldr	r3, [r3, #224]
 353 01a6 0A4A     		ldr	r2, .L16+4
 354 01a8 43F48063 		orr	r3, r3, #1024
 355 01ac C2F8E030 		str	r3, [r2, #224]
 356 01b0 074B     		ldr	r3, .L16+4
 357 01b2 D3F8E030 		ldr	r3, [r3, #224]
 358 01b6 03F48063 		and	r3, r3, #1024
 359 01ba FB60     		str	r3, [r7, #12]
 360 01bc FB68     		ldr	r3, [r7, #12]
 361              	.L15:
 362              	.LBE12:
 363              		.loc 1 73 1
 364 01be 00BF     		nop
 365 01c0 3C37     		adds	r7, r7, #60
 366              	.LCFI9:
ARM GAS  C:\Users\HUAV\AppData\Local\Temp\ccvClVct.s 			page 9


 367              		.cfi_def_cfa_offset 4
 368 01c2 BD46     		mov	sp, r7
 369              	.LCFI10:
 370              		.cfi_def_cfa_register 13
 371              		@ sp needed
 372 01c4 5DF8047B 		ldr	r7, [sp], #4
 373              	.LCFI11:
 374              		.cfi_restore 7
 375              		.cfi_def_cfa_offset 0
 376 01c8 7047     		bx	lr
 377              	.L17:
 378 01ca 00BF     		.align	2
 379              	.L16:
 380 01cc 00000258 		.word	1476526080
 381 01d0 00440258 		.word	1476543488
 382 01d4 00040258 		.word	1476527104
 383 01d8 00080258 		.word	1476528128
 384 01dc 000C0258 		.word	1476529152
 385 01e0 00100258 		.word	1476530176
 386 01e4 00140258 		.word	1476531200
 387 01e8 00180258 		.word	1476532224
 388 01ec 001C0258 		.word	1476533248
 389 01f0 00200258 		.word	1476534272
 390 01f4 00240258 		.word	1476535296
 391 01f8 00280258 		.word	1476536320
 392              		.cfi_endproc
 393              	.LFE337:
 395              		.section	.text.BspGPIO_GetExti_IRQnID,"ax",%progbits
 396              		.align	1
 397              		.syntax unified
 398              		.thumb
 399              		.thumb_func
 401              	BspGPIO_GetExti_IRQnID:
 402              	.LFB338:
  74:HW_Lib/STM32H7/BSP/Bsp_GPIO.c **** 
  75:HW_Lib/STM32H7/BSP/Bsp_GPIO.c **** static IRQn_Type BspGPIO_GetExti_IRQnID(BspGPIO_Obj_TypeDef IO_Obj)
  76:HW_Lib/STM32H7/BSP/Bsp_GPIO.c **** {
 403              		.loc 1 76 1
 404              		.cfi_startproc
 405              		@ args = 0, pretend = 0, frame = 16
 406              		@ frame_needed = 1, uses_anonymous_args = 0
 407 0000 80B5     		push	{r7, lr}
 408              	.LCFI12:
 409              		.cfi_def_cfa_offset 8
 410              		.cfi_offset 7, -8
 411              		.cfi_offset 14, -4
 412 0002 84B0     		sub	sp, sp, #16
 413              	.LCFI13:
 414              		.cfi_def_cfa_offset 24
 415 0004 00AF     		add	r7, sp, #0
 416              	.LCFI14:
 417              		.cfi_def_cfa_register 7
 418 0006 3B1D     		adds	r3, r7, #4
 419 0008 83E80700 		stm	r3, {r0, r1, r2}
  77:HW_Lib/STM32H7/BSP/Bsp_GPIO.c ****     switch ((uint16_t)IO_Obj.pin)
 420              		.loc 1 77 29
 421 000c 3B89     		ldrh	r3, [r7, #8]
ARM GAS  C:\Users\HUAV\AppData\Local\Temp\ccvClVct.s 			page 10


 422              		.loc 1 77 5
 423 000e B3F5004F 		cmp	r3, #32768
 424 0012 00F08E80 		beq	.L19
 425 0016 B3F5004F 		cmp	r3, #32768
 426 001a 00F38C80 		bgt	.L20
 427 001e B3F5804F 		cmp	r3, #16384
 428 0022 00F08680 		beq	.L19
 429 0026 B3F5804F 		cmp	r3, #16384
 430 002a 00F38480 		bgt	.L20
 431 002e B3F5005F 		cmp	r3, #8192
 432 0032 7ED0     		beq	.L19
 433 0034 B3F5005F 		cmp	r3, #8192
 434 0038 7DDC     		bgt	.L20
 435 003a B3F5805F 		cmp	r3, #4096
 436 003e 78D0     		beq	.L19
 437 0040 B3F5805F 		cmp	r3, #4096
 438 0044 77DC     		bgt	.L20
 439 0046 B3F5006F 		cmp	r3, #2048
 440 004a 72D0     		beq	.L19
 441 004c B3F5006F 		cmp	r3, #2048
 442 0050 71DC     		bgt	.L20
 443 0052 B3F5806F 		cmp	r3, #1024
 444 0056 6CD0     		beq	.L19
 445 0058 B3F5806F 		cmp	r3, #1024
 446 005c 6BDC     		bgt	.L20
 447 005e B3F5007F 		cmp	r3, #512
 448 0062 64D0     		beq	.L21
 449 0064 B3F5007F 		cmp	r3, #512
 450 0068 65DC     		bgt	.L20
 451 006a B3F5807F 		cmp	r3, #256
 452 006e 5ED0     		beq	.L21
 453 0070 B3F5807F 		cmp	r3, #256
 454 0074 5FDC     		bgt	.L20
 455 0076 802B     		cmp	r3, #128
 456 0078 59D0     		beq	.L21
 457 007a 802B     		cmp	r3, #128
 458 007c 5BDC     		bgt	.L20
 459 007e 202B     		cmp	r3, #32
 460 0080 48DC     		bgt	.L22
 461 0082 002B     		cmp	r3, #0
 462 0084 57DD     		ble	.L20
 463 0086 013B     		subs	r3, r3, #1
 464 0088 1F2B     		cmp	r3, #31
 465 008a 54D8     		bhi	.L20
 466 008c 01A2     		adr	r2, .L23
 467 008e 52F823F0 		ldr	pc, [r2, r3, lsl #2]
 468 0092 00BF     		.p2align 2
 469              	.L23:
 470 0094 1B010000 		.word	.L28+1
 471 0098 1F010000 		.word	.L27+1
 472 009c 37010000 		.word	.L20+1
 473 00a0 23010000 		.word	.L26+1
 474 00a4 37010000 		.word	.L20+1
 475 00a8 37010000 		.word	.L20+1
 476 00ac 37010000 		.word	.L20+1
 477 00b0 27010000 		.word	.L25+1
 478 00b4 37010000 		.word	.L20+1
ARM GAS  C:\Users\HUAV\AppData\Local\Temp\ccvClVct.s 			page 11


 479 00b8 37010000 		.word	.L20+1
 480 00bc 37010000 		.word	.L20+1
 481 00c0 37010000 		.word	.L20+1
 482 00c4 37010000 		.word	.L20+1
 483 00c8 37010000 		.word	.L20+1
 484 00cc 37010000 		.word	.L20+1
 485 00d0 2B010000 		.word	.L24+1
 486 00d4 37010000 		.word	.L20+1
 487 00d8 37010000 		.word	.L20+1
 488 00dc 37010000 		.word	.L20+1
 489 00e0 37010000 		.word	.L20+1
 490 00e4 37010000 		.word	.L20+1
 491 00e8 37010000 		.word	.L20+1
 492 00ec 37010000 		.word	.L20+1
 493 00f0 37010000 		.word	.L20+1
 494 00f4 37010000 		.word	.L20+1
 495 00f8 37010000 		.word	.L20+1
 496 00fc 37010000 		.word	.L20+1
 497 0100 37010000 		.word	.L20+1
 498 0104 37010000 		.word	.L20+1
 499 0108 37010000 		.word	.L20+1
 500 010c 37010000 		.word	.L20+1
 501 0110 2F010000 		.word	.L21+1
 502              		.p2align 1
 503              	.L22:
 504 0114 402B     		cmp	r3, #64
 505 0116 0AD0     		beq	.L21
 506 0118 0DE0     		b	.L20
 507              	.L28:
  78:HW_Lib/STM32H7/BSP/Bsp_GPIO.c ****     {
  79:HW_Lib/STM32H7/BSP/Bsp_GPIO.c ****     case GPIO_PIN_0:
  80:HW_Lib/STM32H7/BSP/Bsp_GPIO.c ****         return EXTI0_IRQn;
 508              		.loc 1 80 16
 509 011a 0623     		movs	r3, #6
 510 011c 10E0     		b	.L29
 511              	.L27:
  81:HW_Lib/STM32H7/BSP/Bsp_GPIO.c **** 
  82:HW_Lib/STM32H7/BSP/Bsp_GPIO.c ****     case GPIO_PIN_1:
  83:HW_Lib/STM32H7/BSP/Bsp_GPIO.c ****         return EXTI1_IRQn;
 512              		.loc 1 83 16
 513 011e 0723     		movs	r3, #7
 514 0120 0EE0     		b	.L29
 515              	.L26:
  84:HW_Lib/STM32H7/BSP/Bsp_GPIO.c **** 
  85:HW_Lib/STM32H7/BSP/Bsp_GPIO.c ****     case GPIO_PIN_2:
  86:HW_Lib/STM32H7/BSP/Bsp_GPIO.c ****         return EXTI2_IRQn;
 516              		.loc 1 86 16
 517 0122 0823     		movs	r3, #8
 518 0124 0CE0     		b	.L29
 519              	.L25:
  87:HW_Lib/STM32H7/BSP/Bsp_GPIO.c **** 
  88:HW_Lib/STM32H7/BSP/Bsp_GPIO.c ****     case GPIO_PIN_3:
  89:HW_Lib/STM32H7/BSP/Bsp_GPIO.c ****         return EXTI3_IRQn;
 520              		.loc 1 89 16
 521 0126 0923     		movs	r3, #9
 522 0128 0AE0     		b	.L29
 523              	.L24:
ARM GAS  C:\Users\HUAV\AppData\Local\Temp\ccvClVct.s 			page 12


  90:HW_Lib/STM32H7/BSP/Bsp_GPIO.c **** 
  91:HW_Lib/STM32H7/BSP/Bsp_GPIO.c ****     case GPIO_PIN_4:
  92:HW_Lib/STM32H7/BSP/Bsp_GPIO.c ****         return EXTI4_IRQn;
 524              		.loc 1 92 16
 525 012a 0A23     		movs	r3, #10
 526 012c 08E0     		b	.L29
 527              	.L21:
  93:HW_Lib/STM32H7/BSP/Bsp_GPIO.c **** 
  94:HW_Lib/STM32H7/BSP/Bsp_GPIO.c ****     case GPIO_PIN_5:
  95:HW_Lib/STM32H7/BSP/Bsp_GPIO.c ****     case GPIO_PIN_6:
  96:HW_Lib/STM32H7/BSP/Bsp_GPIO.c ****     case GPIO_PIN_7:
  97:HW_Lib/STM32H7/BSP/Bsp_GPIO.c ****     case GPIO_PIN_8:
  98:HW_Lib/STM32H7/BSP/Bsp_GPIO.c ****     case GPIO_PIN_9:
  99:HW_Lib/STM32H7/BSP/Bsp_GPIO.c ****         return EXTI9_5_IRQn;
 528              		.loc 1 99 16
 529 012e 1723     		movs	r3, #23
 530 0130 06E0     		b	.L29
 531              	.L19:
 100:HW_Lib/STM32H7/BSP/Bsp_GPIO.c **** 
 101:HW_Lib/STM32H7/BSP/Bsp_GPIO.c ****     case GPIO_PIN_10:
 102:HW_Lib/STM32H7/BSP/Bsp_GPIO.c ****     case GPIO_PIN_11:
 103:HW_Lib/STM32H7/BSP/Bsp_GPIO.c ****     case GPIO_PIN_12:
 104:HW_Lib/STM32H7/BSP/Bsp_GPIO.c ****     case GPIO_PIN_13:
 105:HW_Lib/STM32H7/BSP/Bsp_GPIO.c ****     case GPIO_PIN_14:
 106:HW_Lib/STM32H7/BSP/Bsp_GPIO.c ****     case GPIO_PIN_15:
 107:HW_Lib/STM32H7/BSP/Bsp_GPIO.c ****         return EXTI15_10_IRQn;
 532              		.loc 1 107 16
 533 0132 2823     		movs	r3, #40
 534 0134 04E0     		b	.L29
 535              	.L20:
 108:HW_Lib/STM32H7/BSP/Bsp_GPIO.c **** 
 109:HW_Lib/STM32H7/BSP/Bsp_GPIO.c ****     default:
 110:HW_Lib/STM32H7/BSP/Bsp_GPIO.c ****         assert(true);
 536              		.loc 1 110 9
 537 0136 0120     		movs	r0, #1
 538 0138 FFF7FEFF 		bl	assert
 111:HW_Lib/STM32H7/BSP/Bsp_GPIO.c ****         break;
 539              		.loc 1 111 9
 540 013c 00BF     		nop
 112:HW_Lib/STM32H7/BSP/Bsp_GPIO.c ****     }
 113:HW_Lib/STM32H7/BSP/Bsp_GPIO.c **** 
 114:HW_Lib/STM32H7/BSP/Bsp_GPIO.c ****     return 0;
 541              		.loc 1 114 12
 542 013e 0023     		movs	r3, #0
 543              	.L29:
 115:HW_Lib/STM32H7/BSP/Bsp_GPIO.c **** }
 544              		.loc 1 115 1
 545 0140 1846     		mov	r0, r3
 546 0142 1037     		adds	r7, r7, #16
 547              	.LCFI15:
 548              		.cfi_def_cfa_offset 8
 549 0144 BD46     		mov	sp, r7
 550              	.LCFI16:
 551              		.cfi_def_cfa_register 13
 552              		@ sp needed
 553 0146 80BD     		pop	{r7, pc}
 554              		.cfi_endproc
ARM GAS  C:\Users\HUAV\AppData\Local\Temp\ccvClVct.s 			page 13


 555              	.LFE338:
 557              		.section	.text.BspGPIO_ExtiSetMode,"ax",%progbits
 558              		.align	1
 559              		.syntax unified
 560              		.thumb
 561              		.thumb_func
 563              	BspGPIO_ExtiSetMode:
 564              	.LFB339:
 116:HW_Lib/STM32H7/BSP/Bsp_GPIO.c **** 
 117:HW_Lib/STM32H7/BSP/Bsp_GPIO.c **** static bool BspGPIO_ExtiSetMode(BspGPIO_Obj_TypeDef IO_Obj, BspGPOP_ExtiMode_List mode)
 118:HW_Lib/STM32H7/BSP/Bsp_GPIO.c **** {
 565              		.loc 1 118 1
 566              		.cfi_startproc
 567              		@ args = 0, pretend = 0, frame = 40
 568              		@ frame_needed = 1, uses_anonymous_args = 0
 569 0000 90B5     		push	{r4, r7, lr}
 570              	.LCFI17:
 571              		.cfi_def_cfa_offset 12
 572              		.cfi_offset 4, -12
 573              		.cfi_offset 7, -8
 574              		.cfi_offset 14, -4
 575 0002 8BB0     		sub	sp, sp, #44
 576              	.LCFI18:
 577              		.cfi_def_cfa_offset 56
 578 0004 00AF     		add	r7, sp, #0
 579              	.LCFI19:
 580              		.cfi_def_cfa_register 7
 581 0006 3C1D     		adds	r4, r7, #4
 582 0008 84E80700 		stm	r4, {r0, r1, r2}
 583 000c FB70     		strb	r3, [r7, #3]
 119:HW_Lib/STM32H7/BSP/Bsp_GPIO.c ****     uint32_t mode_val;
 120:HW_Lib/STM32H7/BSP/Bsp_GPIO.c ****     GPIO_InitTypeDef cfg_structure;
 121:HW_Lib/STM32H7/BSP/Bsp_GPIO.c **** 
 122:HW_Lib/STM32H7/BSP/Bsp_GPIO.c ****     if (IO_Obj.port == NULL)
 584              		.loc 1 122 15
 585 000e 7B68     		ldr	r3, [r7, #4]
 586              		.loc 1 122 8
 587 0010 002B     		cmp	r3, #0
 588 0012 01D1     		bne	.L31
 123:HW_Lib/STM32H7/BSP/Bsp_GPIO.c ****         return false;
 589              		.loc 1 123 16
 590 0014 0023     		movs	r3, #0
 591 0016 50E0     		b	.L38
 592              	.L31:
 124:HW_Lib/STM32H7/BSP/Bsp_GPIO.c **** 
 125:HW_Lib/STM32H7/BSP/Bsp_GPIO.c ****     HAL_NVIC_DisableIRQ(BspGPIO_GetExti_IRQnID(IO_Obj));
 593              		.loc 1 125 5
 594 0018 3B1D     		adds	r3, r7, #4
 595 001a 93E80700 		ldm	r3, {r0, r1, r2}
 596 001e FFF7FEFF 		bl	BspGPIO_GetExti_IRQnID
 597 0022 0346     		mov	r3, r0
 598 0024 1846     		mov	r0, r3
 599 0026 FFF7FEFF 		bl	HAL_NVIC_DisableIRQ
 126:HW_Lib/STM32H7/BSP/Bsp_GPIO.c **** 
 127:HW_Lib/STM32H7/BSP/Bsp_GPIO.c ****     switch ((uint8_t)mode)
 600              		.loc 1 127 13
 601 002a FB78     		ldrb	r3, [r7, #3]	@ zero_extendqisi2
ARM GAS  C:\Users\HUAV\AppData\Local\Temp\ccvClVct.s 			page 14


 602              		.loc 1 127 5
 603 002c 032B     		cmp	r3, #3
 604 002e 0ED0     		beq	.L33
 605 0030 032B     		cmp	r3, #3
 606 0032 10DC     		bgt	.L34
 607 0034 012B     		cmp	r3, #1
 608 0036 02D0     		beq	.L35
 609 0038 022B     		cmp	r3, #2
 610 003a 04D0     		beq	.L36
 611 003c 0BE0     		b	.L34
 612              	.L35:
 128:HW_Lib/STM32H7/BSP/Bsp_GPIO.c ****     {
 129:HW_Lib/STM32H7/BSP/Bsp_GPIO.c ****     case GPIO_Exti_Rasing:
 130:HW_Lib/STM32H7/BSP/Bsp_GPIO.c ****         mode_val = GPIO_MODE_IT_RISING;
 613              		.loc 1 130 18
 614 003e 4FF48813 		mov	r3, #1114112
 615 0042 7B62     		str	r3, [r7, #36]
 131:HW_Lib/STM32H7/BSP/Bsp_GPIO.c ****         break;
 616              		.loc 1 131 9
 617 0044 0BE0     		b	.L37
 618              	.L36:
 132:HW_Lib/STM32H7/BSP/Bsp_GPIO.c **** 
 133:HW_Lib/STM32H7/BSP/Bsp_GPIO.c ****     case GPIO_Exti_Falling:
 134:HW_Lib/STM32H7/BSP/Bsp_GPIO.c ****         mode_val = GPIO_MODE_IT_FALLING;
 619              		.loc 1 134 18
 620 0046 4FF40413 		mov	r3, #2162688
 621 004a 7B62     		str	r3, [r7, #36]
 135:HW_Lib/STM32H7/BSP/Bsp_GPIO.c ****         break;
 622              		.loc 1 135 9
 623 004c 07E0     		b	.L37
 624              	.L33:
 136:HW_Lib/STM32H7/BSP/Bsp_GPIO.c **** 
 137:HW_Lib/STM32H7/BSP/Bsp_GPIO.c ****     case GPIO_Exti_TwoEdge:
 138:HW_Lib/STM32H7/BSP/Bsp_GPIO.c ****         mode_val = GPIO_MODE_IT_RISING_FALLING;
 625              		.loc 1 138 18
 626 004e 4FF44413 		mov	r3, #3211264
 627 0052 7B62     		str	r3, [r7, #36]
 139:HW_Lib/STM32H7/BSP/Bsp_GPIO.c ****         break;
 628              		.loc 1 139 9
 629 0054 03E0     		b	.L37
 630              	.L34:
 140:HW_Lib/STM32H7/BSP/Bsp_GPIO.c **** 
 141:HW_Lib/STM32H7/BSP/Bsp_GPIO.c ****     default:
 142:HW_Lib/STM32H7/BSP/Bsp_GPIO.c ****         mode_val = GPIO_MODE_IT_FALLING;
 631              		.loc 1 142 18
 632 0056 4FF40413 		mov	r3, #2162688
 633 005a 7B62     		str	r3, [r7, #36]
 143:HW_Lib/STM32H7/BSP/Bsp_GPIO.c ****         break;
 634              		.loc 1 143 9
 635 005c 00BF     		nop
 636              	.L37:
 144:HW_Lib/STM32H7/BSP/Bsp_GPIO.c ****     }
 145:HW_Lib/STM32H7/BSP/Bsp_GPIO.c **** 
 146:HW_Lib/STM32H7/BSP/Bsp_GPIO.c ****     BspGPIO_CLK_Enable(IO_Obj.port);
 637              		.loc 1 146 30
 638 005e 7B68     		ldr	r3, [r7, #4]
 639              		.loc 1 146 5
ARM GAS  C:\Users\HUAV\AppData\Local\Temp\ccvClVct.s 			page 15


 640 0060 1846     		mov	r0, r3
 641 0062 FFF7FEFF 		bl	BspGPIO_CLK_Enable
 147:HW_Lib/STM32H7/BSP/Bsp_GPIO.c **** 
 148:HW_Lib/STM32H7/BSP/Bsp_GPIO.c ****     cfg_structure.Pin = IO_Obj.pin;
 642              		.loc 1 148 31
 643 0066 3B89     		ldrh	r3, [r7, #8]
 644              		.loc 1 148 23
 645 0068 3B61     		str	r3, [r7, #16]
 149:HW_Lib/STM32H7/BSP/Bsp_GPIO.c ****     cfg_structure.Mode = mode_val;
 646              		.loc 1 149 24
 647 006a 7B6A     		ldr	r3, [r7, #36]
 648 006c 7B61     		str	r3, [r7, #20]
 150:HW_Lib/STM32H7/BSP/Bsp_GPIO.c ****     cfg_structure.Pull = GPIO_NOPULL;
 649              		.loc 1 150 24
 650 006e 0023     		movs	r3, #0
 651 0070 BB61     		str	r3, [r7, #24]
 151:HW_Lib/STM32H7/BSP/Bsp_GPIO.c ****     cfg_structure.Speed = GPIO_SPEED_FREQ_VERY_HIGH;
 652              		.loc 1 151 25
 653 0072 0323     		movs	r3, #3
 654 0074 FB61     		str	r3, [r7, #28]
 152:HW_Lib/STM32H7/BSP/Bsp_GPIO.c **** 
 153:HW_Lib/STM32H7/BSP/Bsp_GPIO.c ****     HAL_GPIO_WritePin(IO_Obj.port, IO_Obj.pin, IO_Obj.init_state);
 655              		.loc 1 153 29
 656 0076 7B68     		ldr	r3, [r7, #4]
 657              		.loc 1 153 5
 658 0078 3989     		ldrh	r1, [r7, #8]
 659              		.loc 1 153 54
 660 007a BA7A     		ldrb	r2, [r7, #10]	@ zero_extendqisi2
 661              		.loc 1 153 5
 662 007c 1846     		mov	r0, r3
 663 007e FFF7FEFF 		bl	HAL_GPIO_WritePin
 154:HW_Lib/STM32H7/BSP/Bsp_GPIO.c ****     HAL_GPIO_Init(IO_Obj.port, &cfg_structure);
 664              		.loc 1 154 25
 665 0082 7B68     		ldr	r3, [r7, #4]
 666              		.loc 1 154 5
 667 0084 07F11002 		add	r2, r7, #16
 668 0088 1146     		mov	r1, r2
 669 008a 1846     		mov	r0, r3
 670 008c FFF7FEFF 		bl	HAL_GPIO_Init
 155:HW_Lib/STM32H7/BSP/Bsp_GPIO.c **** 
 156:HW_Lib/STM32H7/BSP/Bsp_GPIO.c ****     HAL_NVIC_SetPriority(BspGPIO_GetExti_IRQnID(IO_Obj), 5, 0);
 671              		.loc 1 156 5
 672 0090 3B1D     		adds	r3, r7, #4
 673 0092 93E80700 		ldm	r3, {r0, r1, r2}
 674 0096 FFF7FEFF 		bl	BspGPIO_GetExti_IRQnID
 675 009a 0346     		mov	r3, r0
 676 009c 0022     		movs	r2, #0
 677 009e 0521     		movs	r1, #5
 678 00a0 1846     		mov	r0, r3
 679 00a2 FFF7FEFF 		bl	HAL_NVIC_SetPriority
 157:HW_Lib/STM32H7/BSP/Bsp_GPIO.c ****     HAL_NVIC_EnableIRQ(BspGPIO_GetExti_IRQnID(IO_Obj));
 680              		.loc 1 157 5
 681 00a6 3B1D     		adds	r3, r7, #4
 682 00a8 93E80700 		ldm	r3, {r0, r1, r2}
 683 00ac FFF7FEFF 		bl	BspGPIO_GetExti_IRQnID
 684 00b0 0346     		mov	r3, r0
 685 00b2 1846     		mov	r0, r3
ARM GAS  C:\Users\HUAV\AppData\Local\Temp\ccvClVct.s 			page 16


 686 00b4 FFF7FEFF 		bl	HAL_NVIC_EnableIRQ
 158:HW_Lib/STM32H7/BSP/Bsp_GPIO.c **** 
 159:HW_Lib/STM32H7/BSP/Bsp_GPIO.c ****     return true;
 687              		.loc 1 159 12
 688 00b8 0123     		movs	r3, #1
 689              	.L38:
 160:HW_Lib/STM32H7/BSP/Bsp_GPIO.c **** }
 690              		.loc 1 160 1 discriminator 1
 691 00ba 1846     		mov	r0, r3
 692 00bc 2C37     		adds	r7, r7, #44
 693              	.LCFI20:
 694              		.cfi_def_cfa_offset 12
 695 00be BD46     		mov	sp, r7
 696              	.LCFI21:
 697              		.cfi_def_cfa_register 13
 698              		@ sp needed
 699 00c0 90BD     		pop	{r4, r7, pc}
 700              		.cfi_endproc
 701              	.LFE339:
 703              		.section	.text.BspGPIO_ResetExtiCallback,"ax",%progbits
 704              		.align	1
 705              		.syntax unified
 706              		.thumb
 707              		.thumb_func
 709              	BspGPIO_ResetExtiCallback:
 710              	.LFB340:
 161:HW_Lib/STM32H7/BSP/Bsp_GPIO.c **** 
 162:HW_Lib/STM32H7/BSP/Bsp_GPIO.c **** static bool BspGPIO_ResetExtiCallback(BspGPIO_Obj_TypeDef IO_Obj, EXTI_Callback callback)
 163:HW_Lib/STM32H7/BSP/Bsp_GPIO.c **** {
 711              		.loc 1 163 1
 712              		.cfi_startproc
 713              		@ args = 0, pretend = 0, frame = 16
 714              		@ frame_needed = 1, uses_anonymous_args = 0
 715 0000 90B5     		push	{r4, r7, lr}
 716              	.LCFI22:
 717              		.cfi_def_cfa_offset 12
 718              		.cfi_offset 4, -12
 719              		.cfi_offset 7, -8
 720              		.cfi_offset 14, -4
 721 0002 85B0     		sub	sp, sp, #20
 722              	.LCFI23:
 723              		.cfi_def_cfa_offset 32
 724 0004 00AF     		add	r7, sp, #0
 725              	.LCFI24:
 726              		.cfi_def_cfa_register 7
 727 0006 3C1D     		adds	r4, r7, #4
 728 0008 84E80700 		stm	r4, {r0, r1, r2}
 729 000c 3B60     		str	r3, [r7]
 164:HW_Lib/STM32H7/BSP/Bsp_GPIO.c ****     /* set exti callback */
 165:HW_Lib/STM32H7/BSP/Bsp_GPIO.c ****     EXTI_CallBack_List[BspGPIO_GetEXTI_Index(IO_Obj.pin)] = callback;
 730              		.loc 1 165 24
 731 000e 3B89     		ldrh	r3, [r7, #8]
 732 0010 1846     		mov	r0, r3
 733 0012 FFF7FEFF 		bl	BspGPIO_GetEXTI_Index
 734 0016 0346     		mov	r3, r0
 735 0018 1946     		mov	r1, r3
 736              		.loc 1 165 59
ARM GAS  C:\Users\HUAV\AppData\Local\Temp\ccvClVct.s 			page 17


 737 001a 044A     		ldr	r2, .L41
 738 001c 3B68     		ldr	r3, [r7]
 739 001e 42F82130 		str	r3, [r2, r1, lsl #2]
 166:HW_Lib/STM32H7/BSP/Bsp_GPIO.c ****     return true;
 740              		.loc 1 166 12
 741 0022 0123     		movs	r3, #1
 167:HW_Lib/STM32H7/BSP/Bsp_GPIO.c **** }
 742              		.loc 1 167 1
 743 0024 1846     		mov	r0, r3
 744 0026 1437     		adds	r7, r7, #20
 745              	.LCFI25:
 746              		.cfi_def_cfa_offset 12
 747 0028 BD46     		mov	sp, r7
 748              	.LCFI26:
 749              		.cfi_def_cfa_register 13
 750              		@ sp needed
 751 002a 90BD     		pop	{r4, r7, pc}
 752              	.L42:
 753              		.align	2
 754              	.L41:
 755 002c 00000000 		.word	EXTI_CallBack_List
 756              		.cfi_endproc
 757              	.LFE340:
 759              		.section	.text.BspGPIO_Alternate_Init,"ax",%progbits
 760              		.align	1
 761              		.syntax unified
 762              		.thumb
 763              		.thumb_func
 765              	BspGPIO_Alternate_Init:
 766              	.LFB341:
 168:HW_Lib/STM32H7/BSP/Bsp_GPIO.c **** 
 169:HW_Lib/STM32H7/BSP/Bsp_GPIO.c **** static bool BspGPIO_Alternate_Init(BspGPIO_Obj_TypeDef IO_Obj, uint32_t af_mode)
 170:HW_Lib/STM32H7/BSP/Bsp_GPIO.c **** {
 767              		.loc 1 170 1
 768              		.cfi_startproc
 769              		@ args = 0, pretend = 0, frame = 40
 770              		@ frame_needed = 1, uses_anonymous_args = 0
 771 0000 90B5     		push	{r4, r7, lr}
 772              	.LCFI27:
 773              		.cfi_def_cfa_offset 12
 774              		.cfi_offset 4, -12
 775              		.cfi_offset 7, -8
 776              		.cfi_offset 14, -4
 777 0002 8BB0     		sub	sp, sp, #44
 778              	.LCFI28:
 779              		.cfi_def_cfa_offset 56
 780 0004 00AF     		add	r7, sp, #0
 781              	.LCFI29:
 782              		.cfi_def_cfa_register 7
 783 0006 3C1D     		adds	r4, r7, #4
 784 0008 84E80700 		stm	r4, {r0, r1, r2}
 785 000c 3B60     		str	r3, [r7]
 171:HW_Lib/STM32H7/BSP/Bsp_GPIO.c ****     GPIO_InitTypeDef cfg_structure;
 172:HW_Lib/STM32H7/BSP/Bsp_GPIO.c **** 
 173:HW_Lib/STM32H7/BSP/Bsp_GPIO.c ****     BspGPIO_CLK_Enable(IO_Obj.port);
 786              		.loc 1 173 30
 787 000e 7B68     		ldr	r3, [r7, #4]
ARM GAS  C:\Users\HUAV\AppData\Local\Temp\ccvClVct.s 			page 18


 788              		.loc 1 173 5
 789 0010 1846     		mov	r0, r3
 790 0012 FFF7FEFF 		bl	BspGPIO_CLK_Enable
 174:HW_Lib/STM32H7/BSP/Bsp_GPIO.c **** 
 175:HW_Lib/STM32H7/BSP/Bsp_GPIO.c ****     cfg_structure.Pin = IO_Obj.pin;
 791              		.loc 1 175 31
 792 0016 3B89     		ldrh	r3, [r7, #8]
 793              		.loc 1 175 23
 794 0018 7B61     		str	r3, [r7, #20]
 176:HW_Lib/STM32H7/BSP/Bsp_GPIO.c **** 
 177:HW_Lib/STM32H7/BSP/Bsp_GPIO.c ****     if((af_mode != GPIO_MODE_AF_PP) && (af_mode != GPIO_MODE_AF_OD))
 795              		.loc 1 177 7
 796 001a 3B68     		ldr	r3, [r7]
 797 001c 022B     		cmp	r3, #2
 798 001e 04D0     		beq	.L44
 799              		.loc 1 177 37 discriminator 1
 800 0020 3B68     		ldr	r3, [r7]
 801 0022 122B     		cmp	r3, #18
 802 0024 01D0     		beq	.L44
 178:HW_Lib/STM32H7/BSP/Bsp_GPIO.c ****         return false;
 803              		.loc 1 178 16
 804 0026 0023     		movs	r3, #0
 805 0028 0FE0     		b	.L46
 806              	.L44:
 179:HW_Lib/STM32H7/BSP/Bsp_GPIO.c **** 
 180:HW_Lib/STM32H7/BSP/Bsp_GPIO.c ****     // cfg_structure.Mode = GPIO_MODE_AF_PP;
 181:HW_Lib/STM32H7/BSP/Bsp_GPIO.c ****     cfg_structure.Mode = af_mode;
 807              		.loc 1 181 24
 808 002a 3B68     		ldr	r3, [r7]
 809 002c BB61     		str	r3, [r7, #24]
 182:HW_Lib/STM32H7/BSP/Bsp_GPIO.c **** 
 183:HW_Lib/STM32H7/BSP/Bsp_GPIO.c ****     cfg_structure.Pull = GPIO_NOPULL;
 810              		.loc 1 183 24
 811 002e 0023     		movs	r3, #0
 812 0030 FB61     		str	r3, [r7, #28]
 184:HW_Lib/STM32H7/BSP/Bsp_GPIO.c ****     cfg_structure.Speed = GPIO_SPEED_FREQ_HIGH;
 813              		.loc 1 184 25
 814 0032 0223     		movs	r3, #2
 815 0034 3B62     		str	r3, [r7, #32]
 185:HW_Lib/STM32H7/BSP/Bsp_GPIO.c ****     // cfg_structure.Speed = GPIO_SPEED_FREQ_VERY_HIGH; /* WHEN QSPI IS AVAILABLE */
 186:HW_Lib/STM32H7/BSP/Bsp_GPIO.c ****     cfg_structure.Alternate = IO_Obj.alternate;
 816              		.loc 1 186 37
 817 0036 FB68     		ldr	r3, [r7, #12]
 818              		.loc 1 186 29
 819 0038 7B62     		str	r3, [r7, #36]
 187:HW_Lib/STM32H7/BSP/Bsp_GPIO.c **** 
 188:HW_Lib/STM32H7/BSP/Bsp_GPIO.c ****     HAL_GPIO_Init(IO_Obj.port, &cfg_structure);
 820              		.loc 1 188 25
 821 003a 7B68     		ldr	r3, [r7, #4]
 822              		.loc 1 188 5
 823 003c 07F11402 		add	r2, r7, #20
 824 0040 1146     		mov	r1, r2
 825 0042 1846     		mov	r0, r3
 826 0044 FFF7FEFF 		bl	HAL_GPIO_Init
 189:HW_Lib/STM32H7/BSP/Bsp_GPIO.c **** 
 190:HW_Lib/STM32H7/BSP/Bsp_GPIO.c ****     return true;
 827              		.loc 1 190 12
ARM GAS  C:\Users\HUAV\AppData\Local\Temp\ccvClVct.s 			page 19


 828 0048 0123     		movs	r3, #1
 829              	.L46:
 191:HW_Lib/STM32H7/BSP/Bsp_GPIO.c **** }
 830              		.loc 1 191 1 discriminator 1
 831 004a 1846     		mov	r0, r3
 832 004c 2C37     		adds	r7, r7, #44
 833              	.LCFI30:
 834              		.cfi_def_cfa_offset 12
 835 004e BD46     		mov	sp, r7
 836              	.LCFI31:
 837              		.cfi_def_cfa_register 13
 838              		@ sp needed
 839 0050 90BD     		pop	{r4, r7, pc}
 840              		.cfi_endproc
 841              	.LFE341:
 843              		.section	.text.BspGPIO_Input_Init,"ax",%progbits
 844              		.align	1
 845              		.syntax unified
 846              		.thumb
 847              		.thumb_func
 849              	BspGPIO_Input_Init:
 850              	.LFB342:
 192:HW_Lib/STM32H7/BSP/Bsp_GPIO.c **** 
 193:HW_Lib/STM32H7/BSP/Bsp_GPIO.c **** static bool BspGPIO_Input_Init(BspGPIO_Obj_TypeDef IO_Obj)
 194:HW_Lib/STM32H7/BSP/Bsp_GPIO.c **** {
 851              		.loc 1 194 1
 852              		.cfi_startproc
 853              		@ args = 0, pretend = 0, frame = 40
 854              		@ frame_needed = 1, uses_anonymous_args = 0
 855 0000 80B5     		push	{r7, lr}
 856              	.LCFI32:
 857              		.cfi_def_cfa_offset 8
 858              		.cfi_offset 7, -8
 859              		.cfi_offset 14, -4
 860 0002 8AB0     		sub	sp, sp, #40
 861              	.LCFI33:
 862              		.cfi_def_cfa_offset 48
 863 0004 00AF     		add	r7, sp, #0
 864              	.LCFI34:
 865              		.cfi_def_cfa_register 7
 866 0006 3B1D     		adds	r3, r7, #4
 867 0008 83E80700 		stm	r3, {r0, r1, r2}
 195:HW_Lib/STM32H7/BSP/Bsp_GPIO.c ****     GPIO_InitTypeDef cfg_structure;
 196:HW_Lib/STM32H7/BSP/Bsp_GPIO.c **** 
 197:HW_Lib/STM32H7/BSP/Bsp_GPIO.c ****     BspGPIO_CLK_Enable(IO_Obj.port);
 868              		.loc 1 197 30
 869 000c 7B68     		ldr	r3, [r7, #4]
 870              		.loc 1 197 5
 871 000e 1846     		mov	r0, r3
 872 0010 FFF7FEFF 		bl	BspGPIO_CLK_Enable
 198:HW_Lib/STM32H7/BSP/Bsp_GPIO.c **** 
 199:HW_Lib/STM32H7/BSP/Bsp_GPIO.c ****     cfg_structure.Pin = IO_Obj.pin;
 873              		.loc 1 199 31
 874 0014 3B89     		ldrh	r3, [r7, #8]
 875              		.loc 1 199 23
 876 0016 7B61     		str	r3, [r7, #20]
 200:HW_Lib/STM32H7/BSP/Bsp_GPIO.c ****     cfg_structure.Mode = GPIO_MODE_INPUT;
ARM GAS  C:\Users\HUAV\AppData\Local\Temp\ccvClVct.s 			page 20


 877              		.loc 1 200 24
 878 0018 0023     		movs	r3, #0
 879 001a BB61     		str	r3, [r7, #24]
 201:HW_Lib/STM32H7/BSP/Bsp_GPIO.c ****     cfg_structure.Pull = GPIO_PULLDOWN;
 880              		.loc 1 201 24
 881 001c 0223     		movs	r3, #2
 882 001e FB61     		str	r3, [r7, #28]
 202:HW_Lib/STM32H7/BSP/Bsp_GPIO.c ****     cfg_structure.Speed = GPIO_SPEED_FREQ_HIGH;
 883              		.loc 1 202 25
 884 0020 0223     		movs	r3, #2
 885 0022 3B62     		str	r3, [r7, #32]
 203:HW_Lib/STM32H7/BSP/Bsp_GPIO.c **** 
 204:HW_Lib/STM32H7/BSP/Bsp_GPIO.c ****     HAL_GPIO_Init(IO_Obj.port, &cfg_structure);
 886              		.loc 1 204 25
 887 0024 7B68     		ldr	r3, [r7, #4]
 888              		.loc 1 204 5
 889 0026 07F11402 		add	r2, r7, #20
 890 002a 1146     		mov	r1, r2
 891 002c 1846     		mov	r0, r3
 892 002e FFF7FEFF 		bl	HAL_GPIO_Init
 205:HW_Lib/STM32H7/BSP/Bsp_GPIO.c **** 
 206:HW_Lib/STM32H7/BSP/Bsp_GPIO.c ****     return true;
 893              		.loc 1 206 12
 894 0032 0123     		movs	r3, #1
 207:HW_Lib/STM32H7/BSP/Bsp_GPIO.c **** }
 895              		.loc 1 207 1
 896 0034 1846     		mov	r0, r3
 897 0036 2837     		adds	r7, r7, #40
 898              	.LCFI35:
 899              		.cfi_def_cfa_offset 8
 900 0038 BD46     		mov	sp, r7
 901              	.LCFI36:
 902              		.cfi_def_cfa_register 13
 903              		@ sp needed
 904 003a 80BD     		pop	{r7, pc}
 905              		.cfi_endproc
 906              	.LFE342:
 908              		.section	.text.BspGPIO_ExtiInit,"ax",%progbits
 909              		.align	1
 910              		.syntax unified
 911              		.thumb
 912              		.thumb_func
 914              	BspGPIO_ExtiInit:
 915              	.LFB343:
 208:HW_Lib/STM32H7/BSP/Bsp_GPIO.c **** 
 209:HW_Lib/STM32H7/BSP/Bsp_GPIO.c **** static bool BspGPIO_ExtiInit(BspGPIO_Obj_TypeDef IO_Obj, EXTI_Callback callback)
 210:HW_Lib/STM32H7/BSP/Bsp_GPIO.c **** {
 916              		.loc 1 210 1
 917              		.cfi_startproc
 918              		@ args = 0, pretend = 0, frame = 40
 919              		@ frame_needed = 1, uses_anonymous_args = 0
 920 0000 90B5     		push	{r4, r7, lr}
 921              	.LCFI37:
 922              		.cfi_def_cfa_offset 12
 923              		.cfi_offset 4, -12
 924              		.cfi_offset 7, -8
 925              		.cfi_offset 14, -4
ARM GAS  C:\Users\HUAV\AppData\Local\Temp\ccvClVct.s 			page 21


 926 0002 8BB0     		sub	sp, sp, #44
 927              	.LCFI38:
 928              		.cfi_def_cfa_offset 56
 929 0004 00AF     		add	r7, sp, #0
 930              	.LCFI39:
 931              		.cfi_def_cfa_register 7
 932 0006 3C1D     		adds	r4, r7, #4
 933 0008 84E80700 		stm	r4, {r0, r1, r2}
 934 000c 3B60     		str	r3, [r7]
 211:HW_Lib/STM32H7/BSP/Bsp_GPIO.c ****     GPIO_InitTypeDef cfg_structure;
 212:HW_Lib/STM32H7/BSP/Bsp_GPIO.c **** 
 213:HW_Lib/STM32H7/BSP/Bsp_GPIO.c ****     if (IO_Obj.port == NULL)
 935              		.loc 1 213 15
 936 000e 7B68     		ldr	r3, [r7, #4]
 937              		.loc 1 213 8
 938 0010 002B     		cmp	r3, #0
 939 0012 01D1     		bne	.L50
 214:HW_Lib/STM32H7/BSP/Bsp_GPIO.c ****         return false;
 940              		.loc 1 214 16
 941 0014 0023     		movs	r3, #0
 942 0016 38E0     		b	.L52
 943              	.L50:
 215:HW_Lib/STM32H7/BSP/Bsp_GPIO.c **** 
 216:HW_Lib/STM32H7/BSP/Bsp_GPIO.c ****     BspGPIO_CLK_Enable(IO_Obj.port);
 944              		.loc 1 216 30
 945 0018 7B68     		ldr	r3, [r7, #4]
 946              		.loc 1 216 5
 947 001a 1846     		mov	r0, r3
 948 001c FFF7FEFF 		bl	BspGPIO_CLK_Enable
 217:HW_Lib/STM32H7/BSP/Bsp_GPIO.c **** 
 218:HW_Lib/STM32H7/BSP/Bsp_GPIO.c ****     cfg_structure.Pin = IO_Obj.pin;
 949              		.loc 1 218 31
 950 0020 3B89     		ldrh	r3, [r7, #8]
 951              		.loc 1 218 23
 952 0022 7B61     		str	r3, [r7, #20]
 219:HW_Lib/STM32H7/BSP/Bsp_GPIO.c ****     cfg_structure.Mode = GPIO_MODE_IT_FALLING;
 953              		.loc 1 219 24
 954 0024 4FF40413 		mov	r3, #2162688
 955 0028 BB61     		str	r3, [r7, #24]
 220:HW_Lib/STM32H7/BSP/Bsp_GPIO.c ****     cfg_structure.Pull = GPIO_NOPULL;
 956              		.loc 1 220 24
 957 002a 0023     		movs	r3, #0
 958 002c FB61     		str	r3, [r7, #28]
 221:HW_Lib/STM32H7/BSP/Bsp_GPIO.c ****     cfg_structure.Speed = GPIO_SPEED_FREQ_VERY_HIGH;
 959              		.loc 1 221 25
 960 002e 0323     		movs	r3, #3
 961 0030 3B62     		str	r3, [r7, #32]
 222:HW_Lib/STM32H7/BSP/Bsp_GPIO.c **** 
 223:HW_Lib/STM32H7/BSP/Bsp_GPIO.c ****     HAL_GPIO_WritePin(IO_Obj.port, IO_Obj.pin, IO_Obj.init_state);
 962              		.loc 1 223 29
 963 0032 7B68     		ldr	r3, [r7, #4]
 964              		.loc 1 223 5
 965 0034 3989     		ldrh	r1, [r7, #8]
 966              		.loc 1 223 54
 967 0036 BA7A     		ldrb	r2, [r7, #10]	@ zero_extendqisi2
 968              		.loc 1 223 5
 969 0038 1846     		mov	r0, r3
ARM GAS  C:\Users\HUAV\AppData\Local\Temp\ccvClVct.s 			page 22


 970 003a FFF7FEFF 		bl	HAL_GPIO_WritePin
 224:HW_Lib/STM32H7/BSP/Bsp_GPIO.c ****     HAL_GPIO_Init(IO_Obj.port, &cfg_structure);
 971              		.loc 1 224 25
 972 003e 7B68     		ldr	r3, [r7, #4]
 973              		.loc 1 224 5
 974 0040 07F11402 		add	r2, r7, #20
 975 0044 1146     		mov	r1, r2
 976 0046 1846     		mov	r0, r3
 977 0048 FFF7FEFF 		bl	HAL_GPIO_Init
 225:HW_Lib/STM32H7/BSP/Bsp_GPIO.c **** 
 226:HW_Lib/STM32H7/BSP/Bsp_GPIO.c ****     /* set exti callback */
 227:HW_Lib/STM32H7/BSP/Bsp_GPIO.c ****     EXTI_CallBack_List[BspGPIO_GetEXTI_Index(IO_Obj.pin)] = callback;
 978              		.loc 1 227 24
 979 004c 3B89     		ldrh	r3, [r7, #8]
 980 004e 1846     		mov	r0, r3
 981 0050 FFF7FEFF 		bl	BspGPIO_GetEXTI_Index
 982 0054 0346     		mov	r3, r0
 983 0056 1946     		mov	r1, r3
 984              		.loc 1 227 59
 985 0058 0E4A     		ldr	r2, .L53
 986 005a 3B68     		ldr	r3, [r7]
 987 005c 42F82130 		str	r3, [r2, r1, lsl #2]
 228:HW_Lib/STM32H7/BSP/Bsp_GPIO.c **** 
 229:HW_Lib/STM32H7/BSP/Bsp_GPIO.c ****     HAL_NVIC_SetPriority(BspGPIO_GetExti_IRQnID(IO_Obj), 5, 0);
 988              		.loc 1 229 5
 989 0060 3B1D     		adds	r3, r7, #4
 990 0062 93E80700 		ldm	r3, {r0, r1, r2}
 991 0066 FFF7FEFF 		bl	BspGPIO_GetExti_IRQnID
 992 006a 0346     		mov	r3, r0
 993 006c 0022     		movs	r2, #0
 994 006e 0521     		movs	r1, #5
 995 0070 1846     		mov	r0, r3
 996 0072 FFF7FEFF 		bl	HAL_NVIC_SetPriority
 230:HW_Lib/STM32H7/BSP/Bsp_GPIO.c ****     HAL_NVIC_EnableIRQ(BspGPIO_GetExti_IRQnID(IO_Obj));
 997              		.loc 1 230 5
 998 0076 3B1D     		adds	r3, r7, #4
 999 0078 93E80700 		ldm	r3, {r0, r1, r2}
 1000 007c FFF7FEFF 		bl	BspGPIO_GetExti_IRQnID
 1001 0080 0346     		mov	r3, r0
 1002 0082 1846     		mov	r0, r3
 1003 0084 FFF7FEFF 		bl	HAL_NVIC_EnableIRQ
 231:HW_Lib/STM32H7/BSP/Bsp_GPIO.c **** 
 232:HW_Lib/STM32H7/BSP/Bsp_GPIO.c ****     return true;
 1004              		.loc 1 232 12
 1005 0088 0123     		movs	r3, #1
 1006              	.L52:
 233:HW_Lib/STM32H7/BSP/Bsp_GPIO.c **** }
 1007              		.loc 1 233 1 discriminator 1
 1008 008a 1846     		mov	r0, r3
 1009 008c 2C37     		adds	r7, r7, #44
 1010              	.LCFI40:
 1011              		.cfi_def_cfa_offset 12
 1012 008e BD46     		mov	sp, r7
 1013              	.LCFI41:
 1014              		.cfi_def_cfa_register 13
 1015              		@ sp needed
 1016 0090 90BD     		pop	{r4, r7, pc}
ARM GAS  C:\Users\HUAV\AppData\Local\Temp\ccvClVct.s 			page 23


 1017              	.L54:
 1018 0092 00BF     		.align	2
 1019              	.L53:
 1020 0094 00000000 		.word	EXTI_CallBack_List
 1021              		.cfi_endproc
 1022              	.LFE343:
 1024              		.section	.text.BspGPIO_Output_Init,"ax",%progbits
 1025              		.align	1
 1026              		.syntax unified
 1027              		.thumb
 1028              		.thumb_func
 1030              	BspGPIO_Output_Init:
 1031              	.LFB344:
 234:HW_Lib/STM32H7/BSP/Bsp_GPIO.c **** 
 235:HW_Lib/STM32H7/BSP/Bsp_GPIO.c **** static bool BspGPIO_Output_Init(BspGPIO_Obj_TypeDef IO_Obj)
 236:HW_Lib/STM32H7/BSP/Bsp_GPIO.c **** {
 1032              		.loc 1 236 1
 1033              		.cfi_startproc
 1034              		@ args = 0, pretend = 0, frame = 40
 1035              		@ frame_needed = 1, uses_anonymous_args = 0
 1036 0000 80B5     		push	{r7, lr}
 1037              	.LCFI42:
 1038              		.cfi_def_cfa_offset 8
 1039              		.cfi_offset 7, -8
 1040              		.cfi_offset 14, -4
 1041 0002 8AB0     		sub	sp, sp, #40
 1042              	.LCFI43:
 1043              		.cfi_def_cfa_offset 48
 1044 0004 00AF     		add	r7, sp, #0
 1045              	.LCFI44:
 1046              		.cfi_def_cfa_register 7
 1047 0006 3B1D     		adds	r3, r7, #4
 1048 0008 83E80700 		stm	r3, {r0, r1, r2}
 237:HW_Lib/STM32H7/BSP/Bsp_GPIO.c ****     GPIO_InitTypeDef cfg_structure;
 238:HW_Lib/STM32H7/BSP/Bsp_GPIO.c **** 
 239:HW_Lib/STM32H7/BSP/Bsp_GPIO.c ****     if (IO_Obj.port == NULL)
 1049              		.loc 1 239 15
 1050 000c 7B68     		ldr	r3, [r7, #4]
 1051              		.loc 1 239 8
 1052 000e 002B     		cmp	r3, #0
 1053 0010 01D1     		bne	.L56
 240:HW_Lib/STM32H7/BSP/Bsp_GPIO.c ****         return false;
 1054              		.loc 1 240 16
 1055 0012 0023     		movs	r3, #0
 1056 0014 19E0     		b	.L58
 1057              	.L56:
 241:HW_Lib/STM32H7/BSP/Bsp_GPIO.c **** 
 242:HW_Lib/STM32H7/BSP/Bsp_GPIO.c ****     BspGPIO_CLK_Enable(IO_Obj.port);
 1058              		.loc 1 242 30
 1059 0016 7B68     		ldr	r3, [r7, #4]
 1060              		.loc 1 242 5
 1061 0018 1846     		mov	r0, r3
 1062 001a FFF7FEFF 		bl	BspGPIO_CLK_Enable
 243:HW_Lib/STM32H7/BSP/Bsp_GPIO.c **** 
 244:HW_Lib/STM32H7/BSP/Bsp_GPIO.c ****     cfg_structure.Pin = IO_Obj.pin;
 1063              		.loc 1 244 31
 1064 001e 3B89     		ldrh	r3, [r7, #8]
ARM GAS  C:\Users\HUAV\AppData\Local\Temp\ccvClVct.s 			page 24


 1065              		.loc 1 244 23
 1066 0020 7B61     		str	r3, [r7, #20]
 245:HW_Lib/STM32H7/BSP/Bsp_GPIO.c ****     cfg_structure.Mode = GPIO_MODE_OUTPUT_PP;
 1067              		.loc 1 245 24
 1068 0022 0123     		movs	r3, #1
 1069 0024 BB61     		str	r3, [r7, #24]
 246:HW_Lib/STM32H7/BSP/Bsp_GPIO.c ****     cfg_structure.Pull = GPIO_PULLUP;
 1070              		.loc 1 246 24
 1071 0026 0123     		movs	r3, #1
 1072 0028 FB61     		str	r3, [r7, #28]
 247:HW_Lib/STM32H7/BSP/Bsp_GPIO.c ****     cfg_structure.Speed = GPIO_SPEED_FREQ_HIGH;
 1073              		.loc 1 247 25
 1074 002a 0223     		movs	r3, #2
 1075 002c 3B62     		str	r3, [r7, #32]
 248:HW_Lib/STM32H7/BSP/Bsp_GPIO.c **** 
 249:HW_Lib/STM32H7/BSP/Bsp_GPIO.c ****     HAL_GPIO_WritePin(IO_Obj.port, IO_Obj.pin, IO_Obj.init_state);
 1076              		.loc 1 249 29
 1077 002e 7B68     		ldr	r3, [r7, #4]
 1078              		.loc 1 249 5
 1079 0030 3989     		ldrh	r1, [r7, #8]
 1080              		.loc 1 249 54
 1081 0032 BA7A     		ldrb	r2, [r7, #10]	@ zero_extendqisi2
 1082              		.loc 1 249 5
 1083 0034 1846     		mov	r0, r3
 1084 0036 FFF7FEFF 		bl	HAL_GPIO_WritePin
 250:HW_Lib/STM32H7/BSP/Bsp_GPIO.c ****     HAL_GPIO_Init(IO_Obj.port, &cfg_structure);
 1085              		.loc 1 250 25
 1086 003a 7B68     		ldr	r3, [r7, #4]
 1087              		.loc 1 250 5
 1088 003c 07F11402 		add	r2, r7, #20
 1089 0040 1146     		mov	r1, r2
 1090 0042 1846     		mov	r0, r3
 1091 0044 FFF7FEFF 		bl	HAL_GPIO_Init
 251:HW_Lib/STM32H7/BSP/Bsp_GPIO.c **** 
 252:HW_Lib/STM32H7/BSP/Bsp_GPIO.c ****     return true;
 1092              		.loc 1 252 12
 1093 0048 0123     		movs	r3, #1
 1094              	.L58:
 253:HW_Lib/STM32H7/BSP/Bsp_GPIO.c **** }
 1095              		.loc 1 253 1 discriminator 1
 1096 004a 1846     		mov	r0, r3
 1097 004c 2837     		adds	r7, r7, #40
 1098              	.LCFI45:
 1099              		.cfi_def_cfa_offset 8
 1100 004e BD46     		mov	sp, r7
 1101              	.LCFI46:
 1102              		.cfi_def_cfa_register 13
 1103              		@ sp needed
 1104 0050 80BD     		pop	{r7, pc}
 1105              		.cfi_endproc
 1106              	.LFE344:
 1108              		.section	.text.BspGPIO_Read,"ax",%progbits
 1109              		.align	1
 1110              		.syntax unified
 1111              		.thumb
 1112              		.thumb_func
 1114              	BspGPIO_Read:
ARM GAS  C:\Users\HUAV\AppData\Local\Temp\ccvClVct.s 			page 25


 1115              	.LFB345:
 254:HW_Lib/STM32H7/BSP/Bsp_GPIO.c **** 
 255:HW_Lib/STM32H7/BSP/Bsp_GPIO.c **** static bool BspGPIO_Read(BspGPIO_Obj_TypeDef IO_Obj)
 256:HW_Lib/STM32H7/BSP/Bsp_GPIO.c **** {
 1116              		.loc 1 256 1
 1117              		.cfi_startproc
 1118              		@ args = 0, pretend = 0, frame = 16
 1119              		@ frame_needed = 1, uses_anonymous_args = 0
 1120 0000 80B5     		push	{r7, lr}
 1121              	.LCFI47:
 1122              		.cfi_def_cfa_offset 8
 1123              		.cfi_offset 7, -8
 1124              		.cfi_offset 14, -4
 1125 0002 84B0     		sub	sp, sp, #16
 1126              	.LCFI48:
 1127              		.cfi_def_cfa_offset 24
 1128 0004 00AF     		add	r7, sp, #0
 1129              	.LCFI49:
 1130              		.cfi_def_cfa_register 7
 1131 0006 3B1D     		adds	r3, r7, #4
 1132 0008 83E80700 		stm	r3, {r0, r1, r2}
 257:HW_Lib/STM32H7/BSP/Bsp_GPIO.c ****     return HAL_GPIO_ReadPin(IO_Obj.port, IO_Obj.pin);
 1133              		.loc 1 257 35
 1134 000c 7B68     		ldr	r3, [r7, #4]
 1135              		.loc 1 257 12
 1136 000e 3A89     		ldrh	r2, [r7, #8]
 1137 0010 1146     		mov	r1, r2
 1138 0012 1846     		mov	r0, r3
 1139 0014 FFF7FEFF 		bl	HAL_GPIO_ReadPin
 1140 0018 0346     		mov	r3, r0
 1141 001a 002B     		cmp	r3, #0
 1142 001c 14BF     		ite	ne
 1143 001e 0123     		movne	r3, #1
 1144 0020 0023     		moveq	r3, #0
 1145 0022 DBB2     		uxtb	r3, r3
 258:HW_Lib/STM32H7/BSP/Bsp_GPIO.c **** }
 1146              		.loc 1 258 1
 1147 0024 1846     		mov	r0, r3
 1148 0026 1037     		adds	r7, r7, #16
 1149              	.LCFI50:
 1150              		.cfi_def_cfa_offset 8
 1151 0028 BD46     		mov	sp, r7
 1152              	.LCFI51:
 1153              		.cfi_def_cfa_register 13
 1154              		@ sp needed
 1155 002a 80BD     		pop	{r7, pc}
 1156              		.cfi_endproc
 1157              	.LFE345:
 1159              		.section	.text.BspGPIO_Write,"ax",%progbits
 1160              		.align	1
 1161              		.syntax unified
 1162              		.thumb
 1163              		.thumb_func
 1165              	BspGPIO_Write:
 1166              	.LFB346:
 259:HW_Lib/STM32H7/BSP/Bsp_GPIO.c **** 
 260:HW_Lib/STM32H7/BSP/Bsp_GPIO.c **** static void BspGPIO_Write(BspGPIO_Obj_TypeDef IO_Obj, bool state)
ARM GAS  C:\Users\HUAV\AppData\Local\Temp\ccvClVct.s 			page 26


 261:HW_Lib/STM32H7/BSP/Bsp_GPIO.c **** {
 1167              		.loc 1 261 1
 1168              		.cfi_startproc
 1169              		@ args = 0, pretend = 0, frame = 16
 1170              		@ frame_needed = 1, uses_anonymous_args = 0
 1171 0000 90B5     		push	{r4, r7, lr}
 1172              	.LCFI52:
 1173              		.cfi_def_cfa_offset 12
 1174              		.cfi_offset 4, -12
 1175              		.cfi_offset 7, -8
 1176              		.cfi_offset 14, -4
 1177 0002 85B0     		sub	sp, sp, #20
 1178              	.LCFI53:
 1179              		.cfi_def_cfa_offset 32
 1180 0004 00AF     		add	r7, sp, #0
 1181              	.LCFI54:
 1182              		.cfi_def_cfa_register 7
 1183 0006 3C1D     		adds	r4, r7, #4
 1184 0008 84E80700 		stm	r4, {r0, r1, r2}
 1185 000c FB70     		strb	r3, [r7, #3]
 262:HW_Lib/STM32H7/BSP/Bsp_GPIO.c ****     HAL_GPIO_WritePin(IO_Obj.port, IO_Obj.pin, state);
 1186              		.loc 1 262 29
 1187 000e 7B68     		ldr	r3, [r7, #4]
 1188              		.loc 1 262 5
 1189 0010 3989     		ldrh	r1, [r7, #8]
 1190 0012 FA78     		ldrb	r2, [r7, #3]	@ zero_extendqisi2
 1191 0014 1846     		mov	r0, r3
 1192 0016 FFF7FEFF 		bl	HAL_GPIO_WritePin
 263:HW_Lib/STM32H7/BSP/Bsp_GPIO.c **** }
 1193              		.loc 1 263 1
 1194 001a 00BF     		nop
 1195 001c 1437     		adds	r7, r7, #20
 1196              	.LCFI55:
 1197              		.cfi_def_cfa_offset 12
 1198 001e BD46     		mov	sp, r7
 1199              	.LCFI56:
 1200              		.cfi_def_cfa_register 13
 1201              		@ sp needed
 1202 0020 90BD     		pop	{r4, r7, pc}
 1203              		.cfi_endproc
 1204              	.LFE346:
 1206              		.section	.text.HAL_GPIO_EXTI_Callback,"ax",%progbits
 1207              		.align	1
 1208              		.global	HAL_GPIO_EXTI_Callback
 1209              		.syntax unified
 1210              		.thumb
 1211              		.thumb_func
 1213              	HAL_GPIO_EXTI_Callback:
 1214              	.LFB347:
 264:HW_Lib/STM32H7/BSP/Bsp_GPIO.c **** 
 265:HW_Lib/STM32H7/BSP/Bsp_GPIO.c **** void HAL_GPIO_EXTI_Callback(uint16_t GPIO_Pin)
 266:HW_Lib/STM32H7/BSP/Bsp_GPIO.c **** {
 1215              		.loc 1 266 1
 1216              		.cfi_startproc
 1217              		@ args = 0, pretend = 0, frame = 8
 1218              		@ frame_needed = 1, uses_anonymous_args = 0
 1219 0000 80B5     		push	{r7, lr}
ARM GAS  C:\Users\HUAV\AppData\Local\Temp\ccvClVct.s 			page 27


 1220              	.LCFI57:
 1221              		.cfi_def_cfa_offset 8
 1222              		.cfi_offset 7, -8
 1223              		.cfi_offset 14, -4
 1224 0002 82B0     		sub	sp, sp, #8
 1225              	.LCFI58:
 1226              		.cfi_def_cfa_offset 16
 1227 0004 00AF     		add	r7, sp, #0
 1228              	.LCFI59:
 1229              		.cfi_def_cfa_register 7
 1230 0006 0346     		mov	r3, r0
 1231 0008 FB80     		strh	r3, [r7, #6]	@ movhi
 267:HW_Lib/STM32H7/BSP/Bsp_GPIO.c ****     if ((BspGPIO_GetEXTI_Index(GPIO_Pin) >= 0) && (EXTI_CallBack_List[BspGPIO_GetEXTI_Index(GPIO_Pi
 1232              		.loc 1 267 10
 1233 000a FB88     		ldrh	r3, [r7, #6]
 1234 000c 1846     		mov	r0, r3
 1235 000e FFF7FEFF 		bl	BspGPIO_GetEXTI_Index
 1236              		.loc 1 267 71
 1237 0012 FB88     		ldrh	r3, [r7, #6]
 1238 0014 1846     		mov	r0, r3
 1239 0016 FFF7FEFF 		bl	BspGPIO_GetEXTI_Index
 1240 001a 0346     		mov	r3, r0
 1241 001c 1A46     		mov	r2, r3
 1242              		.loc 1 267 70
 1243 001e 094B     		ldr	r3, .L65
 1244 0020 53F82230 		ldr	r3, [r3, r2, lsl #2]
 1245              		.loc 1 267 48
 1246 0024 002B     		cmp	r3, #0
 1247 0026 09D0     		beq	.L64
 268:HW_Lib/STM32H7/BSP/Bsp_GPIO.c ****         EXTI_CallBack_List[BspGPIO_GetEXTI_Index(GPIO_Pin)]();
 1248              		.loc 1 268 28
 1249 0028 FB88     		ldrh	r3, [r7, #6]
 1250 002a 1846     		mov	r0, r3
 1251 002c FFF7FEFF 		bl	BspGPIO_GetEXTI_Index
 1252 0030 0346     		mov	r3, r0
 1253 0032 1A46     		mov	r2, r3
 1254              		.loc 1 268 27
 1255 0034 034B     		ldr	r3, .L65
 1256 0036 53F82230 		ldr	r3, [r3, r2, lsl #2]
 1257              		.loc 1 268 9
 1258 003a 9847     		blx	r3
 1259              	.LVL0:
 1260              	.L64:
 269:HW_Lib/STM32H7/BSP/Bsp_GPIO.c **** }
 1261              		.loc 1 269 1
 1262 003c 00BF     		nop
 1263 003e 0837     		adds	r7, r7, #8
 1264              	.LCFI60:
 1265              		.cfi_def_cfa_offset 8
 1266 0040 BD46     		mov	sp, r7
 1267              	.LCFI61:
 1268              		.cfi_def_cfa_register 13
 1269              		@ sp needed
 1270 0042 80BD     		pop	{r7, pc}
 1271              	.L66:
 1272              		.align	2
 1273              	.L65:
ARM GAS  C:\Users\HUAV\AppData\Local\Temp\ccvClVct.s 			page 28


 1274 0044 00000000 		.word	EXTI_CallBack_List
 1275              		.cfi_endproc
 1276              	.LFE347:
 1278              		.text
 1279              	.Letext0:
 1280              		.file 2 "d:\\hpm-compile-tool\\gcc-arm-none-eabi-10.3-win\\arm-none-eabi\\include\\machine\\_defau
 1281              		.file 3 "d:\\hpm-compile-tool\\gcc-arm-none-eabi-10.3-win\\arm-none-eabi\\include\\sys\\_stdint.h"
 1282              		.file 4 "HW_Lib/PortApi_Def/Bsp_GPIO_Port_Def.h"
 1283              		.file 5 "HW_Lib/STM32H7/HAL_Lib/CMSIS/Device/ST/STM32H7xx/Include/stm32h743xx.h"
 1284              		.file 6 "HW_Lib/STM32H7/HAL_Lib/STM32H7xx_HAL_Driver/Inc/stm32h7xx_hal_gpio.h"
 1285              		.file 7 "HW_Lib/STM32H7/BSP/Bsp_GPIO.h"
ARM GAS  C:\Users\HUAV\AppData\Local\Temp\ccvClVct.s 			page 29


DEFINED SYMBOLS
                            *ABS*:00000000 Bsp_GPIO.c
C:\Users\HUAV\AppData\Local\Temp\ccvClVct.s:19     .bss.EXTI_CallBack_List:00000000 $d
C:\Users\HUAV\AppData\Local\Temp\ccvClVct.s:22     .bss.EXTI_CallBack_List:00000000 EXTI_CallBack_List
C:\Users\HUAV\AppData\Local\Temp\ccvClVct.s:29     .data.BspGPIO:00000000 BspGPIO
C:\Users\HUAV\AppData\Local\Temp\ccvClVct.s:26     .data.BspGPIO:00000000 $d
C:\Users\HUAV\AppData\Local\Temp\ccvClVct.s:914    .text.BspGPIO_ExtiInit:00000000 BspGPIO_ExtiInit
C:\Users\HUAV\AppData\Local\Temp\ccvClVct.s:1030   .text.BspGPIO_Output_Init:00000000 BspGPIO_Output_Init
C:\Users\HUAV\AppData\Local\Temp\ccvClVct.s:849    .text.BspGPIO_Input_Init:00000000 BspGPIO_Input_Init
C:\Users\HUAV\AppData\Local\Temp\ccvClVct.s:765    .text.BspGPIO_Alternate_Init:00000000 BspGPIO_Alternate_Init
C:\Users\HUAV\AppData\Local\Temp\ccvClVct.s:1114   .text.BspGPIO_Read:00000000 BspGPIO_Read
C:\Users\HUAV\AppData\Local\Temp\ccvClVct.s:709    .text.BspGPIO_ResetExtiCallback:00000000 BspGPIO_ResetExtiCallback
C:\Users\HUAV\AppData\Local\Temp\ccvClVct.s:563    .text.BspGPIO_ExtiSetMode:00000000 BspGPIO_ExtiSetMode
C:\Users\HUAV\AppData\Local\Temp\ccvClVct.s:1165   .text.BspGPIO_Write:00000000 BspGPIO_Write
C:\Users\HUAV\AppData\Local\Temp\ccvClVct.s:40     .text.BspGPIO_GetEXTI_Index:00000000 $t
C:\Users\HUAV\AppData\Local\Temp\ccvClVct.s:45     .text.BspGPIO_GetEXTI_Index:00000000 BspGPIO_GetEXTI_Index
C:\Users\HUAV\AppData\Local\Temp\ccvClVct.s:111    .text.BspGPIO_CLK_Enable:00000000 $t
C:\Users\HUAV\AppData\Local\Temp\ccvClVct.s:116    .text.BspGPIO_CLK_Enable:00000000 BspGPIO_CLK_Enable
C:\Users\HUAV\AppData\Local\Temp\ccvClVct.s:380    .text.BspGPIO_CLK_Enable:000001cc $d
C:\Users\HUAV\AppData\Local\Temp\ccvClVct.s:396    .text.BspGPIO_GetExti_IRQnID:00000000 $t
C:\Users\HUAV\AppData\Local\Temp\ccvClVct.s:401    .text.BspGPIO_GetExti_IRQnID:00000000 BspGPIO_GetExti_IRQnID
C:\Users\HUAV\AppData\Local\Temp\ccvClVct.s:470    .text.BspGPIO_GetExti_IRQnID:00000094 $d
C:\Users\HUAV\AppData\Local\Temp\ccvClVct.s:502    .text.BspGPIO_GetExti_IRQnID:00000114 $t
C:\Users\HUAV\AppData\Local\Temp\ccvClVct.s:558    .text.BspGPIO_ExtiSetMode:00000000 $t
C:\Users\HUAV\AppData\Local\Temp\ccvClVct.s:704    .text.BspGPIO_ResetExtiCallback:00000000 $t
C:\Users\HUAV\AppData\Local\Temp\ccvClVct.s:755    .text.BspGPIO_ResetExtiCallback:0000002c $d
C:\Users\HUAV\AppData\Local\Temp\ccvClVct.s:760    .text.BspGPIO_Alternate_Init:00000000 $t
C:\Users\HUAV\AppData\Local\Temp\ccvClVct.s:844    .text.BspGPIO_Input_Init:00000000 $t
C:\Users\HUAV\AppData\Local\Temp\ccvClVct.s:909    .text.BspGPIO_ExtiInit:00000000 $t
C:\Users\HUAV\AppData\Local\Temp\ccvClVct.s:1020   .text.BspGPIO_ExtiInit:00000094 $d
C:\Users\HUAV\AppData\Local\Temp\ccvClVct.s:1025   .text.BspGPIO_Output_Init:00000000 $t
C:\Users\HUAV\AppData\Local\Temp\ccvClVct.s:1109   .text.BspGPIO_Read:00000000 $t
C:\Users\HUAV\AppData\Local\Temp\ccvClVct.s:1160   .text.BspGPIO_Write:00000000 $t
C:\Users\HUAV\AppData\Local\Temp\ccvClVct.s:1207   .text.HAL_GPIO_EXTI_Callback:00000000 $t
C:\Users\HUAV\AppData\Local\Temp\ccvClVct.s:1213   .text.HAL_GPIO_EXTI_Callback:00000000 HAL_GPIO_EXTI_Callback
C:\Users\HUAV\AppData\Local\Temp\ccvClVct.s:1274   .text.HAL_GPIO_EXTI_Callback:00000044 $d

UNDEFINED SYMBOLS
assert
HAL_NVIC_DisableIRQ
HAL_GPIO_WritePin
HAL_GPIO_Init
HAL_NVIC_SetPriority
HAL_NVIC_EnableIRQ
HAL_GPIO_ReadPin
