ARM GAS  C:\Users\HUAV\AppData\Local\Temp\ccjiD2Sr.s 			page 1


   1              		.cpu cortex-m7
   2              		.arch armv7e-m
   3              		.fpu fpv5-d16
   4              		.eabi_attribute 28, 1
   5              		.eabi_attribute 20, 1
   6              		.eabi_attribute 21, 1
   7              		.eabi_attribute 23, 3
   8              		.eabi_attribute 24, 1
   9              		.eabi_attribute 25, 1
  10              		.eabi_attribute 26, 1
  11              		.eabi_attribute 30, 6
  12              		.eabi_attribute 34, 1
  13              		.eabi_attribute 18, 4
  14              		.file	"Bsp_SDRAM.c"
  15              		.text
  16              	.Ltext0:
  17              		.cfi_sections	.debug_frame
  18              		.section	.text.BspSDRAM_Get_BankArea,"ax",%progbits
  19              		.align	1
  20              		.syntax unified
  21              		.thumb
  22              		.thumb_func
  24              	BspSDRAM_Get_BankArea:
  25              	.LFB333:
  26              		.file 1 "HW_Lib/STM32H7/BSP/Bsp_SDRAM.c"
   1:HW_Lib/STM32H7/BSP/Bsp_SDRAM.c **** #include "Bsp_SDRAM.h"
   2:HW_Lib/STM32H7/BSP/Bsp_SDRAM.c **** 
   3:HW_Lib/STM32H7/BSP/Bsp_SDRAM.c **** #define To_SDRAM_Handle(x) ((SDRAM_HandleTypeDef *)x)
   4:HW_Lib/STM32H7/BSP/Bsp_SDRAM.c **** 
   5:HW_Lib/STM32H7/BSP/Bsp_SDRAM.c **** #define SDRAM_TIMEOUT                           ((uint32_t)0x1000)
   6:HW_Lib/STM32H7/BSP/Bsp_SDRAM.c **** 
   7:HW_Lib/STM32H7/BSP/Bsp_SDRAM.c **** #define SDRAM_MODEREG_BURST_LENGTH_1             ((uint16_t)0x0000)
   8:HW_Lib/STM32H7/BSP/Bsp_SDRAM.c **** #define SDRAM_MODEREG_BURST_LENGTH_2             ((uint16_t)0x0001)
   9:HW_Lib/STM32H7/BSP/Bsp_SDRAM.c **** #define SDRAM_MODEREG_BURST_LENGTH_4             ((uint16_t)0x0002)
  10:HW_Lib/STM32H7/BSP/Bsp_SDRAM.c **** #define SDRAM_MODEREG_BURST_LENGTH_8             ((uint16_t)0x0004)
  11:HW_Lib/STM32H7/BSP/Bsp_SDRAM.c **** #define SDRAM_MODEREG_BURST_TYPE_SEQUENTIAL      ((uint16_t)0x0000)
  12:HW_Lib/STM32H7/BSP/Bsp_SDRAM.c **** #define SDRAM_MODEREG_BURST_TYPE_INTERLEAVED     ((uint16_t)0x0008)
  13:HW_Lib/STM32H7/BSP/Bsp_SDRAM.c **** #define SDRAM_MODEREG_CAS_LATENCY_2              ((uint16_t)0x0020)
  14:HW_Lib/STM32H7/BSP/Bsp_SDRAM.c **** #define SDRAM_MODEREG_CAS_LATENCY_3              ((uint16_t)0x0030)
  15:HW_Lib/STM32H7/BSP/Bsp_SDRAM.c **** #define SDRAM_MODEREG_OPERATING_MODE_STANDARD    ((uint16_t)0x0000)
  16:HW_Lib/STM32H7/BSP/Bsp_SDRAM.c **** #define SDRAM_MODEREG_WRITEBURST_MODE_PROGRAMMED ((uint16_t)0x0000) 
  17:HW_Lib/STM32H7/BSP/Bsp_SDRAM.c **** #define SDRAM_MODEREG_WRITEBURST_MODE_SINGLE     ((uint16_t)0x0200) 
  18:HW_Lib/STM32H7/BSP/Bsp_SDRAM.c **** 
  19:HW_Lib/STM32H7/BSP/Bsp_SDRAM.c **** static uint32_t BspSDRAM_Get_BankArea(uint8_t bank_area)
  20:HW_Lib/STM32H7/BSP/Bsp_SDRAM.c **** {
  27              		.loc 1 20 1
  28              		.cfi_startproc
  29              		@ args = 0, pretend = 0, frame = 8
  30              		@ frame_needed = 1, uses_anonymous_args = 0
  31              		@ link register save eliminated.
  32 0000 80B4     		push	{r7}
  33              	.LCFI0:
  34              		.cfi_def_cfa_offset 4
  35              		.cfi_offset 7, -4
  36 0002 83B0     		sub	sp, sp, #12
  37              	.LCFI1:
  38              		.cfi_def_cfa_offset 16
ARM GAS  C:\Users\HUAV\AppData\Local\Temp\ccjiD2Sr.s 			page 2


  39 0004 00AF     		add	r7, sp, #0
  40              	.LCFI2:
  41              		.cfi_def_cfa_register 7
  42 0006 0346     		mov	r3, r0
  43 0008 FB71     		strb	r3, [r7, #7]
  21:HW_Lib/STM32H7/BSP/Bsp_SDRAM.c ****     switch (bank_area)
  44              		.loc 1 21 5
  45 000a FB79     		ldrb	r3, [r7, #7]	@ zero_extendqisi2
  46 000c 002B     		cmp	r3, #0
  47 000e 02D0     		beq	.L2
  48 0010 012B     		cmp	r3, #1
  49 0012 02D0     		beq	.L3
  50 0014 03E0     		b	.L6
  51              	.L2:
  22:HW_Lib/STM32H7/BSP/Bsp_SDRAM.c ****     {
  23:HW_Lib/STM32H7/BSP/Bsp_SDRAM.c ****         case BspSDRAM_Bank_1: return FMC_SDRAM_BANK1;
  52              		.loc 1 23 38
  53 0016 0023     		movs	r3, #0
  54 0018 02E0     		b	.L5
  55              	.L3:
  24:HW_Lib/STM32H7/BSP/Bsp_SDRAM.c ****         case BspSDRAM_Bank_2: return FMC_SDRAM_BANK2;
  56              		.loc 1 24 38
  57 001a 0123     		movs	r3, #1
  58 001c 00E0     		b	.L5
  59              	.L6:
  25:HW_Lib/STM32H7/BSP/Bsp_SDRAM.c ****         default: return FMC_SDRAM_BANK2;
  60              		.loc 1 25 25
  61 001e 0123     		movs	r3, #1
  62              	.L5:
  26:HW_Lib/STM32H7/BSP/Bsp_SDRAM.c ****     }
  27:HW_Lib/STM32H7/BSP/Bsp_SDRAM.c **** }
  63              		.loc 1 27 1
  64 0020 1846     		mov	r0, r3
  65 0022 0C37     		adds	r7, r7, #12
  66              	.LCFI3:
  67              		.cfi_def_cfa_offset 4
  68 0024 BD46     		mov	sp, r7
  69              	.LCFI4:
  70              		.cfi_def_cfa_register 13
  71              		@ sp needed
  72 0026 5DF8047B 		ldr	r7, [sp], #4
  73              	.LCFI5:
  74              		.cfi_restore 7
  75              		.cfi_def_cfa_offset 0
  76 002a 7047     		bx	lr
  77              		.cfi_endproc
  78              	.LFE333:
  80              		.section	.text.BspSDRAM_Get_BankNum,"ax",%progbits
  81              		.align	1
  82              		.syntax unified
  83              		.thumb
  84              		.thumb_func
  86              	BspSDRAM_Get_BankNum:
  87              	.LFB334:
  28:HW_Lib/STM32H7/BSP/Bsp_SDRAM.c **** 
  29:HW_Lib/STM32H7/BSP/Bsp_SDRAM.c **** static uint32_t BspSDRAM_Get_BankNum(uint8_t bank_num)
  30:HW_Lib/STM32H7/BSP/Bsp_SDRAM.c **** {
ARM GAS  C:\Users\HUAV\AppData\Local\Temp\ccjiD2Sr.s 			page 3


  88              		.loc 1 30 1
  89              		.cfi_startproc
  90              		@ args = 0, pretend = 0, frame = 8
  91              		@ frame_needed = 1, uses_anonymous_args = 0
  92              		@ link register save eliminated.
  93 0000 80B4     		push	{r7}
  94              	.LCFI6:
  95              		.cfi_def_cfa_offset 4
  96              		.cfi_offset 7, -4
  97 0002 83B0     		sub	sp, sp, #12
  98              	.LCFI7:
  99              		.cfi_def_cfa_offset 16
 100 0004 00AF     		add	r7, sp, #0
 101              	.LCFI8:
 102              		.cfi_def_cfa_register 7
 103 0006 0346     		mov	r3, r0
 104 0008 FB71     		strb	r3, [r7, #7]
  31:HW_Lib/STM32H7/BSP/Bsp_SDRAM.c ****     switch (bank_num)
 105              		.loc 1 31 5
 106 000a FB79     		ldrb	r3, [r7, #7]	@ zero_extendqisi2
 107 000c 002B     		cmp	r3, #0
 108 000e 02D0     		beq	.L8
 109 0010 012B     		cmp	r3, #1
 110 0012 02D0     		beq	.L9
 111 0014 03E0     		b	.L12
 112              	.L8:
  32:HW_Lib/STM32H7/BSP/Bsp_SDRAM.c ****     {
  33:HW_Lib/STM32H7/BSP/Bsp_SDRAM.c ****         case BspSDRAM_BankNum_2: return FMC_SDRAM_INTERN_BANKS_NUM_2;
 113              		.loc 1 33 41
 114 0016 0023     		movs	r3, #0
 115 0018 02E0     		b	.L11
 116              	.L9:
  34:HW_Lib/STM32H7/BSP/Bsp_SDRAM.c ****         case BspSDRAM_BankNum_4: return FMC_SDRAM_INTERN_BANKS_NUM_4;
 117              		.loc 1 34 41
 118 001a 4023     		movs	r3, #64
 119 001c 00E0     		b	.L11
 120              	.L12:
  35:HW_Lib/STM32H7/BSP/Bsp_SDRAM.c ****         default: return FMC_SDRAM_INTERN_BANKS_NUM_4;
 121              		.loc 1 35 25
 122 001e 4023     		movs	r3, #64
 123              	.L11:
  36:HW_Lib/STM32H7/BSP/Bsp_SDRAM.c ****     }
  37:HW_Lib/STM32H7/BSP/Bsp_SDRAM.c **** }
 124              		.loc 1 37 1
 125 0020 1846     		mov	r0, r3
 126 0022 0C37     		adds	r7, r7, #12
 127              	.LCFI9:
 128              		.cfi_def_cfa_offset 4
 129 0024 BD46     		mov	sp, r7
 130              	.LCFI10:
 131              		.cfi_def_cfa_register 13
 132              		@ sp needed
 133 0026 5DF8047B 		ldr	r7, [sp], #4
 134              	.LCFI11:
 135              		.cfi_restore 7
 136              		.cfi_def_cfa_offset 0
 137 002a 7047     		bx	lr
ARM GAS  C:\Users\HUAV\AppData\Local\Temp\ccjiD2Sr.s 			page 4


 138              		.cfi_endproc
 139              	.LFE334:
 141              		.section	.text.BspSDRAM_Get_RowBits,"ax",%progbits
 142              		.align	1
 143              		.syntax unified
 144              		.thumb
 145              		.thumb_func
 147              	BspSDRAM_Get_RowBits:
 148              	.LFB335:
  38:HW_Lib/STM32H7/BSP/Bsp_SDRAM.c **** 
  39:HW_Lib/STM32H7/BSP/Bsp_SDRAM.c **** static uint32_t BspSDRAM_Get_RowBits(uint8_t row_bits)
  40:HW_Lib/STM32H7/BSP/Bsp_SDRAM.c **** {
 149              		.loc 1 40 1
 150              		.cfi_startproc
 151              		@ args = 0, pretend = 0, frame = 8
 152              		@ frame_needed = 1, uses_anonymous_args = 0
 153              		@ link register save eliminated.
 154 0000 80B4     		push	{r7}
 155              	.LCFI12:
 156              		.cfi_def_cfa_offset 4
 157              		.cfi_offset 7, -4
 158 0002 83B0     		sub	sp, sp, #12
 159              	.LCFI13:
 160              		.cfi_def_cfa_offset 16
 161 0004 00AF     		add	r7, sp, #0
 162              	.LCFI14:
 163              		.cfi_def_cfa_register 7
 164 0006 0346     		mov	r3, r0
 165 0008 FB71     		strb	r3, [r7, #7]
  41:HW_Lib/STM32H7/BSP/Bsp_SDRAM.c ****     switch (row_bits)
 166              		.loc 1 41 5
 167 000a FB79     		ldrb	r3, [r7, #7]	@ zero_extendqisi2
 168 000c 022B     		cmp	r3, #2
 169 000e 0AD0     		beq	.L14
 170 0010 022B     		cmp	r3, #2
 171 0012 0ADC     		bgt	.L15
 172 0014 002B     		cmp	r3, #0
 173 0016 02D0     		beq	.L16
 174 0018 012B     		cmp	r3, #1
 175 001a 02D0     		beq	.L17
 176 001c 05E0     		b	.L15
 177              	.L16:
  42:HW_Lib/STM32H7/BSP/Bsp_SDRAM.c ****     {
  43:HW_Lib/STM32H7/BSP/Bsp_SDRAM.c ****         case BspSDRAM_Row_11Bits: return FMC_SDRAM_ROW_BITS_NUM_11;
 178              		.loc 1 43 42
 179 001e 0023     		movs	r3, #0
 180 0020 04E0     		b	.L18
 181              	.L17:
  44:HW_Lib/STM32H7/BSP/Bsp_SDRAM.c ****         case BspSDRAM_Row_12Bits: return FMC_SDRAM_ROW_BITS_NUM_12;
 182              		.loc 1 44 42
 183 0022 0423     		movs	r3, #4
 184 0024 02E0     		b	.L18
 185              	.L14:
  45:HW_Lib/STM32H7/BSP/Bsp_SDRAM.c ****         case BspSDRAM_Row_13Bits: return FMC_SDRAM_ROW_BITS_NUM_13;
 186              		.loc 1 45 42
 187 0026 0823     		movs	r3, #8
 188 0028 00E0     		b	.L18
ARM GAS  C:\Users\HUAV\AppData\Local\Temp\ccjiD2Sr.s 			page 5


 189              	.L15:
  46:HW_Lib/STM32H7/BSP/Bsp_SDRAM.c ****         default: return FMC_SDRAM_ROW_BITS_NUM_11;
 190              		.loc 1 46 25
 191 002a 0023     		movs	r3, #0
 192              	.L18:
  47:HW_Lib/STM32H7/BSP/Bsp_SDRAM.c ****     }
  48:HW_Lib/STM32H7/BSP/Bsp_SDRAM.c **** }
 193              		.loc 1 48 1
 194 002c 1846     		mov	r0, r3
 195 002e 0C37     		adds	r7, r7, #12
 196              	.LCFI15:
 197              		.cfi_def_cfa_offset 4
 198 0030 BD46     		mov	sp, r7
 199              	.LCFI16:
 200              		.cfi_def_cfa_register 13
 201              		@ sp needed
 202 0032 5DF8047B 		ldr	r7, [sp], #4
 203              	.LCFI17:
 204              		.cfi_restore 7
 205              		.cfi_def_cfa_offset 0
 206 0036 7047     		bx	lr
 207              		.cfi_endproc
 208              	.LFE335:
 210              		.section	.text.BspSDRAM_Get_ColumnBits,"ax",%progbits
 211              		.align	1
 212              		.syntax unified
 213              		.thumb
 214              		.thumb_func
 216              	BspSDRAM_Get_ColumnBits:
 217              	.LFB336:
  49:HW_Lib/STM32H7/BSP/Bsp_SDRAM.c **** 
  50:HW_Lib/STM32H7/BSP/Bsp_SDRAM.c **** static uint32_t BspSDRAM_Get_ColumnBits(uint8_t column_bits)
  51:HW_Lib/STM32H7/BSP/Bsp_SDRAM.c **** {
 218              		.loc 1 51 1
 219              		.cfi_startproc
 220              		@ args = 0, pretend = 0, frame = 8
 221              		@ frame_needed = 1, uses_anonymous_args = 0
 222              		@ link register save eliminated.
 223 0000 80B4     		push	{r7}
 224              	.LCFI18:
 225              		.cfi_def_cfa_offset 4
 226              		.cfi_offset 7, -4
 227 0002 83B0     		sub	sp, sp, #12
 228              	.LCFI19:
 229              		.cfi_def_cfa_offset 16
 230 0004 00AF     		add	r7, sp, #0
 231              	.LCFI20:
 232              		.cfi_def_cfa_register 7
 233 0006 0346     		mov	r3, r0
 234 0008 FB71     		strb	r3, [r7, #7]
  52:HW_Lib/STM32H7/BSP/Bsp_SDRAM.c ****     switch (column_bits)
 235              		.loc 1 52 5
 236 000a FB79     		ldrb	r3, [r7, #7]	@ zero_extendqisi2
 237 000c 032B     		cmp	r3, #3
 238 000e 13D8     		bhi	.L20
 239 0010 01A2     		adr	r2, .L22
 240 0012 52F823F0 		ldr	pc, [r2, r3, lsl #2]
ARM GAS  C:\Users\HUAV\AppData\Local\Temp\ccjiD2Sr.s 			page 6


 241 0016 00BF     		.p2align 2
 242              	.L22:
 243 0018 29000000 		.word	.L25+1
 244 001c 2D000000 		.word	.L24+1
 245 0020 31000000 		.word	.L23+1
 246 0024 35000000 		.word	.L21+1
 247              		.p2align 1
 248              	.L25:
  53:HW_Lib/STM32H7/BSP/Bsp_SDRAM.c ****     {
  54:HW_Lib/STM32H7/BSP/Bsp_SDRAM.c ****         case BspSDRAM_Column_8Bits:  return FMC_SDRAM_COLUMN_BITS_NUM_8;
 249              		.loc 1 54 45
 250 0028 0023     		movs	r3, #0
 251 002a 06E0     		b	.L26
 252              	.L24:
  55:HW_Lib/STM32H7/BSP/Bsp_SDRAM.c ****         case BspSDRAM_Column_9Bits:  return FMC_SDRAM_COLUMN_BITS_NUM_9;
 253              		.loc 1 55 45
 254 002c 0123     		movs	r3, #1
 255 002e 04E0     		b	.L26
 256              	.L23:
  56:HW_Lib/STM32H7/BSP/Bsp_SDRAM.c ****         case BspSDRAM_Column_10Bits: return FMC_SDRAM_COLUMN_BITS_NUM_10;
 257              		.loc 1 56 45
 258 0030 0223     		movs	r3, #2
 259 0032 02E0     		b	.L26
 260              	.L21:
  57:HW_Lib/STM32H7/BSP/Bsp_SDRAM.c ****         case BspSDRAM_Column_11Bits: return FMC_SDRAM_COLUMN_BITS_NUM_11;
 261              		.loc 1 57 45
 262 0034 0323     		movs	r3, #3
 263 0036 00E0     		b	.L26
 264              	.L20:
  58:HW_Lib/STM32H7/BSP/Bsp_SDRAM.c ****         default: return FMC_SDRAM_COLUMN_BITS_NUM_8;
 265              		.loc 1 58 25
 266 0038 0023     		movs	r3, #0
 267              	.L26:
  59:HW_Lib/STM32H7/BSP/Bsp_SDRAM.c ****     }
  60:HW_Lib/STM32H7/BSP/Bsp_SDRAM.c **** }
 268              		.loc 1 60 1
 269 003a 1846     		mov	r0, r3
 270 003c 0C37     		adds	r7, r7, #12
 271              	.LCFI21:
 272              		.cfi_def_cfa_offset 4
 273 003e BD46     		mov	sp, r7
 274              	.LCFI22:
 275              		.cfi_def_cfa_register 13
 276              		@ sp needed
 277 0040 5DF8047B 		ldr	r7, [sp], #4
 278              	.LCFI23:
 279              		.cfi_restore 7
 280              		.cfi_def_cfa_offset 0
 281 0044 7047     		bx	lr
 282              		.cfi_endproc
 283              	.LFE336:
 285 0046 00BF     		.section	.text.BspSDRAM_Bus_Width,"ax",%progbits
 286              		.align	1
 287              		.syntax unified
 288              		.thumb
 289              		.thumb_func
 291              	BspSDRAM_Bus_Width:
ARM GAS  C:\Users\HUAV\AppData\Local\Temp\ccjiD2Sr.s 			page 7


 292              	.LFB337:
  61:HW_Lib/STM32H7/BSP/Bsp_SDRAM.c **** 
  62:HW_Lib/STM32H7/BSP/Bsp_SDRAM.c **** static uint32_t BspSDRAM_Bus_Width(uint8_t bus_width)
  63:HW_Lib/STM32H7/BSP/Bsp_SDRAM.c **** {
 293              		.loc 1 63 1
 294              		.cfi_startproc
 295              		@ args = 0, pretend = 0, frame = 8
 296              		@ frame_needed = 1, uses_anonymous_args = 0
 297              		@ link register save eliminated.
 298 0000 80B4     		push	{r7}
 299              	.LCFI24:
 300              		.cfi_def_cfa_offset 4
 301              		.cfi_offset 7, -4
 302 0002 83B0     		sub	sp, sp, #12
 303              	.LCFI25:
 304              		.cfi_def_cfa_offset 16
 305 0004 00AF     		add	r7, sp, #0
 306              	.LCFI26:
 307              		.cfi_def_cfa_register 7
 308 0006 0346     		mov	r3, r0
 309 0008 FB71     		strb	r3, [r7, #7]
  64:HW_Lib/STM32H7/BSP/Bsp_SDRAM.c ****     switch (bus_width)
 310              		.loc 1 64 5
 311 000a FB79     		ldrb	r3, [r7, #7]	@ zero_extendqisi2
 312 000c 022B     		cmp	r3, #2
 313 000e 0AD0     		beq	.L28
 314 0010 022B     		cmp	r3, #2
 315 0012 0ADC     		bgt	.L29
 316 0014 002B     		cmp	r3, #0
 317 0016 02D0     		beq	.L30
 318 0018 012B     		cmp	r3, #1
 319 001a 02D0     		beq	.L31
 320 001c 05E0     		b	.L29
 321              	.L30:
  65:HW_Lib/STM32H7/BSP/Bsp_SDRAM.c ****     {
  66:HW_Lib/STM32H7/BSP/Bsp_SDRAM.c ****         case BspSDRAM_BusWidth_8:  return FMC_SDRAM_MEM_BUS_WIDTH_8;
 322              		.loc 1 66 43
 323 001e 0023     		movs	r3, #0
 324 0020 04E0     		b	.L32
 325              	.L31:
  67:HW_Lib/STM32H7/BSP/Bsp_SDRAM.c ****         case BspSDRAM_BusWidth_16: return FMC_SDRAM_MEM_BUS_WIDTH_16;
 326              		.loc 1 67 43
 327 0022 1023     		movs	r3, #16
 328 0024 02E0     		b	.L32
 329              	.L28:
  68:HW_Lib/STM32H7/BSP/Bsp_SDRAM.c ****         case BspSDRAM_BusWidth_32: return FMC_SDRAM_MEM_BUS_WIDTH_32;
 330              		.loc 1 68 43
 331 0026 2023     		movs	r3, #32
 332 0028 00E0     		b	.L32
 333              	.L29:
  69:HW_Lib/STM32H7/BSP/Bsp_SDRAM.c ****         default: return FMC_SDRAM_MEM_BUS_WIDTH_8;
 334              		.loc 1 69 25
 335 002a 0023     		movs	r3, #0
 336              	.L32:
  70:HW_Lib/STM32H7/BSP/Bsp_SDRAM.c ****     }
  71:HW_Lib/STM32H7/BSP/Bsp_SDRAM.c **** }
 337              		.loc 1 71 1
ARM GAS  C:\Users\HUAV\AppData\Local\Temp\ccjiD2Sr.s 			page 8


 338 002c 1846     		mov	r0, r3
 339 002e 0C37     		adds	r7, r7, #12
 340              	.LCFI27:
 341              		.cfi_def_cfa_offset 4
 342 0030 BD46     		mov	sp, r7
 343              	.LCFI28:
 344              		.cfi_def_cfa_register 13
 345              		@ sp needed
 346 0032 5DF8047B 		ldr	r7, [sp], #4
 347              	.LCFI29:
 348              		.cfi_restore 7
 349              		.cfi_def_cfa_offset 0
 350 0036 7047     		bx	lr
 351              		.cfi_endproc
 352              	.LFE337:
 354              		.section	.text.BspSDRAM_Pin_Init,"ax",%progbits
 355              		.align	1
 356              		.weak	BspSDRAM_Pin_Init
 357              		.syntax unified
 358              		.thumb
 359              		.thumb_func
 361              	BspSDRAM_Pin_Init:
 362              	.LFB338:
  72:HW_Lib/STM32H7/BSP/Bsp_SDRAM.c **** 
  73:HW_Lib/STM32H7/BSP/Bsp_SDRAM.c **** __attribute__((weak)) void BspSDRAM_Pin_Init(void){return;}
 363              		.loc 1 73 51
 364              		.cfi_startproc
 365              		@ args = 0, pretend = 0, frame = 0
 366              		@ frame_needed = 1, uses_anonymous_args = 0
 367              		@ link register save eliminated.
 368 0000 80B4     		push	{r7}
 369              	.LCFI30:
 370              		.cfi_def_cfa_offset 4
 371              		.cfi_offset 7, -4
 372 0002 00AF     		add	r7, sp, #0
 373              	.LCFI31:
 374              		.cfi_def_cfa_register 7
 375              		.loc 1 73 52
 376 0004 00BF     		nop
 377              		.loc 1 73 59
 378 0006 BD46     		mov	sp, r7
 379              	.LCFI32:
 380              		.cfi_def_cfa_register 13
 381              		@ sp needed
 382 0008 5DF8047B 		ldr	r7, [sp], #4
 383              	.LCFI33:
 384              		.cfi_restore 7
 385              		.cfi_def_cfa_offset 0
 386 000c 7047     		bx	lr
 387              		.cfi_endproc
 388              	.LFE338:
 390              		.section	.text.BspSDRAM_Init,"ax",%progbits
 391              		.align	1
 392              		.global	BspSDRAM_Init
 393              		.syntax unified
 394              		.thumb
 395              		.thumb_func
ARM GAS  C:\Users\HUAV\AppData\Local\Temp\ccjiD2Sr.s 			page 9


 397              	BspSDRAM_Init:
 398              	.LFB339:
  74:HW_Lib/STM32H7/BSP/Bsp_SDRAM.c **** 
  75:HW_Lib/STM32H7/BSP/Bsp_SDRAM.c **** bool BspSDRAM_Init(BspSDRAMObj_TypeDef *obj)
  76:HW_Lib/STM32H7/BSP/Bsp_SDRAM.c **** {
 399              		.loc 1 76 1
 400              		.cfi_startproc
 401              		@ args = 0, pretend = 0, frame = 248
 402              		@ frame_needed = 1, uses_anonymous_args = 0
 403 0000 90B5     		push	{r4, r7, lr}
 404              	.LCFI34:
 405              		.cfi_def_cfa_offset 12
 406              		.cfi_offset 4, -12
 407              		.cfi_offset 7, -8
 408              		.cfi_offset 14, -4
 409 0002 BFB0     		sub	sp, sp, #252
 410              	.LCFI35:
 411              		.cfi_def_cfa_offset 264
 412 0004 00AF     		add	r7, sp, #0
 413              	.LCFI36:
 414              		.cfi_def_cfa_register 7
 415 0006 7860     		str	r0, [r7, #4]
  77:HW_Lib/STM32H7/BSP/Bsp_SDRAM.c ****     RCC_PeriphCLKInitTypeDef PeriphClkInitStruct = {0};
 416              		.loc 1 77 30
 417 0008 07F13C03 		add	r3, r7, #60
 418 000c BC22     		movs	r2, #188
 419 000e 0021     		movs	r1, #0
 420 0010 1846     		mov	r0, r3
 421 0012 FFF7FEFF 		bl	memset
  78:HW_Lib/STM32H7/BSP/Bsp_SDRAM.c ****     FMC_SDRAM_TimingTypeDef SdramTiming = {0};
 422              		.loc 1 78 29
 423 0016 07F12003 		add	r3, r7, #32
 424 001a 0022     		movs	r2, #0
 425 001c 1A60     		str	r2, [r3]
 426 001e 5A60     		str	r2, [r3, #4]
 427 0020 9A60     		str	r2, [r3, #8]
 428 0022 DA60     		str	r2, [r3, #12]
 429 0024 1A61     		str	r2, [r3, #16]
 430 0026 5A61     		str	r2, [r3, #20]
 431 0028 9A61     		str	r2, [r3, #24]
  79:HW_Lib/STM32H7/BSP/Bsp_SDRAM.c ****     FMC_SDRAM_CommandTypeDef Command;
  80:HW_Lib/STM32H7/BSP/Bsp_SDRAM.c ****     volatile uint32_t tmpmrd = 0;
 432              		.loc 1 80 23
 433 002a 0023     		movs	r3, #0
 434 002c FB60     		str	r3, [r7, #12]
  81:HW_Lib/STM32H7/BSP/Bsp_SDRAM.c ****     
  82:HW_Lib/STM32H7/BSP/Bsp_SDRAM.c ****     if ((obj == NULL) || \
 435              		.loc 1 82 8
 436 002e 7B68     		ldr	r3, [r7, #4]
 437 0030 002B     		cmp	r3, #0
 438 0032 17D0     		beq	.L36
  83:HW_Lib/STM32H7/BSP/Bsp_SDRAM.c ****         (obj->hdl == NULL) || \
 439              		.loc 1 83 13 discriminator 1
 440 0034 7B68     		ldr	r3, [r7, #4]
 441 0036 9B68     		ldr	r3, [r3, #8]
  82:HW_Lib/STM32H7/BSP/Bsp_SDRAM.c ****         (obj->hdl == NULL) || \
 442              		.loc 1 82 23 discriminator 1
ARM GAS  C:\Users\HUAV\AppData\Local\Temp\ccjiD2Sr.s 			page 10


 443 0038 002B     		cmp	r3, #0
 444 003a 13D0     		beq	.L36
  84:HW_Lib/STM32H7/BSP/Bsp_SDRAM.c ****         (obj->bank_num > BspSDRAM_BankNum_4) || \
 445              		.loc 1 84 13
 446 003c 7B68     		ldr	r3, [r7, #4]
 447 003e 5B78     		ldrb	r3, [r3, #1]	@ zero_extendqisi2
  83:HW_Lib/STM32H7/BSP/Bsp_SDRAM.c ****         (obj->hdl == NULL) || \
 448              		.loc 1 83 28
 449 0040 012B     		cmp	r3, #1
 450 0042 0FD8     		bhi	.L36
  85:HW_Lib/STM32H7/BSP/Bsp_SDRAM.c ****         (obj->bank_area > BspSDRAM_Bank_2) || \
 451              		.loc 1 85 13
 452 0044 7B68     		ldr	r3, [r7, #4]
 453 0046 9B78     		ldrb	r3, [r3, #2]	@ zero_extendqisi2
  84:HW_Lib/STM32H7/BSP/Bsp_SDRAM.c ****         (obj->bank_num > BspSDRAM_BankNum_4) || \
 454              		.loc 1 84 46
 455 0048 012B     		cmp	r3, #1
 456 004a 0BD8     		bhi	.L36
  86:HW_Lib/STM32H7/BSP/Bsp_SDRAM.c ****         (obj->bus_width > BspSDRAM_BusWidth_32) || \
 457              		.loc 1 86 13
 458 004c 7B68     		ldr	r3, [r7, #4]
 459 004e DB78     		ldrb	r3, [r3, #3]	@ zero_extendqisi2
  85:HW_Lib/STM32H7/BSP/Bsp_SDRAM.c ****         (obj->bank_area > BspSDRAM_Bank_2) || \
 460              		.loc 1 85 44
 461 0050 022B     		cmp	r3, #2
 462 0052 07D8     		bhi	.L36
  87:HW_Lib/STM32H7/BSP/Bsp_SDRAM.c ****         (obj->row_bits > BspSDRAM_Row_13Bits) || \
 463              		.loc 1 87 13
 464 0054 7B68     		ldr	r3, [r7, #4]
 465 0056 5B79     		ldrb	r3, [r3, #5]	@ zero_extendqisi2
  86:HW_Lib/STM32H7/BSP/Bsp_SDRAM.c ****         (obj->bus_width > BspSDRAM_BusWidth_32) || \
 466              		.loc 1 86 49
 467 0058 022B     		cmp	r3, #2
 468 005a 03D8     		bhi	.L36
  88:HW_Lib/STM32H7/BSP/Bsp_SDRAM.c ****         (obj->column_bits > BspSDRAM_Column_11Bits))
 469              		.loc 1 88 13
 470 005c 7B68     		ldr	r3, [r7, #4]
 471 005e 1B79     		ldrb	r3, [r3, #4]	@ zero_extendqisi2
  87:HW_Lib/STM32H7/BSP/Bsp_SDRAM.c ****         (obj->row_bits > BspSDRAM_Row_13Bits) || \
 472              		.loc 1 87 47
 473 0060 032B     		cmp	r3, #3
 474 0062 01D9     		bls	.L37
 475              	.L36:
  89:HW_Lib/STM32H7/BSP/Bsp_SDRAM.c ****         return false;
 476              		.loc 1 89 16
 477 0064 0023     		movs	r3, #0
 478 0066 F7E0     		b	.L45
 479              	.L37:
  90:HW_Lib/STM32H7/BSP/Bsp_SDRAM.c **** 
  91:HW_Lib/STM32H7/BSP/Bsp_SDRAM.c ****     obj->init_state = false;
 480              		.loc 1 91 21
 481 0068 7B68     		ldr	r3, [r7, #4]
 482 006a 0022     		movs	r2, #0
 483 006c 1A70     		strb	r2, [r3]
 484              	.LBB2:
  92:HW_Lib/STM32H7/BSP/Bsp_SDRAM.c **** 
  93:HW_Lib/STM32H7/BSP/Bsp_SDRAM.c ****     __HAL_RCC_FMC_CLK_ENABLE();
ARM GAS  C:\Users\HUAV\AppData\Local\Temp\ccjiD2Sr.s 			page 11


 485              		.loc 1 93 5
 486 006e 7C4B     		ldr	r3, .L46
 487 0070 D3F8D430 		ldr	r3, [r3, #212]
 488 0074 7A4A     		ldr	r2, .L46
 489 0076 43F48053 		orr	r3, r3, #4096
 490 007a C2F8D430 		str	r3, [r2, #212]
 491 007e 784B     		ldr	r3, .L46
 492 0080 D3F8D430 		ldr	r3, [r3, #212]
 493 0084 03F48053 		and	r3, r3, #4096
 494 0088 BB60     		str	r3, [r7, #8]
 495 008a BB68     		ldr	r3, [r7, #8]
 496              	.LBE2:
  94:HW_Lib/STM32H7/BSP/Bsp_SDRAM.c ****     
  95:HW_Lib/STM32H7/BSP/Bsp_SDRAM.c ****     memset(obj->hdl, 0, SDRAM_HandleType_Size);
 497              		.loc 1 95 5
 498 008c 7B68     		ldr	r3, [r7, #4]
 499 008e 9B68     		ldr	r3, [r3, #8]
 500 0090 3422     		movs	r2, #52
 501 0092 0021     		movs	r1, #0
 502 0094 1846     		mov	r0, r3
 503 0096 FFF7FEFF 		bl	memset
  96:HW_Lib/STM32H7/BSP/Bsp_SDRAM.c **** 
  97:HW_Lib/STM32H7/BSP/Bsp_SDRAM.c ****     /* fmc gpio init */
  98:HW_Lib/STM32H7/BSP/Bsp_SDRAM.c ****     BspSDRAM_Pin_Init();
 504              		.loc 1 98 5
 505 009a FFF7FEFF 		bl	BspSDRAM_Pin_Init
  99:HW_Lib/STM32H7/BSP/Bsp_SDRAM.c **** 
 100:HW_Lib/STM32H7/BSP/Bsp_SDRAM.c ****     PeriphClkInitStruct.PeriphClockSelection = RCC_PERIPHCLK_FMC;
 506              		.loc 1 100 46
 507 009e 4FF08073 		mov	r3, #16777216
 508 00a2 FB63     		str	r3, [r7, #60]
 101:HW_Lib/STM32H7/BSP/Bsp_SDRAM.c ****     PeriphClkInitStruct.FmcClockSelection = RCC_FMCCLKSOURCE_D1HCLK;
 509              		.loc 1 101 43
 510 00a4 0023     		movs	r3, #0
 511 00a6 C7F88030 		str	r3, [r7, #128]
 102:HW_Lib/STM32H7/BSP/Bsp_SDRAM.c ****     if (HAL_RCCEx_PeriphCLKConfig(&PeriphClkInitStruct) != HAL_OK)
 512              		.loc 1 102 9
 513 00aa 07F13C03 		add	r3, r7, #60
 514 00ae 1846     		mov	r0, r3
 515 00b0 FFF7FEFF 		bl	HAL_RCCEx_PeriphCLKConfig
 516 00b4 0346     		mov	r3, r0
 517              		.loc 1 102 8
 518 00b6 002B     		cmp	r3, #0
 519 00b8 01D0     		beq	.L39
 103:HW_Lib/STM32H7/BSP/Bsp_SDRAM.c ****         return false;
 520              		.loc 1 103 16
 521 00ba 0023     		movs	r3, #0
 522 00bc CCE0     		b	.L45
 523              	.L39:
 104:HW_Lib/STM32H7/BSP/Bsp_SDRAM.c **** 
 105:HW_Lib/STM32H7/BSP/Bsp_SDRAM.c **** 	/* hsdram1.Init */
 106:HW_Lib/STM32H7/BSP/Bsp_SDRAM.c **** 	To_SDRAM_Handle(obj->hdl)->Instance                = FMC_SDRAM_DEVICE;
 524              		.loc 1 106 2
 525 00be 7B68     		ldr	r3, [r7, #4]
 526 00c0 9B68     		ldr	r3, [r3, #8]
 527              		.loc 1 106 53
 528 00c2 684A     		ldr	r2, .L46+4
ARM GAS  C:\Users\HUAV\AppData\Local\Temp\ccjiD2Sr.s 			page 12


 529 00c4 1A60     		str	r2, [r3]
 107:HW_Lib/STM32H7/BSP/Bsp_SDRAM.c **** 	To_SDRAM_Handle(obj->hdl)->Init.SDBank             = BspSDRAM_Get_BankArea(obj->bank_area);
 530              		.loc 1 107 55
 531 00c6 7B68     		ldr	r3, [r7, #4]
 532 00c8 9A78     		ldrb	r2, [r3, #2]	@ zero_extendqisi2
 533              		.loc 1 107 2
 534 00ca 7B68     		ldr	r3, [r7, #4]
 535 00cc 9C68     		ldr	r4, [r3, #8]
 536              		.loc 1 107 55
 537 00ce 1046     		mov	r0, r2
 538 00d0 FFF7FEFF 		bl	BspSDRAM_Get_BankArea
 539 00d4 0346     		mov	r3, r0
 540              		.loc 1 107 53
 541 00d6 6360     		str	r3, [r4, #4]
 108:HW_Lib/STM32H7/BSP/Bsp_SDRAM.c **** 	To_SDRAM_Handle(obj->hdl)->Init.ColumnBitsNumber   = BspSDRAM_Get_ColumnBits(obj->column_bits);
 542              		.loc 1 108 55
 543 00d8 7B68     		ldr	r3, [r7, #4]
 544 00da 1A79     		ldrb	r2, [r3, #4]	@ zero_extendqisi2
 545              		.loc 1 108 2
 546 00dc 7B68     		ldr	r3, [r7, #4]
 547 00de 9C68     		ldr	r4, [r3, #8]
 548              		.loc 1 108 55
 549 00e0 1046     		mov	r0, r2
 550 00e2 FFF7FEFF 		bl	BspSDRAM_Get_ColumnBits
 551 00e6 0346     		mov	r3, r0
 552              		.loc 1 108 53
 553 00e8 A360     		str	r3, [r4, #8]
 109:HW_Lib/STM32H7/BSP/Bsp_SDRAM.c **** 	To_SDRAM_Handle(obj->hdl)->Init.RowBitsNumber      = BspSDRAM_Get_RowBits(obj->row_bits);
 554              		.loc 1 109 55
 555 00ea 7B68     		ldr	r3, [r7, #4]
 556 00ec 5A79     		ldrb	r2, [r3, #5]	@ zero_extendqisi2
 557              		.loc 1 109 2
 558 00ee 7B68     		ldr	r3, [r7, #4]
 559 00f0 9C68     		ldr	r4, [r3, #8]
 560              		.loc 1 109 55
 561 00f2 1046     		mov	r0, r2
 562 00f4 FFF7FEFF 		bl	BspSDRAM_Get_RowBits
 563 00f8 0346     		mov	r3, r0
 564              		.loc 1 109 53
 565 00fa E360     		str	r3, [r4, #12]
 110:HW_Lib/STM32H7/BSP/Bsp_SDRAM.c **** 	To_SDRAM_Handle(obj->hdl)->Init.MemoryDataWidth    = BspSDRAM_Bus_Width(obj->bus_width);
 566              		.loc 1 110 55
 567 00fc 7B68     		ldr	r3, [r7, #4]
 568 00fe DA78     		ldrb	r2, [r3, #3]	@ zero_extendqisi2
 569              		.loc 1 110 2
 570 0100 7B68     		ldr	r3, [r7, #4]
 571 0102 9C68     		ldr	r4, [r3, #8]
 572              		.loc 1 110 55
 573 0104 1046     		mov	r0, r2
 574 0106 FFF7FEFF 		bl	BspSDRAM_Bus_Width
 575 010a 0346     		mov	r3, r0
 576              		.loc 1 110 53
 577 010c 2361     		str	r3, [r4, #16]
 111:HW_Lib/STM32H7/BSP/Bsp_SDRAM.c **** 	To_SDRAM_Handle(obj->hdl)->Init.InternalBankNumber = BspSDRAM_Get_BankNum(obj->bank_num);
 578              		.loc 1 111 55
 579 010e 7B68     		ldr	r3, [r7, #4]
 580 0110 5A78     		ldrb	r2, [r3, #1]	@ zero_extendqisi2
ARM GAS  C:\Users\HUAV\AppData\Local\Temp\ccjiD2Sr.s 			page 13


 581              		.loc 1 111 2
 582 0112 7B68     		ldr	r3, [r7, #4]
 583 0114 9C68     		ldr	r4, [r3, #8]
 584              		.loc 1 111 55
 585 0116 1046     		mov	r0, r2
 586 0118 FFF7FEFF 		bl	BspSDRAM_Get_BankNum
 587 011c 0346     		mov	r3, r0
 588              		.loc 1 111 53
 589 011e 6361     		str	r3, [r4, #20]
 112:HW_Lib/STM32H7/BSP/Bsp_SDRAM.c **** 	To_SDRAM_Handle(obj->hdl)->Init.CASLatency         = FMC_SDRAM_CAS_LATENCY_3;
 590              		.loc 1 112 2
 591 0120 7B68     		ldr	r3, [r7, #4]
 592 0122 9B68     		ldr	r3, [r3, #8]
 593              		.loc 1 112 53
 594 0124 4FF4C072 		mov	r2, #384
 595 0128 9A61     		str	r2, [r3, #24]
 113:HW_Lib/STM32H7/BSP/Bsp_SDRAM.c **** 	To_SDRAM_Handle(obj->hdl)->Init.WriteProtection    = FMC_SDRAM_WRITE_PROTECTION_DISABLE;
 596              		.loc 1 113 2
 597 012a 7B68     		ldr	r3, [r7, #4]
 598 012c 9B68     		ldr	r3, [r3, #8]
 599              		.loc 1 113 53
 600 012e 0022     		movs	r2, #0
 601 0130 DA61     		str	r2, [r3, #28]
 114:HW_Lib/STM32H7/BSP/Bsp_SDRAM.c **** 	To_SDRAM_Handle(obj->hdl)->Init.SDClockPeriod      = FMC_SDRAM_CLOCK_PERIOD_2;
 602              		.loc 1 114 2
 603 0132 7B68     		ldr	r3, [r7, #4]
 604 0134 9B68     		ldr	r3, [r3, #8]
 605              		.loc 1 114 53
 606 0136 4FF40062 		mov	r2, #2048
 607 013a 1A62     		str	r2, [r3, #32]
 115:HW_Lib/STM32H7/BSP/Bsp_SDRAM.c **** 	To_SDRAM_Handle(obj->hdl)->Init.ReadBurst          = FMC_SDRAM_RBURST_ENABLE;
 608              		.loc 1 115 2
 609 013c 7B68     		ldr	r3, [r7, #4]
 610 013e 9B68     		ldr	r3, [r3, #8]
 611              		.loc 1 115 53
 612 0140 4FF48052 		mov	r2, #4096
 613 0144 5A62     		str	r2, [r3, #36]
 116:HW_Lib/STM32H7/BSP/Bsp_SDRAM.c **** 	To_SDRAM_Handle(obj->hdl)->Init.ReadPipeDelay      = FMC_SDRAM_RPIPE_DELAY_1;
 614              		.loc 1 116 2
 615 0146 7B68     		ldr	r3, [r7, #4]
 616 0148 9B68     		ldr	r3, [r3, #8]
 617              		.loc 1 116 53
 618 014a 4FF40052 		mov	r2, #8192
 619 014e 9A62     		str	r2, [r3, #40]
 117:HW_Lib/STM32H7/BSP/Bsp_SDRAM.c **** 
 118:HW_Lib/STM32H7/BSP/Bsp_SDRAM.c **** 	/* SdramTiming */
 119:HW_Lib/STM32H7/BSP/Bsp_SDRAM.c **** 	SdramTiming.LoadToActiveDelay       = 2;
 620              		.loc 1 119 38
 621 0150 0223     		movs	r3, #2
 622 0152 3B62     		str	r3, [r7, #32]
 120:HW_Lib/STM32H7/BSP/Bsp_SDRAM.c **** 	SdramTiming.ExitSelfRefreshDelay    = 7;
 623              		.loc 1 120 38
 624 0154 0723     		movs	r3, #7
 625 0156 7B62     		str	r3, [r7, #36]
 121:HW_Lib/STM32H7/BSP/Bsp_SDRAM.c **** 	SdramTiming.SelfRefreshTime         = 4;
 626              		.loc 1 121 38
 627 0158 0423     		movs	r3, #4
ARM GAS  C:\Users\HUAV\AppData\Local\Temp\ccjiD2Sr.s 			page 14


 628 015a BB62     		str	r3, [r7, #40]
 122:HW_Lib/STM32H7/BSP/Bsp_SDRAM.c **** 	SdramTiming.RowCycleDelay           = 7;
 629              		.loc 1 122 38
 630 015c 0723     		movs	r3, #7
 631 015e FB62     		str	r3, [r7, #44]
 123:HW_Lib/STM32H7/BSP/Bsp_SDRAM.c **** 	SdramTiming.WriteRecoveryTime       = 2;
 632              		.loc 1 123 38
 633 0160 0223     		movs	r3, #2
 634 0162 3B63     		str	r3, [r7, #48]
 124:HW_Lib/STM32H7/BSP/Bsp_SDRAM.c **** 	SdramTiming.RPDelay                 = 2;
 635              		.loc 1 124 38
 636 0164 0223     		movs	r3, #2
 637 0166 7B63     		str	r3, [r7, #52]
 125:HW_Lib/STM32H7/BSP/Bsp_SDRAM.c **** 	SdramTiming.RCDDelay                = 2;
 638              		.loc 1 125 38
 639 0168 0223     		movs	r3, #2
 640 016a BB63     		str	r3, [r7, #56]
 126:HW_Lib/STM32H7/BSP/Bsp_SDRAM.c ****     
 127:HW_Lib/STM32H7/BSP/Bsp_SDRAM.c ****     if (HAL_SDRAM_Init(To_SDRAM_Handle(obj->hdl), &SdramTiming) != HAL_OK)
 641              		.loc 1 127 24
 642 016c 7B68     		ldr	r3, [r7, #4]
 643 016e 9B68     		ldr	r3, [r3, #8]
 644              		.loc 1 127 9
 645 0170 07F12002 		add	r2, r7, #32
 646 0174 1146     		mov	r1, r2
 647 0176 1846     		mov	r0, r3
 648 0178 FFF7FEFF 		bl	HAL_SDRAM_Init
 649 017c 0346     		mov	r3, r0
 650              		.loc 1 127 8
 651 017e 002B     		cmp	r3, #0
 652 0180 01D0     		beq	.L40
 128:HW_Lib/STM32H7/BSP/Bsp_SDRAM.c ****         return false;
 653              		.loc 1 128 16
 654 0182 0023     		movs	r3, #0
 655 0184 68E0     		b	.L45
 656              	.L40:
 129:HW_Lib/STM32H7/BSP/Bsp_SDRAM.c **** 
 130:HW_Lib/STM32H7/BSP/Bsp_SDRAM.c ****     /* config sdram */
 131:HW_Lib/STM32H7/BSP/Bsp_SDRAM.c **** 	/* Configure a clock configuration enable command */
 132:HW_Lib/STM32H7/BSP/Bsp_SDRAM.c **** 	Command.CommandMode            = FMC_SDRAM_CMD_CLK_ENABLE;
 657              		.loc 1 132 33
 658 0186 0123     		movs	r3, #1
 659 0188 3B61     		str	r3, [r7, #16]
 133:HW_Lib/STM32H7/BSP/Bsp_SDRAM.c **** 	Command.CommandTarget          = FMC_SDRAM_CMD_TARGET_BANK1;
 660              		.loc 1 133 33
 661 018a 1023     		movs	r3, #16
 662 018c 7B61     		str	r3, [r7, #20]
 134:HW_Lib/STM32H7/BSP/Bsp_SDRAM.c **** 	Command.AutoRefreshNumber      = 1;
 663              		.loc 1 134 33
 664 018e 0123     		movs	r3, #1
 665 0190 BB61     		str	r3, [r7, #24]
 135:HW_Lib/STM32H7/BSP/Bsp_SDRAM.c **** 	Command.ModeRegisterDefinition = 0;
 666              		.loc 1 135 33
 667 0192 0023     		movs	r3, #0
 668 0194 FB61     		str	r3, [r7, #28]
 136:HW_Lib/STM32H7/BSP/Bsp_SDRAM.c **** 
 137:HW_Lib/STM32H7/BSP/Bsp_SDRAM.c **** 	if (HAL_SDRAM_SendCommand(To_SDRAM_Handle(obj->hdl), &Command, SDRAM_TIMEOUT) != HAL_OK)
ARM GAS  C:\Users\HUAV\AppData\Local\Temp\ccjiD2Sr.s 			page 15


 669              		.loc 1 137 28
 670 0196 7B68     		ldr	r3, [r7, #4]
 671 0198 9B68     		ldr	r3, [r3, #8]
 672              		.loc 1 137 6
 673 019a 07F11001 		add	r1, r7, #16
 674 019e 4FF48052 		mov	r2, #4096
 675 01a2 1846     		mov	r0, r3
 676 01a4 FFF7FEFF 		bl	HAL_SDRAM_SendCommand
 677 01a8 0346     		mov	r3, r0
 678              		.loc 1 137 5
 679 01aa 002B     		cmp	r3, #0
 680 01ac 01D0     		beq	.L41
 138:HW_Lib/STM32H7/BSP/Bsp_SDRAM.c ****         return false;
 681              		.loc 1 138 16
 682 01ae 0023     		movs	r3, #0
 683 01b0 52E0     		b	.L45
 684              	.L41:
 139:HW_Lib/STM32H7/BSP/Bsp_SDRAM.c **** 
 140:HW_Lib/STM32H7/BSP/Bsp_SDRAM.c **** 	HAL_Delay(1);
 685              		.loc 1 140 2
 686 01b2 0120     		movs	r0, #1
 687 01b4 FFF7FEFF 		bl	HAL_Delay
 141:HW_Lib/STM32H7/BSP/Bsp_SDRAM.c **** 
 142:HW_Lib/STM32H7/BSP/Bsp_SDRAM.c **** 	/* Configure a PALL (precharge all) command */ 
 143:HW_Lib/STM32H7/BSP/Bsp_SDRAM.c **** 	Command.CommandMode            = FMC_SDRAM_CMD_PALL;
 688              		.loc 1 143 33
 689 01b8 0223     		movs	r3, #2
 690 01ba 3B61     		str	r3, [r7, #16]
 144:HW_Lib/STM32H7/BSP/Bsp_SDRAM.c **** 	Command.CommandTarget          = FMC_SDRAM_CMD_TARGET_BANK1;
 691              		.loc 1 144 33
 692 01bc 1023     		movs	r3, #16
 693 01be 7B61     		str	r3, [r7, #20]
 145:HW_Lib/STM32H7/BSP/Bsp_SDRAM.c **** 	Command.AutoRefreshNumber      = 1;
 694              		.loc 1 145 33
 695 01c0 0123     		movs	r3, #1
 696 01c2 BB61     		str	r3, [r7, #24]
 146:HW_Lib/STM32H7/BSP/Bsp_SDRAM.c **** 	Command.ModeRegisterDefinition = 0;
 697              		.loc 1 146 33
 698 01c4 0023     		movs	r3, #0
 699 01c6 FB61     		str	r3, [r7, #28]
 147:HW_Lib/STM32H7/BSP/Bsp_SDRAM.c **** 
 148:HW_Lib/STM32H7/BSP/Bsp_SDRAM.c **** 	if (HAL_SDRAM_SendCommand(To_SDRAM_Handle(obj->hdl), &Command, SDRAM_TIMEOUT) != HAL_OK)
 700              		.loc 1 148 28
 701 01c8 7B68     		ldr	r3, [r7, #4]
 702 01ca 9B68     		ldr	r3, [r3, #8]
 703              		.loc 1 148 6
 704 01cc 07F11001 		add	r1, r7, #16
 705 01d0 4FF48052 		mov	r2, #4096
 706 01d4 1846     		mov	r0, r3
 707 01d6 FFF7FEFF 		bl	HAL_SDRAM_SendCommand
 708 01da 0346     		mov	r3, r0
 709              		.loc 1 148 5
 710 01dc 002B     		cmp	r3, #0
 711 01de 01D0     		beq	.L42
 149:HW_Lib/STM32H7/BSP/Bsp_SDRAM.c ****         return false;
 712              		.loc 1 149 16
 713 01e0 0023     		movs	r3, #0
ARM GAS  C:\Users\HUAV\AppData\Local\Temp\ccjiD2Sr.s 			page 16


 714 01e2 39E0     		b	.L45
 715              	.L42:
 150:HW_Lib/STM32H7/BSP/Bsp_SDRAM.c **** 
 151:HW_Lib/STM32H7/BSP/Bsp_SDRAM.c **** 	/* Configure a Auto-Refresh command */ 
 152:HW_Lib/STM32H7/BSP/Bsp_SDRAM.c **** 	Command.CommandMode 			= FMC_SDRAM_CMD_AUTOREFRESH_MODE;
 716              		.loc 1 152 25
 717 01e4 0323     		movs	r3, #3
 718 01e6 3B61     		str	r3, [r7, #16]
 153:HW_Lib/STM32H7/BSP/Bsp_SDRAM.c **** 	Command.CommandTarget 			= FMC_SDRAM_CMD_TARGET_BANK1;
 719              		.loc 1 153 27
 720 01e8 1023     		movs	r3, #16
 721 01ea 7B61     		str	r3, [r7, #20]
 154:HW_Lib/STM32H7/BSP/Bsp_SDRAM.c **** 	Command.AutoRefreshNumber		= 8;
 722              		.loc 1 154 29
 723 01ec 0823     		movs	r3, #8
 724 01ee BB61     		str	r3, [r7, #24]
 155:HW_Lib/STM32H7/BSP/Bsp_SDRAM.c **** 	Command.ModeRegisterDefinition 	= 0;
 725              		.loc 1 155 34
 726 01f0 0023     		movs	r3, #0
 727 01f2 FB61     		str	r3, [r7, #28]
 156:HW_Lib/STM32H7/BSP/Bsp_SDRAM.c **** 
 157:HW_Lib/STM32H7/BSP/Bsp_SDRAM.c **** 	HAL_SDRAM_SendCommand(To_SDRAM_Handle(obj->hdl), &Command, SDRAM_TIMEOUT);
 728              		.loc 1 157 24
 729 01f4 7B68     		ldr	r3, [r7, #4]
 730 01f6 9B68     		ldr	r3, [r3, #8]
 731              		.loc 1 157 2
 732 01f8 07F11001 		add	r1, r7, #16
 733 01fc 4FF48052 		mov	r2, #4096
 734 0200 1846     		mov	r0, r3
 735 0202 FFF7FEFF 		bl	HAL_SDRAM_SendCommand
 158:HW_Lib/STM32H7/BSP/Bsp_SDRAM.c **** 
 159:HW_Lib/STM32H7/BSP/Bsp_SDRAM.c **** 	/* Program the external memory mode register */
 160:HW_Lib/STM32H7/BSP/Bsp_SDRAM.c **** 	tmpmrd = (uint32_t)(SDRAM_MODEREG_BURST_LENGTH_2            | \
 736              		.loc 1 160 9
 737 0206 40F23123 		movw	r3, #561
 738 020a FB60     		str	r3, [r7, #12]
 161:HW_Lib/STM32H7/BSP/Bsp_SDRAM.c ****                         SDRAM_MODEREG_BURST_TYPE_SEQUENTIAL     | \
 162:HW_Lib/STM32H7/BSP/Bsp_SDRAM.c ****                         SDRAM_MODEREG_CAS_LATENCY_3             | \
 163:HW_Lib/STM32H7/BSP/Bsp_SDRAM.c ****                         SDRAM_MODEREG_OPERATING_MODE_STANDARD   | \
 164:HW_Lib/STM32H7/BSP/Bsp_SDRAM.c ****                         SDRAM_MODEREG_WRITEBURST_MODE_SINGLE);
 165:HW_Lib/STM32H7/BSP/Bsp_SDRAM.c **** 
 166:HW_Lib/STM32H7/BSP/Bsp_SDRAM.c **** 	Command.CommandMode            = FMC_SDRAM_CMD_LOAD_MODE;
 739              		.loc 1 166 33
 740 020c 0423     		movs	r3, #4
 741 020e 3B61     		str	r3, [r7, #16]
 167:HW_Lib/STM32H7/BSP/Bsp_SDRAM.c **** 	Command.CommandTarget          = FMC_SDRAM_CMD_TARGET_BANK1;
 742              		.loc 1 167 33
 743 0210 1023     		movs	r3, #16
 744 0212 7B61     		str	r3, [r7, #20]
 168:HW_Lib/STM32H7/BSP/Bsp_SDRAM.c **** 	Command.AutoRefreshNumber      = 1;
 745              		.loc 1 168 33
 746 0214 0123     		movs	r3, #1
 747 0216 BB61     		str	r3, [r7, #24]
 169:HW_Lib/STM32H7/BSP/Bsp_SDRAM.c **** 	Command.ModeRegisterDefinition = tmpmrd;
 748              		.loc 1 169 33
 749 0218 FB68     		ldr	r3, [r7, #12]
 750 021a FB61     		str	r3, [r7, #28]
ARM GAS  C:\Users\HUAV\AppData\Local\Temp\ccjiD2Sr.s 			page 17


 170:HW_Lib/STM32H7/BSP/Bsp_SDRAM.c **** 
 171:HW_Lib/STM32H7/BSP/Bsp_SDRAM.c **** 	if (HAL_SDRAM_SendCommand(To_SDRAM_Handle(obj->hdl), &Command, SDRAM_TIMEOUT) != HAL_OK)
 751              		.loc 1 171 28
 752 021c 7B68     		ldr	r3, [r7, #4]
 753 021e 9B68     		ldr	r3, [r3, #8]
 754              		.loc 1 171 6
 755 0220 07F11001 		add	r1, r7, #16
 756 0224 4FF48052 		mov	r2, #4096
 757 0228 1846     		mov	r0, r3
 758 022a FFF7FEFF 		bl	HAL_SDRAM_SendCommand
 759 022e 0346     		mov	r3, r0
 760              		.loc 1 171 5
 761 0230 002B     		cmp	r3, #0
 762 0232 01D0     		beq	.L43
 172:HW_Lib/STM32H7/BSP/Bsp_SDRAM.c ****         return false;
 763              		.loc 1 172 16
 764 0234 0023     		movs	r3, #0
 765 0236 0FE0     		b	.L45
 766              	.L43:
 173:HW_Lib/STM32H7/BSP/Bsp_SDRAM.c ****         
 174:HW_Lib/STM32H7/BSP/Bsp_SDRAM.c ****     if (HAL_SDRAM_ProgramRefreshRate(To_SDRAM_Handle(obj->hdl), 605) != HAL_OK)
 767              		.loc 1 174 38
 768 0238 7B68     		ldr	r3, [r7, #4]
 769 023a 9B68     		ldr	r3, [r3, #8]
 770              		.loc 1 174 9
 771 023c 40F25D21 		movw	r1, #605
 772 0240 1846     		mov	r0, r3
 773 0242 FFF7FEFF 		bl	HAL_SDRAM_ProgramRefreshRate
 774 0246 0346     		mov	r3, r0
 775              		.loc 1 174 8
 776 0248 002B     		cmp	r3, #0
 777 024a 01D0     		beq	.L44
 175:HW_Lib/STM32H7/BSP/Bsp_SDRAM.c ****         return false;
 778              		.loc 1 175 16
 779 024c 0023     		movs	r3, #0
 780 024e 03E0     		b	.L45
 781              	.L44:
 176:HW_Lib/STM32H7/BSP/Bsp_SDRAM.c **** 	
 177:HW_Lib/STM32H7/BSP/Bsp_SDRAM.c ****     obj->init_state = true;
 782              		.loc 1 177 21
 783 0250 7B68     		ldr	r3, [r7, #4]
 784 0252 0122     		movs	r2, #1
 785 0254 1A70     		strb	r2, [r3]
 178:HW_Lib/STM32H7/BSP/Bsp_SDRAM.c ****     return true;
 786              		.loc 1 178 12
 787 0256 0123     		movs	r3, #1
 788              	.L45:
 179:HW_Lib/STM32H7/BSP/Bsp_SDRAM.c **** }
 789              		.loc 1 179 1 discriminator 1
 790 0258 1846     		mov	r0, r3
 791 025a FC37     		adds	r7, r7, #252
 792              	.LCFI37:
 793              		.cfi_def_cfa_offset 12
 794 025c BD46     		mov	sp, r7
 795              	.LCFI38:
 796              		.cfi_def_cfa_register 13
 797              		@ sp needed
ARM GAS  C:\Users\HUAV\AppData\Local\Temp\ccjiD2Sr.s 			page 18


 798 025e 90BD     		pop	{r4, r7, pc}
 799              	.L47:
 800              		.align	2
 801              	.L46:
 802 0260 00440258 		.word	1476543488
 803 0264 40410052 		.word	1375748416
 804              		.cfi_endproc
 805              	.LFE339:
 807              		.section	.text.BspSDRAM_DeInit,"ax",%progbits
 808              		.align	1
 809              		.global	BspSDRAM_DeInit
 810              		.syntax unified
 811              		.thumb
 812              		.thumb_func
 814              	BspSDRAM_DeInit:
 815              	.LFB340:
 180:HW_Lib/STM32H7/BSP/Bsp_SDRAM.c **** 
 181:HW_Lib/STM32H7/BSP/Bsp_SDRAM.c **** void BspSDRAM_DeInit(BspSDRAMObj_TypeDef obj)
 182:HW_Lib/STM32H7/BSP/Bsp_SDRAM.c **** {
 816              		.loc 1 182 1
 817              		.cfi_startproc
 818              		@ args = 0, pretend = 0, frame = 16
 819              		@ frame_needed = 1, uses_anonymous_args = 0
 820 0000 80B5     		push	{r7, lr}
 821              	.LCFI39:
 822              		.cfi_def_cfa_offset 8
 823              		.cfi_offset 7, -8
 824              		.cfi_offset 14, -4
 825 0002 84B0     		sub	sp, sp, #16
 826              	.LCFI40:
 827              		.cfi_def_cfa_offset 24
 828 0004 00AF     		add	r7, sp, #0
 829              	.LCFI41:
 830              		.cfi_def_cfa_register 7
 831 0006 3B1D     		adds	r3, r7, #4
 832 0008 83E80700 		stm	r3, {r0, r1, r2}
 183:HW_Lib/STM32H7/BSP/Bsp_SDRAM.c ****     if (obj.hdl == NULL)
 833              		.loc 1 183 12
 834 000c FB68     		ldr	r3, [r7, #12]
 835              		.loc 1 183 8
 836 000e 002B     		cmp	r3, #0
 837 0010 04D0     		beq	.L51
 184:HW_Lib/STM32H7/BSP/Bsp_SDRAM.c ****         return;
 185:HW_Lib/STM32H7/BSP/Bsp_SDRAM.c **** 
 186:HW_Lib/STM32H7/BSP/Bsp_SDRAM.c ****     HAL_SDRAM_DeInit(To_SDRAM_Handle(obj.hdl));
 838              		.loc 1 186 22
 839 0012 FB68     		ldr	r3, [r7, #12]
 840              		.loc 1 186 5
 841 0014 1846     		mov	r0, r3
 842 0016 FFF7FEFF 		bl	HAL_SDRAM_DeInit
 843 001a 00E0     		b	.L48
 844              	.L51:
 184:HW_Lib/STM32H7/BSP/Bsp_SDRAM.c ****         return;
 845              		.loc 1 184 9
 846 001c 00BF     		nop
 847              	.L48:
 187:HW_Lib/STM32H7/BSP/Bsp_SDRAM.c **** }
ARM GAS  C:\Users\HUAV\AppData\Local\Temp\ccjiD2Sr.s 			page 19


 848              		.loc 1 187 1
 849 001e 1037     		adds	r7, r7, #16
 850              	.LCFI42:
 851              		.cfi_def_cfa_offset 8
 852 0020 BD46     		mov	sp, r7
 853              	.LCFI43:
 854              		.cfi_def_cfa_register 13
 855              		@ sp needed
 856 0022 80BD     		pop	{r7, pc}
 857              		.cfi_endproc
 858              	.LFE340:
 860              		.text
 861              	.Letext0:
 862              		.file 2 "d:\\hpm-compile-tool\\gcc-arm-none-eabi-10.3-win\\arm-none-eabi\\include\\machine\\_defau
 863              		.file 3 "d:\\hpm-compile-tool\\gcc-arm-none-eabi-10.3-win\\arm-none-eabi\\include\\sys\\_stdint.h"
 864              		.file 4 "HW_Lib/PortApi_Def/Bsp_SDRAM_Def.h"
 865              		.file 5 "HW_Lib/STM32H7/HAL_Lib/CMSIS/Device/ST/STM32H7xx/Include/stm32h743xx.h"
 866              		.file 6 "HW_Lib/STM32H7/HAL_Lib/STM32H7xx_HAL_Driver/Inc/stm32h7xx_hal_def.h"
 867              		.file 7 "HW_Lib/STM32H7/HAL_Lib/STM32H7xx_HAL_Driver/Inc/stm32h7xx_hal_rcc_ex.h"
 868              		.file 8 "HW_Lib/STM32H7/HAL_Lib/STM32H7xx_HAL_Driver/Inc/stm32h7xx_hal_mdma.h"
 869              		.file 9 "HW_Lib/STM32H7/HAL_Lib/STM32H7xx_HAL_Driver/Inc/stm32h7xx_ll_fmc.h"
 870              		.file 10 "HW_Lib/STM32H7/HAL_Lib/STM32H7xx_HAL_Driver/Inc/stm32h7xx_hal_sdram.h"
ARM GAS  C:\Users\HUAV\AppData\Local\Temp\ccjiD2Sr.s 			page 20


DEFINED SYMBOLS
                            *ABS*:00000000 Bsp_SDRAM.c
C:\Users\HUAV\AppData\Local\Temp\ccjiD2Sr.s:19     .text.BspSDRAM_Get_BankArea:00000000 $t
C:\Users\HUAV\AppData\Local\Temp\ccjiD2Sr.s:24     .text.BspSDRAM_Get_BankArea:00000000 BspSDRAM_Get_BankArea
C:\Users\HUAV\AppData\Local\Temp\ccjiD2Sr.s:81     .text.BspSDRAM_Get_BankNum:00000000 $t
C:\Users\HUAV\AppData\Local\Temp\ccjiD2Sr.s:86     .text.BspSDRAM_Get_BankNum:00000000 BspSDRAM_Get_BankNum
C:\Users\HUAV\AppData\Local\Temp\ccjiD2Sr.s:142    .text.BspSDRAM_Get_RowBits:00000000 $t
C:\Users\HUAV\AppData\Local\Temp\ccjiD2Sr.s:147    .text.BspSDRAM_Get_RowBits:00000000 BspSDRAM_Get_RowBits
C:\Users\HUAV\AppData\Local\Temp\ccjiD2Sr.s:211    .text.BspSDRAM_Get_ColumnBits:00000000 $t
C:\Users\HUAV\AppData\Local\Temp\ccjiD2Sr.s:216    .text.BspSDRAM_Get_ColumnBits:00000000 BspSDRAM_Get_ColumnBits
C:\Users\HUAV\AppData\Local\Temp\ccjiD2Sr.s:243    .text.BspSDRAM_Get_ColumnBits:00000018 $d
C:\Users\HUAV\AppData\Local\Temp\ccjiD2Sr.s:247    .text.BspSDRAM_Get_ColumnBits:00000028 $t
C:\Users\HUAV\AppData\Local\Temp\ccjiD2Sr.s:286    .text.BspSDRAM_Bus_Width:00000000 $t
C:\Users\HUAV\AppData\Local\Temp\ccjiD2Sr.s:291    .text.BspSDRAM_Bus_Width:00000000 BspSDRAM_Bus_Width
C:\Users\HUAV\AppData\Local\Temp\ccjiD2Sr.s:355    .text.BspSDRAM_Pin_Init:00000000 $t
C:\Users\HUAV\AppData\Local\Temp\ccjiD2Sr.s:361    .text.BspSDRAM_Pin_Init:00000000 BspSDRAM_Pin_Init
C:\Users\HUAV\AppData\Local\Temp\ccjiD2Sr.s:391    .text.BspSDRAM_Init:00000000 $t
C:\Users\HUAV\AppData\Local\Temp\ccjiD2Sr.s:397    .text.BspSDRAM_Init:00000000 BspSDRAM_Init
C:\Users\HUAV\AppData\Local\Temp\ccjiD2Sr.s:802    .text.BspSDRAM_Init:00000260 $d
C:\Users\HUAV\AppData\Local\Temp\ccjiD2Sr.s:808    .text.BspSDRAM_DeInit:00000000 $t
C:\Users\HUAV\AppData\Local\Temp\ccjiD2Sr.s:814    .text.BspSDRAM_DeInit:00000000 BspSDRAM_DeInit

UNDEFINED SYMBOLS
memset
HAL_RCCEx_PeriphCLKConfig
HAL_SDRAM_Init
HAL_SDRAM_SendCommand
HAL_Delay
HAL_SDRAM_ProgramRefreshRate
HAL_SDRAM_DeInit
