ARM GAS  C:\Users\HUAV\AppData\Local\Temp\ccBIhB9x.s 			page 1


   1              		.cpu cortex-m7
   2              		.arch armv7e-m
   3              		.fpu fpv5-d16
   4              		.eabi_attribute 28, 1
   5              		.eabi_attribute 20, 1
   6              		.eabi_attribute 21, 1
   7              		.eabi_attribute 23, 3
   8              		.eabi_attribute 24, 1
   9              		.eabi_attribute 25, 1
  10              		.eabi_attribute 26, 1
  11              		.eabi_attribute 30, 6
  12              		.eabi_attribute 34, 1
  13              		.eabi_attribute 18, 4
  14              		.file	"CusQueue.c"
  15              		.text
  16              	.Ltext0:
  17              		.cfi_sections	.debug_frame
  18              		.global	Queue
  19              		.section	.data.Queue,"aw"
  20              		.align	2
  23              	Queue:
  24 0000 00000000 		.word	Queue_GetSize
  25 0004 00000000 		.word	Queue_GetCapicity
  26 0008 00000000 		.word	Queue_GetRemain
  27 000c 00000000 		.word	Queue_Create_Auto
  28 0010 00000000 		.word	Queue_Create_WithCertainBuff
  29 0014 00000000 		.word	Queue_Reset
  30 0018 00000000 		.word	Queue_Peek
  31 001c 00000000 		.word	Queue_Push
  32 0020 00000000 		.word	Queue_Pop
  33 0024 00000000 		.word	Queue_GetState
  34 0028 00000000 		.word	Queue_PopTo
  35              		.section	.text.Queue_Create_WithCertainBuff,"ax",%progbits
  36              		.align	1
  37              		.syntax unified
  38              		.thumb
  39              		.thumb_func
  41              	Queue_Create_WithCertainBuff:
  42              	.LFB8:
  43              		.file 1 "DataStructure/CusQueue.c"
   1:DataStructure/CusQueue.c **** #include "CusQueue.h"
   2:DataStructure/CusQueue.c **** #include <stdio.h>
   3:DataStructure/CusQueue.c **** #include <string.h>
   4:DataStructure/CusQueue.c **** #include <stdlib.h>
   5:DataStructure/CusQueue.c **** #include <stddef.h>
   6:DataStructure/CusQueue.c **** #include <stdio.h>
   7:DataStructure/CusQueue.c **** #include "Srv_OsCommon.h"
   8:DataStructure/CusQueue.c **** 
   9:DataStructure/CusQueue.c **** #define Queue_Mem_Malloc(x) SrvOsCommon.malloc(x)
  10:DataStructure/CusQueue.c **** #define Queue_Mem_Free(x) SrvOsCommon.free(x)
  11:DataStructure/CusQueue.c **** 
  12:DataStructure/CusQueue.c **** /* internal function */
  13:DataStructure/CusQueue.c **** static Queue_state Queue_UpdateState(QueueObj_TypeDef *obj);
  14:DataStructure/CusQueue.c **** 
  15:DataStructure/CusQueue.c **** /* external function */
  16:DataStructure/CusQueue.c **** static bool Queue_Create_Auto(QueueObj_TypeDef *obj, char *name, uint16_t len);
  17:DataStructure/CusQueue.c **** static bool Queue_Create_WithCertainBuff(QueueObj_TypeDef *obj, char *name, uint8_t *buff, uint16_t
ARM GAS  C:\Users\HUAV\AppData\Local\Temp\ccBIhB9x.s 			page 2


  18:DataStructure/CusQueue.c **** static bool Queue_Reset(QueueObj_TypeDef *obj);
  19:DataStructure/CusQueue.c **** static Queue_state Queue_GetState(QueueObj_TypeDef obj);
  20:DataStructure/CusQueue.c **** static Queue_state Queue_Push(QueueObj_TypeDef *obj, uint8_t *data, uint16_t size);
  21:DataStructure/CusQueue.c **** static Queue_state Queue_Pop(QueueObj_TypeDef *obj, uint8_t *data, uint16_t size);
  22:DataStructure/CusQueue.c **** static bool Queue_Peek(QueueObj_TypeDef *obj, uint16_t index, uint8_t *data, uint16_t size);
  23:DataStructure/CusQueue.c **** static uint16_t Queue_GetSize(QueueObj_TypeDef obj);
  24:DataStructure/CusQueue.c **** static uint16_t Queue_GetRemain(QueueObj_TypeDef obj);
  25:DataStructure/CusQueue.c **** static bool Queue_PopTo(QueueObj_TypeDef *src, QueueObj_TypeDef *dst);
  26:DataStructure/CusQueue.c **** static uint16_t Queue_GetCapicity(QueueObj_TypeDef obj);
  27:DataStructure/CusQueue.c **** 
  28:DataStructure/CusQueue.c **** /* extern virable */
  29:DataStructure/CusQueue.c **** Queue_TypeDef Queue = {
  30:DataStructure/CusQueue.c ****     .create_auto = Queue_Create_Auto,
  31:DataStructure/CusQueue.c ****     .create_with_buf = Queue_Create_WithCertainBuff,
  32:DataStructure/CusQueue.c ****     .reset = Queue_Reset,
  33:DataStructure/CusQueue.c ****     .push = Queue_Push,
  34:DataStructure/CusQueue.c ****     .pop = Queue_Pop,
  35:DataStructure/CusQueue.c ****     .peek = Queue_Peek,
  36:DataStructure/CusQueue.c ****     .state = Queue_GetState,
  37:DataStructure/CusQueue.c ****     .size = Queue_GetSize,
  38:DataStructure/CusQueue.c ****     .remain = Queue_GetRemain,
  39:DataStructure/CusQueue.c ****     .pop_to_queue = Queue_PopTo,
  40:DataStructure/CusQueue.c ****     .capicity = Queue_GetCapicity,
  41:DataStructure/CusQueue.c **** };
  42:DataStructure/CusQueue.c **** 
  43:DataStructure/CusQueue.c **** static bool Queue_Create_WithCertainBuff(QueueObj_TypeDef *obj, char *name, uint8_t *buff, uint16_t
  44:DataStructure/CusQueue.c **** {
  44              		.loc 1 44 1
  45              		.cfi_startproc
  46              		@ args = 0, pretend = 0, frame = 16
  47              		@ frame_needed = 1, uses_anonymous_args = 0
  48 0000 80B5     		push	{r7, lr}
  49              	.LCFI0:
  50              		.cfi_def_cfa_offset 8
  51              		.cfi_offset 7, -8
  52              		.cfi_offset 14, -4
  53 0002 84B0     		sub	sp, sp, #16
  54              	.LCFI1:
  55              		.cfi_def_cfa_offset 24
  56 0004 00AF     		add	r7, sp, #0
  57              	.LCFI2:
  58              		.cfi_def_cfa_register 7
  59 0006 F860     		str	r0, [r7, #12]
  60 0008 B960     		str	r1, [r7, #8]
  61 000a 7A60     		str	r2, [r7, #4]
  62 000c 7B80     		strh	r3, [r7, #2]	@ movhi
  45:DataStructure/CusQueue.c ****     if ((obj == NULL) || (len == 0))
  63              		.loc 1 45 8
  64 000e FB68     		ldr	r3, [r7, #12]
  65 0010 002B     		cmp	r3, #0
  66 0012 02D0     		beq	.L2
  67              		.loc 1 45 23 discriminator 1
  68 0014 7B88     		ldrh	r3, [r7, #2]
  69 0016 002B     		cmp	r3, #0
  70 0018 01D1     		bne	.L3
  71              	.L2:
  46:DataStructure/CusQueue.c ****         return false;
ARM GAS  C:\Users\HUAV\AppData\Local\Temp\ccBIhB9x.s 			page 3


  72              		.loc 1 46 16
  73 001a 0023     		movs	r3, #0
  74 001c 23E0     		b	.L4
  75              	.L3:
  47:DataStructure/CusQueue.c **** 
  48:DataStructure/CusQueue.c ****     obj->name = name;
  76              		.loc 1 48 15
  77 001e FB68     		ldr	r3, [r7, #12]
  78 0020 BA68     		ldr	r2, [r7, #8]
  79 0022 1A60     		str	r2, [r3]
  49:DataStructure/CusQueue.c ****     obj->end_pos = 0;
  80              		.loc 1 49 18
  81 0024 FB68     		ldr	r3, [r7, #12]
  82 0026 0022     		movs	r2, #0
  83 0028 9A81     		strh	r2, [r3, #12]	@ movhi
  50:DataStructure/CusQueue.c ****     obj->head_pos = 0;
  84              		.loc 1 50 19
  85 002a FB68     		ldr	r3, [r7, #12]
  86 002c 0022     		movs	r2, #0
  87 002e 5A81     		strh	r2, [r3, #10]	@ movhi
  51:DataStructure/CusQueue.c ****     obj->size = 0;
  88              		.loc 1 51 15
  89 0030 FB68     		ldr	r3, [r7, #12]
  90 0032 0022     		movs	r2, #0
  91 0034 DA80     		strh	r2, [r3, #6]	@ movhi
  52:DataStructure/CusQueue.c ****     obj->lenth = len;
  92              		.loc 1 52 16
  93 0036 FB68     		ldr	r3, [r7, #12]
  94 0038 7A88     		ldrh	r2, [r7, #2]	@ movhi
  95 003a 9A80     		strh	r2, [r3, #4]	@ movhi
  53:DataStructure/CusQueue.c **** 
  54:DataStructure/CusQueue.c ****     obj->buff = buff;
  96              		.loc 1 54 15
  97 003c FB68     		ldr	r3, [r7, #12]
  98 003e 7A68     		ldr	r2, [r7, #4]
  99 0040 1A61     		str	r2, [r3, #16]
  55:DataStructure/CusQueue.c ****     memset(obj->buff, 0, obj->lenth);
 100              		.loc 1 55 15
 101 0042 FB68     		ldr	r3, [r7, #12]
 102 0044 1869     		ldr	r0, [r3, #16]
 103              		.loc 1 55 29
 104 0046 FB68     		ldr	r3, [r7, #12]
 105 0048 9B88     		ldrh	r3, [r3, #4]
 106              		.loc 1 55 5
 107 004a 1A46     		mov	r2, r3
 108 004c 0021     		movs	r1, #0
 109 004e FFF7FEFF 		bl	memset
  56:DataStructure/CusQueue.c **** 
  57:DataStructure/CusQueue.c ****     if (obj->buff == NULL)
 110              		.loc 1 57 12
 111 0052 FB68     		ldr	r3, [r7, #12]
 112 0054 1B69     		ldr	r3, [r3, #16]
 113              		.loc 1 57 8
 114 0056 002B     		cmp	r3, #0
 115 0058 01D1     		bne	.L5
  58:DataStructure/CusQueue.c ****         return false;
 116              		.loc 1 58 16
ARM GAS  C:\Users\HUAV\AppData\Local\Temp\ccBIhB9x.s 			page 4


 117 005a 0023     		movs	r3, #0
 118 005c 03E0     		b	.L4
 119              	.L5:
  59:DataStructure/CusQueue.c **** 
  60:DataStructure/CusQueue.c ****     obj->state = Queue_empty;
 120              		.loc 1 60 16
 121 005e FB68     		ldr	r3, [r7, #12]
 122 0060 0322     		movs	r2, #3
 123 0062 1A72     		strb	r2, [r3, #8]
  61:DataStructure/CusQueue.c **** 
  62:DataStructure/CusQueue.c ****     return true;  
 124              		.loc 1 62 12
 125 0064 0123     		movs	r3, #1
 126              	.L4:
  63:DataStructure/CusQueue.c **** }
 127              		.loc 1 63 1
 128 0066 1846     		mov	r0, r3
 129 0068 1037     		adds	r7, r7, #16
 130              	.LCFI3:
 131              		.cfi_def_cfa_offset 8
 132 006a BD46     		mov	sp, r7
 133              	.LCFI4:
 134              		.cfi_def_cfa_register 13
 135              		@ sp needed
 136 006c 80BD     		pop	{r7, pc}
 137              		.cfi_endproc
 138              	.LFE8:
 140              		.section	.text.Queue_Create_Auto,"ax",%progbits
 141              		.align	1
 142              		.syntax unified
 143              		.thumb
 144              		.thumb_func
 146              	Queue_Create_Auto:
 147              	.LFB9:
  64:DataStructure/CusQueue.c **** 
  65:DataStructure/CusQueue.c **** static bool Queue_Create_Auto(QueueObj_TypeDef *obj, char *name, uint16_t len)
  66:DataStructure/CusQueue.c **** {
 148              		.loc 1 66 1
 149              		.cfi_startproc
 150              		@ args = 0, pretend = 0, frame = 16
 151              		@ frame_needed = 1, uses_anonymous_args = 0
 152 0000 80B5     		push	{r7, lr}
 153              	.LCFI5:
 154              		.cfi_def_cfa_offset 8
 155              		.cfi_offset 7, -8
 156              		.cfi_offset 14, -4
 157 0002 84B0     		sub	sp, sp, #16
 158              	.LCFI6:
 159              		.cfi_def_cfa_offset 24
 160 0004 00AF     		add	r7, sp, #0
 161              	.LCFI7:
 162              		.cfi_def_cfa_register 7
 163 0006 F860     		str	r0, [r7, #12]
 164 0008 B960     		str	r1, [r7, #8]
 165 000a 1346     		mov	r3, r2
 166 000c FB80     		strh	r3, [r7, #6]	@ movhi
  67:DataStructure/CusQueue.c ****     if ((obj == NULL) || (len == 0))
ARM GAS  C:\Users\HUAV\AppData\Local\Temp\ccBIhB9x.s 			page 5


 167              		.loc 1 67 8
 168 000e FB68     		ldr	r3, [r7, #12]
 169 0010 002B     		cmp	r3, #0
 170 0012 02D0     		beq	.L7
 171              		.loc 1 67 23 discriminator 1
 172 0014 FB88     		ldrh	r3, [r7, #6]
 173 0016 002B     		cmp	r3, #0
 174 0018 01D1     		bne	.L8
 175              	.L7:
  68:DataStructure/CusQueue.c ****         return false;
 176              		.loc 1 68 16
 177 001a 0023     		movs	r3, #0
 178 001c 2BE0     		b	.L9
 179              	.L8:
  69:DataStructure/CusQueue.c **** 
  70:DataStructure/CusQueue.c ****     obj->name = name;
 180              		.loc 1 70 15
 181 001e FB68     		ldr	r3, [r7, #12]
 182 0020 BA68     		ldr	r2, [r7, #8]
 183 0022 1A60     		str	r2, [r3]
  71:DataStructure/CusQueue.c ****     obj->end_pos = 0;
 184              		.loc 1 71 18
 185 0024 FB68     		ldr	r3, [r7, #12]
 186 0026 0022     		movs	r2, #0
 187 0028 9A81     		strh	r2, [r3, #12]	@ movhi
  72:DataStructure/CusQueue.c ****     obj->head_pos = 0;
 188              		.loc 1 72 19
 189 002a FB68     		ldr	r3, [r7, #12]
 190 002c 0022     		movs	r2, #0
 191 002e 5A81     		strh	r2, [r3, #10]	@ movhi
  73:DataStructure/CusQueue.c ****     obj->size = 0;
 192              		.loc 1 73 15
 193 0030 FB68     		ldr	r3, [r7, #12]
 194 0032 0022     		movs	r2, #0
 195 0034 DA80     		strh	r2, [r3, #6]	@ movhi
  74:DataStructure/CusQueue.c ****     obj->state = Queue_obj_error;
 196              		.loc 1 74 16
 197 0036 FB68     		ldr	r3, [r7, #12]
 198 0038 0522     		movs	r2, #5
 199 003a 1A72     		strb	r2, [r3, #8]
  75:DataStructure/CusQueue.c ****     
  76:DataStructure/CusQueue.c ****     obj->buff = (uint8_t *)Queue_Mem_Malloc(len);
 200              		.loc 1 76 28
 201 003c 104B     		ldr	r3, .L11
 202 003e 1B6B     		ldr	r3, [r3, #48]
 203 0040 FA88     		ldrh	r2, [r7, #6]
 204 0042 1046     		mov	r0, r2
 205 0044 9847     		blx	r3
 206              	.LVL0:
 207 0046 0246     		mov	r2, r0
 208              		.loc 1 76 15
 209 0048 FB68     		ldr	r3, [r7, #12]
 210 004a 1A61     		str	r2, [r3, #16]
  77:DataStructure/CusQueue.c ****     memset(obj->buff, 0, obj->lenth);
 211              		.loc 1 77 15
 212 004c FB68     		ldr	r3, [r7, #12]
 213 004e 1869     		ldr	r0, [r3, #16]
ARM GAS  C:\Users\HUAV\AppData\Local\Temp\ccBIhB9x.s 			page 6


 214              		.loc 1 77 29
 215 0050 FB68     		ldr	r3, [r7, #12]
 216 0052 9B88     		ldrh	r3, [r3, #4]
 217              		.loc 1 77 5
 218 0054 1A46     		mov	r2, r3
 219 0056 0021     		movs	r1, #0
 220 0058 FFF7FEFF 		bl	memset
  78:DataStructure/CusQueue.c ****     
  79:DataStructure/CusQueue.c ****     if (obj->buff == NULL)
 221              		.loc 1 79 12
 222 005c FB68     		ldr	r3, [r7, #12]
 223 005e 1B69     		ldr	r3, [r3, #16]
 224              		.loc 1 79 8
 225 0060 002B     		cmp	r3, #0
 226 0062 01D1     		bne	.L10
  80:DataStructure/CusQueue.c ****     return false;
 227              		.loc 1 80 12
 228 0064 0023     		movs	r3, #0
 229 0066 06E0     		b	.L9
 230              	.L10:
  81:DataStructure/CusQueue.c ****     
  82:DataStructure/CusQueue.c ****     obj->lenth = len;
 231              		.loc 1 82 16
 232 0068 FB68     		ldr	r3, [r7, #12]
 233 006a FA88     		ldrh	r2, [r7, #6]	@ movhi
 234 006c 9A80     		strh	r2, [r3, #4]	@ movhi
  83:DataStructure/CusQueue.c ****     obj->state = Queue_empty;
 235              		.loc 1 83 16
 236 006e FB68     		ldr	r3, [r7, #12]
 237 0070 0322     		movs	r2, #3
 238 0072 1A72     		strb	r2, [r3, #8]
  84:DataStructure/CusQueue.c **** 
  85:DataStructure/CusQueue.c ****     return true;
 239              		.loc 1 85 12
 240 0074 0123     		movs	r3, #1
 241              	.L9:
  86:DataStructure/CusQueue.c **** }
 242              		.loc 1 86 1
 243 0076 1846     		mov	r0, r3
 244 0078 1037     		adds	r7, r7, #16
 245              	.LCFI8:
 246              		.cfi_def_cfa_offset 8
 247 007a BD46     		mov	sp, r7
 248              	.LCFI9:
 249              		.cfi_def_cfa_register 13
 250              		@ sp needed
 251 007c 80BD     		pop	{r7, pc}
 252              	.L12:
 253 007e 00BF     		.align	2
 254              	.L11:
 255 0080 00000000 		.word	SrvOsCommon
 256              		.cfi_endproc
 257              	.LFE9:
 259              		.section	.text.Queue_Reset,"ax",%progbits
 260              		.align	1
 261              		.syntax unified
 262              		.thumb
ARM GAS  C:\Users\HUAV\AppData\Local\Temp\ccBIhB9x.s 			page 7


 263              		.thumb_func
 265              	Queue_Reset:
 266              	.LFB10:
  87:DataStructure/CusQueue.c **** 
  88:DataStructure/CusQueue.c **** static bool Queue_Reset(QueueObj_TypeDef *obj)
  89:DataStructure/CusQueue.c **** {
 267              		.loc 1 89 1
 268              		.cfi_startproc
 269              		@ args = 0, pretend = 0, frame = 8
 270              		@ frame_needed = 1, uses_anonymous_args = 0
 271 0000 80B5     		push	{r7, lr}
 272              	.LCFI10:
 273              		.cfi_def_cfa_offset 8
 274              		.cfi_offset 7, -8
 275              		.cfi_offset 14, -4
 276 0002 82B0     		sub	sp, sp, #8
 277              	.LCFI11:
 278              		.cfi_def_cfa_offset 16
 279 0004 00AF     		add	r7, sp, #0
 280              	.LCFI12:
 281              		.cfi_def_cfa_register 7
 282 0006 7860     		str	r0, [r7, #4]
  90:DataStructure/CusQueue.c ****     if ((obj == NULL) || (obj->buff == NULL) || (obj->lenth == 0))
 283              		.loc 1 90 8
 284 0008 7B68     		ldr	r3, [r7, #4]
 285 000a 002B     		cmp	r3, #0
 286 000c 07D0     		beq	.L14
 287              		.loc 1 90 30 discriminator 1
 288 000e 7B68     		ldr	r3, [r7, #4]
 289 0010 1B69     		ldr	r3, [r3, #16]
 290              		.loc 1 90 23 discriminator 1
 291 0012 002B     		cmp	r3, #0
 292 0014 03D0     		beq	.L14
 293              		.loc 1 90 53 discriminator 2
 294 0016 7B68     		ldr	r3, [r7, #4]
 295 0018 9B88     		ldrh	r3, [r3, #4]
 296              		.loc 1 90 46 discriminator 2
 297 001a 002B     		cmp	r3, #0
 298 001c 01D1     		bne	.L15
 299              	.L14:
  91:DataStructure/CusQueue.c ****         return false;
 300              		.loc 1 91 16
 301 001e 0023     		movs	r3, #0
 302 0020 14E0     		b	.L16
 303              	.L15:
  92:DataStructure/CusQueue.c **** 
  93:DataStructure/CusQueue.c ****     obj->end_pos = 0;
 304              		.loc 1 93 18
 305 0022 7B68     		ldr	r3, [r7, #4]
 306 0024 0022     		movs	r2, #0
 307 0026 9A81     		strh	r2, [r3, #12]	@ movhi
  94:DataStructure/CusQueue.c ****     obj->head_pos = 0;
 308              		.loc 1 94 19
 309 0028 7B68     		ldr	r3, [r7, #4]
 310 002a 0022     		movs	r2, #0
 311 002c 5A81     		strh	r2, [r3, #10]	@ movhi
  95:DataStructure/CusQueue.c ****     obj->size = 0;
ARM GAS  C:\Users\HUAV\AppData\Local\Temp\ccBIhB9x.s 			page 8


 312              		.loc 1 95 15
 313 002e 7B68     		ldr	r3, [r7, #4]
 314 0030 0022     		movs	r2, #0
 315 0032 DA80     		strh	r2, [r3, #6]	@ movhi
  96:DataStructure/CusQueue.c **** 
  97:DataStructure/CusQueue.c ****     obj->state = Queue_empty;
 316              		.loc 1 97 16
 317 0034 7B68     		ldr	r3, [r7, #4]
 318 0036 0322     		movs	r2, #3
 319 0038 1A72     		strb	r2, [r3, #8]
  98:DataStructure/CusQueue.c ****     memset(obj->buff, 0, obj->lenth);
 320              		.loc 1 98 15
 321 003a 7B68     		ldr	r3, [r7, #4]
 322 003c 1869     		ldr	r0, [r3, #16]
 323              		.loc 1 98 29
 324 003e 7B68     		ldr	r3, [r7, #4]
 325 0040 9B88     		ldrh	r3, [r3, #4]
 326              		.loc 1 98 5
 327 0042 1A46     		mov	r2, r3
 328 0044 0021     		movs	r1, #0
 329 0046 FFF7FEFF 		bl	memset
  99:DataStructure/CusQueue.c **** 
 100:DataStructure/CusQueue.c ****     return true;
 330              		.loc 1 100 12
 331 004a 0123     		movs	r3, #1
 332              	.L16:
 101:DataStructure/CusQueue.c **** }
 333              		.loc 1 101 1
 334 004c 1846     		mov	r0, r3
 335 004e 0837     		adds	r7, r7, #8
 336              	.LCFI13:
 337              		.cfi_def_cfa_offset 8
 338 0050 BD46     		mov	sp, r7
 339              	.LCFI14:
 340              		.cfi_def_cfa_register 13
 341              		@ sp needed
 342 0052 80BD     		pop	{r7, pc}
 343              		.cfi_endproc
 344              	.LFE10:
 346              		.section	.text.Queue_UpdateState,"ax",%progbits
 347              		.align	1
 348              		.syntax unified
 349              		.thumb
 350              		.thumb_func
 352              	Queue_UpdateState:
 353              	.LFB11:
 102:DataStructure/CusQueue.c **** 
 103:DataStructure/CusQueue.c **** static Queue_state Queue_UpdateState(QueueObj_TypeDef *obj)
 104:DataStructure/CusQueue.c **** {
 354              		.loc 1 104 1
 355              		.cfi_startproc
 356              		@ args = 0, pretend = 0, frame = 8
 357              		@ frame_needed = 1, uses_anonymous_args = 0
 358              		@ link register save eliminated.
 359 0000 80B4     		push	{r7}
 360              	.LCFI15:
 361              		.cfi_def_cfa_offset 4
ARM GAS  C:\Users\HUAV\AppData\Local\Temp\ccBIhB9x.s 			page 9


 362              		.cfi_offset 7, -4
 363 0002 83B0     		sub	sp, sp, #12
 364              	.LCFI16:
 365              		.cfi_def_cfa_offset 16
 366 0004 00AF     		add	r7, sp, #0
 367              	.LCFI17:
 368              		.cfi_def_cfa_register 7
 369 0006 7860     		str	r0, [r7, #4]
 105:DataStructure/CusQueue.c ****     if ((obj == NULL) || (obj->lenth == 0))
 370              		.loc 1 105 8
 371 0008 7B68     		ldr	r3, [r7, #4]
 372 000a 002B     		cmp	r3, #0
 373 000c 03D0     		beq	.L18
 374              		.loc 1 105 30 discriminator 1
 375 000e 7B68     		ldr	r3, [r7, #4]
 376 0010 9B88     		ldrh	r3, [r3, #4]
 377              		.loc 1 105 23 discriminator 1
 378 0012 002B     		cmp	r3, #0
 379 0014 01D1     		bne	.L19
 380              	.L18:
 106:DataStructure/CusQueue.c ****         return Queue_obj_error;
 381              		.loc 1 106 16
 382 0016 0523     		movs	r3, #5
 383 0018 2CE0     		b	.L20
 384              	.L19:
 107:DataStructure/CusQueue.c **** 
 108:DataStructure/CusQueue.c ****     if ((obj->head_pos == obj->end_pos) && (obj->size == 0))
 385              		.loc 1 108 13
 386 001a 7B68     		ldr	r3, [r7, #4]
 387 001c 5A89     		ldrh	r2, [r3, #10]
 388              		.loc 1 108 30
 389 001e 7B68     		ldr	r3, [r7, #4]
 390 0020 9B89     		ldrh	r3, [r3, #12]
 391              		.loc 1 108 8
 392 0022 9A42     		cmp	r2, r3
 393 0024 08D1     		bne	.L21
 394              		.loc 1 108 48 discriminator 1
 395 0026 7B68     		ldr	r3, [r7, #4]
 396 0028 DB88     		ldrh	r3, [r3, #6]
 397              		.loc 1 108 41 discriminator 1
 398 002a 002B     		cmp	r3, #0
 399 002c 04D1     		bne	.L21
 109:DataStructure/CusQueue.c ****     {
 110:DataStructure/CusQueue.c ****         obj->state = Queue_empty;
 400              		.loc 1 110 20
 401 002e 7B68     		ldr	r3, [r7, #4]
 402 0030 0322     		movs	r2, #3
 403 0032 1A72     		strb	r2, [r3, #8]
 111:DataStructure/CusQueue.c ****         return Queue_empty;
 404              		.loc 1 111 16
 405 0034 0323     		movs	r3, #3
 406 0036 1DE0     		b	.L20
 407              	.L21:
 112:DataStructure/CusQueue.c ****     }
 113:DataStructure/CusQueue.c **** 
 114:DataStructure/CusQueue.c ****     if ((((obj->end_pos + 1) % obj->lenth) == obj->head_pos) || (obj->size == obj->lenth))
 408              		.loc 1 114 15
ARM GAS  C:\Users\HUAV\AppData\Local\Temp\ccBIhB9x.s 			page 10


 409 0038 7B68     		ldr	r3, [r7, #4]
 410 003a 9B89     		ldrh	r3, [r3, #12]
 411              		.loc 1 114 25
 412 003c 0133     		adds	r3, r3, #1
 413              		.loc 1 114 35
 414 003e 7A68     		ldr	r2, [r7, #4]
 415 0040 9288     		ldrh	r2, [r2, #4]
 416              		.loc 1 114 30
 417 0042 93FBF2F1 		sdiv	r1, r3, r2
 418 0046 01FB02F2 		mul	r2, r1, r2
 419 004a 9B1A     		subs	r3, r3, r2
 420              		.loc 1 114 50
 421 004c 7A68     		ldr	r2, [r7, #4]
 422 004e 5289     		ldrh	r2, [r2, #10]
 423              		.loc 1 114 8
 424 0050 9342     		cmp	r3, r2
 425 0052 05D0     		beq	.L22
 426              		.loc 1 114 69 discriminator 1
 427 0054 7B68     		ldr	r3, [r7, #4]
 428 0056 DA88     		ldrh	r2, [r3, #6]
 429              		.loc 1 114 82 discriminator 1
 430 0058 7B68     		ldr	r3, [r7, #4]
 431 005a 9B88     		ldrh	r3, [r3, #4]
 432              		.loc 1 114 62 discriminator 1
 433 005c 9A42     		cmp	r2, r3
 434 005e 04D1     		bne	.L23
 435              	.L22:
 115:DataStructure/CusQueue.c ****     {
 116:DataStructure/CusQueue.c ****         obj->state = Queue_full;
 436              		.loc 1 116 20
 437 0060 7B68     		ldr	r3, [r7, #4]
 438 0062 0422     		movs	r2, #4
 439 0064 1A72     		strb	r2, [r3, #8]
 117:DataStructure/CusQueue.c ****         return Queue_full;
 440              		.loc 1 117 16
 441 0066 0423     		movs	r3, #4
 442 0068 04E0     		b	.L20
 443              	.L23:
 118:DataStructure/CusQueue.c ****     }
 119:DataStructure/CusQueue.c **** 
 120:DataStructure/CusQueue.c ****     obj->state = Queue_ok;
 444              		.loc 1 120 16
 445 006a 7B68     		ldr	r3, [r7, #4]
 446 006c 0022     		movs	r2, #0
 447 006e 1A72     		strb	r2, [r3, #8]
 121:DataStructure/CusQueue.c ****     return obj->state;
 448              		.loc 1 121 15
 449 0070 7B68     		ldr	r3, [r7, #4]
 450 0072 1B7A     		ldrb	r3, [r3, #8]	@ zero_extendqisi2
 451              	.L20:
 122:DataStructure/CusQueue.c **** }
 452              		.loc 1 122 1
 453 0074 1846     		mov	r0, r3
 454 0076 0C37     		adds	r7, r7, #12
 455              	.LCFI18:
 456              		.cfi_def_cfa_offset 4
 457 0078 BD46     		mov	sp, r7
ARM GAS  C:\Users\HUAV\AppData\Local\Temp\ccBIhB9x.s 			page 11


 458              	.LCFI19:
 459              		.cfi_def_cfa_register 13
 460              		@ sp needed
 461 007a 5DF8047B 		ldr	r7, [sp], #4
 462              	.LCFI20:
 463              		.cfi_restore 7
 464              		.cfi_def_cfa_offset 0
 465 007e 7047     		bx	lr
 466              		.cfi_endproc
 467              	.LFE11:
 469              		.section	.text.Queue_PopTo,"ax",%progbits
 470              		.align	1
 471              		.syntax unified
 472              		.thumb
 473              		.thumb_func
 475              	Queue_PopTo:
 476              	.LFB12:
 123:DataStructure/CusQueue.c **** 
 124:DataStructure/CusQueue.c **** static bool Queue_PopTo(QueueObj_TypeDef *src, QueueObj_TypeDef *dst)
 125:DataStructure/CusQueue.c **** {
 477              		.loc 1 125 1
 478              		.cfi_startproc
 479              		@ args = 0, pretend = 0, frame = 16
 480              		@ frame_needed = 1, uses_anonymous_args = 0
 481 0000 80B5     		push	{r7, lr}
 482              	.LCFI21:
 483              		.cfi_def_cfa_offset 8
 484              		.cfi_offset 7, -8
 485              		.cfi_offset 14, -4
 486 0002 86B0     		sub	sp, sp, #24
 487              	.LCFI22:
 488              		.cfi_def_cfa_offset 32
 489 0004 02AF     		add	r7, sp, #8
 490              	.LCFI23:
 491              		.cfi_def_cfa 7, 24
 492 0006 7860     		str	r0, [r7, #4]
 493 0008 3960     		str	r1, [r7]
 126:DataStructure/CusQueue.c ****     uint16_t dst_remain_size = 0;
 494              		.loc 1 126 14
 495 000a 0023     		movs	r3, #0
 496 000c BB81     		strh	r3, [r7, #12]	@ movhi
 127:DataStructure/CusQueue.c ****     uint16_t src_size = 0;
 497              		.loc 1 127 14
 498 000e 0023     		movs	r3, #0
 499 0010 7B81     		strh	r3, [r7, #10]	@ movhi
 128:DataStructure/CusQueue.c ****     uint16_t copy_size = 0;
 500              		.loc 1 128 14
 501 0012 0023     		movs	r3, #0
 502 0014 3B81     		strh	r3, [r7, #8]	@ movhi
 129:DataStructure/CusQueue.c **** 
 130:DataStructure/CusQueue.c ****     if ((src == NULL) || (dst == NULL) || \
 503              		.loc 1 130 8
 504 0016 7B68     		ldr	r3, [r7, #4]
 505 0018 002B     		cmp	r3, #0
 506 001a 14D0     		beq	.L25
 507              		.loc 1 130 23 discriminator 1
 508 001c 3B68     		ldr	r3, [r7]
ARM GAS  C:\Users\HUAV\AppData\Local\Temp\ccBIhB9x.s 			page 12


 509 001e 002B     		cmp	r3, #0
 510 0020 11D0     		beq	.L25
 131:DataStructure/CusQueue.c ****         (src->lenth == 0) || (dst->lenth == 0) || \
 511              		.loc 1 131 13 discriminator 2
 512 0022 7B68     		ldr	r3, [r7, #4]
 513 0024 9B88     		ldrh	r3, [r3, #4]
 130:DataStructure/CusQueue.c ****         (src->lenth == 0) || (dst->lenth == 0) || \
 514              		.loc 1 130 40 discriminator 2
 515 0026 002B     		cmp	r3, #0
 516 0028 0DD0     		beq	.L25
 517              		.loc 1 131 34
 518 002a 3B68     		ldr	r3, [r7]
 519 002c 9B88     		ldrh	r3, [r3, #4]
 520              		.loc 1 131 27
 521 002e 002B     		cmp	r3, #0
 522 0030 09D0     		beq	.L25
 132:DataStructure/CusQueue.c ****         (src->size == 0) || (dst->lenth == dst->size))
 523              		.loc 1 132 13 discriminator 1
 524 0032 7B68     		ldr	r3, [r7, #4]
 525 0034 DB88     		ldrh	r3, [r3, #6]
 131:DataStructure/CusQueue.c ****         (src->lenth == 0) || (dst->lenth == 0) || \
 526              		.loc 1 131 48 discriminator 1
 527 0036 002B     		cmp	r3, #0
 528 0038 05D0     		beq	.L25
 529              		.loc 1 132 33
 530 003a 3B68     		ldr	r3, [r7]
 531 003c 9A88     		ldrh	r2, [r3, #4]
 532              		.loc 1 132 47
 533 003e 3B68     		ldr	r3, [r7]
 534 0040 DB88     		ldrh	r3, [r3, #6]
 535              		.loc 1 132 26
 536 0042 9A42     		cmp	r2, r3
 537 0044 01D1     		bne	.L26
 538              	.L25:
 133:DataStructure/CusQueue.c ****         return false;
 539              		.loc 1 133 16
 540 0046 0023     		movs	r3, #0
 541 0048 69E0     		b	.L27
 542              	.L26:
 134:DataStructure/CusQueue.c **** 
 135:DataStructure/CusQueue.c ****     dst_remain_size = Queue_GetRemain(*dst);
 543              		.loc 1 135 23
 544 004a 3B68     		ldr	r3, [r7]
 545 004c 1A69     		ldr	r2, [r3, #16]
 546 004e 0092     		str	r2, [sp]
 547 0050 0FCB     		ldm	r3, {r0, r1, r2, r3}
 548 0052 FFF7FEFF 		bl	Queue_GetRemain
 549 0056 0346     		mov	r3, r0
 550 0058 BB81     		strh	r3, [r7, #12]	@ movhi
 136:DataStructure/CusQueue.c ****     src_size = Queue_GetSize(*src);
 551              		.loc 1 136 16
 552 005a 7B68     		ldr	r3, [r7, #4]
 553 005c 1A69     		ldr	r2, [r3, #16]
 554 005e 0092     		str	r2, [sp]
 555 0060 0FCB     		ldm	r3, {r0, r1, r2, r3}
 556 0062 FFF7FEFF 		bl	Queue_GetSize
 557 0066 0346     		mov	r3, r0
ARM GAS  C:\Users\HUAV\AppData\Local\Temp\ccBIhB9x.s 			page 13


 558 0068 7B81     		strh	r3, [r7, #10]	@ movhi
 137:DataStructure/CusQueue.c **** 
 138:DataStructure/CusQueue.c ****     copy_size = (dst_remain_size <= src_size) ? dst_remain_size : src_size;
 559              		.loc 1 138 15
 560 006a BA89     		ldrh	r2, [r7, #12]
 561 006c 7B89     		ldrh	r3, [r7, #10]
 562 006e 9342     		cmp	r3, r2
 563 0070 28BF     		it	cs
 564 0072 1346     		movcs	r3, r2
 565 0074 3B81     		strh	r3, [r7, #8]	@ movhi
 566              	.LBB2:
 139:DataStructure/CusQueue.c **** 
 140:DataStructure/CusQueue.c ****     for(uint16_t i = 0; i < copy_size; i++)
 567              		.loc 1 140 18
 568 0076 0023     		movs	r3, #0
 569 0078 FB81     		strh	r3, [r7, #14]	@ movhi
 570              		.loc 1 140 5
 571 007a 4BE0     		b	.L28
 572              	.L29:
 141:DataStructure/CusQueue.c ****     {
 142:DataStructure/CusQueue.c ****         dst->end_pos %= dst->lenth;
 573              		.loc 1 142 22 discriminator 3
 574 007c 3B68     		ldr	r3, [r7]
 575 007e 9B89     		ldrh	r3, [r3, #12]
 576              		.loc 1 142 28 discriminator 3
 577 0080 3A68     		ldr	r2, [r7]
 578 0082 9288     		ldrh	r2, [r2, #4]
 579              		.loc 1 142 22 discriminator 3
 580 0084 B3FBF2F1 		udiv	r1, r3, r2
 581 0088 01FB02F2 		mul	r2, r1, r2
 582 008c 9B1A     		subs	r3, r3, r2
 583 008e 9AB2     		uxth	r2, r3
 584 0090 3B68     		ldr	r3, [r7]
 585 0092 9A81     		strh	r2, [r3, #12]	@ movhi
 143:DataStructure/CusQueue.c ****         src->head_pos %= src->lenth;
 586              		.loc 1 143 23 discriminator 3
 587 0094 7B68     		ldr	r3, [r7, #4]
 588 0096 5B89     		ldrh	r3, [r3, #10]
 589              		.loc 1 143 29 discriminator 3
 590 0098 7A68     		ldr	r2, [r7, #4]
 591 009a 9288     		ldrh	r2, [r2, #4]
 592              		.loc 1 143 23 discriminator 3
 593 009c B3FBF2F1 		udiv	r1, r3, r2
 594 00a0 01FB02F2 		mul	r2, r1, r2
 595 00a4 9B1A     		subs	r3, r3, r2
 596 00a6 9AB2     		uxth	r2, r3
 597 00a8 7B68     		ldr	r3, [r7, #4]
 598 00aa 5A81     		strh	r2, [r3, #10]	@ movhi
 144:DataStructure/CusQueue.c **** 
 145:DataStructure/CusQueue.c ****         dst->buff[dst->end_pos] = src->buff[src->head_pos];
 599              		.loc 1 145 38 discriminator 3
 600 00ac 7B68     		ldr	r3, [r7, #4]
 601 00ae 1B69     		ldr	r3, [r3, #16]
 602              		.loc 1 145 48 discriminator 3
 603 00b0 7A68     		ldr	r2, [r7, #4]
 604 00b2 5289     		ldrh	r2, [r2, #10]
 605              		.loc 1 145 44 discriminator 3
ARM GAS  C:\Users\HUAV\AppData\Local\Temp\ccBIhB9x.s 			page 14


 606 00b4 1A44     		add	r2, r2, r3
 607              		.loc 1 145 12 discriminator 3
 608 00b6 3B68     		ldr	r3, [r7]
 609 00b8 1B69     		ldr	r3, [r3, #16]
 610              		.loc 1 145 22 discriminator 3
 611 00ba 3968     		ldr	r1, [r7]
 612 00bc 8989     		ldrh	r1, [r1, #12]
 613              		.loc 1 145 18 discriminator 3
 614 00be 0B44     		add	r3, r3, r1
 615              		.loc 1 145 44 discriminator 3
 616 00c0 1278     		ldrb	r2, [r2]	@ zero_extendqisi2
 617              		.loc 1 145 33 discriminator 3
 618 00c2 1A70     		strb	r2, [r3]
 146:DataStructure/CusQueue.c ****         src->buff[src->head_pos] = 0;
 619              		.loc 1 146 12 discriminator 3
 620 00c4 7B68     		ldr	r3, [r7, #4]
 621 00c6 1B69     		ldr	r3, [r3, #16]
 622              		.loc 1 146 22 discriminator 3
 623 00c8 7A68     		ldr	r2, [r7, #4]
 624 00ca 5289     		ldrh	r2, [r2, #10]
 625              		.loc 1 146 18 discriminator 3
 626 00cc 1344     		add	r3, r3, r2
 627              		.loc 1 146 34 discriminator 3
 628 00ce 0022     		movs	r2, #0
 629 00d0 1A70     		strb	r2, [r3]
 147:DataStructure/CusQueue.c **** 
 148:DataStructure/CusQueue.c ****         src->head_pos++;
 630              		.loc 1 148 12 discriminator 3
 631 00d2 7B68     		ldr	r3, [r7, #4]
 632 00d4 5B89     		ldrh	r3, [r3, #10]
 633              		.loc 1 148 22 discriminator 3
 634 00d6 0133     		adds	r3, r3, #1
 635 00d8 9AB2     		uxth	r2, r3
 636 00da 7B68     		ldr	r3, [r7, #4]
 637 00dc 5A81     		strh	r2, [r3, #10]	@ movhi
 149:DataStructure/CusQueue.c ****         src->size--;
 638              		.loc 1 149 12 discriminator 3
 639 00de 7B68     		ldr	r3, [r7, #4]
 640 00e0 DB88     		ldrh	r3, [r3, #6]
 641              		.loc 1 149 18 discriminator 3
 642 00e2 013B     		subs	r3, r3, #1
 643 00e4 9AB2     		uxth	r2, r3
 644 00e6 7B68     		ldr	r3, [r7, #4]
 645 00e8 DA80     		strh	r2, [r3, #6]	@ movhi
 150:DataStructure/CusQueue.c ****         
 151:DataStructure/CusQueue.c ****         dst->end_pos++;
 646              		.loc 1 151 12 discriminator 3
 647 00ea 3B68     		ldr	r3, [r7]
 648 00ec 9B89     		ldrh	r3, [r3, #12]
 649              		.loc 1 151 21 discriminator 3
 650 00ee 0133     		adds	r3, r3, #1
 651 00f0 9AB2     		uxth	r2, r3
 652 00f2 3B68     		ldr	r3, [r7]
 653 00f4 9A81     		strh	r2, [r3, #12]	@ movhi
 152:DataStructure/CusQueue.c ****         dst->size++;
 654              		.loc 1 152 12 discriminator 3
 655 00f6 3B68     		ldr	r3, [r7]
ARM GAS  C:\Users\HUAV\AppData\Local\Temp\ccBIhB9x.s 			page 15


 656 00f8 DB88     		ldrh	r3, [r3, #6]
 657              		.loc 1 152 18 discriminator 3
 658 00fa 0133     		adds	r3, r3, #1
 659 00fc 9AB2     		uxth	r2, r3
 660 00fe 3B68     		ldr	r3, [r7]
 661 0100 DA80     		strh	r2, [r3, #6]	@ movhi
 153:DataStructure/CusQueue.c **** 
 154:DataStructure/CusQueue.c ****         Queue_UpdateState(dst);
 662              		.loc 1 154 9 discriminator 3
 663 0102 3868     		ldr	r0, [r7]
 664 0104 FFF7FEFF 		bl	Queue_UpdateState
 155:DataStructure/CusQueue.c ****         Queue_UpdateState(src);
 665              		.loc 1 155 9 discriminator 3
 666 0108 7868     		ldr	r0, [r7, #4]
 667 010a FFF7FEFF 		bl	Queue_UpdateState
 140:DataStructure/CusQueue.c ****     {
 668              		.loc 1 140 41 discriminator 3
 669 010e FB89     		ldrh	r3, [r7, #14]
 670 0110 0133     		adds	r3, r3, #1
 671 0112 FB81     		strh	r3, [r7, #14]	@ movhi
 672              	.L28:
 140:DataStructure/CusQueue.c ****     {
 673              		.loc 1 140 5 discriminator 1
 674 0114 FA89     		ldrh	r2, [r7, #14]
 675 0116 3B89     		ldrh	r3, [r7, #8]
 676 0118 9A42     		cmp	r2, r3
 677 011a AFD3     		bcc	.L29
 678              	.LBE2:
 156:DataStructure/CusQueue.c ****     }
 157:DataStructure/CusQueue.c **** 
 158:DataStructure/CusQueue.c ****     return true;
 679              		.loc 1 158 12
 680 011c 0123     		movs	r3, #1
 681              	.L27:
 159:DataStructure/CusQueue.c **** }
 682              		.loc 1 159 1
 683 011e 1846     		mov	r0, r3
 684 0120 1037     		adds	r7, r7, #16
 685              	.LCFI24:
 686              		.cfi_def_cfa_offset 8
 687 0122 BD46     		mov	sp, r7
 688              	.LCFI25:
 689              		.cfi_def_cfa_register 13
 690              		@ sp needed
 691 0124 80BD     		pop	{r7, pc}
 692              		.cfi_endproc
 693              	.LFE12:
 695              		.section	.text.Queue_Push,"ax",%progbits
 696              		.align	1
 697              		.syntax unified
 698              		.thumb
 699              		.thumb_func
 701              	Queue_Push:
 702              	.LFB13:
 160:DataStructure/CusQueue.c **** 
 161:DataStructure/CusQueue.c **** static Queue_state Queue_Push(QueueObj_TypeDef *obj, uint8_t *data, uint16_t size)
 162:DataStructure/CusQueue.c **** {
ARM GAS  C:\Users\HUAV\AppData\Local\Temp\ccBIhB9x.s 			page 16


 703              		.loc 1 162 1
 704              		.cfi_startproc
 705              		@ args = 0, pretend = 0, frame = 24
 706              		@ frame_needed = 1, uses_anonymous_args = 0
 707 0000 80B5     		push	{r7, lr}
 708              	.LCFI26:
 709              		.cfi_def_cfa_offset 8
 710              		.cfi_offset 7, -8
 711              		.cfi_offset 14, -4
 712 0002 86B0     		sub	sp, sp, #24
 713              	.LCFI27:
 714              		.cfi_def_cfa_offset 32
 715 0004 00AF     		add	r7, sp, #0
 716              	.LCFI28:
 717              		.cfi_def_cfa_register 7
 718 0006 F860     		str	r0, [r7, #12]
 719 0008 B960     		str	r1, [r7, #8]
 720 000a 1346     		mov	r3, r2
 721 000c FB80     		strh	r3, [r7, #6]	@ movhi
 163:DataStructure/CusQueue.c ****     if ((obj == NULL) || (obj->lenth == 0) || (data == NULL))
 722              		.loc 1 163 8
 723 000e FB68     		ldr	r3, [r7, #12]
 724 0010 002B     		cmp	r3, #0
 725 0012 06D0     		beq	.L31
 726              		.loc 1 163 30 discriminator 1
 727 0014 FB68     		ldr	r3, [r7, #12]
 728 0016 9B88     		ldrh	r3, [r3, #4]
 729              		.loc 1 163 23 discriminator 1
 730 0018 002B     		cmp	r3, #0
 731 001a 02D0     		beq	.L31
 732              		.loc 1 163 44 discriminator 2
 733 001c BB68     		ldr	r3, [r7, #8]
 734 001e 002B     		cmp	r3, #0
 735 0020 01D1     		bne	.L32
 736              	.L31:
 164:DataStructure/CusQueue.c ****         return Queue_obj_error;
 737              		.loc 1 164 16
 738 0022 0523     		movs	r3, #5
 739 0024 49E0     		b	.L33
 740              	.L32:
 165:DataStructure/CusQueue.c **** 
 166:DataStructure/CusQueue.c ****     if (size == 0)
 741              		.loc 1 166 8
 742 0026 FB88     		ldrh	r3, [r7, #6]
 743 0028 002B     		cmp	r3, #0
 744 002a 01D1     		bne	.L34
 167:DataStructure/CusQueue.c ****         return Queue_ok;
 745              		.loc 1 167 16
 746 002c 0023     		movs	r3, #0
 747 002e 44E0     		b	.L33
 748              	.L34:
 168:DataStructure/CusQueue.c **** 
 169:DataStructure/CusQueue.c ****     if ((obj->state == Queue_ok) || (obj->state == Queue_empty))
 749              		.loc 1 169 13
 750 0030 FB68     		ldr	r3, [r7, #12]
 751 0032 1B7A     		ldrb	r3, [r3, #8]	@ zero_extendqisi2
 752              		.loc 1 169 8
ARM GAS  C:\Users\HUAV\AppData\Local\Temp\ccBIhB9x.s 			page 17


 753 0034 002B     		cmp	r3, #0
 754 0036 03D0     		beq	.L35
 755              		.loc 1 169 41 discriminator 1
 756 0038 FB68     		ldr	r3, [r7, #12]
 757 003a 1B7A     		ldrb	r3, [r3, #8]	@ zero_extendqisi2
 758              		.loc 1 169 34 discriminator 1
 759 003c 032B     		cmp	r3, #3
 760 003e 3AD1     		bne	.L36
 761              	.L35:
 170:DataStructure/CusQueue.c ****     {
 171:DataStructure/CusQueue.c ****         if (size <= (obj->lenth - obj->size))
 762              		.loc 1 171 18
 763 0040 FA88     		ldrh	r2, [r7, #6]
 764              		.loc 1 171 25
 765 0042 FB68     		ldr	r3, [r7, #12]
 766 0044 9B88     		ldrh	r3, [r3, #4]
 767 0046 1946     		mov	r1, r3
 768              		.loc 1 171 38
 769 0048 FB68     		ldr	r3, [r7, #12]
 770 004a DB88     		ldrh	r3, [r3, #6]
 771              		.loc 1 171 33
 772 004c CB1A     		subs	r3, r1, r3
 773              		.loc 1 171 12
 774 004e 9A42     		cmp	r2, r3
 775 0050 2FDC     		bgt	.L37
 776              	.LBB3:
 172:DataStructure/CusQueue.c ****         {
 173:DataStructure/CusQueue.c ****             for (uint16_t i = 0; i < size; i++)
 777              		.loc 1 173 27
 778 0052 0023     		movs	r3, #0
 779 0054 FB82     		strh	r3, [r7, #22]	@ movhi
 780              		.loc 1 173 13
 781 0056 27E0     		b	.L38
 782              	.L39:
 174:DataStructure/CusQueue.c ****             {
 175:DataStructure/CusQueue.c ****                 obj->end_pos %= obj->lenth;
 783              		.loc 1 175 30 discriminator 3
 784 0058 FB68     		ldr	r3, [r7, #12]
 785 005a 9B89     		ldrh	r3, [r3, #12]
 786              		.loc 1 175 36 discriminator 3
 787 005c FA68     		ldr	r2, [r7, #12]
 788 005e 9288     		ldrh	r2, [r2, #4]
 789              		.loc 1 175 30 discriminator 3
 790 0060 B3FBF2F1 		udiv	r1, r3, r2
 791 0064 01FB02F2 		mul	r2, r1, r2
 792 0068 9B1A     		subs	r3, r3, r2
 793 006a 9AB2     		uxth	r2, r3
 794 006c FB68     		ldr	r3, [r7, #12]
 795 006e 9A81     		strh	r2, [r3, #12]	@ movhi
 176:DataStructure/CusQueue.c ****                 obj->buff[obj->end_pos] = data[i];
 796              		.loc 1 176 47 discriminator 3
 797 0070 FB8A     		ldrh	r3, [r7, #22]
 798 0072 BA68     		ldr	r2, [r7, #8]
 799 0074 1A44     		add	r2, r2, r3
 800              		.loc 1 176 20 discriminator 3
 801 0076 FB68     		ldr	r3, [r7, #12]
 802 0078 1B69     		ldr	r3, [r3, #16]
ARM GAS  C:\Users\HUAV\AppData\Local\Temp\ccBIhB9x.s 			page 18


 803              		.loc 1 176 30 discriminator 3
 804 007a F968     		ldr	r1, [r7, #12]
 805 007c 8989     		ldrh	r1, [r1, #12]
 806              		.loc 1 176 26 discriminator 3
 807 007e 0B44     		add	r3, r3, r1
 808              		.loc 1 176 47 discriminator 3
 809 0080 1278     		ldrb	r2, [r2]	@ zero_extendqisi2
 810              		.loc 1 176 41 discriminator 3
 811 0082 1A70     		strb	r2, [r3]
 177:DataStructure/CusQueue.c ****                 obj->end_pos++;
 812              		.loc 1 177 20 discriminator 3
 813 0084 FB68     		ldr	r3, [r7, #12]
 814 0086 9B89     		ldrh	r3, [r3, #12]
 815              		.loc 1 177 29 discriminator 3
 816 0088 0133     		adds	r3, r3, #1
 817 008a 9AB2     		uxth	r2, r3
 818 008c FB68     		ldr	r3, [r7, #12]
 819 008e 9A81     		strh	r2, [r3, #12]	@ movhi
 178:DataStructure/CusQueue.c **** 
 179:DataStructure/CusQueue.c ****                 obj->size++;
 820              		.loc 1 179 20 discriminator 3
 821 0090 FB68     		ldr	r3, [r7, #12]
 822 0092 DB88     		ldrh	r3, [r3, #6]
 823              		.loc 1 179 26 discriminator 3
 824 0094 0133     		adds	r3, r3, #1
 825 0096 9AB2     		uxth	r2, r3
 826 0098 FB68     		ldr	r3, [r7, #12]
 827 009a DA80     		strh	r2, [r3, #6]	@ movhi
 180:DataStructure/CusQueue.c **** 
 181:DataStructure/CusQueue.c ****                 Queue_UpdateState(obj);
 828              		.loc 1 181 17 discriminator 3
 829 009c F868     		ldr	r0, [r7, #12]
 830 009e FFF7FEFF 		bl	Queue_UpdateState
 173:DataStructure/CusQueue.c ****             {
 831              		.loc 1 173 45 discriminator 3
 832 00a2 FB8A     		ldrh	r3, [r7, #22]
 833 00a4 0133     		adds	r3, r3, #1
 834 00a6 FB82     		strh	r3, [r7, #22]	@ movhi
 835              	.L38:
 173:DataStructure/CusQueue.c ****             {
 836              		.loc 1 173 13 discriminator 1
 837 00a8 FA8A     		ldrh	r2, [r7, #22]
 838 00aa FB88     		ldrh	r3, [r7, #6]
 839 00ac 9A42     		cmp	r2, r3
 840 00ae D3D3     		bcc	.L39
 841 00b0 01E0     		b	.L36
 842              	.L37:
 843              	.LBE3:
 182:DataStructure/CusQueue.c ****             }
 183:DataStructure/CusQueue.c ****         }
 184:DataStructure/CusQueue.c ****         else
 185:DataStructure/CusQueue.c ****             return Queue_overflow_w;
 844              		.loc 1 185 20
 845 00b2 0123     		movs	r3, #1
 846 00b4 01E0     		b	.L33
 847              	.L36:
 186:DataStructure/CusQueue.c ****     }
ARM GAS  C:\Users\HUAV\AppData\Local\Temp\ccBIhB9x.s 			page 19


 187:DataStructure/CusQueue.c **** 
 188:DataStructure/CusQueue.c ****     return obj->state;
 848              		.loc 1 188 15
 849 00b6 FB68     		ldr	r3, [r7, #12]
 850 00b8 1B7A     		ldrb	r3, [r3, #8]	@ zero_extendqisi2
 851              	.L33:
 189:DataStructure/CusQueue.c **** }
 852              		.loc 1 189 1
 853 00ba 1846     		mov	r0, r3
 854 00bc 1837     		adds	r7, r7, #24
 855              	.LCFI29:
 856              		.cfi_def_cfa_offset 8
 857 00be BD46     		mov	sp, r7
 858              	.LCFI30:
 859              		.cfi_def_cfa_register 13
 860              		@ sp needed
 861 00c0 80BD     		pop	{r7, pc}
 862              		.cfi_endproc
 863              	.LFE13:
 865              		.section	.text.Queue_Pop,"ax",%progbits
 866              		.align	1
 867              		.syntax unified
 868              		.thumb
 869              		.thumb_func
 871              	Queue_Pop:
 872              	.LFB14:
 190:DataStructure/CusQueue.c **** 
 191:DataStructure/CusQueue.c **** /* still can be optimize */
 192:DataStructure/CusQueue.c **** static Queue_state Queue_Pop(QueueObj_TypeDef *obj, uint8_t *data, uint16_t size)
 193:DataStructure/CusQueue.c **** {
 873              		.loc 1 193 1
 874              		.cfi_startproc
 875              		@ args = 0, pretend = 0, frame = 24
 876              		@ frame_needed = 1, uses_anonymous_args = 0
 877 0000 80B5     		push	{r7, lr}
 878              	.LCFI31:
 879              		.cfi_def_cfa_offset 8
 880              		.cfi_offset 7, -8
 881              		.cfi_offset 14, -4
 882 0002 86B0     		sub	sp, sp, #24
 883              	.LCFI32:
 884              		.cfi_def_cfa_offset 32
 885 0004 00AF     		add	r7, sp, #0
 886              	.LCFI33:
 887              		.cfi_def_cfa_register 7
 888 0006 F860     		str	r0, [r7, #12]
 889 0008 B960     		str	r1, [r7, #8]
 890 000a 1346     		mov	r3, r2
 891 000c FB80     		strh	r3, [r7, #6]	@ movhi
 194:DataStructure/CusQueue.c ****     if ((obj == NULL) || (obj->lenth == 0) || (data == NULL) || (size == 0))
 892              		.loc 1 194 8
 893 000e FB68     		ldr	r3, [r7, #12]
 894 0010 002B     		cmp	r3, #0
 895 0012 09D0     		beq	.L41
 896              		.loc 1 194 30 discriminator 1
 897 0014 FB68     		ldr	r3, [r7, #12]
 898 0016 9B88     		ldrh	r3, [r3, #4]
ARM GAS  C:\Users\HUAV\AppData\Local\Temp\ccBIhB9x.s 			page 20


 899              		.loc 1 194 23 discriminator 1
 900 0018 002B     		cmp	r3, #0
 901 001a 05D0     		beq	.L41
 902              		.loc 1 194 44 discriminator 2
 903 001c BB68     		ldr	r3, [r7, #8]
 904 001e 002B     		cmp	r3, #0
 905 0020 02D0     		beq	.L41
 906              		.loc 1 194 62 discriminator 3
 907 0022 FB88     		ldrh	r3, [r7, #6]
 908 0024 002B     		cmp	r3, #0
 909 0026 01D1     		bne	.L42
 910              	.L41:
 195:DataStructure/CusQueue.c ****         return Queue_obj_error;
 911              		.loc 1 195 16
 912 0028 0523     		movs	r3, #5
 913 002a 4DE0     		b	.L43
 914              	.L42:
 196:DataStructure/CusQueue.c **** 
 197:DataStructure/CusQueue.c ****     memset(data, 0, size);
 915              		.loc 1 197 5
 916 002c FB88     		ldrh	r3, [r7, #6]
 917 002e 1A46     		mov	r2, r3
 918 0030 0021     		movs	r1, #0
 919 0032 B868     		ldr	r0, [r7, #8]
 920 0034 FFF7FEFF 		bl	memset
 198:DataStructure/CusQueue.c **** 
 199:DataStructure/CusQueue.c ****     if ((obj->state == Queue_ok) || (obj->state == Queue_full))
 921              		.loc 1 199 13
 922 0038 FB68     		ldr	r3, [r7, #12]
 923 003a 1B7A     		ldrb	r3, [r3, #8]	@ zero_extendqisi2
 924              		.loc 1 199 8
 925 003c 002B     		cmp	r3, #0
 926 003e 03D0     		beq	.L44
 927              		.loc 1 199 41 discriminator 1
 928 0040 FB68     		ldr	r3, [r7, #12]
 929 0042 1B7A     		ldrb	r3, [r3, #8]	@ zero_extendqisi2
 930              		.loc 1 199 34 discriminator 1
 931 0044 042B     		cmp	r3, #4
 932 0046 3DD1     		bne	.L45
 933              	.L44:
 200:DataStructure/CusQueue.c ****     {
 201:DataStructure/CusQueue.c ****         if (size <= obj->size)
 934              		.loc 1 201 24
 935 0048 FB68     		ldr	r3, [r7, #12]
 936 004a DB88     		ldrh	r3, [r3, #6]
 937              		.loc 1 201 12
 938 004c FA88     		ldrh	r2, [r7, #6]
 939 004e 9A42     		cmp	r2, r3
 940 0050 36D8     		bhi	.L46
 941              	.LBB4:
 202:DataStructure/CusQueue.c ****         {
 203:DataStructure/CusQueue.c ****             for (uint16_t i = 0; i < size; i++)
 942              		.loc 1 203 27
 943 0052 0023     		movs	r3, #0
 944 0054 FB82     		strh	r3, [r7, #22]	@ movhi
 945              		.loc 1 203 13
 946 0056 2EE0     		b	.L47
ARM GAS  C:\Users\HUAV\AppData\Local\Temp\ccBIhB9x.s 			page 21


 947              	.L48:
 204:DataStructure/CusQueue.c ****             {
 205:DataStructure/CusQueue.c ****                 obj->head_pos %= obj->lenth;
 948              		.loc 1 205 31 discriminator 3
 949 0058 FB68     		ldr	r3, [r7, #12]
 950 005a 5B89     		ldrh	r3, [r3, #10]
 951              		.loc 1 205 37 discriminator 3
 952 005c FA68     		ldr	r2, [r7, #12]
 953 005e 9288     		ldrh	r2, [r2, #4]
 954              		.loc 1 205 31 discriminator 3
 955 0060 B3FBF2F1 		udiv	r1, r3, r2
 956 0064 01FB02F2 		mul	r2, r1, r2
 957 0068 9B1A     		subs	r3, r3, r2
 958 006a 9AB2     		uxth	r2, r3
 959 006c FB68     		ldr	r3, [r7, #12]
 960 006e 5A81     		strh	r2, [r3, #10]	@ movhi
 206:DataStructure/CusQueue.c ****                 data[i] = obj->buff[obj->head_pos];
 961              		.loc 1 206 30 discriminator 3
 962 0070 FB68     		ldr	r3, [r7, #12]
 963 0072 1B69     		ldr	r3, [r3, #16]
 964              		.loc 1 206 40 discriminator 3
 965 0074 FA68     		ldr	r2, [r7, #12]
 966 0076 5289     		ldrh	r2, [r2, #10]
 967              		.loc 1 206 36 discriminator 3
 968 0078 1A44     		add	r2, r2, r3
 969              		.loc 1 206 21 discriminator 3
 970 007a FB8A     		ldrh	r3, [r7, #22]
 971 007c B968     		ldr	r1, [r7, #8]
 972 007e 0B44     		add	r3, r3, r1
 973              		.loc 1 206 36 discriminator 3
 974 0080 1278     		ldrb	r2, [r2]	@ zero_extendqisi2
 975              		.loc 1 206 25 discriminator 3
 976 0082 1A70     		strb	r2, [r3]
 207:DataStructure/CusQueue.c ****                 obj->buff[obj->head_pos] = 0;
 977              		.loc 1 207 20 discriminator 3
 978 0084 FB68     		ldr	r3, [r7, #12]
 979 0086 1B69     		ldr	r3, [r3, #16]
 980              		.loc 1 207 30 discriminator 3
 981 0088 FA68     		ldr	r2, [r7, #12]
 982 008a 5289     		ldrh	r2, [r2, #10]
 983              		.loc 1 207 26 discriminator 3
 984 008c 1344     		add	r3, r3, r2
 985              		.loc 1 207 42 discriminator 3
 986 008e 0022     		movs	r2, #0
 987 0090 1A70     		strb	r2, [r3]
 208:DataStructure/CusQueue.c ****                 obj->head_pos++;
 988              		.loc 1 208 20 discriminator 3
 989 0092 FB68     		ldr	r3, [r7, #12]
 990 0094 5B89     		ldrh	r3, [r3, #10]
 991              		.loc 1 208 30 discriminator 3
 992 0096 0133     		adds	r3, r3, #1
 993 0098 9AB2     		uxth	r2, r3
 994 009a FB68     		ldr	r3, [r7, #12]
 995 009c 5A81     		strh	r2, [r3, #10]	@ movhi
 209:DataStructure/CusQueue.c **** 
 210:DataStructure/CusQueue.c ****                 obj->size--;
 996              		.loc 1 210 20 discriminator 3
ARM GAS  C:\Users\HUAV\AppData\Local\Temp\ccBIhB9x.s 			page 22


 997 009e FB68     		ldr	r3, [r7, #12]
 998 00a0 DB88     		ldrh	r3, [r3, #6]
 999              		.loc 1 210 26 discriminator 3
 1000 00a2 013B     		subs	r3, r3, #1
 1001 00a4 9AB2     		uxth	r2, r3
 1002 00a6 FB68     		ldr	r3, [r7, #12]
 1003 00a8 DA80     		strh	r2, [r3, #6]	@ movhi
 211:DataStructure/CusQueue.c **** 
 212:DataStructure/CusQueue.c ****                 Queue_UpdateState(obj);
 1004              		.loc 1 212 17 discriminator 3
 1005 00aa F868     		ldr	r0, [r7, #12]
 1006 00ac FFF7FEFF 		bl	Queue_UpdateState
 203:DataStructure/CusQueue.c ****             {
 1007              		.loc 1 203 45 discriminator 3
 1008 00b0 FB8A     		ldrh	r3, [r7, #22]
 1009 00b2 0133     		adds	r3, r3, #1
 1010 00b4 FB82     		strh	r3, [r7, #22]	@ movhi
 1011              	.L47:
 203:DataStructure/CusQueue.c ****             {
 1012              		.loc 1 203 13 discriminator 1
 1013 00b6 FA8A     		ldrh	r2, [r7, #22]
 1014 00b8 FB88     		ldrh	r3, [r7, #6]
 1015 00ba 9A42     		cmp	r2, r3
 1016 00bc CCD3     		bcc	.L48
 1017 00be 01E0     		b	.L45
 1018              	.L46:
 1019              	.LBE4:
 213:DataStructure/CusQueue.c ****             }
 214:DataStructure/CusQueue.c ****         }
 215:DataStructure/CusQueue.c ****         else
 216:DataStructure/CusQueue.c ****             return Queue_overflow_r;
 1020              		.loc 1 216 20
 1021 00c0 0223     		movs	r3, #2
 1022 00c2 01E0     		b	.L43
 1023              	.L45:
 217:DataStructure/CusQueue.c ****     }
 218:DataStructure/CusQueue.c **** 
 219:DataStructure/CusQueue.c ****     return obj->state;
 1024              		.loc 1 219 15
 1025 00c4 FB68     		ldr	r3, [r7, #12]
 1026 00c6 1B7A     		ldrb	r3, [r3, #8]	@ zero_extendqisi2
 1027              	.L43:
 220:DataStructure/CusQueue.c **** }
 1028              		.loc 1 220 1
 1029 00c8 1846     		mov	r0, r3
 1030 00ca 1837     		adds	r7, r7, #24
 1031              	.LCFI34:
 1032              		.cfi_def_cfa_offset 8
 1033 00cc BD46     		mov	sp, r7
 1034              	.LCFI35:
 1035              		.cfi_def_cfa_register 13
 1036              		@ sp needed
 1037 00ce 80BD     		pop	{r7, pc}
 1038              		.cfi_endproc
 1039              	.LFE14:
 1041              		.section	.text.Queue_GetRemain,"ax",%progbits
 1042              		.align	1
ARM GAS  C:\Users\HUAV\AppData\Local\Temp\ccBIhB9x.s 			page 23


 1043              		.syntax unified
 1044              		.thumb
 1045              		.thumb_func
 1047              	Queue_GetRemain:
 1048              	.LFB15:
 221:DataStructure/CusQueue.c **** 
 222:DataStructure/CusQueue.c **** static uint16_t Queue_GetRemain(QueueObj_TypeDef obj)
 223:DataStructure/CusQueue.c **** {
 1049              		.loc 1 223 1
 1050              		.cfi_startproc
 1051              		@ args = 20, pretend = 16, frame = 0
 1052              		@ frame_needed = 1, uses_anonymous_args = 0
 1053              		@ link register save eliminated.
 1054 0000 84B0     		sub	sp, sp, #16
 1055              	.LCFI36:
 1056              		.cfi_def_cfa_offset 16
 1057 0002 90B4     		push	{r4, r7}
 1058              	.LCFI37:
 1059              		.cfi_def_cfa_offset 24
 1060              		.cfi_offset 4, -24
 1061              		.cfi_offset 7, -20
 1062 0004 00AF     		add	r7, sp, #0
 1063              	.LCFI38:
 1064              		.cfi_def_cfa_register 7
 1065 0006 07F10804 		add	r4, r7, #8
 1066 000a 84E80F00 		stm	r4, {r0, r1, r2, r3}
 224:DataStructure/CusQueue.c ****     return obj.lenth - obj.size;
 1067              		.loc 1 224 15
 1068 000e BA89     		ldrh	r2, [r7, #12]
 1069              		.loc 1 224 27
 1070 0010 FB89     		ldrh	r3, [r7, #14]
 1071              		.loc 1 224 22
 1072 0012 D31A     		subs	r3, r2, r3
 1073 0014 9BB2     		uxth	r3, r3
 225:DataStructure/CusQueue.c **** }
 1074              		.loc 1 225 1
 1075 0016 1846     		mov	r0, r3
 1076 0018 BD46     		mov	sp, r7
 1077              	.LCFI39:
 1078              		.cfi_def_cfa_register 13
 1079              		@ sp needed
 1080 001a 90BC     		pop	{r4, r7}
 1081              	.LCFI40:
 1082              		.cfi_restore 7
 1083              		.cfi_restore 4
 1084              		.cfi_def_cfa_offset 16
 1085 001c 04B0     		add	sp, sp, #16
 1086              	.LCFI41:
 1087              		.cfi_def_cfa_offset 0
 1088 001e 7047     		bx	lr
 1089              		.cfi_endproc
 1090              	.LFE15:
 1092              		.section	.text.Queue_Peek,"ax",%progbits
 1093              		.align	1
 1094              		.syntax unified
 1095              		.thumb
 1096              		.thumb_func
ARM GAS  C:\Users\HUAV\AppData\Local\Temp\ccBIhB9x.s 			page 24


 1098              	Queue_Peek:
 1099              	.LFB16:
 226:DataStructure/CusQueue.c **** 
 227:DataStructure/CusQueue.c **** static bool Queue_Peek(QueueObj_TypeDef *obj, uint16_t index, uint8_t *data, uint16_t size)
 228:DataStructure/CusQueue.c **** {
 1100              		.loc 1 228 1
 1101              		.cfi_startproc
 1102              		@ args = 0, pretend = 0, frame = 24
 1103              		@ frame_needed = 1, uses_anonymous_args = 0
 1104              		@ link register save eliminated.
 1105 0000 80B4     		push	{r7}
 1106              	.LCFI42:
 1107              		.cfi_def_cfa_offset 4
 1108              		.cfi_offset 7, -4
 1109 0002 87B0     		sub	sp, sp, #28
 1110              	.LCFI43:
 1111              		.cfi_def_cfa_offset 32
 1112 0004 00AF     		add	r7, sp, #0
 1113              	.LCFI44:
 1114              		.cfi_def_cfa_register 7
 1115 0006 F860     		str	r0, [r7, #12]
 1116 0008 7A60     		str	r2, [r7, #4]
 1117 000a 1A46     		mov	r2, r3
 1118 000c 0B46     		mov	r3, r1	@ movhi
 1119 000e 7B81     		strh	r3, [r7, #10]	@ movhi
 1120 0010 1346     		mov	r3, r2	@ movhi
 1121 0012 3B81     		strh	r3, [r7, #8]	@ movhi
 229:DataStructure/CusQueue.c ****     if ((obj == NULL) || (obj->lenth == 0) || \
 1122              		.loc 1 229 8
 1123 0014 FB68     		ldr	r3, [r7, #12]
 1124 0016 002B     		cmp	r3, #0
 1125 0018 12D0     		beq	.L52
 1126              		.loc 1 229 30 discriminator 1
 1127 001a FB68     		ldr	r3, [r7, #12]
 1128 001c 9B88     		ldrh	r3, [r3, #4]
 1129              		.loc 1 229 23 discriminator 1
 1130 001e 002B     		cmp	r3, #0
 1131 0020 0ED0     		beq	.L52
 1132              		.loc 1 229 44 discriminator 2
 1133 0022 3B89     		ldrh	r3, [r7, #8]
 1134 0024 002B     		cmp	r3, #0
 1135 0026 0BD0     		beq	.L52
 230:DataStructure/CusQueue.c ****         (size == 0) || (data == NULL) || \
 1136              		.loc 1 230 21
 1137 0028 7B68     		ldr	r3, [r7, #4]
 1138 002a 002B     		cmp	r3, #0
 1139 002c 08D0     		beq	.L52
 231:DataStructure/CusQueue.c ****         (index >= obj->size) || (obj->size == 0))
 1140              		.loc 1 231 22 discriminator 1
 1141 002e FB68     		ldr	r3, [r7, #12]
 1142 0030 DB88     		ldrh	r3, [r3, #6]
 230:DataStructure/CusQueue.c ****         (size == 0) || (data == NULL) || \
 1143              		.loc 1 230 39 discriminator 1
 1144 0032 7A89     		ldrh	r2, [r7, #10]
 1145 0034 9A42     		cmp	r2, r3
 1146 0036 03D2     		bcs	.L52
 1147              		.loc 1 231 37
ARM GAS  C:\Users\HUAV\AppData\Local\Temp\ccBIhB9x.s 			page 25


 1148 0038 FB68     		ldr	r3, [r7, #12]
 1149 003a DB88     		ldrh	r3, [r3, #6]
 1150              		.loc 1 231 30
 1151 003c 002B     		cmp	r3, #0
 1152 003e 01D1     		bne	.L53
 1153              	.L52:
 232:DataStructure/CusQueue.c ****         return false;
 1154              		.loc 1 232 16
 1155 0040 0023     		movs	r3, #0
 1156 0042 21E0     		b	.L54
 1157              	.L53:
 1158              	.LBB5:
 233:DataStructure/CusQueue.c **** 
 234:DataStructure/CusQueue.c ****     for (uint8_t i = 0; i < size; i++)
 1159              		.loc 1 234 18
 1160 0044 0023     		movs	r3, #0
 1161 0046 FB75     		strb	r3, [r7, #23]
 1162              		.loc 1 234 5
 1163 0048 18E0     		b	.L55
 1164              	.L56:
 235:DataStructure/CusQueue.c ****     {
 236:DataStructure/CusQueue.c ****         data[i] = obj->buff[(obj->head_pos + index + i) % obj->lenth];
 1165              		.loc 1 236 22 discriminator 3
 1166 004a FB68     		ldr	r3, [r7, #12]
 1167 004c 1969     		ldr	r1, [r3, #16]
 1168              		.loc 1 236 33 discriminator 3
 1169 004e FB68     		ldr	r3, [r7, #12]
 1170 0050 5B89     		ldrh	r3, [r3, #10]
 1171 0052 1A46     		mov	r2, r3
 1172              		.loc 1 236 44 discriminator 3
 1173 0054 7B89     		ldrh	r3, [r7, #10]
 1174 0056 1A44     		add	r2, r2, r3
 1175              		.loc 1 236 52 discriminator 3
 1176 0058 FB7D     		ldrb	r3, [r7, #23]	@ zero_extendqisi2
 1177 005a 1344     		add	r3, r3, r2
 1178              		.loc 1 236 62 discriminator 3
 1179 005c FA68     		ldr	r2, [r7, #12]
 1180 005e 9288     		ldrh	r2, [r2, #4]
 1181              		.loc 1 236 57 discriminator 3
 1182 0060 93FBF2F0 		sdiv	r0, r3, r2
 1183 0064 00FB02F2 		mul	r2, r0, r2
 1184 0068 9B1A     		subs	r3, r3, r2
 1185              		.loc 1 236 28 discriminator 3
 1186 006a CA18     		adds	r2, r1, r3
 1187              		.loc 1 236 13 discriminator 3
 1188 006c FB7D     		ldrb	r3, [r7, #23]	@ zero_extendqisi2
 1189 006e 7968     		ldr	r1, [r7, #4]
 1190 0070 0B44     		add	r3, r3, r1
 1191              		.loc 1 236 28 discriminator 3
 1192 0072 1278     		ldrb	r2, [r2]	@ zero_extendqisi2
 1193              		.loc 1 236 17 discriminator 3
 1194 0074 1A70     		strb	r2, [r3]
 234:DataStructure/CusQueue.c ****     {
 1195              		.loc 1 234 36 discriminator 3
 1196 0076 FB7D     		ldrb	r3, [r7, #23]	@ zero_extendqisi2
 1197 0078 0133     		adds	r3, r3, #1
 1198 007a FB75     		strb	r3, [r7, #23]
ARM GAS  C:\Users\HUAV\AppData\Local\Temp\ccBIhB9x.s 			page 26


 1199              	.L55:
 234:DataStructure/CusQueue.c ****     {
 1200              		.loc 1 234 27 discriminator 1
 1201 007c FB7D     		ldrb	r3, [r7, #23]	@ zero_extendqisi2
 1202 007e 9BB2     		uxth	r3, r3
 234:DataStructure/CusQueue.c ****     {
 1203              		.loc 1 234 5 discriminator 1
 1204 0080 3A89     		ldrh	r2, [r7, #8]
 1205 0082 9A42     		cmp	r2, r3
 1206 0084 E1D8     		bhi	.L56
 1207              	.LBE5:
 237:DataStructure/CusQueue.c ****     }
 238:DataStructure/CusQueue.c **** 
 239:DataStructure/CusQueue.c ****     return true;
 1208              		.loc 1 239 12
 1209 0086 0123     		movs	r3, #1
 1210              	.L54:
 240:DataStructure/CusQueue.c **** }
 1211              		.loc 1 240 1
 1212 0088 1846     		mov	r0, r3
 1213 008a 1C37     		adds	r7, r7, #28
 1214              	.LCFI45:
 1215              		.cfi_def_cfa_offset 4
 1216 008c BD46     		mov	sp, r7
 1217              	.LCFI46:
 1218              		.cfi_def_cfa_register 13
 1219              		@ sp needed
 1220 008e 5DF8047B 		ldr	r7, [sp], #4
 1221              	.LCFI47:
 1222              		.cfi_restore 7
 1223              		.cfi_def_cfa_offset 0
 1224 0092 7047     		bx	lr
 1225              		.cfi_endproc
 1226              	.LFE16:
 1228              		.section	.text.Queue_GetState,"ax",%progbits
 1229              		.align	1
 1230              		.syntax unified
 1231              		.thumb
 1232              		.thumb_func
 1234              	Queue_GetState:
 1235              	.LFB17:
 241:DataStructure/CusQueue.c **** 
 242:DataStructure/CusQueue.c **** static Queue_state Queue_GetState(QueueObj_TypeDef obj)
 243:DataStructure/CusQueue.c **** {
 1236              		.loc 1 243 1
 1237              		.cfi_startproc
 1238              		@ args = 20, pretend = 16, frame = 0
 1239              		@ frame_needed = 1, uses_anonymous_args = 0
 1240              		@ link register save eliminated.
 1241 0000 84B0     		sub	sp, sp, #16
 1242              	.LCFI48:
 1243              		.cfi_def_cfa_offset 16
 1244 0002 90B4     		push	{r4, r7}
 1245              	.LCFI49:
 1246              		.cfi_def_cfa_offset 24
 1247              		.cfi_offset 4, -24
 1248              		.cfi_offset 7, -20
ARM GAS  C:\Users\HUAV\AppData\Local\Temp\ccBIhB9x.s 			page 27


 1249 0004 00AF     		add	r7, sp, #0
 1250              	.LCFI50:
 1251              		.cfi_def_cfa_register 7
 1252 0006 07F10804 		add	r4, r7, #8
 1253 000a 84E80F00 		stm	r4, {r0, r1, r2, r3}
 244:DataStructure/CusQueue.c ****     return obj.state;
 1254              		.loc 1 244 15
 1255 000e 3B7C     		ldrb	r3, [r7, #16]	@ zero_extendqisi2
 245:DataStructure/CusQueue.c **** }
 1256              		.loc 1 245 1
 1257 0010 1846     		mov	r0, r3
 1258 0012 BD46     		mov	sp, r7
 1259              	.LCFI51:
 1260              		.cfi_def_cfa_register 13
 1261              		@ sp needed
 1262 0014 90BC     		pop	{r4, r7}
 1263              	.LCFI52:
 1264              		.cfi_restore 7
 1265              		.cfi_restore 4
 1266              		.cfi_def_cfa_offset 16
 1267 0016 04B0     		add	sp, sp, #16
 1268              	.LCFI53:
 1269              		.cfi_def_cfa_offset 0
 1270 0018 7047     		bx	lr
 1271              		.cfi_endproc
 1272              	.LFE17:
 1274              		.section	.text.Queue_GetSize,"ax",%progbits
 1275              		.align	1
 1276              		.syntax unified
 1277              		.thumb
 1278              		.thumb_func
 1280              	Queue_GetSize:
 1281              	.LFB18:
 246:DataStructure/CusQueue.c **** 
 247:DataStructure/CusQueue.c **** static uint16_t Queue_GetSize(QueueObj_TypeDef obj)
 248:DataStructure/CusQueue.c **** {
 1282              		.loc 1 248 1
 1283              		.cfi_startproc
 1284              		@ args = 20, pretend = 16, frame = 0
 1285              		@ frame_needed = 1, uses_anonymous_args = 0
 1286              		@ link register save eliminated.
 1287 0000 84B0     		sub	sp, sp, #16
 1288              	.LCFI54:
 1289              		.cfi_def_cfa_offset 16
 1290 0002 90B4     		push	{r4, r7}
 1291              	.LCFI55:
 1292              		.cfi_def_cfa_offset 24
 1293              		.cfi_offset 4, -24
 1294              		.cfi_offset 7, -20
 1295 0004 00AF     		add	r7, sp, #0
 1296              	.LCFI56:
 1297              		.cfi_def_cfa_register 7
 1298 0006 07F10804 		add	r4, r7, #8
 1299 000a 84E80F00 		stm	r4, {r0, r1, r2, r3}
 249:DataStructure/CusQueue.c ****     if ((obj.lenth == 0) || (obj.state == Queue_empty))
 1300              		.loc 1 249 13
 1301 000e BB89     		ldrh	r3, [r7, #12]
ARM GAS  C:\Users\HUAV\AppData\Local\Temp\ccBIhB9x.s 			page 28


 1302              		.loc 1 249 8
 1303 0010 002B     		cmp	r3, #0
 1304 0012 02D0     		beq	.L60
 1305              		.loc 1 249 33 discriminator 1
 1306 0014 3B7C     		ldrb	r3, [r7, #16]	@ zero_extendqisi2
 1307              		.loc 1 249 26 discriminator 1
 1308 0016 032B     		cmp	r3, #3
 1309 0018 01D1     		bne	.L61
 1310              	.L60:
 250:DataStructure/CusQueue.c ****         return 0;
 1311              		.loc 1 250 16
 1312 001a 0023     		movs	r3, #0
 1313 001c 00E0     		b	.L62
 1314              	.L61:
 251:DataStructure/CusQueue.c **** 
 252:DataStructure/CusQueue.c ****     return obj.size;
 1315              		.loc 1 252 15
 1316 001e FB89     		ldrh	r3, [r7, #14]
 1317              	.L62:
 253:DataStructure/CusQueue.c **** }
 1318              		.loc 1 253 1
 1319 0020 1846     		mov	r0, r3
 1320 0022 BD46     		mov	sp, r7
 1321              	.LCFI57:
 1322              		.cfi_def_cfa_register 13
 1323              		@ sp needed
 1324 0024 90BC     		pop	{r4, r7}
 1325              	.LCFI58:
 1326              		.cfi_restore 7
 1327              		.cfi_restore 4
 1328              		.cfi_def_cfa_offset 16
 1329 0026 04B0     		add	sp, sp, #16
 1330              	.LCFI59:
 1331              		.cfi_def_cfa_offset 0
 1332 0028 7047     		bx	lr
 1333              		.cfi_endproc
 1334              	.LFE18:
 1336              		.section	.text.Queue_GetCapicity,"ax",%progbits
 1337              		.align	1
 1338              		.syntax unified
 1339              		.thumb
 1340              		.thumb_func
 1342              	Queue_GetCapicity:
 1343              	.LFB19:
 254:DataStructure/CusQueue.c **** 
 255:DataStructure/CusQueue.c **** static uint16_t Queue_GetCapicity(QueueObj_TypeDef obj)
 256:DataStructure/CusQueue.c **** {
 1344              		.loc 1 256 1
 1345              		.cfi_startproc
 1346              		@ args = 20, pretend = 16, frame = 0
 1347              		@ frame_needed = 1, uses_anonymous_args = 0
 1348              		@ link register save eliminated.
 1349 0000 84B0     		sub	sp, sp, #16
 1350              	.LCFI60:
 1351              		.cfi_def_cfa_offset 16
 1352 0002 90B4     		push	{r4, r7}
 1353              	.LCFI61:
ARM GAS  C:\Users\HUAV\AppData\Local\Temp\ccBIhB9x.s 			page 29


 1354              		.cfi_def_cfa_offset 24
 1355              		.cfi_offset 4, -24
 1356              		.cfi_offset 7, -20
 1357 0004 00AF     		add	r7, sp, #0
 1358              	.LCFI62:
 1359              		.cfi_def_cfa_register 7
 1360 0006 07F10804 		add	r4, r7, #8
 1361 000a 84E80F00 		stm	r4, {r0, r1, r2, r3}
 257:DataStructure/CusQueue.c ****     return obj.lenth;
 1362              		.loc 1 257 15
 1363 000e BB89     		ldrh	r3, [r7, #12]
 258:DataStructure/CusQueue.c **** }
 1364              		.loc 1 258 1
 1365 0010 1846     		mov	r0, r3
 1366 0012 BD46     		mov	sp, r7
 1367              	.LCFI63:
 1368              		.cfi_def_cfa_register 13
 1369              		@ sp needed
 1370 0014 90BC     		pop	{r4, r7}
 1371              	.LCFI64:
 1372              		.cfi_restore 7
 1373              		.cfi_restore 4
 1374              		.cfi_def_cfa_offset 16
 1375 0016 04B0     		add	sp, sp, #16
 1376              	.LCFI65:
 1377              		.cfi_def_cfa_offset 0
 1378 0018 7047     		bx	lr
 1379              		.cfi_endproc
 1380              	.LFE19:
 1382              		.text
 1383              	.Letext0:
 1384              		.file 2 "d:\\hpm-compile-tool\\gcc-arm-none-eabi-10.3-win\\arm-none-eabi\\include\\machine\\_defau
 1385              		.file 3 "d:\\hpm-compile-tool\\gcc-arm-none-eabi-10.3-win\\arm-none-eabi\\include\\sys\\_stdint.h"
 1386              		.file 4 "d:\\hpm-compile-tool\\gcc-arm-none-eabi-10.3-win\\lib\\gcc\\arm-none-eabi\\10.3.1\\includ
 1387              		.file 5 "DataStructure/CusQueue.h"
 1388              		.file 6 "System/FreeRTOS/include/portable.h"
 1389              		.file 7 "Service/Srv_OsCommon.h"
ARM GAS  C:\Users\HUAV\AppData\Local\Temp\ccBIhB9x.s 			page 30


DEFINED SYMBOLS
                            *ABS*:00000000 CusQueue.c
C:\Users\HUAV\AppData\Local\Temp\ccBIhB9x.s:23     .data.Queue:00000000 Queue
C:\Users\HUAV\AppData\Local\Temp\ccBIhB9x.s:20     .data.Queue:00000000 $d
C:\Users\HUAV\AppData\Local\Temp\ccBIhB9x.s:1280   .text.Queue_GetSize:00000000 Queue_GetSize
C:\Users\HUAV\AppData\Local\Temp\ccBIhB9x.s:1342   .text.Queue_GetCapicity:00000000 Queue_GetCapicity
C:\Users\HUAV\AppData\Local\Temp\ccBIhB9x.s:1047   .text.Queue_GetRemain:00000000 Queue_GetRemain
C:\Users\HUAV\AppData\Local\Temp\ccBIhB9x.s:146    .text.Queue_Create_Auto:00000000 Queue_Create_Auto
C:\Users\HUAV\AppData\Local\Temp\ccBIhB9x.s:41     .text.Queue_Create_WithCertainBuff:00000000 Queue_Create_WithCertainBuff
C:\Users\HUAV\AppData\Local\Temp\ccBIhB9x.s:265    .text.Queue_Reset:00000000 Queue_Reset
C:\Users\HUAV\AppData\Local\Temp\ccBIhB9x.s:1098   .text.Queue_Peek:00000000 Queue_Peek
C:\Users\HUAV\AppData\Local\Temp\ccBIhB9x.s:701    .text.Queue_Push:00000000 Queue_Push
C:\Users\HUAV\AppData\Local\Temp\ccBIhB9x.s:871    .text.Queue_Pop:00000000 Queue_Pop
C:\Users\HUAV\AppData\Local\Temp\ccBIhB9x.s:1234   .text.Queue_GetState:00000000 Queue_GetState
C:\Users\HUAV\AppData\Local\Temp\ccBIhB9x.s:475    .text.Queue_PopTo:00000000 Queue_PopTo
C:\Users\HUAV\AppData\Local\Temp\ccBIhB9x.s:36     .text.Queue_Create_WithCertainBuff:00000000 $t
C:\Users\HUAV\AppData\Local\Temp\ccBIhB9x.s:141    .text.Queue_Create_Auto:00000000 $t
C:\Users\HUAV\AppData\Local\Temp\ccBIhB9x.s:255    .text.Queue_Create_Auto:00000080 $d
C:\Users\HUAV\AppData\Local\Temp\ccBIhB9x.s:260    .text.Queue_Reset:00000000 $t
C:\Users\HUAV\AppData\Local\Temp\ccBIhB9x.s:347    .text.Queue_UpdateState:00000000 $t
C:\Users\HUAV\AppData\Local\Temp\ccBIhB9x.s:352    .text.Queue_UpdateState:00000000 Queue_UpdateState
C:\Users\HUAV\AppData\Local\Temp\ccBIhB9x.s:470    .text.Queue_PopTo:00000000 $t
C:\Users\HUAV\AppData\Local\Temp\ccBIhB9x.s:696    .text.Queue_Push:00000000 $t
C:\Users\HUAV\AppData\Local\Temp\ccBIhB9x.s:866    .text.Queue_Pop:00000000 $t
C:\Users\HUAV\AppData\Local\Temp\ccBIhB9x.s:1042   .text.Queue_GetRemain:00000000 $t
C:\Users\HUAV\AppData\Local\Temp\ccBIhB9x.s:1093   .text.Queue_Peek:00000000 $t
C:\Users\HUAV\AppData\Local\Temp\ccBIhB9x.s:1229   .text.Queue_GetState:00000000 $t
C:\Users\HUAV\AppData\Local\Temp\ccBIhB9x.s:1275   .text.Queue_GetSize:00000000 $t
C:\Users\HUAV\AppData\Local\Temp\ccBIhB9x.s:1337   .text.Queue_GetCapicity:00000000 $t

UNDEFINED SYMBOLS
memset
SrvOsCommon
