ARM GAS  C:\Users\HUAV\AppData\Local\Temp\ccWlgba5.s 			page 1


   1              		.cpu cortex-m7
   2              		.arch armv7e-m
   3              		.fpu fpv5-d16
   4              		.eabi_attribute 28, 1
   5              		.eabi_attribute 20, 1
   6              		.eabi_attribute 21, 1
   7              		.eabi_attribute 23, 3
   8              		.eabi_attribute 24, 1
   9              		.eabi_attribute 25, 1
  10              		.eabi_attribute 26, 1
  11              		.eabi_attribute 30, 6
  12              		.eabi_attribute 34, 1
  13              		.eabi_attribute 18, 4
  14              		.file	"Data_Convert_Util.c"
  15              		.text
  16              	.Ltext0:
  17              		.cfi_sections	.debug_frame
  18              		.section	.text.LEndian2Word,"ax",%progbits
  19              		.align	1
  20              		.global	LEndian2Word
  21              		.syntax unified
  22              		.thumb
  23              		.thumb_func
  25              	LEndian2Word:
  26              	.LFB0:
  27              		.file 1 "DataStructure/Data_Convert_Util.c"
   1:DataStructure/Data_Convert_Util.c **** #include "Data_Convert_Util.h"
   2:DataStructure/Data_Convert_Util.c **** 
   3:DataStructure/Data_Convert_Util.c **** /******************************************************* Small Endain Convert *********************
   4:DataStructure/Data_Convert_Util.c **** 
   5:DataStructure/Data_Convert_Util.c **** uint32_t LEndian2Word(const uint8_t *ptr)
   6:DataStructure/Data_Convert_Util.c **** {
  28              		.loc 1 6 1
  29              		.cfi_startproc
  30              		@ args = 0, pretend = 0, frame = 16
  31              		@ frame_needed = 1, uses_anonymous_args = 0
  32              		@ link register save eliminated.
  33 0000 80B4     		push	{r7}
  34              	.LCFI0:
  35              		.cfi_def_cfa_offset 4
  36              		.cfi_offset 7, -4
  37 0002 85B0     		sub	sp, sp, #20
  38              	.LCFI1:
  39              		.cfi_def_cfa_offset 24
  40 0004 00AF     		add	r7, sp, #0
  41              	.LCFI2:
  42              		.cfi_def_cfa_register 7
  43 0006 7860     		str	r0, [r7, #4]
   7:DataStructure/Data_Convert_Util.c ****     uint32_t tmp = 0;
  44              		.loc 1 7 14
  45 0008 0023     		movs	r3, #0
  46 000a FB60     		str	r3, [r7, #12]
   8:DataStructure/Data_Convert_Util.c **** 
   9:DataStructure/Data_Convert_Util.c ****     tmp |= ptr[0];
  47              		.loc 1 9 15
  48 000c 7B68     		ldr	r3, [r7, #4]
  49 000e 1B78     		ldrb	r3, [r3]	@ zero_extendqisi2
ARM GAS  C:\Users\HUAV\AppData\Local\Temp\ccWlgba5.s 			page 2


  50 0010 1A46     		mov	r2, r3
  51              		.loc 1 9 9
  52 0012 FB68     		ldr	r3, [r7, #12]
  53 0014 1343     		orrs	r3, r3, r2
  54 0016 FB60     		str	r3, [r7, #12]
  10:DataStructure/Data_Convert_Util.c ****     tmp |= ptr[1] << 8;
  55              		.loc 1 10 15
  56 0018 7B68     		ldr	r3, [r7, #4]
  57 001a 0133     		adds	r3, r3, #1
  58 001c 1B78     		ldrb	r3, [r3]	@ zero_extendqisi2
  59              		.loc 1 10 19
  60 001e 1B02     		lsls	r3, r3, #8
  61 0020 1A46     		mov	r2, r3
  62              		.loc 1 10 9
  63 0022 FB68     		ldr	r3, [r7, #12]
  64 0024 1343     		orrs	r3, r3, r2
  65 0026 FB60     		str	r3, [r7, #12]
  11:DataStructure/Data_Convert_Util.c ****     tmp |= ptr[2] << 16;
  66              		.loc 1 11 15
  67 0028 7B68     		ldr	r3, [r7, #4]
  68 002a 0233     		adds	r3, r3, #2
  69 002c 1B78     		ldrb	r3, [r3]	@ zero_extendqisi2
  70              		.loc 1 11 19
  71 002e 1B04     		lsls	r3, r3, #16
  72 0030 1A46     		mov	r2, r3
  73              		.loc 1 11 9
  74 0032 FB68     		ldr	r3, [r7, #12]
  75 0034 1343     		orrs	r3, r3, r2
  76 0036 FB60     		str	r3, [r7, #12]
  12:DataStructure/Data_Convert_Util.c ****     tmp |= ptr[3] << 24;
  77              		.loc 1 12 15
  78 0038 7B68     		ldr	r3, [r7, #4]
  79 003a 0333     		adds	r3, r3, #3
  80 003c 1B78     		ldrb	r3, [r3]	@ zero_extendqisi2
  81              		.loc 1 12 19
  82 003e 1B06     		lsls	r3, r3, #24
  83 0040 1A46     		mov	r2, r3
  84              		.loc 1 12 9
  85 0042 FB68     		ldr	r3, [r7, #12]
  86 0044 1343     		orrs	r3, r3, r2
  87 0046 FB60     		str	r3, [r7, #12]
  13:DataStructure/Data_Convert_Util.c **** 
  14:DataStructure/Data_Convert_Util.c ****     return tmp;
  88              		.loc 1 14 12
  89 0048 FB68     		ldr	r3, [r7, #12]
  15:DataStructure/Data_Convert_Util.c **** }
  90              		.loc 1 15 1
  91 004a 1846     		mov	r0, r3
  92 004c 1437     		adds	r7, r7, #20
  93              	.LCFI3:
  94              		.cfi_def_cfa_offset 4
  95 004e BD46     		mov	sp, r7
  96              	.LCFI4:
  97              		.cfi_def_cfa_register 13
  98              		@ sp needed
  99 0050 5DF8047B 		ldr	r7, [sp], #4
 100              	.LCFI5:
ARM GAS  C:\Users\HUAV\AppData\Local\Temp\ccWlgba5.s 			page 3


 101              		.cfi_restore 7
 102              		.cfi_def_cfa_offset 0
 103 0054 7047     		bx	lr
 104              		.cfi_endproc
 105              	.LFE0:
 107              		.section	.text.LEndian2HalfWord,"ax",%progbits
 108              		.align	1
 109              		.global	LEndian2HalfWord
 110              		.syntax unified
 111              		.thumb
 112              		.thumb_func
 114              	LEndian2HalfWord:
 115              	.LFB1:
  16:DataStructure/Data_Convert_Util.c **** 
  17:DataStructure/Data_Convert_Util.c **** uint16_t LEndian2HalfWord(const uint8_t *ptr)
  18:DataStructure/Data_Convert_Util.c **** {
 116              		.loc 1 18 1
 117              		.cfi_startproc
 118              		@ args = 0, pretend = 0, frame = 16
 119              		@ frame_needed = 1, uses_anonymous_args = 0
 120              		@ link register save eliminated.
 121 0000 80B4     		push	{r7}
 122              	.LCFI6:
 123              		.cfi_def_cfa_offset 4
 124              		.cfi_offset 7, -4
 125 0002 85B0     		sub	sp, sp, #20
 126              	.LCFI7:
 127              		.cfi_def_cfa_offset 24
 128 0004 00AF     		add	r7, sp, #0
 129              	.LCFI8:
 130              		.cfi_def_cfa_register 7
 131 0006 7860     		str	r0, [r7, #4]
  19:DataStructure/Data_Convert_Util.c ****     uint16_t tmp = 0;
 132              		.loc 1 19 14
 133 0008 0023     		movs	r3, #0
 134 000a FB81     		strh	r3, [r7, #14]	@ movhi
  20:DataStructure/Data_Convert_Util.c **** 
  21:DataStructure/Data_Convert_Util.c ****     tmp |= ptr[0];
 135              		.loc 1 21 15
 136 000c 7B68     		ldr	r3, [r7, #4]
 137 000e 1B78     		ldrb	r3, [r3]	@ zero_extendqisi2
 138 0010 9AB2     		uxth	r2, r3
 139              		.loc 1 21 9
 140 0012 FB89     		ldrh	r3, [r7, #14]	@ movhi
 141 0014 1343     		orrs	r3, r3, r2
 142 0016 FB81     		strh	r3, [r7, #14]	@ movhi
  22:DataStructure/Data_Convert_Util.c ****     tmp |= ptr[1] << 8;
 143              		.loc 1 22 15
 144 0018 7B68     		ldr	r3, [r7, #4]
 145 001a 0133     		adds	r3, r3, #1
 146 001c 1B78     		ldrb	r3, [r3]	@ zero_extendqisi2
 147              		.loc 1 22 19
 148 001e 1B02     		lsls	r3, r3, #8
 149              		.loc 1 22 9
 150 0020 1AB2     		sxth	r2, r3
 151 0022 B7F90E30 		ldrsh	r3, [r7, #14]
 152 0026 1343     		orrs	r3, r3, r2
ARM GAS  C:\Users\HUAV\AppData\Local\Temp\ccWlgba5.s 			page 4


 153 0028 1BB2     		sxth	r3, r3
 154 002a FB81     		strh	r3, [r7, #14]	@ movhi
  23:DataStructure/Data_Convert_Util.c **** 
  24:DataStructure/Data_Convert_Util.c ****     return tmp;
 155              		.loc 1 24 12
 156 002c FB89     		ldrh	r3, [r7, #14]
  25:DataStructure/Data_Convert_Util.c **** }
 157              		.loc 1 25 1
 158 002e 1846     		mov	r0, r3
 159 0030 1437     		adds	r7, r7, #20
 160              	.LCFI9:
 161              		.cfi_def_cfa_offset 4
 162 0032 BD46     		mov	sp, r7
 163              	.LCFI10:
 164              		.cfi_def_cfa_register 13
 165              		@ sp needed
 166 0034 5DF8047B 		ldr	r7, [sp], #4
 167              	.LCFI11:
 168              		.cfi_restore 7
 169              		.cfi_def_cfa_offset 0
 170 0038 7047     		bx	lr
 171              		.cfi_endproc
 172              	.LFE1:
 174              		.section	.text.LEndianWord2BytesArray,"ax",%progbits
 175              		.align	1
 176              		.global	LEndianWord2BytesArray
 177              		.syntax unified
 178              		.thumb
 179              		.thumb_func
 181              	LEndianWord2BytesArray:
 182              	.LFB2:
  26:DataStructure/Data_Convert_Util.c **** 
  27:DataStructure/Data_Convert_Util.c **** bool LEndianWord2BytesArray(const uint32_t target, uint8_t *p_bytes)
  28:DataStructure/Data_Convert_Util.c **** {
 183              		.loc 1 28 1
 184              		.cfi_startproc
 185              		@ args = 0, pretend = 0, frame = 8
 186              		@ frame_needed = 1, uses_anonymous_args = 0
 187              		@ link register save eliminated.
 188 0000 80B4     		push	{r7}
 189              	.LCFI12:
 190              		.cfi_def_cfa_offset 4
 191              		.cfi_offset 7, -4
 192 0002 83B0     		sub	sp, sp, #12
 193              	.LCFI13:
 194              		.cfi_def_cfa_offset 16
 195 0004 00AF     		add	r7, sp, #0
 196              	.LCFI14:
 197              		.cfi_def_cfa_register 7
 198 0006 7860     		str	r0, [r7, #4]
 199 0008 3960     		str	r1, [r7]
  29:DataStructure/Data_Convert_Util.c ****     if (p_bytes)
 200              		.loc 1 29 8
 201 000a 3B68     		ldr	r3, [r7]
 202 000c 002B     		cmp	r3, #0
 203 000e 11D0     		beq	.L6
  30:DataStructure/Data_Convert_Util.c ****     {
ARM GAS  C:\Users\HUAV\AppData\Local\Temp\ccWlgba5.s 			page 5


  31:DataStructure/Data_Convert_Util.c ****         p_bytes[0] = ((uint8_t *)&target)[0];
 204              		.loc 1 31 34
 205 0010 3B1D     		adds	r3, r7, #4
 206              		.loc 1 31 42
 207 0012 1A78     		ldrb	r2, [r3]	@ zero_extendqisi2
 208              		.loc 1 31 20
 209 0014 3B68     		ldr	r3, [r7]
 210 0016 1A70     		strb	r2, [r3]
  32:DataStructure/Data_Convert_Util.c ****         p_bytes[1] = ((uint8_t *)&target)[1];
 211              		.loc 1 32 16
 212 0018 3B68     		ldr	r3, [r7]
 213 001a 0133     		adds	r3, r3, #1
 214              		.loc 1 32 20
 215 001c 7A79     		ldrb	r2, [r7, #5]	@ zero_extendqisi2
 216 001e 1A70     		strb	r2, [r3]
  33:DataStructure/Data_Convert_Util.c ****         p_bytes[2] = ((uint8_t *)&target)[2];
 217              		.loc 1 33 16
 218 0020 3B68     		ldr	r3, [r7]
 219 0022 0233     		adds	r3, r3, #2
 220              		.loc 1 33 20
 221 0024 BA79     		ldrb	r2, [r7, #6]	@ zero_extendqisi2
 222 0026 1A70     		strb	r2, [r3]
  34:DataStructure/Data_Convert_Util.c ****         p_bytes[3] = ((uint8_t *)&target)[3];
 223              		.loc 1 34 16
 224 0028 3B68     		ldr	r3, [r7]
 225 002a 0333     		adds	r3, r3, #3
 226              		.loc 1 34 20
 227 002c FA79     		ldrb	r2, [r7, #7]	@ zero_extendqisi2
 228 002e 1A70     		strb	r2, [r3]
  35:DataStructure/Data_Convert_Util.c ****         return true;
 229              		.loc 1 35 16
 230 0030 0123     		movs	r3, #1
 231 0032 00E0     		b	.L7
 232              	.L6:
  36:DataStructure/Data_Convert_Util.c ****     }
  37:DataStructure/Data_Convert_Util.c **** 
  38:DataStructure/Data_Convert_Util.c ****     return false;
 233              		.loc 1 38 12
 234 0034 0023     		movs	r3, #0
 235              	.L7:
  39:DataStructure/Data_Convert_Util.c **** }
 236              		.loc 1 39 1
 237 0036 1846     		mov	r0, r3
 238 0038 0C37     		adds	r7, r7, #12
 239              	.LCFI15:
 240              		.cfi_def_cfa_offset 4
 241 003a BD46     		mov	sp, r7
 242              	.LCFI16:
 243              		.cfi_def_cfa_register 13
 244              		@ sp needed
 245 003c 5DF8047B 		ldr	r7, [sp], #4
 246              	.LCFI17:
 247              		.cfi_restore 7
 248              		.cfi_def_cfa_offset 0
 249 0040 7047     		bx	lr
 250              		.cfi_endproc
 251              	.LFE2:
ARM GAS  C:\Users\HUAV\AppData\Local\Temp\ccWlgba5.s 			page 6


 253              		.section	.text.LEndianHalfWord2BytesArray,"ax",%progbits
 254              		.align	1
 255              		.global	LEndianHalfWord2BytesArray
 256              		.syntax unified
 257              		.thumb
 258              		.thumb_func
 260              	LEndianHalfWord2BytesArray:
 261              	.LFB3:
  40:DataStructure/Data_Convert_Util.c **** 
  41:DataStructure/Data_Convert_Util.c **** bool LEndianHalfWord2BytesArray(const uint16_t target, uint8_t *p_bytes)
  42:DataStructure/Data_Convert_Util.c **** {
 262              		.loc 1 42 1
 263              		.cfi_startproc
 264              		@ args = 0, pretend = 0, frame = 8
 265              		@ frame_needed = 1, uses_anonymous_args = 0
 266              		@ link register save eliminated.
 267 0000 80B4     		push	{r7}
 268              	.LCFI18:
 269              		.cfi_def_cfa_offset 4
 270              		.cfi_offset 7, -4
 271 0002 83B0     		sub	sp, sp, #12
 272              	.LCFI19:
 273              		.cfi_def_cfa_offset 16
 274 0004 00AF     		add	r7, sp, #0
 275              	.LCFI20:
 276              		.cfi_def_cfa_register 7
 277 0006 0346     		mov	r3, r0
 278 0008 3960     		str	r1, [r7]
 279 000a FB80     		strh	r3, [r7, #6]	@ movhi
  43:DataStructure/Data_Convert_Util.c ****     if (p_bytes)
 280              		.loc 1 43 8
 281 000c 3B68     		ldr	r3, [r7]
 282 000e 002B     		cmp	r3, #0
 283 0010 09D0     		beq	.L9
  44:DataStructure/Data_Convert_Util.c ****     {
  45:DataStructure/Data_Convert_Util.c ****         p_bytes[0] = ((uint8_t *)&target)[0];
 284              		.loc 1 45 34
 285 0012 BB1D     		adds	r3, r7, #6
 286              		.loc 1 45 42
 287 0014 1A78     		ldrb	r2, [r3]	@ zero_extendqisi2
 288              		.loc 1 45 20
 289 0016 3B68     		ldr	r3, [r7]
 290 0018 1A70     		strb	r2, [r3]
  46:DataStructure/Data_Convert_Util.c ****         p_bytes[1] = ((uint8_t *)&target)[1];
 291              		.loc 1 46 16
 292 001a 3B68     		ldr	r3, [r7]
 293 001c 0133     		adds	r3, r3, #1
 294              		.loc 1 46 20
 295 001e FA79     		ldrb	r2, [r7, #7]	@ zero_extendqisi2
 296 0020 1A70     		strb	r2, [r3]
  47:DataStructure/Data_Convert_Util.c ****         return true;
 297              		.loc 1 47 16
 298 0022 0123     		movs	r3, #1
 299 0024 00E0     		b	.L10
 300              	.L9:
  48:DataStructure/Data_Convert_Util.c ****     }
  49:DataStructure/Data_Convert_Util.c **** 
ARM GAS  C:\Users\HUAV\AppData\Local\Temp\ccWlgba5.s 			page 7


  50:DataStructure/Data_Convert_Util.c ****     return false;
 301              		.loc 1 50 12
 302 0026 0023     		movs	r3, #0
 303              	.L10:
  51:DataStructure/Data_Convert_Util.c **** }
 304              		.loc 1 51 1
 305 0028 1846     		mov	r0, r3
 306 002a 0C37     		adds	r7, r7, #12
 307              	.LCFI21:
 308              		.cfi_def_cfa_offset 4
 309 002c BD46     		mov	sp, r7
 310              	.LCFI22:
 311              		.cfi_def_cfa_register 13
 312              		@ sp needed
 313 002e 5DF8047B 		ldr	r7, [sp], #4
 314              	.LCFI23:
 315              		.cfi_restore 7
 316              		.cfi_def_cfa_offset 0
 317 0032 7047     		bx	lr
 318              		.cfi_endproc
 319              	.LFE3:
 321              		.section	.text.BEndian2HalfWord,"ax",%progbits
 322              		.align	1
 323              		.global	BEndian2HalfWord
 324              		.syntax unified
 325              		.thumb
 326              		.thumb_func
 328              	BEndian2HalfWord:
 329              	.LFB4:
  52:DataStructure/Data_Convert_Util.c **** 
  53:DataStructure/Data_Convert_Util.c **** /******************************************************* Big Endain Convert ***********************
  54:DataStructure/Data_Convert_Util.c **** 
  55:DataStructure/Data_Convert_Util.c **** uint16_t BEndian2HalfWord(const uint8_t *p_data)
  56:DataStructure/Data_Convert_Util.c **** {
 330              		.loc 1 56 1
 331              		.cfi_startproc
 332              		@ args = 0, pretend = 0, frame = 16
 333              		@ frame_needed = 1, uses_anonymous_args = 0
 334              		@ link register save eliminated.
 335 0000 80B4     		push	{r7}
 336              	.LCFI24:
 337              		.cfi_def_cfa_offset 4
 338              		.cfi_offset 7, -4
 339 0002 85B0     		sub	sp, sp, #20
 340              	.LCFI25:
 341              		.cfi_def_cfa_offset 24
 342 0004 00AF     		add	r7, sp, #0
 343              	.LCFI26:
 344              		.cfi_def_cfa_register 7
 345 0006 7860     		str	r0, [r7, #4]
  57:DataStructure/Data_Convert_Util.c ****     uint16_t tmp = 0;
 346              		.loc 1 57 14
 347 0008 0023     		movs	r3, #0
 348 000a FB81     		strh	r3, [r7, #14]	@ movhi
  58:DataStructure/Data_Convert_Util.c **** 
  59:DataStructure/Data_Convert_Util.c ****     if (p_data == NULL)
 349              		.loc 1 59 8
ARM GAS  C:\Users\HUAV\AppData\Local\Temp\ccWlgba5.s 			page 8


 350 000c 7B68     		ldr	r3, [r7, #4]
 351 000e 002B     		cmp	r3, #0
 352 0010 01D1     		bne	.L12
  60:DataStructure/Data_Convert_Util.c ****         return 0;
 353              		.loc 1 60 16
 354 0012 0023     		movs	r3, #0
 355 0014 0BE0     		b	.L14
 356              	.L12:
  61:DataStructure/Data_Convert_Util.c **** 
  62:DataStructure/Data_Convert_Util.c ****     ((uint8_t *)&tmp)[0] = p_data[1];
 357              		.loc 1 62 17
 358 0016 07F10E03 		add	r3, r7, #14
 359              		.loc 1 62 26
 360 001a 7A68     		ldr	r2, [r7, #4]
 361 001c 5278     		ldrb	r2, [r2, #1]	@ zero_extendqisi2
 362 001e 1A70     		strb	r2, [r3]
  63:DataStructure/Data_Convert_Util.c ****     ((uint8_t *)&tmp)[1] = p_data[0];
 363              		.loc 1 63 22
 364 0020 07F10E03 		add	r3, r7, #14
 365 0024 0133     		adds	r3, r3, #1
 366              		.loc 1 63 34
 367 0026 7A68     		ldr	r2, [r7, #4]
 368 0028 1278     		ldrb	r2, [r2]	@ zero_extendqisi2
 369              		.loc 1 63 26
 370 002a 1A70     		strb	r2, [r3]
  64:DataStructure/Data_Convert_Util.c **** 
  65:DataStructure/Data_Convert_Util.c ****     return tmp;
 371              		.loc 1 65 12
 372 002c FB89     		ldrh	r3, [r7, #14]
 373              	.L14:
  66:DataStructure/Data_Convert_Util.c **** }
 374              		.loc 1 66 1 discriminator 1
 375 002e 1846     		mov	r0, r3
 376 0030 1437     		adds	r7, r7, #20
 377              	.LCFI27:
 378              		.cfi_def_cfa_offset 4
 379 0032 BD46     		mov	sp, r7
 380              	.LCFI28:
 381              		.cfi_def_cfa_register 13
 382              		@ sp needed
 383 0034 5DF8047B 		ldr	r7, [sp], #4
 384              	.LCFI29:
 385              		.cfi_restore 7
 386              		.cfi_def_cfa_offset 0
 387 0038 7047     		bx	lr
 388              		.cfi_endproc
 389              	.LFE4:
 391              		.section	.text.BEndian2Word,"ax",%progbits
 392              		.align	1
 393              		.global	BEndian2Word
 394              		.syntax unified
 395              		.thumb
 396              		.thumb_func
 398              	BEndian2Word:
 399              	.LFB5:
  67:DataStructure/Data_Convert_Util.c **** 
  68:DataStructure/Data_Convert_Util.c **** uint32_t BEndian2Word(const uint8_t *p_data)
ARM GAS  C:\Users\HUAV\AppData\Local\Temp\ccWlgba5.s 			page 9


  69:DataStructure/Data_Convert_Util.c **** {
 400              		.loc 1 69 1
 401              		.cfi_startproc
 402              		@ args = 0, pretend = 0, frame = 16
 403              		@ frame_needed = 1, uses_anonymous_args = 0
 404              		@ link register save eliminated.
 405 0000 80B4     		push	{r7}
 406              	.LCFI30:
 407              		.cfi_def_cfa_offset 4
 408              		.cfi_offset 7, -4
 409 0002 85B0     		sub	sp, sp, #20
 410              	.LCFI31:
 411              		.cfi_def_cfa_offset 24
 412 0004 00AF     		add	r7, sp, #0
 413              	.LCFI32:
 414              		.cfi_def_cfa_register 7
 415 0006 7860     		str	r0, [r7, #4]
  70:DataStructure/Data_Convert_Util.c ****     uint32_t tmp = 0;
 416              		.loc 1 70 14
 417 0008 0023     		movs	r3, #0
 418 000a BB60     		str	r3, [r7, #8]
  71:DataStructure/Data_Convert_Util.c ****     uint8_t byte_index = sizeof(uint32_t) - 1;
 419              		.loc 1 71 13
 420 000c 0323     		movs	r3, #3
 421 000e BB73     		strb	r3, [r7, #14]
  72:DataStructure/Data_Convert_Util.c **** 
  73:DataStructure/Data_Convert_Util.c ****     if (p_data == NULL)
 422              		.loc 1 73 8
 423 0010 7B68     		ldr	r3, [r7, #4]
 424 0012 002B     		cmp	r3, #0
 425 0014 01D1     		bne	.L16
  74:DataStructure/Data_Convert_Util.c ****         return 0;
 426              		.loc 1 74 16
 427 0016 0023     		movs	r3, #0
 428 0018 15E0     		b	.L20
 429              	.L16:
 430              	.LBB2:
  75:DataStructure/Data_Convert_Util.c **** 
  76:DataStructure/Data_Convert_Util.c ****     for (uint8_t i = 0; i < sizeof(uint32_t); i++)
 431              		.loc 1 76 18
 432 001a 0023     		movs	r3, #0
 433 001c FB73     		strb	r3, [r7, #15]
 434              		.loc 1 76 5
 435 001e 0EE0     		b	.L18
 436              	.L19:
  77:DataStructure/Data_Convert_Util.c ****     {
  78:DataStructure/Data_Convert_Util.c ****         ((uint8_t *)&tmp)[i] = p_data[byte_index - i];
 437              		.loc 1 78 50 discriminator 3
 438 0020 BA7B     		ldrb	r2, [r7, #14]	@ zero_extendqisi2
 439 0022 FB7B     		ldrb	r3, [r7, #15]	@ zero_extendqisi2
 440 0024 D31A     		subs	r3, r2, r3
 441 0026 1A46     		mov	r2, r3
 442              		.loc 1 78 38 discriminator 3
 443 0028 7B68     		ldr	r3, [r7, #4]
 444 002a 1A44     		add	r2, r2, r3
 445              		.loc 1 78 26 discriminator 3
 446 002c FB7B     		ldrb	r3, [r7, #15]	@ zero_extendqisi2
ARM GAS  C:\Users\HUAV\AppData\Local\Temp\ccWlgba5.s 			page 10


 447 002e 07F10801 		add	r1, r7, #8
 448 0032 0B44     		add	r3, r3, r1
 449              		.loc 1 78 38 discriminator 3
 450 0034 1278     		ldrb	r2, [r2]	@ zero_extendqisi2
 451              		.loc 1 78 30 discriminator 3
 452 0036 1A70     		strb	r2, [r3]
  76:DataStructure/Data_Convert_Util.c ****     {
 453              		.loc 1 76 48 discriminator 3
 454 0038 FB7B     		ldrb	r3, [r7, #15]	@ zero_extendqisi2
 455 003a 0133     		adds	r3, r3, #1
 456 003c FB73     		strb	r3, [r7, #15]
 457              	.L18:
  76:DataStructure/Data_Convert_Util.c ****     {
 458              		.loc 1 76 5 discriminator 1
 459 003e FB7B     		ldrb	r3, [r7, #15]	@ zero_extendqisi2
 460 0040 032B     		cmp	r3, #3
 461 0042 EDD9     		bls	.L19
 462              	.LBE2:
  79:DataStructure/Data_Convert_Util.c ****     }
  80:DataStructure/Data_Convert_Util.c **** 
  81:DataStructure/Data_Convert_Util.c ****     return tmp;
 463              		.loc 1 81 12
 464 0044 BB68     		ldr	r3, [r7, #8]
 465              	.L20:
  82:DataStructure/Data_Convert_Util.c **** }...
 466              		.loc 1 82 1 discriminator 1
 467 0046 1846     		mov	r0, r3
 468 0048 1437     		adds	r7, r7, #20
 469              	.LCFI33:
 470              		.cfi_def_cfa_offset 4
 471 004a BD46     		mov	sp, r7
 472              	.LCFI34:
 473              		.cfi_def_cfa_register 13
 474              		@ sp needed
 475 004c 5DF8047B 		ldr	r7, [sp], #4
 476              	.LCFI35:
 477              		.cfi_restore 7
 478              		.cfi_def_cfa_offset 0
 479 0050 7047     		bx	lr
 480              		.cfi_endproc
 481              	.LFE5:
 483              		.text
 484              	.Letext0:
 485              		.file 2 "d:\\hpm-compile-tool\\gcc-arm-none-eabi-10.3-win\\arm-none-eabi\\include\\machine\\_defau
 486              		.file 3 "d:\\hpm-compile-tool\\gcc-arm-none-eabi-10.3-win\\arm-none-eabi\\include\\sys\\_stdint.h"
ARM GAS  C:\Users\HUAV\AppData\Local\Temp\ccWlgba5.s 			page 11


DEFINED SYMBOLS
                            *ABS*:00000000 Data_Convert_Util.c
C:\Users\HUAV\AppData\Local\Temp\ccWlgba5.s:19     .text.LEndian2Word:00000000 $t
C:\Users\HUAV\AppData\Local\Temp\ccWlgba5.s:25     .text.LEndian2Word:00000000 LEndian2Word
C:\Users\HUAV\AppData\Local\Temp\ccWlgba5.s:108    .text.LEndian2HalfWord:00000000 $t
C:\Users\HUAV\AppData\Local\Temp\ccWlgba5.s:114    .text.LEndian2HalfWord:00000000 LEndian2HalfWord
C:\Users\HUAV\AppData\Local\Temp\ccWlgba5.s:175    .text.LEndianWord2BytesArray:00000000 $t
C:\Users\HUAV\AppData\Local\Temp\ccWlgba5.s:181    .text.LEndianWord2BytesArray:00000000 LEndianWord2BytesArray
C:\Users\HUAV\AppData\Local\Temp\ccWlgba5.s:254    .text.LEndianHalfWord2BytesArray:00000000 $t
C:\Users\HUAV\AppData\Local\Temp\ccWlgba5.s:260    .text.LEndianHalfWord2BytesArray:00000000 LEndianHalfWord2BytesArray
C:\Users\HUAV\AppData\Local\Temp\ccWlgba5.s:322    .text.BEndian2HalfWord:00000000 $t
C:\Users\HUAV\AppData\Local\Temp\ccWlgba5.s:328    .text.BEndian2HalfWord:00000000 BEndian2HalfWord
C:\Users\HUAV\AppData\Local\Temp\ccWlgba5.s:392    .text.BEndian2Word:00000000 $t
C:\Users\HUAV\AppData\Local\Temp\ccWlgba5.s:398    .text.BEndian2Word:00000000 BEndian2Word

NO UNDEFINED SYMBOLS
