ARM GAS  C:\Users\HUAV\AppData\Local\Temp\ccDy6GVH.s 			page 1


   1              		.cpu cortex-m7
   2              		.arch armv7e-m
   3              		.fpu fpv5-d16
   4              		.eabi_attribute 28, 1
   5              		.eabi_attribute 20, 1
   6              		.eabi_attribute 21, 1
   7              		.eabi_attribute 23, 3
   8              		.eabi_attribute 24, 1
   9              		.eabi_attribute 25, 1
  10              		.eabi_attribute 26, 1
  11              		.eabi_attribute 30, 6
  12              		.eabi_attribute 34, 1
  13              		.eabi_attribute 18, 4
  14              		.file	"debug_util.c"
  15              		.text
  16              	.Ltext0:
  17              		.cfi_sections	.debug_frame
  18              		.global	DebugPin
  19              		.section	.data.DebugPin,"aw"
  20              		.align	2
  23              	DebugPin:
  24 0000 00000000 		.word	DebugPin_Init
  25 0004 00000000 		.word	DebugPin_Ctl
  26              		.section	.text.DebugPin_Init,"ax",%progbits
  27              		.align	1
  28              		.syntax unified
  29              		.thumb
  30              		.thumb_func
  32              	DebugPin_Init:
  33              	.LFB336:
  34              		.file 1 "debug/debug_util.c"
   1:debug/debug_util.c **** #include "debug_util.h"
   2:debug/debug_util.c **** 
   3:debug/debug_util.c **** #define MAX_PRINT_SIZE ((uint16_t)512)
   4:debug/debug_util.c **** 
   5:debug/debug_util.c **** static bool DebugPin_Init(DebugPinObj_TypeDef pin);
   6:debug/debug_util.c **** static bool DebugPin_Ctl(DebugPinObj_TypeDef pin, bool state);
   7:debug/debug_util.c **** 
   8:debug/debug_util.c **** DebugPin_TypeDef DebugPin = {
   9:debug/debug_util.c ****     .init = DebugPin_Init,
  10:debug/debug_util.c ****     .ctl = DebugPin_Ctl,
  11:debug/debug_util.c **** };
  12:debug/debug_util.c **** 
  13:debug/debug_util.c **** static bool DebugPin_Init(DebugPinObj_TypeDef debug_pin)
  14:debug/debug_util.c **** {
  35              		.loc 1 14 1
  36              		.cfi_startproc
  37              		@ args = 0, pretend = 0, frame = 16
  38              		@ frame_needed = 1, uses_anonymous_args = 0
  39 0000 90B5     		push	{r4, r7, lr}
  40              	.LCFI0:
  41              		.cfi_def_cfa_offset 12
  42              		.cfi_offset 4, -12
  43              		.cfi_offset 7, -8
  44              		.cfi_offset 14, -4
  45 0002 85B0     		sub	sp, sp, #20
  46              	.LCFI1:
ARM GAS  C:\Users\HUAV\AppData\Local\Temp\ccDy6GVH.s 			page 2


  47              		.cfi_def_cfa_offset 32
  48 0004 00AF     		add	r7, sp, #0
  49              	.LCFI2:
  50              		.cfi_def_cfa_register 7
  51 0006 3B1D     		adds	r3, r7, #4
  52 0008 83E80700 		stm	r3, {r0, r1, r2}
  15:debug/debug_util.c ****     if (BspGPIO.out_init == NULL)
  53              		.loc 1 15 16
  54 000c 084B     		ldr	r3, .L4
  55 000e 5B68     		ldr	r3, [r3, #4]
  56              		.loc 1 15 8
  57 0010 002B     		cmp	r3, #0
  58 0012 01D1     		bne	.L2
  16:debug/debug_util.c ****         return false;
  59              		.loc 1 16 16
  60 0014 0023     		movs	r3, #0
  61 0016 06E0     		b	.L3
  62              	.L2:
  17:debug/debug_util.c **** 
  18:debug/debug_util.c ****     return BspGPIO.out_init(debug_pin);
  63              		.loc 1 18 19
  64 0018 054B     		ldr	r3, .L4
  65 001a 5C68     		ldr	r4, [r3, #4]
  66              		.loc 1 18 12
  67 001c 3B1D     		adds	r3, r7, #4
  68 001e 93E80700 		ldm	r3, {r0, r1, r2}
  69 0022 A047     		blx	r4
  70              	.LVL0:
  71 0024 0346     		mov	r3, r0
  72              	.L3:
  19:debug/debug_util.c **** }
  73              		.loc 1 19 1
  74 0026 1846     		mov	r0, r3
  75 0028 1437     		adds	r7, r7, #20
  76              	.LCFI3:
  77              		.cfi_def_cfa_offset 12
  78 002a BD46     		mov	sp, r7
  79              	.LCFI4:
  80              		.cfi_def_cfa_register 13
  81              		@ sp needed
  82 002c 90BD     		pop	{r4, r7, pc}
  83              	.L5:
  84 002e 00BF     		.align	2
  85              	.L4:
  86 0030 00000000 		.word	BspGPIO
  87              		.cfi_endproc
  88              	.LFE336:
  90              		.section	.text.DebugPin_Ctl,"ax",%progbits
  91              		.align	1
  92              		.syntax unified
  93              		.thumb
  94              		.thumb_func
  96              	DebugPin_Ctl:
  97              	.LFB337:
  20:debug/debug_util.c **** 
  21:debug/debug_util.c **** static bool DebugPin_Ctl(DebugPinObj_TypeDef debug_pin, bool state)
  22:debug/debug_util.c **** {
ARM GAS  C:\Users\HUAV\AppData\Local\Temp\ccDy6GVH.s 			page 3


  98              		.loc 1 22 1
  99              		.cfi_startproc
 100              		@ args = 0, pretend = 0, frame = 16
 101              		@ frame_needed = 1, uses_anonymous_args = 0
 102 0000 90B5     		push	{r4, r7, lr}
 103              	.LCFI5:
 104              		.cfi_def_cfa_offset 12
 105              		.cfi_offset 4, -12
 106              		.cfi_offset 7, -8
 107              		.cfi_offset 14, -4
 108 0002 85B0     		sub	sp, sp, #20
 109              	.LCFI6:
 110              		.cfi_def_cfa_offset 32
 111 0004 00AF     		add	r7, sp, #0
 112              	.LCFI7:
 113              		.cfi_def_cfa_register 7
 114 0006 3C1D     		adds	r4, r7, #4
 115 0008 84E80700 		stm	r4, {r0, r1, r2}
 116 000c FB70     		strb	r3, [r7, #3]
  23:debug/debug_util.c ****     if (BspGPIO.write == NULL)
 117              		.loc 1 23 16
 118 000e 084B     		ldr	r3, .L9
 119 0010 DB69     		ldr	r3, [r3, #28]
 120              		.loc 1 23 8
 121 0012 002B     		cmp	r3, #0
 122 0014 01D1     		bne	.L7
  24:debug/debug_util.c ****         return false;
 123              		.loc 1 24 16
 124 0016 0023     		movs	r3, #0
 125 0018 06E0     		b	.L8
 126              	.L7:
  25:debug/debug_util.c **** 
  26:debug/debug_util.c ****     BspGPIO.write(debug_pin, state);
 127              		.loc 1 26 12
 128 001a 054B     		ldr	r3, .L9
 129 001c DC69     		ldr	r4, [r3, #28]
 130              		.loc 1 26 5
 131 001e FB78     		ldrb	r3, [r7, #3]	@ zero_extendqisi2
 132 0020 3A1D     		adds	r2, r7, #4
 133 0022 07CA     		ldm	r2, {r0, r1, r2}
 134 0024 A047     		blx	r4
 135              	.LVL1:
  27:debug/debug_util.c ****     return true;
 136              		.loc 1 27 12
 137 0026 0123     		movs	r3, #1
 138              	.L8:
  28:debug/debug_util.c **** }
 139              		.loc 1 28 1
 140 0028 1846     		mov	r0, r3
 141 002a 1437     		adds	r7, r7, #20
 142              	.LCFI8:
 143              		.cfi_def_cfa_offset 12
 144 002c BD46     		mov	sp, r7
 145              	.LCFI9:
 146              		.cfi_def_cfa_register 13
 147              		@ sp needed
 148 002e 90BD     		pop	{r4, r7, pc}
ARM GAS  C:\Users\HUAV\AppData\Local\Temp\ccDy6GVH.s 			page 4


 149              	.L10:
 150              		.align	2
 151              	.L9:
 152 0030 00000000 		.word	BspGPIO
 153              		.cfi_endproc
 154              	.LFE337:
 156              		.section	.text.assert,"ax",%progbits
 157              		.align	1
 158              		.global	assert
 159              		.syntax unified
 160              		.thumb
 161              		.thumb_func
 163              	assert:
 164              	.LFB338:
  29:debug/debug_util.c **** 
  30:debug/debug_util.c **** void assert(bool state)
  31:debug/debug_util.c **** {
 165              		.loc 1 31 1
 166              		.cfi_startproc
 167              		@ args = 0, pretend = 0, frame = 8
 168              		@ frame_needed = 1, uses_anonymous_args = 0
 169              		@ link register save eliminated.
 170 0000 80B4     		push	{r7}
 171              	.LCFI10:
 172              		.cfi_def_cfa_offset 4
 173              		.cfi_offset 7, -4
 174 0002 83B0     		sub	sp, sp, #12
 175              	.LCFI11:
 176              		.cfi_def_cfa_offset 16
 177 0004 00AF     		add	r7, sp, #0
 178              	.LCFI12:
 179              		.cfi_def_cfa_register 7
 180 0006 0346     		mov	r3, r0
 181 0008 FB71     		strb	r3, [r7, #7]
 182              	.L12:
  32:debug/debug_util.c ****     while (state);
 183              		.loc 1 32 11 discriminator 1
 184 000a FB79     		ldrb	r3, [r7, #7]	@ zero_extendqisi2
 185 000c 002B     		cmp	r3, #0
 186 000e FCD1     		bne	.L12
  33:debug/debug_util.c **** }
 187              		.loc 1 33 1
 188 0010 00BF     		nop
 189 0012 00BF     		nop
 190 0014 0C37     		adds	r7, r7, #12
 191              	.LCFI13:
 192              		.cfi_def_cfa_offset 4
 193 0016 BD46     		mov	sp, r7
 194              	.LCFI14:
 195              		.cfi_def_cfa_register 13
 196              		@ sp needed
 197 0018 5DF8047B 		ldr	r7, [sp], #4
 198              	.LCFI15:
 199              		.cfi_restore 7
 200              		.cfi_def_cfa_offset 0
 201 001c 7047     		bx	lr
 202              		.cfi_endproc
ARM GAS  C:\Users\HUAV\AppData\Local\Temp\ccDy6GVH.s 			page 5


 203              	.LFE338:
 205              		.section	.text.Debug_PrintOut,"ax",%progbits
 206              		.align	1
 207              		.syntax unified
 208              		.thumb
 209              		.thumb_func
 211              	Debug_PrintOut:
 212              	.LFB339:
  34:debug/debug_util.c **** 
  35:debug/debug_util.c **** static void Debug_PrintOut(DebugPrintObj_TypeDef *Obj, uint8_t *p_data, uint16_t len)
  36:debug/debug_util.c **** {
 213              		.loc 1 36 1
 214              		.cfi_startproc
 215              		@ args = 0, pretend = 0, frame = 16
 216              		@ frame_needed = 1, uses_anonymous_args = 0
 217 0000 80B5     		push	{r7, lr}
 218              	.LCFI16:
 219              		.cfi_def_cfa_offset 8
 220              		.cfi_offset 7, -8
 221              		.cfi_offset 14, -4
 222 0002 84B0     		sub	sp, sp, #16
 223              	.LCFI17:
 224              		.cfi_def_cfa_offset 24
 225 0004 00AF     		add	r7, sp, #0
 226              	.LCFI18:
 227              		.cfi_def_cfa_register 7
 228 0006 F860     		str	r0, [r7, #12]
 229 0008 B960     		str	r1, [r7, #8]
 230 000a 1346     		mov	r3, r2
 231 000c FB80     		strh	r3, [r7, #6]	@ movhi
  37:debug/debug_util.c ****     if (p_data && len)
 232              		.loc 1 37 8
 233 000e BB68     		ldr	r3, [r7, #8]
 234 0010 002B     		cmp	r3, #0
 235 0012 09D0     		beq	.L15
 236              		.loc 1 37 16 discriminator 1
 237 0014 FB88     		ldrh	r3, [r7, #6]
 238 0016 002B     		cmp	r3, #0
 239 0018 06D0     		beq	.L15
  38:debug/debug_util.c ****         BspUart.send(To_BspUart_ObjPtr(Obj->port_obj), p_data, len);
 240              		.loc 1 38 16
 241 001a 054B     		ldr	r3, .L16
 242 001c DB69     		ldr	r3, [r3, #28]
 243              		.loc 1 38 22
 244 001e FA68     		ldr	r2, [r7, #12]
 245 0020 1068     		ldr	r0, [r2]
 246              		.loc 1 38 9
 247 0022 FA88     		ldrh	r2, [r7, #6]
 248 0024 B968     		ldr	r1, [r7, #8]
 249 0026 9847     		blx	r3
 250              	.LVL2:
 251              	.L15:
  39:debug/debug_util.c **** }
 252              		.loc 1 39 1
 253 0028 00BF     		nop
 254 002a 1037     		adds	r7, r7, #16
 255              	.LCFI19:
ARM GAS  C:\Users\HUAV\AppData\Local\Temp\ccDy6GVH.s 			page 6


 256              		.cfi_def_cfa_offset 8
 257 002c BD46     		mov	sp, r7
 258              	.LCFI20:
 259              		.cfi_def_cfa_register 13
 260              		@ sp needed
 261 002e 80BD     		pop	{r7, pc}
 262              	.L17:
 263              		.align	2
 264              	.L16:
 265 0030 00000000 		.word	BspUart
 266              		.cfi_endproc
 267              	.LFE339:
 269              		.section	.text.Debug_Port_Init,"ax",%progbits
 270              		.align	1
 271              		.global	Debug_Port_Init
 272              		.syntax unified
 273              		.thumb
 274              		.thumb_func
 276              	Debug_Port_Init:
 277              	.LFB340:
  40:debug/debug_util.c **** 
  41:debug/debug_util.c **** void Debug_Port_Init(DebugPrintObj_TypeDef *Obj)
  42:debug/debug_util.c **** {
 278              		.loc 1 42 1
 279              		.cfi_startproc
 280              		@ args = 0, pretend = 0, frame = 8
 281              		@ frame_needed = 1, uses_anonymous_args = 0
 282 0000 90B5     		push	{r4, r7, lr}
 283              	.LCFI21:
 284              		.cfi_def_cfa_offset 12
 285              		.cfi_offset 4, -12
 286              		.cfi_offset 7, -8
 287              		.cfi_offset 14, -4
 288 0002 83B0     		sub	sp, sp, #12
 289              	.LCFI22:
 290              		.cfi_def_cfa_offset 24
 291 0004 00AF     		add	r7, sp, #0
 292              	.LCFI23:
 293              		.cfi_def_cfa_register 7
 294 0006 7860     		str	r0, [r7, #4]
  43:debug/debug_util.c ****     To_BspUart_ObjPtr(Obj->port_obj)->hdl = Obj->malloc(UART_HandleType_Size);
 295              		.loc 1 43 48
 296 0008 7B68     		ldr	r3, [r7, #4]
 297 000a DB68     		ldr	r3, [r3, #12]
 298              		.loc 1 43 5
 299 000c 7A68     		ldr	r2, [r7, #4]
 300 000e 1468     		ldr	r4, [r2]
 301              		.loc 1 43 45
 302 0010 9020     		movs	r0, #144
 303 0012 9847     		blx	r3
 304              	.LVL3:
 305 0014 0346     		mov	r3, r0
 306              		.loc 1 43 43
 307 0016 E360     		str	r3, [r4, #12]
  44:debug/debug_util.c ****     if (To_BspUart_ObjPtr(Obj->port_obj)->hdl == NULL)
 308              		.loc 1 44 9
 309 0018 7B68     		ldr	r3, [r7, #4]
ARM GAS  C:\Users\HUAV\AppData\Local\Temp\ccDy6GVH.s 			page 7


 310 001a 1B68     		ldr	r3, [r3]
 311              		.loc 1 44 41
 312 001c DB68     		ldr	r3, [r3, #12]
 313              		.loc 1 44 8
 314 001e 002B     		cmp	r3, #0
 315 0020 1BD0     		beq	.L23
  45:debug/debug_util.c ****         return;
  46:debug/debug_util.c **** 
  47:debug/debug_util.c ****     if (!Obj->port_obj || !BspUart.init(To_BspUart_ObjPtr(Obj->port_obj)))
 316              		.loc 1 47 13
 317 0022 7B68     		ldr	r3, [r7, #4]
 318 0024 1B68     		ldr	r3, [r3]
 319              		.loc 1 47 8
 320 0026 002B     		cmp	r3, #0
 321 0028 0BD0     		beq	.L21
 322              		.loc 1 47 35 discriminator 1
 323 002a 0E4B     		ldr	r3, .L24
 324 002c 1B68     		ldr	r3, [r3]
 325              		.loc 1 47 41 discriminator 1
 326 002e 7A68     		ldr	r2, [r7, #4]
 327 0030 1268     		ldr	r2, [r2]
 328              		.loc 1 47 28 discriminator 1
 329 0032 1046     		mov	r0, r2
 330 0034 9847     		blx	r3
 331              	.LVL4:
 332 0036 0346     		mov	r3, r0
 333              		.loc 1 47 27 discriminator 1
 334 0038 83F00103 		eor	r3, r3, #1
 335 003c DBB2     		uxtb	r3, r3
 336              		.loc 1 47 24 discriminator 1
 337 003e 002B     		cmp	r3, #0
 338 0040 03D0     		beq	.L22
 339              	.L21:
  48:debug/debug_util.c ****     {
  49:debug/debug_util.c ****         Obj->port_obj = NULL;
 340              		.loc 1 49 23
 341 0042 7B68     		ldr	r3, [r7, #4]
 342 0044 0022     		movs	r2, #0
 343 0046 1A60     		str	r2, [r3]
  50:debug/debug_util.c ****         return;
 344              		.loc 1 50 9
 345 0048 08E0     		b	.L18
 346              	.L22:
  51:debug/debug_util.c ****     }
  52:debug/debug_util.c **** 
  53:debug/debug_util.c ****     Obj->init = true;
 347              		.loc 1 53 15
 348 004a 7B68     		ldr	r3, [r7, #4]
 349 004c 0122     		movs	r2, #1
 350 004e 1A71     		strb	r2, [r3, #4]
  54:debug/debug_util.c ****     To_BspUart_ObjPtr(Obj->port_obj)->cust_data_addr = ((uint32_t)Obj);
 351              		.loc 1 54 5
 352 0050 7B68     		ldr	r3, [r7, #4]
 353 0052 1B68     		ldr	r3, [r3]
 354              		.loc 1 54 57
 355 0054 7A68     		ldr	r2, [r7, #4]
 356              		.loc 1 54 54
ARM GAS  C:\Users\HUAV\AppData\Local\Temp\ccDy6GVH.s 			page 8


 357 0056 1A65     		str	r2, [r3, #80]
 358 0058 00E0     		b	.L18
 359              	.L23:
  45:debug/debug_util.c **** 
 360              		.loc 1 45 9
 361 005a 00BF     		nop
 362              	.L18:
  55:debug/debug_util.c **** }
 363              		.loc 1 55 1
 364 005c 0C37     		adds	r7, r7, #12
 365              	.LCFI24:
 366              		.cfi_def_cfa_offset 12
 367 005e BD46     		mov	sp, r7
 368              	.LCFI25:
 369              		.cfi_def_cfa_register 13
 370              		@ sp needed
 371 0060 90BD     		pop	{r4, r7, pc}
 372              	.L25:
 373 0062 00BF     		.align	2
 374              	.L24:
 375 0064 00000000 		.word	BspUart
 376              		.cfi_endproc
 377              	.LFE340:
 379              		.section	.rodata
 380              		.align	2
 381              	.LC0:
 382 0000 0D0A00   		.ascii	"\015\012\000"
 383              		.section	.text.Debug_Print,"ax",%progbits
 384              		.align	1
 385              		.global	Debug_Print
 386              		.syntax unified
 387              		.thumb
 388              		.thumb_func
 390              	Debug_Print:
 391              	.LFB341:
  56:debug/debug_util.c **** 
  57:debug/debug_util.c **** void Debug_Print(DebugPrintObj_TypeDef *Obj, const char *tag, const char* fmt, ...)
  58:debug/debug_util.c **** {
 392              		.loc 1 58 1
 393              		.cfi_startproc
 394              		@ args = 4, pretend = 8, frame = 272
 395              		@ frame_needed = 1, uses_anonymous_args = 1
 396 0000 0CB4     		push	{r2, r3}
 397              	.LCFI26:
 398              		.cfi_def_cfa_offset 8
 399              		.cfi_offset 2, -8
 400              		.cfi_offset 3, -4
 401 0002 80B5     		push	{r7, lr}
 402              	.LCFI27:
 403              		.cfi_def_cfa_offset 16
 404              		.cfi_offset 7, -16
 405              		.cfi_offset 14, -12
 406 0004 C4B0     		sub	sp, sp, #272
 407              	.LCFI28:
 408              		.cfi_def_cfa_offset 288
 409 0006 00AF     		add	r7, sp, #0
 410              	.LCFI29:
ARM GAS  C:\Users\HUAV\AppData\Local\Temp\ccDy6GVH.s 			page 9


 411              		.cfi_def_cfa_register 7
 412 0008 07F58873 		add	r3, r7, #272
 413 000c A3F58673 		sub	r3, r3, #268
 414 0010 1860     		str	r0, [r3]
 415 0012 07F58873 		add	r3, r7, #272
 416 0016 A3F58873 		sub	r3, r3, #272
 417 001a 1960     		str	r1, [r3]
  59:debug/debug_util.c **** #if (DEBUG_ENABLE == ON)
  60:debug/debug_util.c **** 	va_list ap;
  61:debug/debug_util.c ****     uint16_t length = 0;
 418              		.loc 1 61 14
 419 001c 0023     		movs	r3, #0
 420 001e A7F80E31 		strh	r3, [r7, #270]	@ movhi
  62:debug/debug_util.c ****     char new_fmt[256];
  63:debug/debug_util.c **** 
  64:debug/debug_util.c ****     if (!Obj->init)
 421              		.loc 1 64 13
 422 0022 07F58873 		add	r3, r7, #272
 423 0026 A3F58673 		sub	r3, r3, #268
 424 002a 1B68     		ldr	r3, [r3]
 425 002c 1B79     		ldrb	r3, [r3, #4]	@ zero_extendqisi2
 426              		.loc 1 64 9
 427 002e 83F00103 		eor	r3, r3, #1
 428 0032 DBB2     		uxtb	r3, r3
 429              		.loc 1 64 8
 430 0034 002B     		cmp	r3, #0
 431 0036 40F0B480 		bne	.L34
  65:debug/debug_util.c ****         return;
  66:debug/debug_util.c **** 
  67:debug/debug_util.c ****     if (Obj->free && Obj->malloc && (Obj->p_buf == NULL))
 432              		.loc 1 67 12
 433 003a 07F58873 		add	r3, r7, #272
 434 003e A3F58673 		sub	r3, r3, #268
 435 0042 1B68     		ldr	r3, [r3]
 436 0044 1B69     		ldr	r3, [r3, #16]
 437              		.loc 1 67 8
 438 0046 002B     		cmp	r3, #0
 439 0048 28D0     		beq	.L29
 440              		.loc 1 67 25 discriminator 1
 441 004a 07F58873 		add	r3, r7, #272
 442 004e A3F58673 		sub	r3, r3, #268
 443 0052 1B68     		ldr	r3, [r3]
 444 0054 DB68     		ldr	r3, [r3, #12]
 445              		.loc 1 67 19 discriminator 1
 446 0056 002B     		cmp	r3, #0
 447 0058 20D0     		beq	.L29
 448              		.loc 1 67 41 discriminator 2
 449 005a 07F58873 		add	r3, r7, #272
 450 005e A3F58673 		sub	r3, r3, #268
 451 0062 1B68     		ldr	r3, [r3]
 452 0064 9B68     		ldr	r3, [r3, #8]
 453              		.loc 1 67 34 discriminator 2
 454 0066 002B     		cmp	r3, #0
 455 0068 18D1     		bne	.L29
  68:debug/debug_util.c ****     {
  69:debug/debug_util.c ****         Obj->p_buf = Obj->malloc(MAX_PRINT_SIZE);
 456              		.loc 1 69 25
ARM GAS  C:\Users\HUAV\AppData\Local\Temp\ccDy6GVH.s 			page 10


 457 006a 07F58873 		add	r3, r7, #272
 458 006e A3F58673 		sub	r3, r3, #268
 459 0072 1B68     		ldr	r3, [r3]
 460 0074 DB68     		ldr	r3, [r3, #12]
 461              		.loc 1 69 22
 462 0076 4FF40070 		mov	r0, #512
 463 007a 9847     		blx	r3
 464              	.LVL5:
 465 007c 0246     		mov	r2, r0
 466              		.loc 1 69 20
 467 007e 07F58873 		add	r3, r7, #272
 468 0082 A3F58673 		sub	r3, r3, #268
 469 0086 1B68     		ldr	r3, [r3]
 470 0088 9A60     		str	r2, [r3, #8]
  70:debug/debug_util.c ****         if (Obj->p_buf == NULL)
 471              		.loc 1 70 16
 472 008a 07F58873 		add	r3, r7, #272
 473 008e A3F58673 		sub	r3, r3, #268
 474 0092 1B68     		ldr	r3, [r3]
 475 0094 9B68     		ldr	r3, [r3, #8]
 476              		.loc 1 70 12
 477 0096 002B     		cmp	r3, #0
 478 0098 00F08580 		beq	.L35
 479              	.L29:
  71:debug/debug_util.c ****             return;
  72:debug/debug_util.c ****     }
  73:debug/debug_util.c **** 
  74:debug/debug_util.c ****     memset(Obj->p_buf, 0, MAX_PRINT_SIZE);
 480              		.loc 1 74 15
 481 009c 07F58873 		add	r3, r7, #272
 482 00a0 A3F58673 		sub	r3, r3, #268
 483 00a4 1B68     		ldr	r3, [r3]
 484 00a6 9B68     		ldr	r3, [r3, #8]
 485              		.loc 1 74 5
 486 00a8 4FF40072 		mov	r2, #512
 487 00ac 0021     		movs	r1, #0
 488 00ae 1846     		mov	r0, r3
 489 00b0 FFF7FEFF 		bl	memset
  75:debug/debug_util.c ****     memset(new_fmt, 0, sizeof(new_fmt));
 490              		.loc 1 75 5
 491 00b4 07F10803 		add	r3, r7, #8
 492 00b8 4FF48072 		mov	r2, #256
 493 00bc 0021     		movs	r1, #0
 494 00be 1846     		mov	r0, r3
 495 00c0 FFF7FEFF 		bl	memset
  76:debug/debug_util.c ****     strcpy(new_fmt, tag);
 496              		.loc 1 76 5
 497 00c4 07F58873 		add	r3, r7, #272
 498 00c8 A3F58873 		sub	r3, r3, #272
 499 00cc 07F10802 		add	r2, r7, #8
 500 00d0 1968     		ldr	r1, [r3]
 501 00d2 1046     		mov	r0, r2
 502 00d4 FFF7FEFF 		bl	strcpy
  77:debug/debug_util.c ****     strcat(new_fmt, fmt);
 503              		.loc 1 77 5
 504 00d8 07F10803 		add	r3, r7, #8
 505 00dc D7F81811 		ldr	r1, [r7, #280]
ARM GAS  C:\Users\HUAV\AppData\Local\Temp\ccDy6GVH.s 			page 11


 506 00e0 1846     		mov	r0, r3
 507 00e2 FFF7FEFF 		bl	strcat
  78:debug/debug_util.c **** 
  79:debug/debug_util.c ****     if (Obj->p_buf && Obj->port_obj)
 508              		.loc 1 79 12
 509 00e6 07F58873 		add	r3, r7, #272
 510 00ea A3F58673 		sub	r3, r3, #268
 511 00ee 1B68     		ldr	r3, [r3]
 512 00f0 9B68     		ldr	r3, [r3, #8]
 513              		.loc 1 79 8
 514 00f2 002B     		cmp	r3, #0
 515 00f4 58D0     		beq	.L26
 516              		.loc 1 79 26 discriminator 1
 517 00f6 07F58873 		add	r3, r7, #272
 518 00fa A3F58673 		sub	r3, r3, #268
 519 00fe 1B68     		ldr	r3, [r3]
 520 0100 1B68     		ldr	r3, [r3]
 521              		.loc 1 79 20 discriminator 1
 522 0102 002B     		cmp	r3, #0
 523 0104 50D0     		beq	.L26
  80:debug/debug_util.c ****     {
  81:debug/debug_util.c **** 	    va_start(ap, new_fmt);
 524              		.loc 1 81 6
 525 0106 07F58E73 		add	r3, r7, #284
 526 010a C7F80831 		str	r3, [r7, #264]
  82:debug/debug_util.c **** 	    length = vsnprintf((char *)Obj->p_buf, MAX_PRINT_SIZE, new_fmt, ap);
 527              		.loc 1 82 36
 528 010e 07F58873 		add	r3, r7, #272
 529 0112 A3F58673 		sub	r3, r3, #268
 530 0116 1B68     		ldr	r3, [r3]
 531 0118 9868     		ldr	r0, [r3, #8]
 532              		.loc 1 82 15
 533 011a 07F10802 		add	r2, r7, #8
 534 011e D7F80831 		ldr	r3, [r7, #264]
 535 0122 4FF40071 		mov	r1, #512
 536 0126 FFF7FEFF 		bl	vsnprintf
 537 012a 0346     		mov	r3, r0
 538              		.loc 1 82 13
 539 012c A7F80E31 		strh	r3, [r7, #270]	@ movhi
  83:debug/debug_util.c **** 	    va_end(ap);
  84:debug/debug_util.c **** 
  85:debug/debug_util.c ****         if (length > MAX_PRINT_SIZE)
 540              		.loc 1 85 12
 541 0130 B7F80E31 		ldrh	r3, [r7, #270]
 542 0134 B3F5007F 		cmp	r3, #512
 543 0138 04D9     		bls	.L31
  86:debug/debug_util.c ****         {
  87:debug/debug_util.c ****             length = MAX_PRINT_SIZE;
 544              		.loc 1 87 20
 545 013a 4FF40073 		mov	r3, #512
 546 013e A7F80E31 		strh	r3, [r7, #270]	@ movhi
 547 0142 12E0     		b	.L32
 548              	.L31:
  88:debug/debug_util.c ****         }
  89:debug/debug_util.c ****         else
  90:debug/debug_util.c ****         {
  91:debug/debug_util.c ****             memcpy(&Obj->p_buf[length], "\r\n", 2);
ARM GAS  C:\Users\HUAV\AppData\Local\Temp\ccDy6GVH.s 			page 12


 549              		.loc 1 91 24
 550 0144 07F58873 		add	r3, r7, #272
 551 0148 A3F58673 		sub	r3, r3, #268
 552 014c 1B68     		ldr	r3, [r3]
 553 014e 9A68     		ldr	r2, [r3, #8]
 554              		.loc 1 91 13
 555 0150 B7F80E31 		ldrh	r3, [r7, #270]
 556              		.loc 1 91 20
 557 0154 1344     		add	r3, r3, r2
 558              		.loc 1 91 13
 559 0156 0222     		movs	r2, #2
 560 0158 1749     		ldr	r1, .L36
 561 015a 1846     		mov	r0, r3
 562 015c FFF7FEFF 		bl	memcpy
  92:debug/debug_util.c ****             length += 2;
 563              		.loc 1 92 20
 564 0160 B7F80E31 		ldrh	r3, [r7, #270]	@ movhi
 565 0164 0233     		adds	r3, r3, #2
 566 0166 A7F80E31 		strh	r3, [r7, #270]	@ movhi
 567              	.L32:
  93:debug/debug_util.c ****         }
  94:debug/debug_util.c **** 
  95:debug/debug_util.c ****         Debug_PrintOut(Obj, Obj->p_buf, length);
 568              		.loc 1 95 9
 569 016a 07F58873 		add	r3, r7, #272
 570 016e A3F58673 		sub	r3, r3, #268
 571 0172 1B68     		ldr	r3, [r3]
 572 0174 9968     		ldr	r1, [r3, #8]
 573 0176 B7F80E21 		ldrh	r2, [r7, #270]
 574 017a 07F58873 		add	r3, r7, #272
 575 017e A3F58673 		sub	r3, r3, #268
 576 0182 1868     		ldr	r0, [r3]
 577 0184 FFF7FEFF 		bl	Debug_PrintOut
  96:debug/debug_util.c ****         memset(Obj->p_buf, 0, length);
 578              		.loc 1 96 19
 579 0188 07F58873 		add	r3, r7, #272
 580 018c A3F58673 		sub	r3, r3, #268
 581 0190 1B68     		ldr	r3, [r3]
 582 0192 9B68     		ldr	r3, [r3, #8]
 583              		.loc 1 96 9
 584 0194 B7F80E21 		ldrh	r2, [r7, #270]
 585 0198 0021     		movs	r1, #0
 586 019a 1846     		mov	r0, r3
 587 019c FFF7FEFF 		bl	memset
 588 01a0 02E0     		b	.L26
 589              	.L34:
  65:debug/debug_util.c **** 
 590              		.loc 1 65 9
 591 01a2 00BF     		nop
 592 01a4 00E0     		b	.L26
 593              	.L35:
  71:debug/debug_util.c ****     }
 594              		.loc 1 71 13
 595 01a6 00BF     		nop
 596              	.L26:
  97:debug/debug_util.c ****     }
  98:debug/debug_util.c **** #endif
ARM GAS  C:\Users\HUAV\AppData\Local\Temp\ccDy6GVH.s 			page 13


  99:debug/debug_util.c **** }
 597              		.loc 1 99 1
 598 01a8 07F58877 		add	r7, r7, #272
 599              	.LCFI30:
 600              		.cfi_def_cfa_offset 16
 601 01ac BD46     		mov	sp, r7
 602              	.LCFI31:
 603              		.cfi_def_cfa_register 13
 604              		@ sp needed
 605 01ae BDE88040 		pop	{r7, lr}
 606              	.LCFI32:
 607              		.cfi_restore 14
 608              		.cfi_restore 7
 609              		.cfi_def_cfa_offset 8
 610 01b2 02B0     		add	sp, sp, #8
 611              	.LCFI33:
 612              		.cfi_restore 3
 613              		.cfi_restore 2
 614              		.cfi_def_cfa_offset 0
 615 01b4 7047     		bx	lr
 616              	.L37:
 617 01b6 00BF     		.align	2
 618              	.L36:
 619 01b8 00000000 		.word	.LC0
 620              		.cfi_endproc
 621              	.LFE341:
 623              		.text
 624              	.Letext0:
 625              		.file 2 "d:\\hpm-compile-tool\\gcc-arm-none-eabi-10.3-win\\arm-none-eabi\\include\\machine\\_defau
 626              		.file 3 "d:\\hpm-compile-tool\\gcc-arm-none-eabi-10.3-win\\arm-none-eabi\\include\\sys\\_stdint.h"
 627              		.file 4 "d:\\hpm-compile-tool\\gcc-arm-none-eabi-10.3-win\\lib\\gcc\\arm-none-eabi\\10.3.1\\includ
 628              		.file 5 "HW_Lib/PortApi_Def/Bsp_GPIO_Port_Def.h"
 629              		.file 6 "HW_Lib/PortApi_Def/Bsp_Uart_Port_Def.h"
 630              		.file 7 "HW_Lib/STM32H7/BSP/Bsp_GPIO.h"
 631              		.file 8 "HW_Lib/STM32H7/BSP/Bsp_Uart.h"
 632              		.file 9 "debug/debug_util.h"
 633              		.file 10 "<built-in>"
ARM GAS  C:\Users\HUAV\AppData\Local\Temp\ccDy6GVH.s 			page 14


DEFINED SYMBOLS
                            *ABS*:00000000 debug_util.c
C:\Users\HUAV\AppData\Local\Temp\ccDy6GVH.s:23     .data.DebugPin:00000000 DebugPin
C:\Users\HUAV\AppData\Local\Temp\ccDy6GVH.s:20     .data.DebugPin:00000000 $d
C:\Users\HUAV\AppData\Local\Temp\ccDy6GVH.s:32     .text.DebugPin_Init:00000000 DebugPin_Init
C:\Users\HUAV\AppData\Local\Temp\ccDy6GVH.s:96     .text.DebugPin_Ctl:00000000 DebugPin_Ctl
C:\Users\HUAV\AppData\Local\Temp\ccDy6GVH.s:27     .text.DebugPin_Init:00000000 $t
C:\Users\HUAV\AppData\Local\Temp\ccDy6GVH.s:86     .text.DebugPin_Init:00000030 $d
C:\Users\HUAV\AppData\Local\Temp\ccDy6GVH.s:91     .text.DebugPin_Ctl:00000000 $t
C:\Users\HUAV\AppData\Local\Temp\ccDy6GVH.s:152    .text.DebugPin_Ctl:00000030 $d
C:\Users\HUAV\AppData\Local\Temp\ccDy6GVH.s:157    .text.assert:00000000 $t
C:\Users\HUAV\AppData\Local\Temp\ccDy6GVH.s:163    .text.assert:00000000 assert
C:\Users\HUAV\AppData\Local\Temp\ccDy6GVH.s:206    .text.Debug_PrintOut:00000000 $t
C:\Users\HUAV\AppData\Local\Temp\ccDy6GVH.s:211    .text.Debug_PrintOut:00000000 Debug_PrintOut
C:\Users\HUAV\AppData\Local\Temp\ccDy6GVH.s:265    .text.Debug_PrintOut:00000030 $d
C:\Users\HUAV\AppData\Local\Temp\ccDy6GVH.s:270    .text.Debug_Port_Init:00000000 $t
C:\Users\HUAV\AppData\Local\Temp\ccDy6GVH.s:276    .text.Debug_Port_Init:00000000 Debug_Port_Init
C:\Users\HUAV\AppData\Local\Temp\ccDy6GVH.s:375    .text.Debug_Port_Init:00000064 $d
C:\Users\HUAV\AppData\Local\Temp\ccDy6GVH.s:380    .rodata:00000000 $d
C:\Users\HUAV\AppData\Local\Temp\ccDy6GVH.s:384    .text.Debug_Print:00000000 $t
C:\Users\HUAV\AppData\Local\Temp\ccDy6GVH.s:390    .text.Debug_Print:00000000 Debug_Print
C:\Users\HUAV\AppData\Local\Temp\ccDy6GVH.s:619    .text.Debug_Print:000001b8 $d

UNDEFINED SYMBOLS
BspGPIO
BspUart
memset
strcpy
strcat
vsnprintf
memcpy
