ARM GAS  C:\Users\HUAV\AppData\Local\Temp\ccZ62tqs.s 			page 1


   1              		.cpu cortex-m7
   2              		.arch armv7e-m
   3              		.fpu fpv5-d16
   4              		.eabi_attribute 28, 1
   5              		.eabi_attribute 20, 1
   6              		.eabi_attribute 21, 1
   7              		.eabi_attribute 23, 3
   8              		.eabi_attribute 24, 1
   9              		.eabi_attribute 25, 1
  10              		.eabi_attribute 26, 1
  11              		.eabi_attribute 30, 6
  12              		.eabi_attribute 34, 1
  13              		.eabi_attribute 18, 4
  14              		.file	"HW_Def.c"
  15              		.text
  16              	.Ltext0:
  17              		.cfi_sections	.debug_frame
  18              		.global	HWVer
  19              		.section	.rodata.HWVer,"a"
  20              		.align	2
  23              	HWVer:
  24 0000 000005   		.ascii	"\000\000\005"
  25              		.global	ExtFlash_Bus_InstObj
  26              		.section	.bss.ExtFlash_Bus_InstObj,"aw",%nobits
  27              		.align	2
  30              	ExtFlash_Bus_InstObj:
  31 0000 00000000 		.space	4
  32              		.global	Debug_PC0
  33              		.section	.data.Debug_PC0,"aw"
  34              		.align	2
  37              	Debug_PC0:
  38 0000 00080258 		.word	1476528128
  39 0004 0100     		.short	1
  40 0006 00       		.byte	0
  41 0007 00000000 		.space	5
  41      00
  42              		.global	Debug_PC1
  43              		.section	.data.Debug_PC1,"aw"
  44              		.align	2
  47              	Debug_PC1:
  48 0000 00080258 		.word	1476528128
  49 0004 0200     		.short	2
  50 0006 00       		.byte	0
  51 0007 00000000 		.space	5
  51      00
  52              		.global	Debug_PC2
  53              		.section	.data.Debug_PC2,"aw"
  54              		.align	2
  57              	Debug_PC2:
  58 0000 00080258 		.word	1476528128
  59 0004 0400     		.short	4
  60 0006 00       		.byte	0
  61 0007 00000000 		.space	5
  61      00
  62              		.global	Debug_PC3
  63              		.section	.data.Debug_PC3,"aw"
  64              		.align	2
ARM GAS  C:\Users\HUAV\AppData\Local\Temp\ccZ62tqs.s 			page 2


  67              	Debug_PC3:
  68 0000 00080258 		.word	1476528128
  69 0004 0800     		.short	8
  70 0006 00       		.byte	0
  71 0007 00000000 		.space	5
  71      00
  72              		.global	Debug_PB3
  73              		.section	.data.Debug_PB3,"aw"
  74              		.align	2
  77              	Debug_PB3:
  78 0000 00040258 		.word	1476527104
  79 0004 0800     		.short	8
  80 0006 00       		.byte	0
  81 0007 00000000 		.space	5
  81      00
  82              		.global	Debug_PB4
  83              		.section	.data.Debug_PB4,"aw"
  84              		.align	2
  87              	Debug_PB4:
  88 0000 00040258 		.word	1476527104
  89 0004 1000     		.short	16
  90 0006 00       		.byte	0
  91 0007 00000000 		.space	5
  91      00
  92              		.global	Debug_PB5
  93              		.section	.data.Debug_PB5,"aw"
  94              		.align	2
  97              	Debug_PB5:
  98 0000 00040258 		.word	1476527104
  99 0004 2000     		.short	32
 100 0006 00       		.byte	0
 101 0007 00000000 		.space	5
 101      00
 102              		.global	Debug_PB6
 103              		.section	.data.Debug_PB6,"aw"
 104              		.align	2
 107              	Debug_PB6:
 108 0000 00040258 		.word	1476527104
 109 0004 4000     		.short	64
 110 0006 00       		.byte	0
 111 0007 00000000 		.space	5
 111      00
 112              		.global	Debug_PB10
 113              		.section	.data.Debug_PB10,"aw"
 114              		.align	2
 117              	Debug_PB10:
 118 0000 00040258 		.word	1476527104
 119 0004 0004     		.short	1024
 120 0006 00       		.byte	0
 121 0007 00000000 		.space	5
 121      00
 122              		.global	Led1
 123              		.section	.data.Led1,"aw"
 124              		.align	2
 127              	Led1:
 128 0000 001C0258 		.word	1476533248
 129 0004 8000     		.short	128
ARM GAS  C:\Users\HUAV\AppData\Local\Temp\ccZ62tqs.s 			page 3


 130 0006 01       		.byte	1
 131 0007 00000000 		.space	5
 131      00
 132              		.global	Uart4_TxPin
 133              		.section	.data.Uart4_TxPin,"aw"
 134              		.align	2
 137              	Uart4_TxPin:
 138 0000 00040258 		.word	1476527104
 139 0004 0002     		.short	512
 140 0006 0000     		.space	2
 141 0008 08000000 		.word	8
 142              		.global	Uart4_RxPin
 143              		.section	.data.Uart4_RxPin,"aw"
 144              		.align	2
 147              	Uart4_RxPin:
 148 0000 00040258 		.word	1476527104
 149 0004 0001     		.short	256
 150 0006 0000     		.space	2
 151 0008 08000000 		.word	8
 152              		.global	Uart1_TxPin
 153              		.section	.data.Uart1_TxPin,"aw"
 154              		.align	2
 157              	Uart1_TxPin:
 158 0000 00000258 		.word	1476526080
 159 0004 0002     		.short	512
 160 0006 0000     		.space	2
 161 0008 07000000 		.word	7
 162              		.global	Uart1_RxPin
 163              		.section	.data.Uart1_RxPin,"aw"
 164              		.align	2
 167              	Uart1_RxPin:
 168 0000 00000258 		.word	1476526080
 169 0004 0004     		.short	1024
 170 0006 0000     		.space	2
 171 0008 07000000 		.word	7
 172              		.global	USB_DctPin
 173              		.section	.data.USB_DctPin,"aw"
 174              		.align	2
 177              	USB_DctPin:
 178 0000 00100258 		.word	1476530176
 179 0004 0400     		.short	4
 180 0006 00       		.byte	0
 181 0007 00000000 		.space	5
 181      00
 182              		.section	.text.BspQSPI_Pin_Init,"ax",%progbits
 183              		.align	1
 184              		.global	BspQSPI_Pin_Init
 185              		.syntax unified
 186              		.thumb
 187              		.thumb_func
 189              	BspQSPI_Pin_Init:
 190              	.LFB336:
 191              		.file 1 "HW_Lib/STM32H7/PinPort_Def/Neure/HW_Def.c"
   1:HW_Lib/STM32H7/PinPort_Def/Neure/HW_Def.c **** #include "HW_Def.h"
   2:HW_Lib/STM32H7/PinPort_Def/Neure/HW_Def.c **** 
   3:HW_Lib/STM32H7/PinPort_Def/Neure/HW_Def.c **** const uint8_t HWVer[3] = {0, 0, 5};
   4:HW_Lib/STM32H7/PinPort_Def/Neure/HW_Def.c **** 
ARM GAS  C:\Users\HUAV\AppData\Local\Temp\ccZ62tqs.s 			page 4


   5:HW_Lib/STM32H7/PinPort_Def/Neure/HW_Def.c **** #if (FLASH_CHIP_STATE == Storage_ChipBus_Spi)
   6:HW_Lib/STM32H7/PinPort_Def/Neure/HW_Def.c **** SPI_HandleTypeDef ExtFlash_Bus_InstObj;
   7:HW_Lib/STM32H7/PinPort_Def/Neure/HW_Def.c **** #elif (FLASH_CHIP_STATE == Storage_ChipBus_QSpi)
   8:HW_Lib/STM32H7/PinPort_Def/Neure/HW_Def.c **** BspQSPI_Config_TypeDef *ExtFlash_Bus_InstObj = NULL;
   9:HW_Lib/STM32H7/PinPort_Def/Neure/HW_Def.c **** #endif
  10:HW_Lib/STM32H7/PinPort_Def/Neure/HW_Def.c **** 
  11:HW_Lib/STM32H7/PinPort_Def/Neure/HW_Def.c **** DebugPinObj_TypeDef Debug_PC0 = {
  12:HW_Lib/STM32H7/PinPort_Def/Neure/HW_Def.c ****     .port = GPIOC,
  13:HW_Lib/STM32H7/PinPort_Def/Neure/HW_Def.c ****     .pin = GPIO_PIN_0,
  14:HW_Lib/STM32H7/PinPort_Def/Neure/HW_Def.c ****     .init_state = false,
  15:HW_Lib/STM32H7/PinPort_Def/Neure/HW_Def.c **** };
  16:HW_Lib/STM32H7/PinPort_Def/Neure/HW_Def.c **** 
  17:HW_Lib/STM32H7/PinPort_Def/Neure/HW_Def.c **** DebugPinObj_TypeDef Debug_PC1 = {
  18:HW_Lib/STM32H7/PinPort_Def/Neure/HW_Def.c ****     .port = GPIOC,
  19:HW_Lib/STM32H7/PinPort_Def/Neure/HW_Def.c ****     .pin = GPIO_PIN_1,
  20:HW_Lib/STM32H7/PinPort_Def/Neure/HW_Def.c ****     .init_state = false,
  21:HW_Lib/STM32H7/PinPort_Def/Neure/HW_Def.c **** };
  22:HW_Lib/STM32H7/PinPort_Def/Neure/HW_Def.c **** 
  23:HW_Lib/STM32H7/PinPort_Def/Neure/HW_Def.c **** DebugPinObj_TypeDef Debug_PC2 = {
  24:HW_Lib/STM32H7/PinPort_Def/Neure/HW_Def.c ****     .port = GPIOC,
  25:HW_Lib/STM32H7/PinPort_Def/Neure/HW_Def.c ****     .pin = GPIO_PIN_2,
  26:HW_Lib/STM32H7/PinPort_Def/Neure/HW_Def.c ****     .init_state = false,
  27:HW_Lib/STM32H7/PinPort_Def/Neure/HW_Def.c **** };
  28:HW_Lib/STM32H7/PinPort_Def/Neure/HW_Def.c **** 
  29:HW_Lib/STM32H7/PinPort_Def/Neure/HW_Def.c **** DebugPinObj_TypeDef Debug_PC3 = {
  30:HW_Lib/STM32H7/PinPort_Def/Neure/HW_Def.c ****     .port = GPIOC,
  31:HW_Lib/STM32H7/PinPort_Def/Neure/HW_Def.c ****     .pin = GPIO_PIN_3,
  32:HW_Lib/STM32H7/PinPort_Def/Neure/HW_Def.c ****     .init_state = false,
  33:HW_Lib/STM32H7/PinPort_Def/Neure/HW_Def.c **** };
  34:HW_Lib/STM32H7/PinPort_Def/Neure/HW_Def.c **** 
  35:HW_Lib/STM32H7/PinPort_Def/Neure/HW_Def.c **** DebugPinObj_TypeDef Debug_PB3 = {
  36:HW_Lib/STM32H7/PinPort_Def/Neure/HW_Def.c ****     .port = GPIOB,
  37:HW_Lib/STM32H7/PinPort_Def/Neure/HW_Def.c ****     .pin = GPIO_PIN_3,
  38:HW_Lib/STM32H7/PinPort_Def/Neure/HW_Def.c ****     .init_state = false,
  39:HW_Lib/STM32H7/PinPort_Def/Neure/HW_Def.c **** };
  40:HW_Lib/STM32H7/PinPort_Def/Neure/HW_Def.c **** 
  41:HW_Lib/STM32H7/PinPort_Def/Neure/HW_Def.c **** DebugPinObj_TypeDef Debug_PB4 = {
  42:HW_Lib/STM32H7/PinPort_Def/Neure/HW_Def.c ****     .port = GPIOB,
  43:HW_Lib/STM32H7/PinPort_Def/Neure/HW_Def.c ****     .pin = GPIO_PIN_4,
  44:HW_Lib/STM32H7/PinPort_Def/Neure/HW_Def.c ****     .init_state = false,
  45:HW_Lib/STM32H7/PinPort_Def/Neure/HW_Def.c **** };
  46:HW_Lib/STM32H7/PinPort_Def/Neure/HW_Def.c **** 
  47:HW_Lib/STM32H7/PinPort_Def/Neure/HW_Def.c **** DebugPinObj_TypeDef Debug_PB5 = {
  48:HW_Lib/STM32H7/PinPort_Def/Neure/HW_Def.c ****     .port = GPIOB,
  49:HW_Lib/STM32H7/PinPort_Def/Neure/HW_Def.c ****     .pin = GPIO_PIN_5,
  50:HW_Lib/STM32H7/PinPort_Def/Neure/HW_Def.c ****     .init_state = false,
  51:HW_Lib/STM32H7/PinPort_Def/Neure/HW_Def.c **** };
  52:HW_Lib/STM32H7/PinPort_Def/Neure/HW_Def.c **** 
  53:HW_Lib/STM32H7/PinPort_Def/Neure/HW_Def.c **** DebugPinObj_TypeDef Debug_PB6 = {
  54:HW_Lib/STM32H7/PinPort_Def/Neure/HW_Def.c ****     .port = GPIOB,
  55:HW_Lib/STM32H7/PinPort_Def/Neure/HW_Def.c ****     .pin = GPIO_PIN_6,
  56:HW_Lib/STM32H7/PinPort_Def/Neure/HW_Def.c ****     .init_state = false,
  57:HW_Lib/STM32H7/PinPort_Def/Neure/HW_Def.c **** };
  58:HW_Lib/STM32H7/PinPort_Def/Neure/HW_Def.c **** 
  59:HW_Lib/STM32H7/PinPort_Def/Neure/HW_Def.c **** DebugPinObj_TypeDef Debug_PB10 = {
  60:HW_Lib/STM32H7/PinPort_Def/Neure/HW_Def.c ****     .port = GPIOB,
  61:HW_Lib/STM32H7/PinPort_Def/Neure/HW_Def.c ****     .pin = GPIO_PIN_10,
ARM GAS  C:\Users\HUAV\AppData\Local\Temp\ccZ62tqs.s 			page 5


  62:HW_Lib/STM32H7/PinPort_Def/Neure/HW_Def.c ****     .init_state = false,
  63:HW_Lib/STM32H7/PinPort_Def/Neure/HW_Def.c **** };
  64:HW_Lib/STM32H7/PinPort_Def/Neure/HW_Def.c **** 
  65:HW_Lib/STM32H7/PinPort_Def/Neure/HW_Def.c **** DevLedObj_TypeDef Led1 = {
  66:HW_Lib/STM32H7/PinPort_Def/Neure/HW_Def.c ****     .port = LED1_PORT,
  67:HW_Lib/STM32H7/PinPort_Def/Neure/HW_Def.c ****     .pin = LED1_PIN,
  68:HW_Lib/STM32H7/PinPort_Def/Neure/HW_Def.c ****     .init_state = true,
  69:HW_Lib/STM32H7/PinPort_Def/Neure/HW_Def.c **** };
  70:HW_Lib/STM32H7/PinPort_Def/Neure/HW_Def.c **** 
  71:HW_Lib/STM32H7/PinPort_Def/Neure/HW_Def.c **** BspGPIO_Obj_TypeDef Uart4_TxPin = {
  72:HW_Lib/STM32H7/PinPort_Def/Neure/HW_Def.c ****     .pin = UART4_TX_PIN,
  73:HW_Lib/STM32H7/PinPort_Def/Neure/HW_Def.c ****     .port = UART4_TX_PORT,
  74:HW_Lib/STM32H7/PinPort_Def/Neure/HW_Def.c ****     .alternate = GPIO_AF8_UART4,
  75:HW_Lib/STM32H7/PinPort_Def/Neure/HW_Def.c **** };
  76:HW_Lib/STM32H7/PinPort_Def/Neure/HW_Def.c **** 
  77:HW_Lib/STM32H7/PinPort_Def/Neure/HW_Def.c **** BspGPIO_Obj_TypeDef Uart4_RxPin = {
  78:HW_Lib/STM32H7/PinPort_Def/Neure/HW_Def.c ****     .pin = UART4_RX_PIN,
  79:HW_Lib/STM32H7/PinPort_Def/Neure/HW_Def.c ****     .port = UART4_RX_PORT,
  80:HW_Lib/STM32H7/PinPort_Def/Neure/HW_Def.c ****     .alternate = GPIO_AF8_UART4,
  81:HW_Lib/STM32H7/PinPort_Def/Neure/HW_Def.c **** };
  82:HW_Lib/STM32H7/PinPort_Def/Neure/HW_Def.c **** 
  83:HW_Lib/STM32H7/PinPort_Def/Neure/HW_Def.c **** BspGPIO_Obj_TypeDef Uart1_TxPin = {
  84:HW_Lib/STM32H7/PinPort_Def/Neure/HW_Def.c ****     .pin = UART1_TX_PIN,
  85:HW_Lib/STM32H7/PinPort_Def/Neure/HW_Def.c ****     .port = UART1_TX_PORT,
  86:HW_Lib/STM32H7/PinPort_Def/Neure/HW_Def.c ****     .alternate = GPIO_AF7_USART1,
  87:HW_Lib/STM32H7/PinPort_Def/Neure/HW_Def.c **** };
  88:HW_Lib/STM32H7/PinPort_Def/Neure/HW_Def.c **** 
  89:HW_Lib/STM32H7/PinPort_Def/Neure/HW_Def.c **** BspGPIO_Obj_TypeDef Uart1_RxPin = {
  90:HW_Lib/STM32H7/PinPort_Def/Neure/HW_Def.c ****     .pin = UART1_RX_PIN,
  91:HW_Lib/STM32H7/PinPort_Def/Neure/HW_Def.c ****     .port = UART1_RX_PORT,
  92:HW_Lib/STM32H7/PinPort_Def/Neure/HW_Def.c ****     .alternate = GPIO_AF7_USART1,
  93:HW_Lib/STM32H7/PinPort_Def/Neure/HW_Def.c **** };
  94:HW_Lib/STM32H7/PinPort_Def/Neure/HW_Def.c **** 
  95:HW_Lib/STM32H7/PinPort_Def/Neure/HW_Def.c **** BspGPIO_Obj_TypeDef USB_DctPin = {
  96:HW_Lib/STM32H7/PinPort_Def/Neure/HW_Def.c ****     .init_state = false,
  97:HW_Lib/STM32H7/PinPort_Def/Neure/HW_Def.c ****     .pin = USB_DETECT_INT_PIN,
  98:HW_Lib/STM32H7/PinPort_Def/Neure/HW_Def.c ****     .port = USB_DETECT_INT_PORT,
  99:HW_Lib/STM32H7/PinPort_Def/Neure/HW_Def.c **** };
 100:HW_Lib/STM32H7/PinPort_Def/Neure/HW_Def.c **** 
 101:HW_Lib/STM32H7/PinPort_Def/Neure/HW_Def.c **** void BspQSPI_Pin_Init(void)
 102:HW_Lib/STM32H7/PinPort_Def/Neure/HW_Def.c **** {
 192              		.loc 1 102 1
 193              		.cfi_startproc
 194              		@ args = 0, pretend = 0, frame = 32
 195              		@ frame_needed = 1, uses_anonymous_args = 0
 196 0000 80B5     		push	{r7, lr}
 197              	.LCFI0:
 198              		.cfi_def_cfa_offset 8
 199              		.cfi_offset 7, -8
 200              		.cfi_offset 14, -4
 201 0002 88B0     		sub	sp, sp, #32
 202              	.LCFI1:
 203              		.cfi_def_cfa_offset 40
 204 0004 00AF     		add	r7, sp, #0
 205              	.LCFI2:
 206              		.cfi_def_cfa_register 7
 103:HW_Lib/STM32H7/PinPort_Def/Neure/HW_Def.c ****     GPIO_InitTypeDef GPIO_InitStruct = {0};
ARM GAS  C:\Users\HUAV\AppData\Local\Temp\ccZ62tqs.s 			page 6


 207              		.loc 1 103 22
 208 0006 07F10C03 		add	r3, r7, #12
 209 000a 0022     		movs	r2, #0
 210 000c 1A60     		str	r2, [r3]
 211 000e 5A60     		str	r2, [r3, #4]
 212 0010 9A60     		str	r2, [r3, #8]
 213 0012 DA60     		str	r2, [r3, #12]
 214 0014 1A61     		str	r2, [r3, #16]
 215              	.LBB2:
 104:HW_Lib/STM32H7/PinPort_Def/Neure/HW_Def.c **** 
 105:HW_Lib/STM32H7/PinPort_Def/Neure/HW_Def.c ****     __HAL_RCC_GPIOB_CLK_ENABLE();
 216              		.loc 1 105 5
 217 0016 3B4B     		ldr	r3, .L2
 218 0018 D3F8E030 		ldr	r3, [r3, #224]
 219 001c 394A     		ldr	r2, .L2
 220 001e 43F00203 		orr	r3, r3, #2
 221 0022 C2F8E030 		str	r3, [r2, #224]
 222 0026 374B     		ldr	r3, .L2
 223 0028 D3F8E030 		ldr	r3, [r3, #224]
 224 002c 03F00203 		and	r3, r3, #2
 225 0030 BB60     		str	r3, [r7, #8]
 226 0032 BB68     		ldr	r3, [r7, #8]
 227              	.LBE2:
 228              	.LBB3:
 106:HW_Lib/STM32H7/PinPort_Def/Neure/HW_Def.c ****     __HAL_RCC_GPIOD_CLK_ENABLE();
 229              		.loc 1 106 5
 230 0034 334B     		ldr	r3, .L2
 231 0036 D3F8E030 		ldr	r3, [r3, #224]
 232 003a 324A     		ldr	r2, .L2
 233 003c 43F00803 		orr	r3, r3, #8
 234 0040 C2F8E030 		str	r3, [r2, #224]
 235 0044 2F4B     		ldr	r3, .L2
 236 0046 D3F8E030 		ldr	r3, [r3, #224]
 237 004a 03F00803 		and	r3, r3, #8
 238 004e 7B60     		str	r3, [r7, #4]
 239 0050 7B68     		ldr	r3, [r7, #4]
 240              	.LBE3:
 241              	.LBB4:
 107:HW_Lib/STM32H7/PinPort_Def/Neure/HW_Def.c ****     __HAL_RCC_GPIOE_CLK_ENABLE();
 242              		.loc 1 107 5
 243 0052 2C4B     		ldr	r3, .L2
 244 0054 D3F8E030 		ldr	r3, [r3, #224]
 245 0058 2A4A     		ldr	r2, .L2
 246 005a 43F01003 		orr	r3, r3, #16
 247 005e C2F8E030 		str	r3, [r2, #224]
 248 0062 284B     		ldr	r3, .L2
 249 0064 D3F8E030 		ldr	r3, [r3, #224]
 250 0068 03F01003 		and	r3, r3, #16
 251 006c 3B60     		str	r3, [r7]
 252 006e 3B68     		ldr	r3, [r7]
 253              	.LBE4:
 108:HW_Lib/STM32H7/PinPort_Def/Neure/HW_Def.c **** 
 109:HW_Lib/STM32H7/PinPort_Def/Neure/HW_Def.c ****     /****************************************************** 
 110:HW_Lib/STM32H7/PinPort_Def/Neure/HW_Def.c **** 		PB2     ------> QUADSPI_CLK	
 111:HW_Lib/STM32H7/PinPort_Def/Neure/HW_Def.c **** 		PB6     ------> QUADSPI_BK1_NCS 		
 112:HW_Lib/STM32H7/PinPort_Def/Neure/HW_Def.c **** 		PD11    ------> QUADSPI_BK1_IO0
 113:HW_Lib/STM32H7/PinPort_Def/Neure/HW_Def.c **** 		PD12    ------> QUADSPI_BK1_IO1		
ARM GAS  C:\Users\HUAV\AppData\Local\Temp\ccZ62tqs.s 			page 7


 114:HW_Lib/STM32H7/PinPort_Def/Neure/HW_Def.c **** 		PE2     ------> QUADSPI_BK1_IO2	
 115:HW_Lib/STM32H7/PinPort_Def/Neure/HW_Def.c **** 		PD13    ------> QUADSPI_BK1_IO3
 116:HW_Lib/STM32H7/PinPort_Def/Neure/HW_Def.c **** 	*******************************************************/
 117:HW_Lib/STM32H7/PinPort_Def/Neure/HW_Def.c **** 		
 118:HW_Lib/STM32H7/PinPort_Def/Neure/HW_Def.c ****     GPIO_InitStruct.Mode        = GPIO_MODE_AF_PP;
 254              		.loc 1 118 33
 255 0070 0223     		movs	r3, #2
 256 0072 3B61     		str	r3, [r7, #16]
 119:HW_Lib/STM32H7/PinPort_Def/Neure/HW_Def.c ****     GPIO_InitStruct.Pull        = GPIO_NOPULL;
 257              		.loc 1 119 33
 258 0074 0023     		movs	r3, #0
 259 0076 7B61     		str	r3, [r7, #20]
 120:HW_Lib/STM32H7/PinPort_Def/Neure/HW_Def.c ****     GPIO_InitStruct.Speed       = GPIO_SPEED_FREQ_VERY_HIGH;
 260              		.loc 1 120 33
 261 0078 0323     		movs	r3, #3
 262 007a BB61     		str	r3, [r7, #24]
 121:HW_Lib/STM32H7/PinPort_Def/Neure/HW_Def.c ****     
 122:HW_Lib/STM32H7/PinPort_Def/Neure/HW_Def.c ****     GPIO_InitStruct.Pin         = GPIO_PIN_2;
 263              		.loc 1 122 33
 264 007c 0423     		movs	r3, #4
 265 007e FB60     		str	r3, [r7, #12]
 123:HW_Lib/STM32H7/PinPort_Def/Neure/HW_Def.c ****     GPIO_InitStruct.Alternate   = GPIO_AF9_QUADSPI;
 266              		.loc 1 123 33
 267 0080 0923     		movs	r3, #9
 268 0082 FB61     		str	r3, [r7, #28]
 124:HW_Lib/STM32H7/PinPort_Def/Neure/HW_Def.c ****     HAL_GPIO_Init(GPIOB, &GPIO_InitStruct);
 269              		.loc 1 124 5
 270 0084 07F10C03 		add	r3, r7, #12
 271 0088 1946     		mov	r1, r3
 272 008a 1F48     		ldr	r0, .L2+4
 273 008c FFF7FEFF 		bl	HAL_GPIO_Init
 125:HW_Lib/STM32H7/PinPort_Def/Neure/HW_Def.c **** 
 126:HW_Lib/STM32H7/PinPort_Def/Neure/HW_Def.c ****     GPIO_InitStruct.Pin         = GPIO_PIN_6;
 274              		.loc 1 126 33
 275 0090 4023     		movs	r3, #64
 276 0092 FB60     		str	r3, [r7, #12]
 127:HW_Lib/STM32H7/PinPort_Def/Neure/HW_Def.c ****     GPIO_InitStruct.Alternate   = GPIO_AF10_QUADSPI;
 277              		.loc 1 127 33
 278 0094 0A23     		movs	r3, #10
 279 0096 FB61     		str	r3, [r7, #28]
 128:HW_Lib/STM32H7/PinPort_Def/Neure/HW_Def.c ****     HAL_GPIO_Init(GPIOB, &GPIO_InitStruct);
 280              		.loc 1 128 5
 281 0098 07F10C03 		add	r3, r7, #12
 282 009c 1946     		mov	r1, r3
 283 009e 1A48     		ldr	r0, .L2+4
 284 00a0 FFF7FEFF 		bl	HAL_GPIO_Init
 129:HW_Lib/STM32H7/PinPort_Def/Neure/HW_Def.c ****     
 130:HW_Lib/STM32H7/PinPort_Def/Neure/HW_Def.c ****     GPIO_InitStruct.Pin         = GPIO_PIN_11;
 285              		.loc 1 130 33
 286 00a4 4FF40063 		mov	r3, #2048
 287 00a8 FB60     		str	r3, [r7, #12]
 131:HW_Lib/STM32H7/PinPort_Def/Neure/HW_Def.c ****     GPIO_InitStruct.Alternate   = GPIO_AF9_QUADSPI;
 288              		.loc 1 131 33
 289 00aa 0923     		movs	r3, #9
 290 00ac FB61     		str	r3, [r7, #28]
 132:HW_Lib/STM32H7/PinPort_Def/Neure/HW_Def.c ****     HAL_GPIO_Init(GPIOD, &GPIO_InitStruct);
 291              		.loc 1 132 5
ARM GAS  C:\Users\HUAV\AppData\Local\Temp\ccZ62tqs.s 			page 8


 292 00ae 07F10C03 		add	r3, r7, #12
 293 00b2 1946     		mov	r1, r3
 294 00b4 1548     		ldr	r0, .L2+8
 295 00b6 FFF7FEFF 		bl	HAL_GPIO_Init
 133:HW_Lib/STM32H7/PinPort_Def/Neure/HW_Def.c ****     
 134:HW_Lib/STM32H7/PinPort_Def/Neure/HW_Def.c ****     GPIO_InitStruct.Pin         = GPIO_PIN_12;
 296              		.loc 1 134 33
 297 00ba 4FF48053 		mov	r3, #4096
 298 00be FB60     		str	r3, [r7, #12]
 135:HW_Lib/STM32H7/PinPort_Def/Neure/HW_Def.c ****     GPIO_InitStruct.Alternate   = GPIO_AF9_QUADSPI;
 299              		.loc 1 135 33
 300 00c0 0923     		movs	r3, #9
 301 00c2 FB61     		str	r3, [r7, #28]
 136:HW_Lib/STM32H7/PinPort_Def/Neure/HW_Def.c ****     HAL_GPIO_Init(GPIOD, &GPIO_InitStruct);
 302              		.loc 1 136 5
 303 00c4 07F10C03 		add	r3, r7, #12
 304 00c8 1946     		mov	r1, r3
 305 00ca 1048     		ldr	r0, .L2+8
 306 00cc FFF7FEFF 		bl	HAL_GPIO_Init
 137:HW_Lib/STM32H7/PinPort_Def/Neure/HW_Def.c ****     
 138:HW_Lib/STM32H7/PinPort_Def/Neure/HW_Def.c ****     GPIO_InitStruct.Pin         = GPIO_PIN_2;
 307              		.loc 1 138 33
 308 00d0 0423     		movs	r3, #4
 309 00d2 FB60     		str	r3, [r7, #12]
 139:HW_Lib/STM32H7/PinPort_Def/Neure/HW_Def.c ****     GPIO_InitStruct.Alternate   = GPIO_AF9_QUADSPI;
 310              		.loc 1 139 33
 311 00d4 0923     		movs	r3, #9
 312 00d6 FB61     		str	r3, [r7, #28]
 140:HW_Lib/STM32H7/PinPort_Def/Neure/HW_Def.c ****     HAL_GPIO_Init(GPIOE, &GPIO_InitStruct);
 313              		.loc 1 140 5
 314 00d8 07F10C03 		add	r3, r7, #12
 315 00dc 1946     		mov	r1, r3
 316 00de 0C48     		ldr	r0, .L2+12
 317 00e0 FFF7FEFF 		bl	HAL_GPIO_Init
 141:HW_Lib/STM32H7/PinPort_Def/Neure/HW_Def.c ****     
 142:HW_Lib/STM32H7/PinPort_Def/Neure/HW_Def.c ****     GPIO_InitStruct.Pin         = GPIO_PIN_13;
 318              		.loc 1 142 33
 319 00e4 4FF40053 		mov	r3, #8192
 320 00e8 FB60     		str	r3, [r7, #12]
 143:HW_Lib/STM32H7/PinPort_Def/Neure/HW_Def.c ****     GPIO_InitStruct.Alternate   = GPIO_AF9_QUADSPI;
 321              		.loc 1 143 33
 322 00ea 0923     		movs	r3, #9
 323 00ec FB61     		str	r3, [r7, #28]
 144:HW_Lib/STM32H7/PinPort_Def/Neure/HW_Def.c ****     HAL_GPIO_Init(GPIOD, &GPIO_InitStruct);
 324              		.loc 1 144 5
 325 00ee 07F10C03 		add	r3, r7, #12
 326 00f2 1946     		mov	r1, r3
 327 00f4 0548     		ldr	r0, .L2+8
 328 00f6 FFF7FEFF 		bl	HAL_GPIO_Init
 145:HW_Lib/STM32H7/PinPort_Def/Neure/HW_Def.c **** }
 329              		.loc 1 145 1
 330 00fa 00BF     		nop
 331 00fc 2037     		adds	r7, r7, #32
 332              	.LCFI3:
 333              		.cfi_def_cfa_offset 8
 334 00fe BD46     		mov	sp, r7
 335              	.LCFI4:
ARM GAS  C:\Users\HUAV\AppData\Local\Temp\ccZ62tqs.s 			page 9


 336              		.cfi_def_cfa_register 13
 337              		@ sp needed
 338 0100 80BD     		pop	{r7, pc}
 339              	.L3:
 340 0102 00BF     		.align	2
 341              	.L2:
 342 0104 00440258 		.word	1476543488
 343 0108 00040258 		.word	1476527104
 344 010c 000C0258 		.word	1476529152
 345 0110 00100258 		.word	1476530176
 346              		.cfi_endproc
 347              	.LFE336:
 349              		.section	.text.BspSDRAM_Pin_Init,"ax",%progbits
 350              		.align	1
 351              		.global	BspSDRAM_Pin_Init
 352              		.syntax unified
 353              		.thumb
 354              		.thumb_func
 356              	BspSDRAM_Pin_Init:
 357              	.LFB337:
 146:HW_Lib/STM32H7/PinPort_Def/Neure/HW_Def.c **** 
 147:HW_Lib/STM32H7/PinPort_Def/Neure/HW_Def.c **** void BspSDRAM_Pin_Init(void)
 148:HW_Lib/STM32H7/PinPort_Def/Neure/HW_Def.c **** {
 358              		.loc 1 148 1
 359              		.cfi_startproc
 360              		@ args = 0, pretend = 0, frame = 48
 361              		@ frame_needed = 1, uses_anonymous_args = 0
 362 0000 80B5     		push	{r7, lr}
 363              	.LCFI5:
 364              		.cfi_def_cfa_offset 8
 365              		.cfi_offset 7, -8
 366              		.cfi_offset 14, -4
 367 0002 8CB0     		sub	sp, sp, #48
 368              	.LCFI6:
 369              		.cfi_def_cfa_offset 56
 370 0004 00AF     		add	r7, sp, #0
 371              	.LCFI7:
 372              		.cfi_def_cfa_register 7
 149:HW_Lib/STM32H7/PinPort_Def/Neure/HW_Def.c ****     GPIO_InitTypeDef GPIO_InitStruct ={0};
 373              		.loc 1 149 22
 374 0006 07F11C03 		add	r3, r7, #28
 375 000a 0022     		movs	r2, #0
 376 000c 1A60     		str	r2, [r3]
 377 000e 5A60     		str	r2, [r3, #4]
 378 0010 9A60     		str	r2, [r3, #8]
 379 0012 DA60     		str	r2, [r3, #12]
 380 0014 1A61     		str	r2, [r3, #16]
 381              	.LBB5:
 150:HW_Lib/STM32H7/PinPort_Def/Neure/HW_Def.c ****   
 151:HW_Lib/STM32H7/PinPort_Def/Neure/HW_Def.c ****   __HAL_RCC_GPIOF_CLK_ENABLE();
 382              		.loc 1 151 3
 383 0016 594B     		ldr	r3, .L5
 384 0018 D3F8E030 		ldr	r3, [r3, #224]
 385 001c 574A     		ldr	r2, .L5
 386 001e 43F02003 		orr	r3, r3, #32
 387 0022 C2F8E030 		str	r3, [r2, #224]
 388 0026 554B     		ldr	r3, .L5
ARM GAS  C:\Users\HUAV\AppData\Local\Temp\ccZ62tqs.s 			page 10


 389 0028 D3F8E030 		ldr	r3, [r3, #224]
 390 002c 03F02003 		and	r3, r3, #32
 391 0030 BB61     		str	r3, [r7, #24]
 392 0032 BB69     		ldr	r3, [r7, #24]
 393              	.LBE5:
 394              	.LBB6:
 152:HW_Lib/STM32H7/PinPort_Def/Neure/HW_Def.c ****   __HAL_RCC_GPIOH_CLK_ENABLE();
 395              		.loc 1 152 3
 396 0034 514B     		ldr	r3, .L5
 397 0036 D3F8E030 		ldr	r3, [r3, #224]
 398 003a 504A     		ldr	r2, .L5
 399 003c 43F08003 		orr	r3, r3, #128
 400 0040 C2F8E030 		str	r3, [r2, #224]
 401 0044 4D4B     		ldr	r3, .L5
 402 0046 D3F8E030 		ldr	r3, [r3, #224]
 403 004a 03F08003 		and	r3, r3, #128
 404 004e 7B61     		str	r3, [r7, #20]
 405 0050 7B69     		ldr	r3, [r7, #20]
 406              	.LBE6:
 407              	.LBB7:
 153:HW_Lib/STM32H7/PinPort_Def/Neure/HW_Def.c ****   __HAL_RCC_GPIOG_CLK_ENABLE();
 408              		.loc 1 153 3
 409 0052 4A4B     		ldr	r3, .L5
 410 0054 D3F8E030 		ldr	r3, [r3, #224]
 411 0058 484A     		ldr	r2, .L5
 412 005a 43F04003 		orr	r3, r3, #64
 413 005e C2F8E030 		str	r3, [r2, #224]
 414 0062 464B     		ldr	r3, .L5
 415 0064 D3F8E030 		ldr	r3, [r3, #224]
 416 0068 03F04003 		and	r3, r3, #64
 417 006c 3B61     		str	r3, [r7, #16]
 418 006e 3B69     		ldr	r3, [r7, #16]
 419              	.LBE7:
 420              	.LBB8:
 154:HW_Lib/STM32H7/PinPort_Def/Neure/HW_Def.c ****   __HAL_RCC_GPIOE_CLK_ENABLE();
 421              		.loc 1 154 3
 422 0070 424B     		ldr	r3, .L5
 423 0072 D3F8E030 		ldr	r3, [r3, #224]
 424 0076 414A     		ldr	r2, .L5
 425 0078 43F01003 		orr	r3, r3, #16
 426 007c C2F8E030 		str	r3, [r2, #224]
 427 0080 3E4B     		ldr	r3, .L5
 428 0082 D3F8E030 		ldr	r3, [r3, #224]
 429 0086 03F01003 		and	r3, r3, #16
 430 008a FB60     		str	r3, [r7, #12]
 431 008c FB68     		ldr	r3, [r7, #12]
 432              	.LBE8:
 433              	.LBB9:
 155:HW_Lib/STM32H7/PinPort_Def/Neure/HW_Def.c ****   __HAL_RCC_GPIOB_CLK_ENABLE();
 434              		.loc 1 155 3
 435 008e 3B4B     		ldr	r3, .L5
 436 0090 D3F8E030 		ldr	r3, [r3, #224]
 437 0094 394A     		ldr	r2, .L5
 438 0096 43F00203 		orr	r3, r3, #2
 439 009a C2F8E030 		str	r3, [r2, #224]
 440 009e 374B     		ldr	r3, .L5
 441 00a0 D3F8E030 		ldr	r3, [r3, #224]
ARM GAS  C:\Users\HUAV\AppData\Local\Temp\ccZ62tqs.s 			page 11


 442 00a4 03F00203 		and	r3, r3, #2
 443 00a8 BB60     		str	r3, [r7, #8]
 444 00aa BB68     		ldr	r3, [r7, #8]
 445              	.LBE9:
 446              	.LBB10:
 156:HW_Lib/STM32H7/PinPort_Def/Neure/HW_Def.c ****   __HAL_RCC_GPIOD_CLK_ENABLE();
 447              		.loc 1 156 3
 448 00ac 334B     		ldr	r3, .L5
 449 00ae D3F8E030 		ldr	r3, [r3, #224]
 450 00b2 324A     		ldr	r2, .L5
 451 00b4 43F00803 		orr	r3, r3, #8
 452 00b8 C2F8E030 		str	r3, [r2, #224]
 453 00bc 2F4B     		ldr	r3, .L5
 454 00be D3F8E030 		ldr	r3, [r3, #224]
 455 00c2 03F00803 		and	r3, r3, #8
 456 00c6 7B60     		str	r3, [r7, #4]
 457 00c8 7B68     		ldr	r3, [r7, #4]
 458              	.LBE10:
 157:HW_Lib/STM32H7/PinPort_Def/Neure/HW_Def.c **** 
 158:HW_Lib/STM32H7/PinPort_Def/Neure/HW_Def.c ****     /** FMC GPIO Configuration
 159:HW_Lib/STM32H7/PinPort_Def/Neure/HW_Def.c ****     PF0   ------> FMC_A0        PD14   ------> FMC_D0       PH5    ------> FMC_SDNWE
 160:HW_Lib/STM32H7/PinPort_Def/Neure/HW_Def.c ****     PF1   ------> FMC_A1        PD15   ------> FMC_D1       PG15   ------> FMC_SDNCAS 
 161:HW_Lib/STM32H7/PinPort_Def/Neure/HW_Def.c ****     PF2   ------> FMC_A2        PD0    ------> FMC_D2       PF11   ------> FMC_SDNRAS
 162:HW_Lib/STM32H7/PinPort_Def/Neure/HW_Def.c ****     PF3   ------> FMC_A3        PD1    ------> FMC_D3       PH3    ------> FMC_SDNE0  
 163:HW_Lib/STM32H7/PinPort_Def/Neure/HW_Def.c ****     PF4   ------> FMC_A4        PE7    ------> FMC_D4       PG4    ------> FMC_BA0
 164:HW_Lib/STM32H7/PinPort_Def/Neure/HW_Def.c ****     PF5   ------> FMC_A5        PE8    ------> FMC_D5       PG5    ------> FMC_BA1
 165:HW_Lib/STM32H7/PinPort_Def/Neure/HW_Def.c ****     PF12  ------> FMC_A6        PE9    ------> FMC_D6       PH2    ------> FMC_SDCKE0 
 166:HW_Lib/STM32H7/PinPort_Def/Neure/HW_Def.c ****     PF13  ------> FMC_A7        PE10   ------> FMC_D7       PG8    ------> FMC_SDCLK
 167:HW_Lib/STM32H7/PinPort_Def/Neure/HW_Def.c ****     PF14  ------> FMC_A8        PE11   ------> FMC_D8       PE1    ------> FMC_NBL1
 168:HW_Lib/STM32H7/PinPort_Def/Neure/HW_Def.c ****     PF15  ------> FMC_A9        PE12   ------> FMC_D9       PE0    ------> FMC_NBL0
 169:HW_Lib/STM32H7/PinPort_Def/Neure/HW_Def.c ****     PG0   ------> FMC_A10       PE13   ------> FMC_D10
 170:HW_Lib/STM32H7/PinPort_Def/Neure/HW_Def.c ****     PG1   ------> FMC_A11       PE14   ------> FMC_D11
 171:HW_Lib/STM32H7/PinPort_Def/Neure/HW_Def.c ****     PG2   ------> FMC_A12       PE15   ------> FMC_D12
 172:HW_Lib/STM32H7/PinPort_Def/Neure/HW_Def.c ****                                 PD8    ------> FMC_D13
 173:HW_Lib/STM32H7/PinPort_Def/Neure/HW_Def.c ****                                 PD9    ------> FMC_D14
 174:HW_Lib/STM32H7/PinPort_Def/Neure/HW_Def.c ****                                 PD10   ------> FMC_D15
 175:HW_Lib/STM32H7/PinPort_Def/Neure/HW_Def.c ****     */
 176:HW_Lib/STM32H7/PinPort_Def/Neure/HW_Def.c **** 
 177:HW_Lib/STM32H7/PinPort_Def/Neure/HW_Def.c ****     GPIO_InitStruct.Pin = GPIO_PIN_0|GPIO_PIN_1|GPIO_PIN_2|GPIO_PIN_3
 459              		.loc 1 177 25
 460 00ca 4FF63F03 		movw	r3, #63551
 461 00ce FB61     		str	r3, [r7, #28]
 178:HW_Lib/STM32H7/PinPort_Def/Neure/HW_Def.c ****                             |GPIO_PIN_4|GPIO_PIN_5|GPIO_PIN_11|GPIO_PIN_12
 179:HW_Lib/STM32H7/PinPort_Def/Neure/HW_Def.c ****                             |GPIO_PIN_13|GPIO_PIN_14|GPIO_PIN_15;
 180:HW_Lib/STM32H7/PinPort_Def/Neure/HW_Def.c ****     GPIO_InitStruct.Mode = GPIO_MODE_AF_PP;
 462              		.loc 1 180 26
 463 00d0 0223     		movs	r3, #2
 464 00d2 3B62     		str	r3, [r7, #32]
 181:HW_Lib/STM32H7/PinPort_Def/Neure/HW_Def.c ****     GPIO_InitStruct.Pull = GPIO_NOPULL;
 465              		.loc 1 181 26
 466 00d4 0023     		movs	r3, #0
 467 00d6 7B62     		str	r3, [r7, #36]
 182:HW_Lib/STM32H7/PinPort_Def/Neure/HW_Def.c ****     GPIO_InitStruct.Speed = GPIO_SPEED_FREQ_VERY_HIGH;
 468              		.loc 1 182 27
 469 00d8 0323     		movs	r3, #3
 470 00da BB62     		str	r3, [r7, #40]
 183:HW_Lib/STM32H7/PinPort_Def/Neure/HW_Def.c ****     GPIO_InitStruct.Alternate = GPIO_AF12_FMC;
ARM GAS  C:\Users\HUAV\AppData\Local\Temp\ccZ62tqs.s 			page 12


 471              		.loc 1 183 31
 472 00dc 0C23     		movs	r3, #12
 473 00de FB62     		str	r3, [r7, #44]
 184:HW_Lib/STM32H7/PinPort_Def/Neure/HW_Def.c ****     HAL_GPIO_Init(GPIOF, &GPIO_InitStruct);
 474              		.loc 1 184 5
 475 00e0 07F11C03 		add	r3, r7, #28
 476 00e4 1946     		mov	r1, r3
 477 00e6 2648     		ldr	r0, .L5+4
 478 00e8 FFF7FEFF 		bl	HAL_GPIO_Init
 185:HW_Lib/STM32H7/PinPort_Def/Neure/HW_Def.c **** 
 186:HW_Lib/STM32H7/PinPort_Def/Neure/HW_Def.c ****     GPIO_InitStruct.Pin = GPIO_PIN_2|GPIO_PIN_3|GPIO_PIN_5;
 479              		.loc 1 186 25
 480 00ec 2C23     		movs	r3, #44
 481 00ee FB61     		str	r3, [r7, #28]
 187:HW_Lib/STM32H7/PinPort_Def/Neure/HW_Def.c ****     GPIO_InitStruct.Mode = GPIO_MODE_AF_PP;
 482              		.loc 1 187 26
 483 00f0 0223     		movs	r3, #2
 484 00f2 3B62     		str	r3, [r7, #32]
 188:HW_Lib/STM32H7/PinPort_Def/Neure/HW_Def.c ****     GPIO_InitStruct.Pull = GPIO_NOPULL;
 485              		.loc 1 188 26
 486 00f4 0023     		movs	r3, #0
 487 00f6 7B62     		str	r3, [r7, #36]
 189:HW_Lib/STM32H7/PinPort_Def/Neure/HW_Def.c ****     GPIO_InitStruct.Speed = GPIO_SPEED_FREQ_VERY_HIGH;
 488              		.loc 1 189 27
 489 00f8 0323     		movs	r3, #3
 490 00fa BB62     		str	r3, [r7, #40]
 190:HW_Lib/STM32H7/PinPort_Def/Neure/HW_Def.c ****     GPIO_InitStruct.Alternate = GPIO_AF12_FMC;
 491              		.loc 1 190 31
 492 00fc 0C23     		movs	r3, #12
 493 00fe FB62     		str	r3, [r7, #44]
 191:HW_Lib/STM32H7/PinPort_Def/Neure/HW_Def.c ****     HAL_GPIO_Init(GPIOH, &GPIO_InitStruct);
 494              		.loc 1 191 5
 495 0100 07F11C03 		add	r3, r7, #28
 496 0104 1946     		mov	r1, r3
 497 0106 1F48     		ldr	r0, .L5+8
 498 0108 FFF7FEFF 		bl	HAL_GPIO_Init
 192:HW_Lib/STM32H7/PinPort_Def/Neure/HW_Def.c **** 
 193:HW_Lib/STM32H7/PinPort_Def/Neure/HW_Def.c ****     GPIO_InitStruct.Pin = GPIO_PIN_0|GPIO_PIN_1|GPIO_PIN_2|GPIO_PIN_4
 499              		.loc 1 193 25
 500 010c 48F23713 		movw	r3, #33079
 501 0110 FB61     		str	r3, [r7, #28]
 194:HW_Lib/STM32H7/PinPort_Def/Neure/HW_Def.c ****                             |GPIO_PIN_5|GPIO_PIN_8|GPIO_PIN_15;
 195:HW_Lib/STM32H7/PinPort_Def/Neure/HW_Def.c ****     GPIO_InitStruct.Mode = GPIO_MODE_AF_PP;
 502              		.loc 1 195 26
 503 0112 0223     		movs	r3, #2
 504 0114 3B62     		str	r3, [r7, #32]
 196:HW_Lib/STM32H7/PinPort_Def/Neure/HW_Def.c ****     GPIO_InitStruct.Pull = GPIO_NOPULL;
 505              		.loc 1 196 26
 506 0116 0023     		movs	r3, #0
 507 0118 7B62     		str	r3, [r7, #36]
 197:HW_Lib/STM32H7/PinPort_Def/Neure/HW_Def.c ****     GPIO_InitStruct.Speed = GPIO_SPEED_FREQ_VERY_HIGH;
 508              		.loc 1 197 27
 509 011a 0323     		movs	r3, #3
 510 011c BB62     		str	r3, [r7, #40]
 198:HW_Lib/STM32H7/PinPort_Def/Neure/HW_Def.c ****     GPIO_InitStruct.Alternate = GPIO_AF12_FMC;
 511              		.loc 1 198 31
 512 011e 0C23     		movs	r3, #12
ARM GAS  C:\Users\HUAV\AppData\Local\Temp\ccZ62tqs.s 			page 13


 513 0120 FB62     		str	r3, [r7, #44]
 199:HW_Lib/STM32H7/PinPort_Def/Neure/HW_Def.c ****     HAL_GPIO_Init(GPIOG, &GPIO_InitStruct);
 514              		.loc 1 199 5
 515 0122 07F11C03 		add	r3, r7, #28
 516 0126 1946     		mov	r1, r3
 517 0128 1748     		ldr	r0, .L5+12
 518 012a FFF7FEFF 		bl	HAL_GPIO_Init
 200:HW_Lib/STM32H7/PinPort_Def/Neure/HW_Def.c **** 
 201:HW_Lib/STM32H7/PinPort_Def/Neure/HW_Def.c ****     GPIO_InitStruct.Pin = GPIO_PIN_7|GPIO_PIN_8|GPIO_PIN_9|GPIO_PIN_10
 519              		.loc 1 201 25
 520 012e 4FF68373 		movw	r3, #65411
 521 0132 FB61     		str	r3, [r7, #28]
 202:HW_Lib/STM32H7/PinPort_Def/Neure/HW_Def.c ****                             |GPIO_PIN_11|GPIO_PIN_12|GPIO_PIN_13|GPIO_PIN_14
 203:HW_Lib/STM32H7/PinPort_Def/Neure/HW_Def.c ****                             |GPIO_PIN_15|GPIO_PIN_0|GPIO_PIN_1;
 204:HW_Lib/STM32H7/PinPort_Def/Neure/HW_Def.c ****     GPIO_InitStruct.Mode = GPIO_MODE_AF_PP;
 522              		.loc 1 204 26
 523 0134 0223     		movs	r3, #2
 524 0136 3B62     		str	r3, [r7, #32]
 205:HW_Lib/STM32H7/PinPort_Def/Neure/HW_Def.c ****     GPIO_InitStruct.Pull = GPIO_NOPULL;
 525              		.loc 1 205 26
 526 0138 0023     		movs	r3, #0
 527 013a 7B62     		str	r3, [r7, #36]
 206:HW_Lib/STM32H7/PinPort_Def/Neure/HW_Def.c ****     GPIO_InitStruct.Speed = GPIO_SPEED_FREQ_VERY_HIGH;
 528              		.loc 1 206 27
 529 013c 0323     		movs	r3, #3
 530 013e BB62     		str	r3, [r7, #40]
 207:HW_Lib/STM32H7/PinPort_Def/Neure/HW_Def.c ****     GPIO_InitStruct.Alternate = GPIO_AF12_FMC;
 531              		.loc 1 207 31
 532 0140 0C23     		movs	r3, #12
 533 0142 FB62     		str	r3, [r7, #44]
 208:HW_Lib/STM32H7/PinPort_Def/Neure/HW_Def.c ****     HAL_GPIO_Init(GPIOE, &GPIO_InitStruct);
 534              		.loc 1 208 5
 535 0144 07F11C03 		add	r3, r7, #28
 536 0148 1946     		mov	r1, r3
 537 014a 1048     		ldr	r0, .L5+16
 538 014c FFF7FEFF 		bl	HAL_GPIO_Init
 209:HW_Lib/STM32H7/PinPort_Def/Neure/HW_Def.c **** 
 210:HW_Lib/STM32H7/PinPort_Def/Neure/HW_Def.c ****     GPIO_InitStruct.Pin = GPIO_PIN_8|GPIO_PIN_9|GPIO_PIN_10|GPIO_PIN_14
 539              		.loc 1 210 25
 540 0150 4CF20373 		movw	r3, #50947
 541 0154 FB61     		str	r3, [r7, #28]
 211:HW_Lib/STM32H7/PinPort_Def/Neure/HW_Def.c ****                             |GPIO_PIN_15|GPIO_PIN_0|GPIO_PIN_1;
 212:HW_Lib/STM32H7/PinPort_Def/Neure/HW_Def.c ****     GPIO_InitStruct.Mode = GPIO_MODE_AF_PP;
 542              		.loc 1 212 26
 543 0156 0223     		movs	r3, #2
 544 0158 3B62     		str	r3, [r7, #32]
 213:HW_Lib/STM32H7/PinPort_Def/Neure/HW_Def.c ****     GPIO_InitStruct.Pull = GPIO_NOPULL;
 545              		.loc 1 213 26
 546 015a 0023     		movs	r3, #0
 547 015c 7B62     		str	r3, [r7, #36]
 214:HW_Lib/STM32H7/PinPort_Def/Neure/HW_Def.c ****     GPIO_InitStruct.Speed = GPIO_SPEED_FREQ_VERY_HIGH;
 548              		.loc 1 214 27
 549 015e 0323     		movs	r3, #3
 550 0160 BB62     		str	r3, [r7, #40]
 215:HW_Lib/STM32H7/PinPort_Def/Neure/HW_Def.c ****     GPIO_InitStruct.Alternate = GPIO_AF12_FMC;
 551              		.loc 1 215 31
 552 0162 0C23     		movs	r3, #12
ARM GAS  C:\Users\HUAV\AppData\Local\Temp\ccZ62tqs.s 			page 14


 553 0164 FB62     		str	r3, [r7, #44]
 216:HW_Lib/STM32H7/PinPort_Def/Neure/HW_Def.c ****     HAL_GPIO_Init(GPIOD, &GPIO_InitStruct);
 554              		.loc 1 216 5
 555 0166 07F11C03 		add	r3, r7, #28
 556 016a 1946     		mov	r1, r3
 557 016c 0848     		ldr	r0, .L5+20
 558 016e FFF7FEFF 		bl	HAL_GPIO_Init
 217:HW_Lib/STM32H7/PinPort_Def/Neure/HW_Def.c **** }
 559              		.loc 1 217 1
 560 0172 00BF     		nop
 561 0174 3037     		adds	r7, r7, #48
 562              	.LCFI8:
 563              		.cfi_def_cfa_offset 8
 564 0176 BD46     		mov	sp, r7
 565              	.LCFI9:
 566              		.cfi_def_cfa_register 13
 567              		@ sp needed
 568 0178 80BD     		pop	{r7, pc}
 569              	.L6:
 570 017a 00BF     		.align	2
 571              	.L5:
 572 017c 00440258 		.word	1476543488
 573 0180 00140258 		.word	1476531200
 574 0184 001C0258 		.word	1476533248
 575 0188 00180258 		.word	1476532224
 576 018c 00100258 		.word	1476530176
 577 0190 000C0258 		.word	1476529152
 578              		.cfi_endproc
 579              	.LFE337:
 581              		.global	Baro_Bus_Instance
 582              		.section	.bss.Baro_Bus_Instance,"aw",%nobits
 583              		.align	2
 586              	Baro_Bus_Instance:
 587 0000 00000000 		.space	136
 587      00000000 
 587      00000000 
 587      00000000 
 587      00000000 
 588              		.global	p_Baro_CS
 589              		.section	.bss.p_Baro_CS,"aw",%nobits
 590              		.align	2
 593              	p_Baro_CS:
 594 0000 00000000 		.space	4
 595              		.section	.data.Debug_Port4_Obj,"aw"
 596              		.align	2
 599              	Debug_Port4_Obj:
 600 0000 00080700 		.word	460800
 601 0004 00       		.byte	0
 602 0005 000000   		.space	3
 603 0008 004C0040 		.word	1073761280
 604 000c 00000000 		.space	4
 605 0010 FF       		.byte	-1
 606 0011 FF       		.byte	-1
 607 0012 00000000 		.space	6
 607      0000
 608 0018 FF       		.byte	-1
 609 0019 FF       		.byte	-1
ARM GAS  C:\Users\HUAV\AppData\Local\Temp\ccZ62tqs.s 			page 15


 610 001a 00000000 		.space	6
 610      0000
 611 0020 00040258 		.word	1476527104
 612 0024 0002     		.short	512
 613 0026 00       		.byte	0
 614 0027 00       		.space	1
 615 0028 08000000 		.word	8
 616 002c 00040258 		.word	1476527104
 617 0030 0001     		.short	256
 618 0032 00       		.byte	0
 619 0033 00       		.space	1
 620 0034 08000000 		.word	8
 621 0038 00000000 		.space	8
 621      00000000 
 622 0040 00000000 		.word	0
 623 0044 0000     		.short	0
 624 0046 00000000 		.space	50
 624      00000000 
 624      00000000 
 624      00000000 
 624      00000000 
 625              		.global	DebugPort
 626              		.section	.data.DebugPort,"aw"
 627              		.align	2
 630              	DebugPort:
 631 0000 00000000 		.word	Debug_Port4_Obj
 632 0004 00000000 		.space	16
 632      00000000 
 632      00000000 
 632      00000000 
 633              		.text
 634              	.Letext0:
 635              		.file 2 "d:\\hpm-compile-tool\\gcc-arm-none-eabi-10.3-win\\arm-none-eabi\\include\\machine\\_defau
 636              		.file 3 "d:\\hpm-compile-tool\\gcc-arm-none-eabi-10.3-win\\arm-none-eabi\\include\\sys\\_stdint.h"
 637              		.file 4 "HW_Lib/PortApi_Def/Bsp_GPIO_Port_Def.h"
 638              		.file 5 "HW_Lib/STM32H7/HAL_Lib/CMSIS/Device/ST/STM32H7xx/Include/stm32h743xx.h"
 639              		.file 6 "HW_Lib/STM32H7/HAL_Lib/STM32H7xx_HAL_Driver/Inc/stm32h7xx_hal_def.h"
 640              		.file 7 "HW_Lib/STM32H7/HAL_Lib/STM32H7xx_HAL_Driver/Inc/stm32h7xx_hal_gpio.h"
 641              		.file 8 "HW_Lib/STM32H7/HAL_Lib/STM32H7xx_HAL_Driver/Inc/stm32h7xx_hal_dma.h"
 642              		.file 9 "HW_Lib/STM32H7/HAL_Lib/STM32H7xx_HAL_Driver/Inc/stm32h7xx_hal_spi.h"
 643              		.file 10 "HW_Lib/STM32H7/BSP/Bsp_DMA.h"
 644              		.file 11 "HW_Lib/PortApi_Def/Bsp_QSPI_Port_Def.h"
 645              		.file 12 "HW_Lib/PortApi_Def/Bsp_Uart_Port_Def.h"
 646              		.file 13 "debug/debug_util.h"
 647              		.file 14 "Device/Dev_Led.h"
 648              		.file 15 "HW_Lib/STM32H7/PinPort_Def/Neure/HW_Def.h"
ARM GAS  C:\Users\HUAV\AppData\Local\Temp\ccZ62tqs.s 			page 16


DEFINED SYMBOLS
                            *ABS*:00000000 HW_Def.c
C:\Users\HUAV\AppData\Local\Temp\ccZ62tqs.s:23     .rodata.HWVer:00000000 HWVer
C:\Users\HUAV\AppData\Local\Temp\ccZ62tqs.s:20     .rodata.HWVer:00000000 $d
C:\Users\HUAV\AppData\Local\Temp\ccZ62tqs.s:30     .bss.ExtFlash_Bus_InstObj:00000000 ExtFlash_Bus_InstObj
C:\Users\HUAV\AppData\Local\Temp\ccZ62tqs.s:27     .bss.ExtFlash_Bus_InstObj:00000000 $d
C:\Users\HUAV\AppData\Local\Temp\ccZ62tqs.s:37     .data.Debug_PC0:00000000 Debug_PC0
C:\Users\HUAV\AppData\Local\Temp\ccZ62tqs.s:34     .data.Debug_PC0:00000000 $d
C:\Users\HUAV\AppData\Local\Temp\ccZ62tqs.s:47     .data.Debug_PC1:00000000 Debug_PC1
C:\Users\HUAV\AppData\Local\Temp\ccZ62tqs.s:44     .data.Debug_PC1:00000000 $d
C:\Users\HUAV\AppData\Local\Temp\ccZ62tqs.s:57     .data.Debug_PC2:00000000 Debug_PC2
C:\Users\HUAV\AppData\Local\Temp\ccZ62tqs.s:54     .data.Debug_PC2:00000000 $d
C:\Users\HUAV\AppData\Local\Temp\ccZ62tqs.s:67     .data.Debug_PC3:00000000 Debug_PC3
C:\Users\HUAV\AppData\Local\Temp\ccZ62tqs.s:64     .data.Debug_PC3:00000000 $d
C:\Users\HUAV\AppData\Local\Temp\ccZ62tqs.s:77     .data.Debug_PB3:00000000 Debug_PB3
C:\Users\HUAV\AppData\Local\Temp\ccZ62tqs.s:74     .data.Debug_PB3:00000000 $d
C:\Users\HUAV\AppData\Local\Temp\ccZ62tqs.s:87     .data.Debug_PB4:00000000 Debug_PB4
C:\Users\HUAV\AppData\Local\Temp\ccZ62tqs.s:84     .data.Debug_PB4:00000000 $d
C:\Users\HUAV\AppData\Local\Temp\ccZ62tqs.s:97     .data.Debug_PB5:00000000 Debug_PB5
C:\Users\HUAV\AppData\Local\Temp\ccZ62tqs.s:94     .data.Debug_PB5:00000000 $d
C:\Users\HUAV\AppData\Local\Temp\ccZ62tqs.s:107    .data.Debug_PB6:00000000 Debug_PB6
C:\Users\HUAV\AppData\Local\Temp\ccZ62tqs.s:104    .data.Debug_PB6:00000000 $d
C:\Users\HUAV\AppData\Local\Temp\ccZ62tqs.s:117    .data.Debug_PB10:00000000 Debug_PB10
C:\Users\HUAV\AppData\Local\Temp\ccZ62tqs.s:114    .data.Debug_PB10:00000000 $d
C:\Users\HUAV\AppData\Local\Temp\ccZ62tqs.s:127    .data.Led1:00000000 Led1
C:\Users\HUAV\AppData\Local\Temp\ccZ62tqs.s:124    .data.Led1:00000000 $d
C:\Users\HUAV\AppData\Local\Temp\ccZ62tqs.s:137    .data.Uart4_TxPin:00000000 Uart4_TxPin
C:\Users\HUAV\AppData\Local\Temp\ccZ62tqs.s:134    .data.Uart4_TxPin:00000000 $d
C:\Users\HUAV\AppData\Local\Temp\ccZ62tqs.s:147    .data.Uart4_RxPin:00000000 Uart4_RxPin
C:\Users\HUAV\AppData\Local\Temp\ccZ62tqs.s:144    .data.Uart4_RxPin:00000000 $d
C:\Users\HUAV\AppData\Local\Temp\ccZ62tqs.s:157    .data.Uart1_TxPin:00000000 Uart1_TxPin
C:\Users\HUAV\AppData\Local\Temp\ccZ62tqs.s:154    .data.Uart1_TxPin:00000000 $d
C:\Users\HUAV\AppData\Local\Temp\ccZ62tqs.s:167    .data.Uart1_RxPin:00000000 Uart1_RxPin
C:\Users\HUAV\AppData\Local\Temp\ccZ62tqs.s:164    .data.Uart1_RxPin:00000000 $d
C:\Users\HUAV\AppData\Local\Temp\ccZ62tqs.s:177    .data.USB_DctPin:00000000 USB_DctPin
C:\Users\HUAV\AppData\Local\Temp\ccZ62tqs.s:174    .data.USB_DctPin:00000000 $d
C:\Users\HUAV\AppData\Local\Temp\ccZ62tqs.s:183    .text.BspQSPI_Pin_Init:00000000 $t
C:\Users\HUAV\AppData\Local\Temp\ccZ62tqs.s:189    .text.BspQSPI_Pin_Init:00000000 BspQSPI_Pin_Init
C:\Users\HUAV\AppData\Local\Temp\ccZ62tqs.s:342    .text.BspQSPI_Pin_Init:00000104 $d
C:\Users\HUAV\AppData\Local\Temp\ccZ62tqs.s:350    .text.BspSDRAM_Pin_Init:00000000 $t
C:\Users\HUAV\AppData\Local\Temp\ccZ62tqs.s:356    .text.BspSDRAM_Pin_Init:00000000 BspSDRAM_Pin_Init
C:\Users\HUAV\AppData\Local\Temp\ccZ62tqs.s:572    .text.BspSDRAM_Pin_Init:0000017c $d
C:\Users\HUAV\AppData\Local\Temp\ccZ62tqs.s:586    .bss.Baro_Bus_Instance:00000000 Baro_Bus_Instance
C:\Users\HUAV\AppData\Local\Temp\ccZ62tqs.s:583    .bss.Baro_Bus_Instance:00000000 $d
C:\Users\HUAV\AppData\Local\Temp\ccZ62tqs.s:593    .bss.p_Baro_CS:00000000 p_Baro_CS
C:\Users\HUAV\AppData\Local\Temp\ccZ62tqs.s:590    .bss.p_Baro_CS:00000000 $d
C:\Users\HUAV\AppData\Local\Temp\ccZ62tqs.s:596    .data.Debug_Port4_Obj:00000000 $d
C:\Users\HUAV\AppData\Local\Temp\ccZ62tqs.s:599    .data.Debug_Port4_Obj:00000000 Debug_Port4_Obj
C:\Users\HUAV\AppData\Local\Temp\ccZ62tqs.s:630    .data.DebugPort:00000000 DebugPort
C:\Users\HUAV\AppData\Local\Temp\ccZ62tqs.s:627    .data.DebugPort:00000000 $d

UNDEFINED SYMBOLS
HAL_GPIO_Init
