ARM GAS  C:\Users\HUAV\AppData\Local\Temp\ccKfZJyw.s 			page 1


   1              		.cpu cortex-m7
   2              		.arch armv7e-m
   3              		.fpu fpv5-d16
   4              		.eabi_attribute 28, 1
   5              		.eabi_attribute 20, 1
   6              		.eabi_attribute 21, 1
   7              		.eabi_attribute 23, 3
   8              		.eabi_attribute 24, 1
   9              		.eabi_attribute 25, 1
  10              		.eabi_attribute 26, 1
  11              		.eabi_attribute 30, 6
  12              		.eabi_attribute 34, 1
  13              		.eabi_attribute 18, 4
  14              		.file	"main.c"
  15              		.text
  16              	.Ltext0:
  17              		.cfi_sections	.debug_frame
  18              		.section	.text.main,"ax",%progbits
  19              		.align	1
  20              		.global	main
  21              		.syntax unified
  22              		.thumb
  23              		.thumb_func
  25              	main:
  26              	.LFB0:
  27              		.file 1 "main.c"
   1:main.c        **** #include "kernel.h"
   2:main.c        **** #include "Task_Manager.h"
   3:main.c        **** 
   4:main.c        **** int main(void)
   5:main.c        **** {
  28              		.loc 1 5 1
  29              		.cfi_startproc
  30              		@ args = 0, pretend = 0, frame = 8
  31              		@ frame_needed = 1, uses_anonymous_args = 0
  32 0000 80B5     		push	{r7, lr}
  33              	.LCFI0:
  34              		.cfi_def_cfa_offset 8
  35              		.cfi_offset 7, -8
  36              		.cfi_offset 14, -4
  37 0002 82B0     		sub	sp, sp, #8
  38              	.LCFI1:
  39              		.cfi_def_cfa_offset 16
  40 0004 00AF     		add	r7, sp, #0
  41              	.LCFI2:
  42              		.cfi_def_cfa_register 7
   6:main.c        ****     bool kernel_init_state = false;
  43              		.loc 1 6 10
  44 0006 0023     		movs	r3, #0
  45 0008 FB71     		strb	r3, [r7, #7]
   7:main.c        ****     
   8:main.c        ****     kernel_init_state = Kernel_Init();
  46              		.loc 1 8 25
  47 000a FFF7FEFF 		bl	Kernel_Init
  48 000e 0346     		mov	r3, r0
  49 0010 FB71     		strb	r3, [r7, #7]
   9:main.c        **** 
ARM GAS  C:\Users\HUAV\AppData\Local\Temp\ccKfZJyw.s 			page 2


  10:main.c        ****     /* if kernel init failed do infinity loop */
  11:main.c        ****     while(!kernel_init_state);
  50              		.loc 1 11 10
  51 0012 00BF     		nop
  52              	.L2:
  53              		.loc 1 11 11 discriminator 1
  54 0014 FB79     		ldrb	r3, [r7, #7]
  55 0016 83F00103 		eor	r3, r3, #1
  56 001a DBB2     		uxtb	r3, r3
  57              		.loc 1 11 10 discriminator 1
  58 001c 002B     		cmp	r3, #0
  59 001e F9D1     		bne	.L2
  12:main.c        **** 
  13:main.c        ****     /* create task down below */
  14:main.c        ****     Task_Manager_Init();
  60              		.loc 1 14 5
  61 0020 FFF7FEFF 		bl	Task_Manager_Init
  15:main.c        ****     /* create task up top */
  16:main.c        **** 
  17:main.c        ****     return 0;
  62              		.loc 1 17 12
  63 0024 0023     		movs	r3, #0
  18:main.c        **** }
  64              		.loc 1 18 1
  65 0026 1846     		mov	r0, r3
  66 0028 0837     		adds	r7, r7, #8
  67              	.LCFI3:
  68              		.cfi_def_cfa_offset 8
  69 002a BD46     		mov	sp, r7
  70              	.LCFI4:
  71              		.cfi_def_cfa_register 13
  72              		@ sp needed
  73 002c 80BD     		pop	{r7, pc}
  74              		.cfi_endproc
  75              	.LFE0:
  77              		.text
  78              	.Letext0:
ARM GAS  C:\Users\HUAV\AppData\Local\Temp\ccKfZJyw.s 			page 3


DEFINED SYMBOLS
                            *ABS*:00000000 main.c
C:\Users\HUAV\AppData\Local\Temp\ccKfZJyw.s:19     .text.main:00000000 $t
C:\Users\HUAV\AppData\Local\Temp\ccKfZJyw.s:25     .text.main:00000000 main

UNDEFINED SYMBOLS
Kernel_Init
Task_Manager_Init
