ARM GAS  C:\Users\HUAV\AppData\Local\Temp\cczzI6pD.s 			page 1


   1              		.cpu cortex-m7
   2              		.arch armv7e-m
   3              		.fpu fpv5-d16
   4              		.eabi_attribute 28, 1
   5              		.eabi_attribute 20, 1
   6              		.eabi_attribute 21, 1
   7              		.eabi_attribute 23, 3
   8              		.eabi_attribute 24, 1
   9              		.eabi_attribute 25, 1
  10              		.eabi_attribute 26, 1
  11              		.eabi_attribute 30, 6
  12              		.eabi_attribute 34, 1
  13              		.eabi_attribute 18, 4
  14              		.file	"shell_port.c"
  15              		.text
  16              	.Ltext0:
  17              		.cfi_sections	.debug_frame
  18              		.section	.bss.shell,"aw",%nobits
  19              		.align	2
  22              	shell:
  23 0000 00000000 		.space	108
  23      00000000 
  23      00000000 
  23      00000000 
  23      00000000 
  24              		.section	.text.Shell_Init,"ax",%progbits
  25              		.align	1
  26              		.global	Shell_Init
  27              		.syntax unified
  28              		.thumb
  29              		.thumb_func
  31              	Shell_Init:
  32              	.LFB3:
  33              		.file 1 "System/shell/shell_port.c"
   1:System/shell/shell_port.c **** #include "shell.h"
   2:System/shell/shell_port.c **** #include <stdio.h>
   3:System/shell/shell_port.c **** #include <stdarg.h>
   4:System/shell/shell_port.c **** #include "shell_port.h"
   5:System/shell/shell_port.c **** 
   6:System/shell/shell_port.c **** static Shell shell;
   7:System/shell/shell_port.c **** 
   8:System/shell/shell_port.c **** void Shell_Init(Shell_Write_Callback callback, uint8_t *p_buff, uint16_t size)
   9:System/shell/shell_port.c **** {
  34              		.loc 1 9 1
  35              		.cfi_startproc
  36              		@ args = 0, pretend = 0, frame = 16
  37              		@ frame_needed = 1, uses_anonymous_args = 0
  38 0000 80B5     		push	{r7, lr}
  39              	.LCFI0:
  40              		.cfi_def_cfa_offset 8
  41              		.cfi_offset 7, -8
  42              		.cfi_offset 14, -4
  43 0002 84B0     		sub	sp, sp, #16
  44              	.LCFI1:
  45              		.cfi_def_cfa_offset 24
  46 0004 00AF     		add	r7, sp, #0
  47              	.LCFI2:
ARM GAS  C:\Users\HUAV\AppData\Local\Temp\cczzI6pD.s 			page 2


  48              		.cfi_def_cfa_register 7
  49 0006 F860     		str	r0, [r7, #12]
  50 0008 B960     		str	r1, [r7, #8]
  51 000a 1346     		mov	r3, r2
  52 000c FB80     		strh	r3, [r7, #6]	@ movhi
  10:System/shell/shell_port.c **** 	shell.write = callback;
  53              		.loc 1 10 14
  54 000e 064A     		ldr	r2, .L2
  55 0010 FB68     		ldr	r3, [r7, #12]
  56 0012 9366     		str	r3, [r2, #104]
  11:System/shell/shell_port.c **** 	shellInit(&shell, (char *)p_buff, size);
  57              		.loc 1 11 2
  58 0014 FB88     		ldrh	r3, [r7, #6]
  59 0016 1A46     		mov	r2, r3
  60 0018 B968     		ldr	r1, [r7, #8]
  61 001a 0348     		ldr	r0, .L2
  62 001c FFF7FEFF 		bl	shellInit
  12:System/shell/shell_port.c **** }
  63              		.loc 1 12 1
  64 0020 00BF     		nop
  65 0022 1037     		adds	r7, r7, #16
  66              	.LCFI3:
  67              		.cfi_def_cfa_offset 8
  68 0024 BD46     		mov	sp, r7
  69              	.LCFI4:
  70              		.cfi_def_cfa_register 13
  71              		@ sp needed
  72 0026 80BD     		pop	{r7, pc}
  73              	.L3:
  74              		.align	2
  75              	.L2:
  76 0028 00000000 		.word	shell
  77              		.cfi_endproc
  78              	.LFE3:
  80              		.section	.text.Shell_GetInstence,"ax",%progbits
  81              		.align	1
  82              		.global	Shell_GetInstence
  83              		.syntax unified
  84              		.thumb
  85              		.thumb_func
  87              	Shell_GetInstence:
  88              	.LFB4:
  13:System/shell/shell_port.c **** 
  14:System/shell/shell_port.c **** Shell *Shell_GetInstence(void)
  15:System/shell/shell_port.c **** {
  89              		.loc 1 15 1
  90              		.cfi_startproc
  91              		@ args = 0, pretend = 0, frame = 0
  92              		@ frame_needed = 1, uses_anonymous_args = 0
  93              		@ link register save eliminated.
  94 0000 80B4     		push	{r7}
  95              	.LCFI5:
  96              		.cfi_def_cfa_offset 4
  97              		.cfi_offset 7, -4
  98 0002 00AF     		add	r7, sp, #0
  99              	.LCFI6:
 100              		.cfi_def_cfa_register 7
ARM GAS  C:\Users\HUAV\AppData\Local\Temp\cczzI6pD.s 			page 3


  16:System/shell/shell_port.c **** 	return &shell;
 101              		.loc 1 16 9
 102 0004 024B     		ldr	r3, .L6
  17:System/shell/shell_port.c **** }...
 103              		.loc 1 17 1
 104 0006 1846     		mov	r0, r3
 105 0008 BD46     		mov	sp, r7
 106              	.LCFI7:
 107              		.cfi_def_cfa_register 13
 108              		@ sp needed
 109 000a 5DF8047B 		ldr	r7, [sp], #4
 110              	.LCFI8:
 111              		.cfi_restore 7
 112              		.cfi_def_cfa_offset 0
 113 000e 7047     		bx	lr
 114              	.L7:
 115              		.align	2
 116              	.L6:
 117 0010 00000000 		.word	shell
 118              		.cfi_endproc
 119              	.LFE4:
 121              		.text
 122              	.Letext0:
 123              		.file 2 "d:\\hpm-compile-tool\\gcc-arm-none-eabi-10.3-win\\arm-none-eabi\\include\\machine\\_defau
 124              		.file 3 "d:\\hpm-compile-tool\\gcc-arm-none-eabi-10.3-win\\arm-none-eabi\\include\\sys\\_stdint.h"
 125              		.file 4 "System/shell/shell.h"
 126              		.file 5 "System/shell/shell_port.h"
ARM GAS  C:\Users\HUAV\AppData\Local\Temp\cczzI6pD.s 			page 4


DEFINED SYMBOLS
                            *ABS*:00000000 shell_port.c
C:\Users\HUAV\AppData\Local\Temp\cczzI6pD.s:19     .bss.shell:00000000 $d
C:\Users\HUAV\AppData\Local\Temp\cczzI6pD.s:22     .bss.shell:00000000 shell
C:\Users\HUAV\AppData\Local\Temp\cczzI6pD.s:25     .text.Shell_Init:00000000 $t
C:\Users\HUAV\AppData\Local\Temp\cczzI6pD.s:31     .text.Shell_Init:00000000 Shell_Init
C:\Users\HUAV\AppData\Local\Temp\cczzI6pD.s:76     .text.Shell_Init:00000028 $d
C:\Users\HUAV\AppData\Local\Temp\cczzI6pD.s:81     .text.Shell_GetInstence:00000000 $t
C:\Users\HUAV\AppData\Local\Temp\cczzI6pD.s:87     .text.Shell_GetInstence:00000000 Shell_GetInstence
C:\Users\HUAV\AppData\Local\Temp\cczzI6pD.s:117    .text.Shell_GetInstence:00000010 $d

UNDEFINED SYMBOLS
shellInit
