ARM GAS  C:\Users\HUAV\AppData\Local\Temp\ccKiQcKf.s 			page 1


   1              		.cpu cortex-m7
   2              		.arch armv7e-m
   3              		.fpu fpv5-d16
   4              		.eabi_attribute 28, 1
   5              		.eabi_attribute 20, 1
   6              		.eabi_attribute 21, 1
   7              		.eabi_attribute 23, 3
   8              		.eabi_attribute 24, 1
   9              		.eabi_attribute 25, 1
  10              		.eabi_attribute 26, 1
  11              		.eabi_attribute 30, 6
  12              		.eabi_attribute 34, 1
  13              		.eabi_attribute 18, 4
  14              		.file	"Srv_Actuator.c"
  15              		.text
  16              	.Ltext0:
  17              		.cfi_sections	.debug_frame
  18              		.global	SrvActuator
  19              		.section	.data.SrvActuator,"aw"
  20              		.align	2
  23              	SrvActuator:
  24 0000 00000000 		.word	SrvActuator_Init
  25 0004 00000000 		.word	SrvActuator_Lock
  26 0008 00000000 		.word	SrvActuator_MotoControl
  27 000c 00000000 		.word	0
  28 0010 00000000 		.word	0
  29 0014 00000000 		.word	0
  30              		.section	.text.SrvActuator_Init,"ax",%progbits
  31              		.align	1
  32              		.syntax unified
  33              		.thumb
  34              		.thumb_func
  36              	SrvActuator_Init:
  37              	.LFB341:
  38              		.file 1 "Service/Srv_Actuator.c"
   1:Service/Srv_Actuator.c **** #include "Srv_Actuator.h"
   2:Service/Srv_Actuator.c **** #include "Srv_OsCommon.h"
   3:Service/Srv_Actuator.c **** 
   4:Service/Srv_Actuator.c **** #define SRV_ACTUATOR_MAX_THROTTLE_PERCENT 80
   5:Service/Srv_Actuator.c **** #define Actuator_Malloc(size) SrvOsCommon.malloc(size)
   6:Service/Srv_Actuator.c **** #define Actuator_Free(ptr) SrvOsCommon.free(ptr)
   7:Service/Srv_Actuator.c **** 
   8:Service/Srv_Actuator.c **** /* internal function */
   9:Service/Srv_Actuator.c **** 
  10:Service/Srv_Actuator.c **** /* external function */
  11:Service/Srv_Actuator.c **** static bool SrvActuator_Init(SrvActuator_ESCType_List ESC_type);
  12:Service/Srv_Actuator.c **** static void SrvActuator_MotoControl(int16_t *p_val);
  13:Service/Srv_Actuator.c **** static bool SrvActuator_Lock(void);
  14:Service/Srv_Actuator.c **** 
  15:Service/Srv_Actuator.c **** /* external variable */
  16:Service/Srv_Actuator.c **** SrvActuator_TypeDef SrvActuator = {
  17:Service/Srv_Actuator.c ****     .init               = SrvActuator_Init,
  18:Service/Srv_Actuator.c ****     .lock               = SrvActuator_Lock,
  19:Service/Srv_Actuator.c ****     .mix_control        = SrvActuator_MotoControl,
  20:Service/Srv_Actuator.c ****     .set_spin_dir       = NULL,
  21:Service/Srv_Actuator.c ****     .moto_direct_drive  = NULL,
  22:Service/Srv_Actuator.c ****     .servo_direct_drive = NULL,
ARM GAS  C:\Users\HUAV\AppData\Local\Temp\ccKiQcKf.s 			page 2


  23:Service/Srv_Actuator.c **** };
  24:Service/Srv_Actuator.c **** 
  25:Service/Srv_Actuator.c **** static bool SrvActuator_Init(SrvActuator_ESCType_List ESC_type)
  26:Service/Srv_Actuator.c **** {
  39              		.loc 1 26 1
  40              		.cfi_startproc
  41              		@ args = 0, pretend = 0, frame = 8
  42              		@ frame_needed = 1, uses_anonymous_args = 0
  43 0000 80B5     		push	{r7, lr}
  44              	.LCFI0:
  45              		.cfi_def_cfa_offset 8
  46              		.cfi_offset 7, -8
  47              		.cfi_offset 14, -4
  48 0002 82B0     		sub	sp, sp, #8
  49              	.LCFI1:
  50              		.cfi_def_cfa_offset 16
  51 0004 00AF     		add	r7, sp, #0
  52              	.LCFI2:
  53              		.cfi_def_cfa_register 7
  54 0006 0346     		mov	r3, r0
  55 0008 FB71     		strb	r3, [r7, #7]
  27:Service/Srv_Actuator.c ****     /* malloc dshot esc driver obj for using */
  28:Service/Srv_Actuator.c ****         
  29:Service/Srv_Actuator.c ****     /* default init */
  30:Service/Srv_Actuator.c ****     switch (ESC_type)
  56              		.loc 1 30 5
  57 000a FB79     		ldrb	r3, [r7, #7]	@ zero_extendqisi2
  58 000c 022B     		cmp	r3, #2
  59 000e 01D9     		bls	.L6
  31:Service/Srv_Actuator.c ****     {
  32:Service/Srv_Actuator.c ****         case ESC_Type_DShot150:
  33:Service/Srv_Actuator.c ****         case ESC_Type_DShot300:
  34:Service/Srv_Actuator.c ****         case ESC_Type_DShot600:
  35:Service/Srv_Actuator.c ****             /* set moto info */
  36:Service/Srv_Actuator.c ****             break;
  37:Service/Srv_Actuator.c **** 
  38:Service/Srv_Actuator.c ****         default: return false;
  60              		.loc 1 38 25
  61 0010 0023     		movs	r3, #0
  62 0012 03E0     		b	.L4
  63              	.L6:
  36:Service/Srv_Actuator.c **** 
  64              		.loc 1 36 13
  65 0014 00BF     		nop
  39:Service/Srv_Actuator.c ****     }
  40:Service/Srv_Actuator.c **** 
  41:Service/Srv_Actuator.c ****     /* set servo object */
  42:Service/Srv_Actuator.c **** 
  43:Service/Srv_Actuator.c ****     /* check value remap relationship */
  44:Service/Srv_Actuator.c ****     /* we can read this info from storage module */
  45:Service/Srv_Actuator.c ****     SrvActuator_Lock();
  66              		.loc 1 45 5
  67 0016 FFF7FEFF 		bl	SrvActuator_Lock
  46:Service/Srv_Actuator.c **** 
  47:Service/Srv_Actuator.c ****     return true;
  68              		.loc 1 47 12
  69 001a 0123     		movs	r3, #1
ARM GAS  C:\Users\HUAV\AppData\Local\Temp\ccKiQcKf.s 			page 3


  70              	.L4:
  48:Service/Srv_Actuator.c **** }
  71              		.loc 1 48 1
  72 001c 1846     		mov	r0, r3
  73 001e 0837     		adds	r7, r7, #8
  74              	.LCFI3:
  75              		.cfi_def_cfa_offset 8
  76 0020 BD46     		mov	sp, r7
  77              	.LCFI4:
  78              		.cfi_def_cfa_register 13
  79              		@ sp needed
  80 0022 80BD     		pop	{r7, pc}
  81              		.cfi_endproc
  82              	.LFE341:
  84              		.section	.text.SrvActuator_Lock,"ax",%progbits
  85              		.align	1
  86              		.syntax unified
  87              		.thumb
  88              		.thumb_func
  90              	SrvActuator_Lock:
  91              	.LFB342:
  49:Service/Srv_Actuator.c **** 
  50:Service/Srv_Actuator.c **** static bool SrvActuator_Lock(void)
  51:Service/Srv_Actuator.c **** {
  92              		.loc 1 51 1
  93              		.cfi_startproc
  94              		@ args = 0, pretend = 0, frame = 0
  95              		@ frame_needed = 1, uses_anonymous_args = 0
  96              		@ link register save eliminated.
  97 0000 80B4     		push	{r7}
  98              	.LCFI5:
  99              		.cfi_def_cfa_offset 4
 100              		.cfi_offset 7, -4
 101 0002 00AF     		add	r7, sp, #0
 102              	.LCFI6:
 103              		.cfi_def_cfa_register 7
  52:Service/Srv_Actuator.c ****     return false;
 104              		.loc 1 52 12
 105 0004 0023     		movs	r3, #0
  53:Service/Srv_Actuator.c **** }
 106              		.loc 1 53 1
 107 0006 1846     		mov	r0, r3
 108 0008 BD46     		mov	sp, r7
 109              	.LCFI7:
 110              		.cfi_def_cfa_register 13
 111              		@ sp needed
 112 000a 5DF8047B 		ldr	r7, [sp], #4
 113              	.LCFI8:
 114              		.cfi_restore 7
 115              		.cfi_def_cfa_offset 0
 116 000e 7047     		bx	lr
 117              		.cfi_endproc
 118              	.LFE342:
 120              		.section	.text.SrvActuator_MotoControl,"ax",%progbits
 121              		.align	1
 122              		.syntax unified
 123              		.thumb
ARM GAS  C:\Users\HUAV\AppData\Local\Temp\ccKiQcKf.s 			page 4


 124              		.thumb_func
 126              	SrvActuator_MotoControl:
 127              	.LFB343:
  54:Service/Srv_Actuator.c **** 
  55:Service/Srv_Actuator.c **** static void SrvActuator_MotoControl(int16_t *p_val)
  56:Service/Srv_Actuator.c **** {
 128              		.loc 1 56 1
 129              		.cfi_startproc
 130              		@ args = 0, pretend = 0, frame = 8
 131              		@ frame_needed = 1, uses_anonymous_args = 0
 132              		@ link register save eliminated.
 133 0000 80B4     		push	{r7}
 134              	.LCFI9:
 135              		.cfi_def_cfa_offset 4
 136              		.cfi_offset 7, -4
 137 0002 83B0     		sub	sp, sp, #12
 138              	.LCFI10:
 139              		.cfi_def_cfa_offset 16
 140 0004 00AF     		add	r7, sp, #0
 141              	.LCFI11:
 142              		.cfi_def_cfa_register 7
 143 0006 7860     		str	r0, [r7, #4]
  57:Service/Srv_Actuator.c ****     // uint8_t i = 0;
  58:Service/Srv_Actuator.c ****     // uint8_t offset;
  59:Service/Srv_Actuator.c **** 
  60:Service/Srv_Actuator.c ****     // if ((p_val == NULL) || !SrvActuator_Obj.init)
  61:Service/Srv_Actuator.c ****     //     return;
  62:Service/Srv_Actuator.c **** }
 144              		.loc 1 62 1
 145 0008 00BF     		nop
 146 000a 0C37     		adds	r7, r7, #12
 147              	.LCFI12:
 148              		.cfi_def_cfa_offset 4
 149 000c BD46     		mov	sp, r7
 150              	.LCFI13:
 151              		.cfi_def_cfa_register 13
 152              		@ sp needed
 153 000e 5DF8047B 		ldr	r7, [sp], #4
 154              	.LCFI14:
 155              		.cfi_restore 7
 156              		.cfi_def_cfa_offset 0
 157 0012 7047     		bx	lr
 158              		.cfi_endproc
 159              	.LFE343:
 161              		.text
 162              	.Letext0:
 163              		.file 2 "d:\\hpm-compile-tool\\gcc-arm-none-eabi-10.3-win\\arm-none-eabi\\include\\machine\\_defau
 164              		.file 3 "d:\\hpm-compile-tool\\gcc-arm-none-eabi-10.3-win\\arm-none-eabi\\include\\sys\\_stdint.h"
 165              		.file 4 "Service/Srv_Actuator.h"
ARM GAS  C:\Users\HUAV\AppData\Local\Temp\ccKiQcKf.s 			page 5


DEFINED SYMBOLS
                            *ABS*:00000000 Srv_Actuator.c
C:\Users\HUAV\AppData\Local\Temp\ccKiQcKf.s:23     .data.SrvActuator:00000000 SrvActuator
C:\Users\HUAV\AppData\Local\Temp\ccKiQcKf.s:20     .data.SrvActuator:00000000 $d
C:\Users\HUAV\AppData\Local\Temp\ccKiQcKf.s:36     .text.SrvActuator_Init:00000000 SrvActuator_Init
C:\Users\HUAV\AppData\Local\Temp\ccKiQcKf.s:90     .text.SrvActuator_Lock:00000000 SrvActuator_Lock
C:\Users\HUAV\AppData\Local\Temp\ccKiQcKf.s:126    .text.SrvActuator_MotoControl:00000000 SrvActuator_MotoControl
C:\Users\HUAV\AppData\Local\Temp\ccKiQcKf.s:31     .text.SrvActuator_Init:00000000 $t
C:\Users\HUAV\AppData\Local\Temp\ccKiQcKf.s:85     .text.SrvActuator_Lock:00000000 $t
C:\Users\HUAV\AppData\Local\Temp\ccKiQcKf.s:121    .text.SrvActuator_MotoControl:00000000 $t

NO UNDEFINED SYMBOLS
