ARM GAS  C:\Users\HUAV\AppData\Local\Temp\ccHAO3Ly.s 			page 1


   1              		.cpu cortex-m7
   2              		.arch armv7e-m
   3              		.fpu fpv5-d16
   4              		.eabi_attribute 28, 1
   5              		.eabi_attribute 20, 1
   6              		.eabi_attribute 21, 1
   7              		.eabi_attribute 23, 3
   8              		.eabi_attribute 24, 1
   9              		.eabi_attribute 25, 1
  10              		.eabi_attribute 26, 1
  11              		.eabi_attribute 30, 6
  12              		.eabi_attribute 34, 1
  13              		.eabi_attribute 18, 4
  14              		.file	"Srv_ComTrans.c"
  15              		.text
  16              	.Ltext0:
  17              		.cfi_sections	.debug_frame
  18              		.section	.Perph_Section,"aw"
  19              		.align	2
  22              	SrvCom_Tx_Buff:
  23 0000 00000000 		.space	2048
  23      00000000 
  23      00000000 
  23      00000000 
  23      00000000 
  24              		.align	2
  27              	SrvCom_Rx_Buff:
  28 0800 00000000 		.space	2048
  28      00000000 
  28      00000000 
  28      00000000 
  28      00000000 
  29              		.section	.bss.SrvCom_Rx_tmpBuf_1,"aw",%nobits
  30              		.align	2
  33              	SrvCom_Rx_tmpBuf_1:
  34 0000 00000000 		.space	2048
  34      00000000 
  34      00000000 
  34      00000000 
  34      00000000 
  35              		.section	.bss.SrvCom_Rx_tmpBuf_2,"aw",%nobits
  36              		.align	2
  39              	SrvCom_Rx_tmpBuf_2:
  40 0000 00000000 		.space	2048
  40      00000000 
  40      00000000 
  40      00000000 
  40      00000000 
  41              		.global	SrvCom
  42              		.section	.data.SrvCom,"aw"
  43              		.align	2
  46              	SrvCom:
  47 0000 00000000 		.word	SrvComTrans_Init
  48 0004 00000000 		.word	SrvComTrans_DeInit
  49 0008 00000000 		.word	SrvComTrans_Write
  50 000c 00000000 		.word	SrvComTrans_GetRecData
  51 0010 00000000 		.word	SrvComTrans_DataAvailable
ARM GAS  C:\Users\HUAV\AppData\Local\Temp\ccHAO3Ly.s 			page 2


  52              		.section	.text.SrvComTrans_Init,"ax",%progbits
  53              		.align	1
  54              		.syntax unified
  55              		.thumb
  56              		.thumb_func
  58              	SrvComTrans_Init:
  59              	.LFB341:
  60              		.file 1 "Service/Srv_ComTrans.c"
   1:Service/Srv_ComTrans.c **** #include "Srv_ComTrans.h"
   2:Service/Srv_ComTrans.c **** #include "Srv_OsCommon.h"
   3:Service/Srv_ComTrans.c **** #include "HW_Def.h"
   4:Service/Srv_ComTrans.c **** 
   5:Service/Srv_ComTrans.c **** #define SRV_COM_PORT            USART1
   6:Service/Srv_ComTrans.c **** #define SRV_COM_BAUDRATE        460800
   7:Service/Srv_ComTrans.c **** #define SRV_COM_TX_PIN          Uart1_TxPin
   8:Service/Srv_ComTrans.c **** #define SRV_COM_RX_PIN          Uart1_RxPin
   9:Service/Srv_ComTrans.c **** #define SRV_COM_TX_DMA          Bsp_DMA_2
  10:Service/Srv_ComTrans.c **** #define SRV_COM_TX_DMA_STREAM   Bsp_DMA_Stream_0
  11:Service/Srv_ComTrans.c **** #define SRV_COM_RX_DMA          Bsp_DMA_2
  12:Service/Srv_ComTrans.c **** #define SRV_COM_RX_DMA_STREAM   Bsp_DMA_Stream_1
  13:Service/Srv_ComTrans.c **** #define SRV_COM_TX_BUFF_LEN     (2 Kb)
  14:Service/Srv_ComTrans.c **** #define SRV_COM_RX_BUFF_LEN     (2 Kb)
  15:Service/Srv_ComTrans.c **** #define SRV_COM_QUEUE_SIZE      (2 Kb)
  16:Service/Srv_ComTrans.c **** #define SRV_COM_TX_TIMEOUT      100
  17:Service/Srv_ComTrans.c **** 
  18:Service/Srv_ComTrans.c **** /* internal variable */
  19:Service/Srv_ComTrans.c **** static __attribute__((section(".Perph_Section"))) uint8_t SrvCom_Tx_Buff[SRV_COM_TX_BUFF_LEN] = {0}
  20:Service/Srv_ComTrans.c **** static __attribute__((section(".Perph_Section"))) uint8_t SrvCom_Rx_Buff[SRV_COM_RX_BUFF_LEN] = {0}
  21:Service/Srv_ComTrans.c **** static uint8_t SrvCom_Rx_tmpBuf_1[SRV_COM_RX_BUFF_LEN];
  22:Service/Srv_ComTrans.c **** static uint8_t SrvCom_Rx_tmpBuf_2[SRV_COM_RX_BUFF_LEN];
  23:Service/Srv_ComTrans.c **** 
  24:Service/Srv_ComTrans.c **** /* internal function */
  25:Service/Srv_ComTrans.c **** static void SrvComTrans_Rx_Callback(uint32_t cust_data_addr, uint8_t *buff, uint16_t size);
  26:Service/Srv_ComTrans.c **** static void SrvComTrans_Tx_Callback(uint32_t cust_data_addr, uint8_t *buff, uint16_t size);
  27:Service/Srv_ComTrans.c **** 
  28:Service/Srv_ComTrans.c **** /* external function */
  29:Service/Srv_ComTrans.c **** static bool SrvComTrans_Init(SrvComObj_TypeDef *obj);
  30:Service/Srv_ComTrans.c **** static bool SrvComTrans_DeInit(SrvComObj_TypeDef *obj);
  31:Service/Srv_ComTrans.c **** static uint16_t SrvComTrans_DataAvailable(SrvComObj_TypeDef *obj);
  32:Service/Srv_ComTrans.c **** static bool SrvComTrans_Write(SrvComObj_TypeDef *obj, uint8_t *p_data, uint16_t len);
  33:Service/Srv_ComTrans.c **** static uint16_t SrvComTrans_GetRecData(SrvComObj_TypeDef *obj, uint8_t *p_data, uint16_t len);
  34:Service/Srv_ComTrans.c **** 
  35:Service/Srv_ComTrans.c **** /* external variable */
  36:Service/Srv_ComTrans.c **** SrvComTrans_TypeDef SrvCom = {
  37:Service/Srv_ComTrans.c ****     .init           = SrvComTrans_Init,
  38:Service/Srv_ComTrans.c ****     .de_init        = SrvComTrans_DeInit,
  39:Service/Srv_ComTrans.c ****     .write          = SrvComTrans_Write,
  40:Service/Srv_ComTrans.c ****     .read           = SrvComTrans_GetRecData,
  41:Service/Srv_ComTrans.c ****     .available      = SrvComTrans_DataAvailable,
  42:Service/Srv_ComTrans.c **** };
  43:Service/Srv_ComTrans.c **** 
  44:Service/Srv_ComTrans.c **** static bool SrvComTrans_Init(SrvComObj_TypeDef *obj)
  45:Service/Srv_ComTrans.c **** {
  61              		.loc 1 45 1
  62              		.cfi_startproc
  63              		@ args = 0, pretend = 0, frame = 24
  64              		@ frame_needed = 1, uses_anonymous_args = 0
ARM GAS  C:\Users\HUAV\AppData\Local\Temp\ccHAO3Ly.s 			page 3


  65 0000 90B5     		push	{r4, r7, lr}
  66              	.LCFI0:
  67              		.cfi_def_cfa_offset 12
  68              		.cfi_offset 4, -12
  69              		.cfi_offset 7, -8
  70              		.cfi_offset 14, -4
  71 0002 87B0     		sub	sp, sp, #28
  72              	.LCFI1:
  73              		.cfi_def_cfa_offset 40
  74 0004 00AF     		add	r7, sp, #0
  75              	.LCFI2:
  76              		.cfi_def_cfa_register 7
  77 0006 7860     		str	r0, [r7, #4]
  46:Service/Srv_ComTrans.c ****     bool state = true;
  78              		.loc 1 46 10
  79 0008 0123     		movs	r3, #1
  80 000a FB75     		strb	r3, [r7, #23]
  47:Service/Srv_ComTrans.c **** 
  48:Service/Srv_ComTrans.c ****     if (obj == NULL)
  81              		.loc 1 48 8
  82 000c 7B68     		ldr	r3, [r7, #4]
  83 000e 002B     		cmp	r3, #0
  84 0010 01D1     		bne	.L2
  49:Service/Srv_ComTrans.c ****         return false;
  85              		.loc 1 49 16
  86 0012 0023     		movs	r3, #0
  87 0014 DCE0     		b	.L8
  88              	.L2:
  50:Service/Srv_ComTrans.c **** 
  51:Service/Srv_ComTrans.c ****     obj->init_state = false;
  89              		.loc 1 51 21
  90 0016 7B68     		ldr	r3, [r7, #4]
  91 0018 0022     		movs	r2, #0
  92 001a 1A70     		strb	r2, [r3]
  52:Service/Srv_ComTrans.c **** 
  53:Service/Srv_ComTrans.c ****     memset(SrvCom_Tx_Buff,     0, SRV_COM_TX_BUFF_LEN);
  93              		.loc 1 53 5
  94 001c 4FF40062 		mov	r2, #2048
  95 0020 0021     		movs	r1, #0
  96 0022 6D48     		ldr	r0, .L9
  97 0024 FFF7FEFF 		bl	memset
  54:Service/Srv_ComTrans.c ****     memset(SrvCom_Rx_Buff,     0, SRV_COM_RX_BUFF_LEN);
  98              		.loc 1 54 5
  99 0028 4FF40062 		mov	r2, #2048
 100 002c 0021     		movs	r1, #0
 101 002e 6B48     		ldr	r0, .L9+4
 102 0030 FFF7FEFF 		bl	memset
  55:Service/Srv_ComTrans.c ****     memset(SrvCom_Rx_tmpBuf_1, 0, SRV_COM_RX_BUFF_LEN);
 103              		.loc 1 55 5
 104 0034 4FF40062 		mov	r2, #2048
 105 0038 0021     		movs	r1, #0
 106 003a 6948     		ldr	r0, .L9+8
 107 003c FFF7FEFF 		bl	memset
  56:Service/Srv_ComTrans.c ****     memset(SrvCom_Rx_tmpBuf_2, 0, SRV_COM_RX_BUFF_LEN);
 108              		.loc 1 56 5
 109 0040 4FF40062 		mov	r2, #2048
 110 0044 0021     		movs	r1, #0
ARM GAS  C:\Users\HUAV\AppData\Local\Temp\ccHAO3Ly.s 			page 4


 111 0046 6748     		ldr	r0, .L9+12
 112 0048 FFF7FEFF 		bl	memset
  57:Service/Srv_ComTrans.c **** 
  58:Service/Srv_ComTrans.c ****     /* create port object */
  59:Service/Srv_ComTrans.c ****     obj->port_obj = SrvOsCommon.malloc(BspUartObj_Size);
 113              		.loc 1 59 32
 114 004c 664B     		ldr	r3, .L9+16
 115 004e 1B6B     		ldr	r3, [r3, #48]
 116              		.loc 1 59 21
 117 0050 7820     		movs	r0, #120
 118 0052 9847     		blx	r3
 119              	.LVL0:
 120 0054 0246     		mov	r2, r0
 121              		.loc 1 59 19
 122 0056 7B68     		ldr	r3, [r7, #4]
 123 0058 5A60     		str	r2, [r3, #4]
  60:Service/Srv_ComTrans.c ****     if (obj->port_obj == NULL)
 124              		.loc 1 60 12
 125 005a 7B68     		ldr	r3, [r7, #4]
 126 005c 5B68     		ldr	r3, [r3, #4]
 127              		.loc 1 60 8
 128 005e 002B     		cmp	r3, #0
 129 0060 01D1     		bne	.L4
  61:Service/Srv_ComTrans.c ****         return false;
 130              		.loc 1 61 16
 131 0062 0023     		movs	r3, #0
 132 0064 B4E0     		b	.L8
 133              	.L4:
  62:Service/Srv_ComTrans.c ****     
  63:Service/Srv_ComTrans.c ****     To_BspUart_ObjPtr(obj->port_obj)->hdl = SrvOsCommon.malloc(UART_HandleType_Size);
 134              		.loc 1 63 56
 135 0066 604B     		ldr	r3, .L9+16
 136 0068 1B6B     		ldr	r3, [r3, #48]
 137              		.loc 1 63 5
 138 006a 7A68     		ldr	r2, [r7, #4]
 139 006c 5468     		ldr	r4, [r2, #4]
 140              		.loc 1 63 45
 141 006e 9020     		movs	r0, #144
 142 0070 9847     		blx	r3
 143              	.LVL1:
 144 0072 0346     		mov	r3, r0
 145              		.loc 1 63 43
 146 0074 E360     		str	r3, [r4, #12]
  64:Service/Srv_ComTrans.c ****     if (To_BspUart_ObjPtr(obj->port_obj)->hdl == NULL)
 147              		.loc 1 64 9
 148 0076 7B68     		ldr	r3, [r7, #4]
 149 0078 5B68     		ldr	r3, [r3, #4]
 150              		.loc 1 64 41
 151 007a DB68     		ldr	r3, [r3, #12]
 152              		.loc 1 64 8
 153 007c 002B     		cmp	r3, #0
 154 007e 07D1     		bne	.L5
  65:Service/Srv_ComTrans.c ****     {
  66:Service/Srv_ComTrans.c ****         SrvOsCommon.free(obj->port_obj);
 155              		.loc 1 66 20
 156 0080 594B     		ldr	r3, .L9+16
 157 0082 5B6B     		ldr	r3, [r3, #52]
ARM GAS  C:\Users\HUAV\AppData\Local\Temp\ccHAO3Ly.s 			page 5


 158              		.loc 1 66 9
 159 0084 7A68     		ldr	r2, [r7, #4]
 160 0086 5268     		ldr	r2, [r2, #4]
 161 0088 1046     		mov	r0, r2
 162 008a 9847     		blx	r3
 163              	.LVL2:
  67:Service/Srv_ComTrans.c ****         return false;
 164              		.loc 1 67 16
 165 008c 0023     		movs	r3, #0
 166 008e 9FE0     		b	.L8
 167              	.L5:
  68:Service/Srv_ComTrans.c ****     }
  69:Service/Srv_ComTrans.c **** 
  70:Service/Srv_ComTrans.c ****     To_BspUart_ObjPtr(obj->port_obj)->rx_dma_hdl = (DMA_HandleTypeDef *)SrvOsCommon.malloc(UART_DMA
 168              		.loc 1 70 84
 169 0090 554B     		ldr	r3, .L9+16
 170 0092 1B6B     		ldr	r3, [r3, #48]
 171              		.loc 1 70 5
 172 0094 7A68     		ldr	r2, [r7, #4]
 173 0096 5468     		ldr	r4, [r2, #4]
 174              		.loc 1 70 73
 175 0098 7820     		movs	r0, #120
 176 009a 9847     		blx	r3
 177              	.LVL3:
 178 009c 0346     		mov	r3, r0
 179              		.loc 1 70 50
 180 009e E361     		str	r3, [r4, #28]
  71:Service/Srv_ComTrans.c ****     To_BspUart_ObjPtr(obj->port_obj)->tx_dma_hdl = (DMA_HandleTypeDef *)SrvOsCommon.malloc(UART_DMA
 181              		.loc 1 71 84
 182 00a0 514B     		ldr	r3, .L9+16
 183 00a2 1B6B     		ldr	r3, [r3, #48]
 184              		.loc 1 71 5
 185 00a4 7A68     		ldr	r2, [r7, #4]
 186 00a6 5468     		ldr	r4, [r2, #4]
 187              		.loc 1 71 73
 188 00a8 7820     		movs	r0, #120
 189 00aa 9847     		blx	r3
 190              	.LVL4:
 191 00ac 0346     		mov	r3, r0
 192              		.loc 1 71 50
 193 00ae 6361     		str	r3, [r4, #20]
  72:Service/Srv_ComTrans.c **** 
  73:Service/Srv_ComTrans.c ****     To_BspUart_ObjPtr(obj->port_obj)->instance          = SRV_COM_PORT;
 194              		.loc 1 73 5
 195 00b0 7B68     		ldr	r3, [r7, #4]
 196 00b2 5B68     		ldr	r3, [r3, #4]
 197              		.loc 1 73 57
 198 00b4 4D4A     		ldr	r2, .L9+20
 199 00b6 9A60     		str	r2, [r3, #8]
  74:Service/Srv_ComTrans.c ****     To_BspUart_ObjPtr(obj->port_obj)->baudrate          = SRV_COM_BAUDRATE;
 200              		.loc 1 74 5
 201 00b8 7B68     		ldr	r3, [r7, #4]
 202 00ba 5B68     		ldr	r3, [r3, #4]
 203              		.loc 1 74 57
 204 00bc 4FF4E122 		mov	r2, #460800
 205 00c0 1A60     		str	r2, [r3]
  75:Service/Srv_ComTrans.c ****     To_BspUart_ObjPtr(obj->port_obj)->pin_swap          = false;
ARM GAS  C:\Users\HUAV\AppData\Local\Temp\ccHAO3Ly.s 			page 6


 206              		.loc 1 75 5
 207 00c2 7B68     		ldr	r3, [r7, #4]
 208 00c4 5B68     		ldr	r3, [r3, #4]
 209              		.loc 1 75 57
 210 00c6 0022     		movs	r2, #0
 211 00c8 1A71     		strb	r2, [r3, #4]
  76:Service/Srv_ComTrans.c ****     To_BspUart_ObjPtr(obj->port_obj)->tx_io             = SRV_COM_TX_PIN;
 212              		.loc 1 76 5
 213 00ca 7B68     		ldr	r3, [r7, #4]
 214 00cc 5B68     		ldr	r3, [r3, #4]
 215              		.loc 1 76 57
 216 00ce 484A     		ldr	r2, .L9+24
 217 00d0 2033     		adds	r3, r3, #32
 218 00d2 07CA     		ldm	r2, {r0, r1, r2}
 219 00d4 83E80700 		stm	r3, {r0, r1, r2}
  77:Service/Srv_ComTrans.c ****     To_BspUart_ObjPtr(obj->port_obj)->rx_io             = SRV_COM_RX_PIN;
 220              		.loc 1 77 5
 221 00d8 7B68     		ldr	r3, [r7, #4]
 222 00da 5B68     		ldr	r3, [r3, #4]
 223              		.loc 1 77 57
 224 00dc 454A     		ldr	r2, .L9+28
 225 00de 2C33     		adds	r3, r3, #44
 226 00e0 07CA     		ldm	r2, {r0, r1, r2}
 227 00e2 83E80700 		stm	r3, {r0, r1, r2}
  78:Service/Srv_ComTrans.c ****     To_BspUart_ObjPtr(obj->port_obj)->tx_dma            = SRV_COM_TX_DMA;
 228              		.loc 1 78 5
 229 00e6 7B68     		ldr	r3, [r7, #4]
 230 00e8 5B68     		ldr	r3, [r3, #4]
 231              		.loc 1 78 57
 232 00ea 0122     		movs	r2, #1
 233 00ec 1A74     		strb	r2, [r3, #16]
  79:Service/Srv_ComTrans.c ****     To_BspUart_ObjPtr(obj->port_obj)->tx_stream         = SRV_COM_TX_DMA_STREAM;
 234              		.loc 1 79 5
 235 00ee 7B68     		ldr	r3, [r7, #4]
 236 00f0 5B68     		ldr	r3, [r3, #4]
 237              		.loc 1 79 57
 238 00f2 0022     		movs	r2, #0
 239 00f4 5A74     		strb	r2, [r3, #17]
  80:Service/Srv_ComTrans.c ****     To_BspUart_ObjPtr(obj->port_obj)->rx_dma            = SRV_COM_RX_DMA;
 240              		.loc 1 80 5
 241 00f6 7B68     		ldr	r3, [r7, #4]
 242 00f8 5B68     		ldr	r3, [r3, #4]
 243              		.loc 1 80 57
 244 00fa 0122     		movs	r2, #1
 245 00fc 1A76     		strb	r2, [r3, #24]
  81:Service/Srv_ComTrans.c ****     To_BspUart_ObjPtr(obj->port_obj)->rx_stream         = SRV_COM_RX_DMA_STREAM;
 246              		.loc 1 81 5
 247 00fe 7B68     		ldr	r3, [r7, #4]
 248 0100 5B68     		ldr	r3, [r3, #4]
 249              		.loc 1 81 57
 250 0102 0122     		movs	r2, #1
 251 0104 5A76     		strb	r2, [r3, #25]
  82:Service/Srv_ComTrans.c ****     To_BspUart_ObjPtr(obj->port_obj)->rx_size           = SRV_COM_RX_BUFF_LEN;
 252              		.loc 1 82 5
 253 0106 7B68     		ldr	r3, [r7, #4]
 254 0108 5B68     		ldr	r3, [r3, #4]
 255              		.loc 1 82 57
ARM GAS  C:\Users\HUAV\AppData\Local\Temp\ccHAO3Ly.s 			page 7


 256 010a 4FF40062 		mov	r2, #2048
 257 010e A3F84420 		strh	r2, [r3, #68]	@ movhi
  83:Service/Srv_ComTrans.c ****     To_BspUart_ObjPtr(obj->port_obj)->rx_buf            = SrvCom_Rx_Buff;
 258              		.loc 1 83 5
 259 0112 7B68     		ldr	r3, [r7, #4]
 260 0114 5B68     		ldr	r3, [r3, #4]
 261              		.loc 1 83 57
 262 0116 314A     		ldr	r2, .L9+4
 263 0118 1A64     		str	r2, [r3, #64]
  84:Service/Srv_ComTrans.c ****     To_BspUart_ObjPtr(obj->port_obj)->tx_buf            = SrvCom_Tx_Buff;
 264              		.loc 1 84 5
 265 011a 7B68     		ldr	r3, [r7, #4]
 266 011c 5B68     		ldr	r3, [r3, #4]
 267              		.loc 1 84 57
 268 011e 2E4A     		ldr	r2, .L9
 269 0120 9A64     		str	r2, [r3, #72]
  85:Service/Srv_ComTrans.c ****     To_BspUart_ObjPtr(obj->port_obj)->tx_buf_size       = SRV_COM_TX_BUFF_LEN;
 270              		.loc 1 85 5
 271 0122 7B68     		ldr	r3, [r7, #4]
 272 0124 5B68     		ldr	r3, [r3, #4]
 273              		.loc 1 85 57
 274 0126 4FF40062 		mov	r2, #2048
 275 012a A3F84C20 		strh	r2, [r3, #76]	@ movhi
  86:Service/Srv_ComTrans.c ****     To_BspUart_ObjPtr(obj->port_obj)->cust_data_addr    = (uint32_t)obj;
 276              		.loc 1 86 5
 277 012e 7B68     		ldr	r3, [r7, #4]
 278 0130 5B68     		ldr	r3, [r3, #4]
 279              		.loc 1 86 59
 280 0132 7A68     		ldr	r2, [r7, #4]
 281              		.loc 1 86 57
 282 0134 1A65     		str	r2, [r3, #80]
  87:Service/Srv_ComTrans.c **** 
  88:Service/Srv_ComTrans.c ****     /* init port object */
  89:Service/Srv_ComTrans.c ****     /* create tx semaphore */
  90:Service/Srv_ComTrans.c ****     state &= BspUart.init(To_BspUart_ObjPtr(obj->port_obj));
 283              		.loc 1 90 21
 284 0136 304B     		ldr	r3, .L9+32
 285 0138 1B68     		ldr	r3, [r3]
 286              		.loc 1 90 27
 287 013a 7A68     		ldr	r2, [r7, #4]
 288 013c 5268     		ldr	r2, [r2, #4]
 289              		.loc 1 90 14
 290 013e 1046     		mov	r0, r2
 291 0140 9847     		blx	r3
 292              	.LVL5:
 293 0142 0346     		mov	r3, r0
 294 0144 1A46     		mov	r2, r3
 295              		.loc 1 90 11
 296 0146 FB7D     		ldrb	r3, [r7, #23]	@ zero_extendqisi2
 297 0148 1340     		ands	r3, r3, r2
 298 014a 002B     		cmp	r3, #0
 299 014c 14BF     		ite	ne
 300 014e 0123     		movne	r3, #1
 301 0150 0023     		moveq	r3, #0
 302 0152 FB75     		strb	r3, [r7, #23]
  91:Service/Srv_ComTrans.c **** 
  92:Service/Srv_ComTrans.c ****     osSemaphoreDef(ComTx);
ARM GAS  C:\Users\HUAV\AppData\Local\Temp\ccHAO3Ly.s 			page 8


 303              		.loc 1 92 5
 304 0154 0023     		movs	r3, #0
 305 0156 FB60     		str	r3, [r7, #12]
 306 0158 0023     		movs	r3, #0
 307 015a 3B61     		str	r3, [r7, #16]
  93:Service/Srv_ComTrans.c ****     obj->Tx_Irq_Sem = osSemaphoreCreate(osSemaphore(ComTx), 1);
 308              		.loc 1 93 23
 309 015c 07F10C03 		add	r3, r7, #12
 310 0160 0121     		movs	r1, #1
 311 0162 1846     		mov	r0, r3
 312 0164 FFF7FEFF 		bl	osSemaphoreCreate
 313 0168 0246     		mov	r2, r0
 314              		.loc 1 93 21
 315 016a 7B68     		ldr	r3, [r7, #4]
 316 016c 1A61     		str	r2, [r3, #16]
  94:Service/Srv_ComTrans.c **** 
  95:Service/Srv_ComTrans.c ****     if ((obj->Tx_Irq_Sem == NULL) || !state)
 317              		.loc 1 95 13
 318 016e 7B68     		ldr	r3, [r7, #4]
 319 0170 1B69     		ldr	r3, [r3, #16]
 320              		.loc 1 95 8
 321 0172 002B     		cmp	r3, #0
 322 0174 05D0     		beq	.L6
 323              		.loc 1 95 38 discriminator 1
 324 0176 FB7D     		ldrb	r3, [r7, #23]
 325 0178 83F00103 		eor	r3, r3, #1
 326 017c DBB2     		uxtb	r3, r3
 327              		.loc 1 95 35 discriminator 1
 328 017e 002B     		cmp	r3, #0
 329 0180 14D0     		beq	.L7
 330              	.L6:
  96:Service/Srv_ComTrans.c ****     {
  97:Service/Srv_ComTrans.c ****         BspUart.de_init(To_BspUart_ObjPtr(obj->port_obj));
 331              		.loc 1 97 16
 332 0182 1D4B     		ldr	r3, .L9+32
 333 0184 5B68     		ldr	r3, [r3, #4]
 334              		.loc 1 97 25
 335 0186 7A68     		ldr	r2, [r7, #4]
 336 0188 5268     		ldr	r2, [r2, #4]
 337              		.loc 1 97 9
 338 018a 1046     		mov	r0, r2
 339 018c 9847     		blx	r3
 340              	.LVL6:
  98:Service/Srv_ComTrans.c ****         SrvOsCommon.free(To_BspUart_ObjPtr(obj->port_obj)->hdl);
 341              		.loc 1 98 20
 342 018e 164B     		ldr	r3, .L9+16
 343 0190 5B6B     		ldr	r3, [r3, #52]
 344              		.loc 1 98 26
 345 0192 7A68     		ldr	r2, [r7, #4]
 346 0194 5268     		ldr	r2, [r2, #4]
 347              		.loc 1 98 9
 348 0196 D268     		ldr	r2, [r2, #12]
 349 0198 1046     		mov	r0, r2
 350 019a 9847     		blx	r3
 351              	.LVL7:
  99:Service/Srv_ComTrans.c ****         SrvOsCommon.free(obj->port_obj);
 352              		.loc 1 99 20
ARM GAS  C:\Users\HUAV\AppData\Local\Temp\ccHAO3Ly.s 			page 9


 353 019c 124B     		ldr	r3, .L9+16
 354 019e 5B6B     		ldr	r3, [r3, #52]
 355              		.loc 1 99 9
 356 01a0 7A68     		ldr	r2, [r7, #4]
 357 01a2 5268     		ldr	r2, [r2, #4]
 358 01a4 1046     		mov	r0, r2
 359 01a6 9847     		blx	r3
 360              	.LVL8:
 100:Service/Srv_ComTrans.c ****         return false;
 361              		.loc 1 100 16
 362 01a8 0023     		movs	r3, #0
 363 01aa 11E0     		b	.L8
 364              	.L7:
 101:Service/Srv_ComTrans.c ****     }
 102:Service/Srv_ComTrans.c **** 
 103:Service/Srv_ComTrans.c ****     /* set callback */
 104:Service/Srv_ComTrans.c ****     To_BspUart_ObjPtr(obj->port_obj)->TxCallback = SrvComTrans_Tx_Callback;
 365              		.loc 1 104 5
 366 01ac 7B68     		ldr	r3, [r7, #4]
 367 01ae 5B68     		ldr	r3, [r3, #4]
 368              		.loc 1 104 50
 369 01b0 124A     		ldr	r2, .L9+36
 370 01b2 9A63     		str	r2, [r3, #56]
 105:Service/Srv_ComTrans.c ****     To_BspUart_ObjPtr(obj->port_obj)->RxCallback = SrvComTrans_Rx_Callback;
 371              		.loc 1 105 5
 372 01b4 7B68     		ldr	r3, [r7, #4]
 373 01b6 5B68     		ldr	r3, [r3, #4]
 374              		.loc 1 105 50
 375 01b8 114A     		ldr	r2, .L9+40
 376 01ba DA63     		str	r2, [r3, #60]
 106:Service/Srv_ComTrans.c **** 
 107:Service/Srv_ComTrans.c ****     obj->p_buf_1 = SrvCom_Rx_tmpBuf_1;
 377              		.loc 1 107 18
 378 01bc 7B68     		ldr	r3, [r7, #4]
 379 01be 084A     		ldr	r2, .L9+8
 380 01c0 9A61     		str	r2, [r3, #24]
 108:Service/Srv_ComTrans.c ****     obj->p_buf_2 = SrvCom_Rx_tmpBuf_2;
 381              		.loc 1 108 18
 382 01c2 7B68     		ldr	r3, [r7, #4]
 383 01c4 074A     		ldr	r2, .L9+12
 384 01c6 1A62     		str	r2, [r3, #32]
 109:Service/Srv_ComTrans.c ****     obj->init_state = true;
 385              		.loc 1 109 21
 386 01c8 7B68     		ldr	r3, [r7, #4]
 387 01ca 0122     		movs	r2, #1
 388 01cc 1A70     		strb	r2, [r3]
 110:Service/Srv_ComTrans.c ****     return true;
 389              		.loc 1 110 12
 390 01ce 0123     		movs	r3, #1
 391              	.L8:
 111:Service/Srv_ComTrans.c **** }
 392              		.loc 1 111 1 discriminator 1
 393 01d0 1846     		mov	r0, r3
 394 01d2 1C37     		adds	r7, r7, #28
 395              	.LCFI3:
 396              		.cfi_def_cfa_offset 12
 397 01d4 BD46     		mov	sp, r7
ARM GAS  C:\Users\HUAV\AppData\Local\Temp\ccHAO3Ly.s 			page 10


 398              	.LCFI4:
 399              		.cfi_def_cfa_register 13
 400              		@ sp needed
 401 01d6 90BD     		pop	{r4, r7, pc}
 402              	.L10:
 403              		.align	2
 404              	.L9:
 405 01d8 00000000 		.word	SrvCom_Tx_Buff
 406 01dc 00080000 		.word	SrvCom_Rx_Buff
 407 01e0 00000000 		.word	SrvCom_Rx_tmpBuf_1
 408 01e4 00000000 		.word	SrvCom_Rx_tmpBuf_2
 409 01e8 00000000 		.word	SrvOsCommon
 410 01ec 00100140 		.word	1073811456
 411 01f0 00000000 		.word	Uart1_TxPin
 412 01f4 00000000 		.word	Uart1_RxPin
 413 01f8 00000000 		.word	BspUart
 414 01fc 00000000 		.word	SrvComTrans_Tx_Callback
 415 0200 00000000 		.word	SrvComTrans_Rx_Callback
 416              		.cfi_endproc
 417              	.LFE341:
 419              		.section	.text.SrvComTrans_DeInit,"ax",%progbits
 420              		.align	1
 421              		.syntax unified
 422              		.thumb
 423              		.thumb_func
 425              	SrvComTrans_DeInit:
 426              	.LFB342:
 112:Service/Srv_ComTrans.c **** 
 113:Service/Srv_ComTrans.c **** static bool SrvComTrans_DeInit(SrvComObj_TypeDef *obj)
 114:Service/Srv_ComTrans.c **** {
 427              		.loc 1 114 1
 428              		.cfi_startproc
 429              		@ args = 0, pretend = 0, frame = 16
 430              		@ frame_needed = 1, uses_anonymous_args = 0
 431 0000 80B5     		push	{r7, lr}
 432              	.LCFI5:
 433              		.cfi_def_cfa_offset 8
 434              		.cfi_offset 7, -8
 435              		.cfi_offset 14, -4
 436 0002 84B0     		sub	sp, sp, #16
 437              	.LCFI6:
 438              		.cfi_def_cfa_offset 24
 439 0004 00AF     		add	r7, sp, #0
 440              	.LCFI7:
 441              		.cfi_def_cfa_register 7
 442 0006 7860     		str	r0, [r7, #4]
 115:Service/Srv_ComTrans.c ****     bool state = true;
 443              		.loc 1 115 10
 444 0008 0123     		movs	r3, #1
 445 000a FB73     		strb	r3, [r7, #15]
 116:Service/Srv_ComTrans.c **** 
 117:Service/Srv_ComTrans.c ****     if ((obj == NULL) || (obj->init_state == false))
 446              		.loc 1 117 8
 447 000c 7B68     		ldr	r3, [r7, #4]
 448 000e 002B     		cmp	r3, #0
 449 0010 06D0     		beq	.L12
 450              		.loc 1 117 30 discriminator 1
ARM GAS  C:\Users\HUAV\AppData\Local\Temp\ccHAO3Ly.s 			page 11


 451 0012 7B68     		ldr	r3, [r7, #4]
 452 0014 1B78     		ldrb	r3, [r3]	@ zero_extendqisi2
 453              		.loc 1 117 43 discriminator 1
 454 0016 83F00103 		eor	r3, r3, #1
 455 001a DBB2     		uxtb	r3, r3
 456              		.loc 1 117 23 discriminator 1
 457 001c 002B     		cmp	r3, #0
 458 001e 01D0     		beq	.L13
 459              	.L12:
 118:Service/Srv_ComTrans.c ****         return false;
 460              		.loc 1 118 16
 461 0020 0023     		movs	r3, #0
 462 0022 2BE0     		b	.L14
 463              	.L13:
 119:Service/Srv_ComTrans.c **** 
 120:Service/Srv_ComTrans.c ****     /* de-init com port */
 121:Service/Srv_ComTrans.c ****     state = BspUart.de_init(To_BspUart_ObjPtr(obj->port_obj));
 464              		.loc 1 121 20
 465 0024 174B     		ldr	r3, .L15
 466 0026 5B68     		ldr	r3, [r3, #4]
 467              		.loc 1 121 29
 468 0028 7A68     		ldr	r2, [r7, #4]
 469 002a 5268     		ldr	r2, [r2, #4]
 470              		.loc 1 121 13
 471 002c 1046     		mov	r0, r2
 472 002e 9847     		blx	r3
 473              	.LVL9:
 474 0030 0346     		mov	r3, r0
 475 0032 FB73     		strb	r3, [r7, #15]
 122:Service/Srv_ComTrans.c **** 
 123:Service/Srv_ComTrans.c ****     /* de-init debug port */
 124:Service/Srv_ComTrans.c ****     state &= BspUart.de_init(To_BspUart_ObjPtr(DebugPort.port_obj));
 476              		.loc 1 124 21
 477 0034 134B     		ldr	r3, .L15
 478 0036 5B68     		ldr	r3, [r3, #4]
 479              		.loc 1 124 30
 480 0038 134A     		ldr	r2, .L15+4
 481 003a 1268     		ldr	r2, [r2]
 482              		.loc 1 124 14
 483 003c 1046     		mov	r0, r2
 484 003e 9847     		blx	r3
 485              	.LVL10:
 486 0040 0346     		mov	r3, r0
 487 0042 1A46     		mov	r2, r3
 488              		.loc 1 124 11
 489 0044 FB7B     		ldrb	r3, [r7, #15]	@ zero_extendqisi2
 490 0046 1340     		ands	r3, r3, r2
 491 0048 002B     		cmp	r3, #0
 492 004a 14BF     		ite	ne
 493 004c 0123     		movne	r3, #1
 494 004e 0023     		moveq	r3, #0
 495 0050 FB73     		strb	r3, [r7, #15]
 125:Service/Srv_ComTrans.c ****     
 126:Service/Srv_ComTrans.c ****     /* free malloc */
 127:Service/Srv_ComTrans.c ****     SrvOsCommon.free(To_BspUart_ObjPtr(DebugPort.port_obj)->hdl);
 496              		.loc 1 127 16
 497 0052 0E4B     		ldr	r3, .L15+8
ARM GAS  C:\Users\HUAV\AppData\Local\Temp\ccHAO3Ly.s 			page 12


 498 0054 5B6B     		ldr	r3, [r3, #52]
 499              		.loc 1 127 22
 500 0056 0C4A     		ldr	r2, .L15+4
 501 0058 1268     		ldr	r2, [r2]
 502              		.loc 1 127 5
 503 005a D268     		ldr	r2, [r2, #12]
 504 005c 1046     		mov	r0, r2
 505 005e 9847     		blx	r3
 506              	.LVL11:
 128:Service/Srv_ComTrans.c ****     
 129:Service/Srv_ComTrans.c ****     SrvOsCommon.free(To_BspUart_ObjPtr(obj->port_obj)->hdl);
 507              		.loc 1 129 16
 508 0060 0A4B     		ldr	r3, .L15+8
 509 0062 5B6B     		ldr	r3, [r3, #52]
 510              		.loc 1 129 22
 511 0064 7A68     		ldr	r2, [r7, #4]
 512 0066 5268     		ldr	r2, [r2, #4]
 513              		.loc 1 129 5
 514 0068 D268     		ldr	r2, [r2, #12]
 515 006a 1046     		mov	r0, r2
 516 006c 9847     		blx	r3
 517              	.LVL12:
 130:Service/Srv_ComTrans.c ****     SrvOsCommon.free(obj->port_obj);
 518              		.loc 1 130 16
 519 006e 074B     		ldr	r3, .L15+8
 520 0070 5B6B     		ldr	r3, [r3, #52]
 521              		.loc 1 130 5
 522 0072 7A68     		ldr	r2, [r7, #4]
 523 0074 5268     		ldr	r2, [r2, #4]
 524 0076 1046     		mov	r0, r2
 525 0078 9847     		blx	r3
 526              	.LVL13:
 131:Service/Srv_ComTrans.c **** 
 132:Service/Srv_ComTrans.c ****     return state;
 527              		.loc 1 132 12
 528 007a FB7B     		ldrb	r3, [r7, #15]	@ zero_extendqisi2
 529              	.L14:
 133:Service/Srv_ComTrans.c **** }
 530              		.loc 1 133 1
 531 007c 1846     		mov	r0, r3
 532 007e 1037     		adds	r7, r7, #16
 533              	.LCFI8:
 534              		.cfi_def_cfa_offset 8
 535 0080 BD46     		mov	sp, r7
 536              	.LCFI9:
 537              		.cfi_def_cfa_register 13
 538              		@ sp needed
 539 0082 80BD     		pop	{r7, pc}
 540              	.L16:
 541              		.align	2
 542              	.L15:
 543 0084 00000000 		.word	BspUart
 544 0088 00000000 		.word	DebugPort
 545 008c 00000000 		.word	SrvOsCommon
 546              		.cfi_endproc
 547              	.LFE342:
 549              		.section	.text.SrvComTrans_Tx_Callback,"ax",%progbits
ARM GAS  C:\Users\HUAV\AppData\Local\Temp\ccHAO3Ly.s 			page 13


 550              		.align	1
 551              		.syntax unified
 552              		.thumb
 553              		.thumb_func
 555              	SrvComTrans_Tx_Callback:
 556              	.LFB343:
 134:Service/Srv_ComTrans.c **** 
 135:Service/Srv_ComTrans.c **** static void SrvComTrans_Tx_Callback(uint32_t cust_data_addr, uint8_t *buff, uint16_t size)
 136:Service/Srv_ComTrans.c **** {
 557              		.loc 1 136 1
 558              		.cfi_startproc
 559              		@ args = 0, pretend = 0, frame = 24
 560              		@ frame_needed = 1, uses_anonymous_args = 0
 561 0000 80B5     		push	{r7, lr}
 562              	.LCFI10:
 563              		.cfi_def_cfa_offset 8
 564              		.cfi_offset 7, -8
 565              		.cfi_offset 14, -4
 566 0002 86B0     		sub	sp, sp, #24
 567              	.LCFI11:
 568              		.cfi_def_cfa_offset 32
 569 0004 00AF     		add	r7, sp, #0
 570              	.LCFI12:
 571              		.cfi_def_cfa_register 7
 572 0006 F860     		str	r0, [r7, #12]
 573 0008 B960     		str	r1, [r7, #8]
 574 000a 1346     		mov	r3, r2
 575 000c FB80     		strh	r3, [r7, #6]	@ movhi
 137:Service/Srv_ComTrans.c ****     SrvComObj_TypeDef *p_obj = (SrvComObj_TypeDef *)cust_data_addr;
 576              		.loc 1 137 24
 577 000e FB68     		ldr	r3, [r7, #12]
 578 0010 7B61     		str	r3, [r7, #20]
 138:Service/Srv_ComTrans.c ****     
 139:Service/Srv_ComTrans.c ****     if ((p_obj == NULL) || !p_obj->init_state)
 579              		.loc 1 139 8
 580 0012 7B69     		ldr	r3, [r7, #20]
 581 0014 002B     		cmp	r3, #0
 582 0016 10D0     		beq	.L21
 583              		.loc 1 139 34 discriminator 1
 584 0018 7B69     		ldr	r3, [r7, #20]
 585 001a 1B78     		ldrb	r3, [r3]	@ zero_extendqisi2
 586              		.loc 1 139 28 discriminator 1
 587 001c 83F00103 		eor	r3, r3, #1
 588 0020 DBB2     		uxtb	r3, r3
 589              		.loc 1 139 25 discriminator 1
 590 0022 002B     		cmp	r3, #0
 591 0024 09D1     		bne	.L21
 140:Service/Srv_ComTrans.c ****         return;
 141:Service/Srv_ComTrans.c **** 
 142:Service/Srv_ComTrans.c ****     /* release Tx semaphore */
 143:Service/Srv_ComTrans.c ****     if (p_obj->Tx_Irq_Sem)
 592              		.loc 1 143 14
 593 0026 7B69     		ldr	r3, [r7, #20]
 594 0028 1B69     		ldr	r3, [r3, #16]
 595              		.loc 1 143 8
 596 002a 002B     		cmp	r3, #0
 597 002c 06D0     		beq	.L17
ARM GAS  C:\Users\HUAV\AppData\Local\Temp\ccHAO3Ly.s 			page 14


 144:Service/Srv_ComTrans.c ****         osSemaphoreRelease(p_obj->Tx_Irq_Sem);
 598              		.loc 1 144 9
 599 002e 7B69     		ldr	r3, [r7, #20]
 600 0030 1B69     		ldr	r3, [r3, #16]
 601 0032 1846     		mov	r0, r3
 602 0034 FFF7FEFF 		bl	osSemaphoreRelease
 603 0038 00E0     		b	.L17
 604              	.L21:
 140:Service/Srv_ComTrans.c ****         return;
 605              		.loc 1 140 9
 606 003a 00BF     		nop
 607              	.L17:
 145:Service/Srv_ComTrans.c **** }
 608              		.loc 1 145 1
 609 003c 1837     		adds	r7, r7, #24
 610              	.LCFI13:
 611              		.cfi_def_cfa_offset 8
 612 003e BD46     		mov	sp, r7
 613              	.LCFI14:
 614              		.cfi_def_cfa_register 13
 615              		@ sp needed
 616 0040 80BD     		pop	{r7, pc}
 617              		.cfi_endproc
 618              	.LFE343:
 620              		.global	test_2
 621              		.section	.bss.test_2,"aw",%nobits
 624              	test_2:
 625 0000 00       		.space	1
 626              		.section	.text.SrvComTrans_Rx_Callback,"ax",%progbits
 627              		.align	1
 628              		.syntax unified
 629              		.thumb
 630              		.thumb_func
 632              	SrvComTrans_Rx_Callback:
 633              	.LFB344:
 146:Service/Srv_ComTrans.c **** 
 147:Service/Srv_ComTrans.c **** uint8_t test_2 = 0;
 148:Service/Srv_ComTrans.c **** static void SrvComTrans_Rx_Callback(uint32_t cust_data_addr, uint8_t *buff, uint16_t size)
 149:Service/Srv_ComTrans.c **** {
 634              		.loc 1 149 1
 635              		.cfi_startproc
 636              		@ args = 0, pretend = 0, frame = 24
 637              		@ frame_needed = 1, uses_anonymous_args = 0
 638 0000 80B5     		push	{r7, lr}
 639              	.LCFI15:
 640              		.cfi_def_cfa_offset 8
 641              		.cfi_offset 7, -8
 642              		.cfi_offset 14, -4
 643 0002 86B0     		sub	sp, sp, #24
 644              	.LCFI16:
 645              		.cfi_def_cfa_offset 32
 646 0004 00AF     		add	r7, sp, #0
 647              	.LCFI17:
 648              		.cfi_def_cfa_register 7
 649 0006 F860     		str	r0, [r7, #12]
 650 0008 B960     		str	r1, [r7, #8]
 651 000a 1346     		mov	r3, r2
ARM GAS  C:\Users\HUAV\AppData\Local\Temp\ccHAO3Ly.s 			page 15


 652 000c FB80     		strh	r3, [r7, #6]	@ movhi
 150:Service/Srv_ComTrans.c ****     SrvComObj_TypeDef *p_obj = (SrvComObj_TypeDef *)cust_data_addr;
 653              		.loc 1 150 24
 654 000e FB68     		ldr	r3, [r7, #12]
 655 0010 7B61     		str	r3, [r7, #20]
 151:Service/Srv_ComTrans.c **** 
 152:Service/Srv_ComTrans.c ****     if ((p_obj == NULL) || !p_obj->init_state || (buff == NULL) || (size == 0))
 656              		.loc 1 152 8
 657 0012 7B69     		ldr	r3, [r7, #20]
 658 0014 002B     		cmp	r3, #0
 659 0016 48D0     		beq	.L27
 660              		.loc 1 152 34 discriminator 1
 661 0018 7B69     		ldr	r3, [r7, #20]
 662 001a 1B78     		ldrb	r3, [r3]	@ zero_extendqisi2
 663              		.loc 1 152 28 discriminator 1
 664 001c 83F00103 		eor	r3, r3, #1
 665 0020 DBB2     		uxtb	r3, r3
 666              		.loc 1 152 25 discriminator 1
 667 0022 002B     		cmp	r3, #0
 668 0024 41D1     		bne	.L27
 669              		.loc 1 152 47 discriminator 2
 670 0026 BB68     		ldr	r3, [r7, #8]
 671 0028 002B     		cmp	r3, #0
 672 002a 3ED0     		beq	.L27
 673              		.loc 1 152 65 discriminator 3
 674 002c FB88     		ldrh	r3, [r7, #6]
 675 002e 002B     		cmp	r3, #0
 676 0030 3BD0     		beq	.L27
 153:Service/Srv_ComTrans.c ****         return;
 154:Service/Srv_ComTrans.c **** 
 155:Service/Srv_ComTrans.c ****     p_obj->rec_cnt ++;
 677              		.loc 1 155 10
 678 0032 7B69     		ldr	r3, [r7, #20]
 679 0034 9B68     		ldr	r3, [r3, #8]
 680              		.loc 1 155 20
 681 0036 5A1C     		adds	r2, r3, #1
 682 0038 7B69     		ldr	r3, [r7, #20]
 683 003a 9A60     		str	r2, [r3, #8]
 156:Service/Srv_ComTrans.c ****     p_obj->rec_size += size;
 684              		.loc 1 156 21
 685 003c 7B69     		ldr	r3, [r7, #20]
 686 003e DA68     		ldr	r2, [r3, #12]
 687 0040 FB88     		ldrh	r3, [r7, #6]
 688 0042 1A44     		add	r2, r2, r3
 689 0044 7B69     		ldr	r3, [r7, #20]
 690 0046 DA60     		str	r2, [r3, #12]
 157:Service/Srv_ComTrans.c **** 
 158:Service/Srv_ComTrans.c ****     if (!p_obj->rx_reading)
 691              		.loc 1 158 15
 692 0048 7B69     		ldr	r3, [r7, #20]
 693 004a 1B7D     		ldrb	r3, [r3, #20]	@ zero_extendqisi2
 694              		.loc 1 158 9
 695 004c 83F00103 		eor	r3, r3, #1
 696 0050 DBB2     		uxtb	r3, r3
 697              		.loc 1 158 8
 698 0052 002B     		cmp	r3, #0
 699 0054 11D0     		beq	.L26
ARM GAS  C:\Users\HUAV\AppData\Local\Temp\ccHAO3Ly.s 			page 16


 159:Service/Srv_ComTrans.c ****     {
 160:Service/Srv_ComTrans.c ****         memcpy(p_obj->p_buf_1 + p_obj->buf_1_size, buff, size);
 700              		.loc 1 160 21
 701 0056 7B69     		ldr	r3, [r7, #20]
 702 0058 9B69     		ldr	r3, [r3, #24]
 703              		.loc 1 160 38
 704 005a 7A69     		ldr	r2, [r7, #20]
 705 005c 928B     		ldrh	r2, [r2, #28]
 706              		.loc 1 160 31
 707 005e 1344     		add	r3, r3, r2
 708              		.loc 1 160 9
 709 0060 FA88     		ldrh	r2, [r7, #6]
 710 0062 B968     		ldr	r1, [r7, #8]
 711 0064 1846     		mov	r0, r3
 712 0066 FFF7FEFF 		bl	memcpy
 161:Service/Srv_ComTrans.c ****         p_obj->buf_1_size += size;
 713              		.loc 1 161 27
 714 006a 7B69     		ldr	r3, [r7, #20]
 715 006c 9A8B     		ldrh	r2, [r3, #28]
 716 006e FB88     		ldrh	r3, [r7, #6]	@ movhi
 717 0070 1344     		add	r3, r3, r2
 718 0072 9AB2     		uxth	r2, r3
 719 0074 7B69     		ldr	r3, [r7, #20]
 720 0076 9A83     		strh	r2, [r3, #28]	@ movhi
 721 0078 18E0     		b	.L22
 722              	.L26:
 162:Service/Srv_ComTrans.c ****     }
 163:Service/Srv_ComTrans.c ****     else
 164:Service/Srv_ComTrans.c ****     {
 165:Service/Srv_ComTrans.c ****         /* if queue is in use or full, update temporary buff */
 166:Service/Srv_ComTrans.c ****         memcpy(p_obj->p_buf_2 + p_obj->buf_2_size, buff, size);
 723              		.loc 1 166 21
 724 007a 7B69     		ldr	r3, [r7, #20]
 725 007c 1B6A     		ldr	r3, [r3, #32]
 726              		.loc 1 166 38
 727 007e 7A69     		ldr	r2, [r7, #20]
 728 0080 928C     		ldrh	r2, [r2, #36]
 729              		.loc 1 166 31
 730 0082 1344     		add	r3, r3, r2
 731              		.loc 1 166 9
 732 0084 FA88     		ldrh	r2, [r7, #6]
 733 0086 B968     		ldr	r1, [r7, #8]
 734 0088 1846     		mov	r0, r3
 735 008a FFF7FEFF 		bl	memcpy
 167:Service/Srv_ComTrans.c ****         p_obj->buf_2_size += size;
 736              		.loc 1 167 27
 737 008e 7B69     		ldr	r3, [r7, #20]
 738 0090 9A8C     		ldrh	r2, [r3, #36]
 739 0092 FB88     		ldrh	r3, [r7, #6]	@ movhi
 740 0094 1344     		add	r3, r3, r2
 741 0096 9AB2     		uxth	r2, r3
 742 0098 7B69     		ldr	r3, [r7, #20]
 743 009a 9A84     		strh	r2, [r3, #36]	@ movhi
 168:Service/Srv_ComTrans.c ****         test_2 ++;
 744              		.loc 1 168 16
 745 009c 054B     		ldr	r3, .L28
 746 009e 1B78     		ldrb	r3, [r3]	@ zero_extendqisi2
ARM GAS  C:\Users\HUAV\AppData\Local\Temp\ccHAO3Ly.s 			page 17


 747 00a0 0133     		adds	r3, r3, #1
 748 00a2 DAB2     		uxtb	r2, r3
 749 00a4 034B     		ldr	r3, .L28
 750 00a6 1A70     		strb	r2, [r3]
 751 00a8 00E0     		b	.L22
 752              	.L27:
 153:Service/Srv_ComTrans.c **** 
 753              		.loc 1 153 9
 754 00aa 00BF     		nop
 755              	.L22:
 169:Service/Srv_ComTrans.c ****     }
 170:Service/Srv_ComTrans.c **** }
 756              		.loc 1 170 1
 757 00ac 1837     		adds	r7, r7, #24
 758              	.LCFI18:
 759              		.cfi_def_cfa_offset 8
 760 00ae BD46     		mov	sp, r7
 761              	.LCFI19:
 762              		.cfi_def_cfa_register 13
 763              		@ sp needed
 764 00b0 80BD     		pop	{r7, pc}
 765              	.L29:
 766 00b2 00BF     		.align	2
 767              	.L28:
 768 00b4 00000000 		.word	test_2
 769              		.cfi_endproc
 770              	.LFE344:
 772              		.section	.text.SrvComTrans_DataAvailable,"ax",%progbits
 773              		.align	1
 774              		.syntax unified
 775              		.thumb
 776              		.thumb_func
 778              	SrvComTrans_DataAvailable:
 779              	.LFB345:
 171:Service/Srv_ComTrans.c **** 
 172:Service/Srv_ComTrans.c **** static uint16_t SrvComTrans_DataAvailable(SrvComObj_TypeDef *obj)
 173:Service/Srv_ComTrans.c **** {
 780              		.loc 1 173 1
 781              		.cfi_startproc
 782              		@ args = 0, pretend = 0, frame = 16
 783              		@ frame_needed = 1, uses_anonymous_args = 0
 784              		@ link register save eliminated.
 785 0000 80B4     		push	{r7}
 786              	.LCFI20:
 787              		.cfi_def_cfa_offset 4
 788              		.cfi_offset 7, -4
 789 0002 85B0     		sub	sp, sp, #20
 790              	.LCFI21:
 791              		.cfi_def_cfa_offset 24
 792 0004 00AF     		add	r7, sp, #0
 793              	.LCFI22:
 794              		.cfi_def_cfa_register 7
 795 0006 7860     		str	r0, [r7, #4]
 174:Service/Srv_ComTrans.c ****     uint16_t size = 0;
 796              		.loc 1 174 14
 797 0008 0023     		movs	r3, #0
 798 000a FB81     		strh	r3, [r7, #14]	@ movhi
ARM GAS  C:\Users\HUAV\AppData\Local\Temp\ccHAO3Ly.s 			page 18


 175:Service/Srv_ComTrans.c **** 
 176:Service/Srv_ComTrans.c ****     obj->rx_reading = true;
 799              		.loc 1 176 21
 800 000c 7B68     		ldr	r3, [r7, #4]
 801 000e 0122     		movs	r2, #1
 802 0010 1A75     		strb	r2, [r3, #20]
 177:Service/Srv_ComTrans.c ****     size = obj->buf_1_size;
 803              		.loc 1 177 10
 804 0012 7B68     		ldr	r3, [r7, #4]
 805 0014 9B8B     		ldrh	r3, [r3, #28]	@ movhi
 806 0016 FB81     		strh	r3, [r7, #14]	@ movhi
 178:Service/Srv_ComTrans.c ****     obj->rx_reading = false;
 807              		.loc 1 178 21
 808 0018 7B68     		ldr	r3, [r7, #4]
 809 001a 0022     		movs	r2, #0
 810 001c 1A75     		strb	r2, [r3, #20]
 179:Service/Srv_ComTrans.c **** 
 180:Service/Srv_ComTrans.c ****     if (obj->buf_2_size)
 811              		.loc 1 180 12
 812 001e 7B68     		ldr	r3, [r7, #4]
 813 0020 9B8C     		ldrh	r3, [r3, #36]
 814              		.loc 1 180 8
 815 0022 002B     		cmp	r3, #0
 816 0024 04D0     		beq	.L31
 181:Service/Srv_ComTrans.c ****         size += obj->buf_2_size;
 817              		.loc 1 181 20
 818 0026 7B68     		ldr	r3, [r7, #4]
 819 0028 9A8C     		ldrh	r2, [r3, #36]
 820              		.loc 1 181 14
 821 002a FB89     		ldrh	r3, [r7, #14]	@ movhi
 822 002c 1344     		add	r3, r3, r2
 823 002e FB81     		strh	r3, [r7, #14]	@ movhi
 824              	.L31:
 182:Service/Srv_ComTrans.c **** 
 183:Service/Srv_ComTrans.c ****     return size;
 825              		.loc 1 183 12
 826 0030 FB89     		ldrh	r3, [r7, #14]
 184:Service/Srv_ComTrans.c **** }
 827              		.loc 1 184 1
 828 0032 1846     		mov	r0, r3
 829 0034 1437     		adds	r7, r7, #20
 830              	.LCFI23:
 831              		.cfi_def_cfa_offset 4
 832 0036 BD46     		mov	sp, r7
 833              	.LCFI24:
 834              		.cfi_def_cfa_register 13
 835              		@ sp needed
 836 0038 5DF8047B 		ldr	r7, [sp], #4
 837              	.LCFI25:
 838              		.cfi_restore 7
 839              		.cfi_def_cfa_offset 0
 840 003c 7047     		bx	lr
 841              		.cfi_endproc
 842              	.LFE345:
 844              		.section	.text.SrvComTrans_Write,"ax",%progbits
 845              		.align	1
 846              		.syntax unified
ARM GAS  C:\Users\HUAV\AppData\Local\Temp\ccHAO3Ly.s 			page 19


 847              		.thumb
 848              		.thumb_func
 850              	SrvComTrans_Write:
 851              	.LFB346:
 185:Service/Srv_ComTrans.c **** 
 186:Service/Srv_ComTrans.c **** static bool SrvComTrans_Write(SrvComObj_TypeDef *obj, uint8_t *p_data, uint16_t len)
 187:Service/Srv_ComTrans.c **** {
 852              		.loc 1 187 1
 853              		.cfi_startproc
 854              		@ args = 0, pretend = 0, frame = 24
 855              		@ frame_needed = 1, uses_anonymous_args = 0
 856 0000 80B5     		push	{r7, lr}
 857              	.LCFI26:
 858              		.cfi_def_cfa_offset 8
 859              		.cfi_offset 7, -8
 860              		.cfi_offset 14, -4
 861 0002 86B0     		sub	sp, sp, #24
 862              	.LCFI27:
 863              		.cfi_def_cfa_offset 32
 864 0004 00AF     		add	r7, sp, #0
 865              	.LCFI28:
 866              		.cfi_def_cfa_register 7
 867 0006 F860     		str	r0, [r7, #12]
 868 0008 B960     		str	r1, [r7, #8]
 869 000a 1346     		mov	r3, r2
 870 000c FB80     		strh	r3, [r7, #6]	@ movhi
 188:Service/Srv_ComTrans.c ****     bool state = true;
 871              		.loc 1 188 10
 872 000e 0123     		movs	r3, #1
 873 0010 FB75     		strb	r3, [r7, #23]
 189:Service/Srv_ComTrans.c **** 
 190:Service/Srv_ComTrans.c ****     if ((obj == NULL) || !obj->init_state || (p_data == NULL) || (len == 0))
 874              		.loc 1 190 8
 875 0012 FB68     		ldr	r3, [r7, #12]
 876 0014 002B     		cmp	r3, #0
 877 0016 0CD0     		beq	.L34
 878              		.loc 1 190 30 discriminator 1
 879 0018 FB68     		ldr	r3, [r7, #12]
 880 001a 1B78     		ldrb	r3, [r3]	@ zero_extendqisi2
 881              		.loc 1 190 26 discriminator 1
 882 001c 83F00103 		eor	r3, r3, #1
 883 0020 DBB2     		uxtb	r3, r3
 884              		.loc 1 190 23 discriminator 1
 885 0022 002B     		cmp	r3, #0
 886 0024 05D1     		bne	.L34
 887              		.loc 1 190 43 discriminator 2
 888 0026 BB68     		ldr	r3, [r7, #8]
 889 0028 002B     		cmp	r3, #0
 890 002a 02D0     		beq	.L34
 891              		.loc 1 190 63 discriminator 3
 892 002c FB88     		ldrh	r3, [r7, #6]
 893 002e 002B     		cmp	r3, #0
 894 0030 01D1     		bne	.L35
 895              	.L34:
 191:Service/Srv_ComTrans.c ****         return false;
 896              		.loc 1 191 16
 897 0032 0023     		movs	r3, #0
ARM GAS  C:\Users\HUAV\AppData\Local\Temp\ccHAO3Ly.s 			page 20


 898 0034 2AE0     		b	.L36
 899              	.L35:
 192:Service/Srv_ComTrans.c **** 
 193:Service/Srv_ComTrans.c ****     osSemaphoreWait(obj->Tx_Irq_Sem, 0);
 900              		.loc 1 193 5
 901 0036 FB68     		ldr	r3, [r7, #12]
 902 0038 1B69     		ldr	r3, [r3, #16]
 903 003a 0021     		movs	r1, #0
 904 003c 1846     		mov	r0, r3
 905 003e FFF7FEFF 		bl	osSemaphoreWait
 194:Service/Srv_ComTrans.c ****     state &= BspUart.send(To_BspUart_ObjPtr(obj->port_obj), p_data, len);
 906              		.loc 1 194 21
 907 0042 144B     		ldr	r3, .L37
 908 0044 DB69     		ldr	r3, [r3, #28]
 909              		.loc 1 194 27
 910 0046 FA68     		ldr	r2, [r7, #12]
 911 0048 5068     		ldr	r0, [r2, #4]
 912              		.loc 1 194 14
 913 004a FA88     		ldrh	r2, [r7, #6]
 914 004c B968     		ldr	r1, [r7, #8]
 915 004e 9847     		blx	r3
 916              	.LVL14:
 917 0050 0346     		mov	r3, r0
 918 0052 1A46     		mov	r2, r3
 919              		.loc 1 194 11
 920 0054 FB7D     		ldrb	r3, [r7, #23]	@ zero_extendqisi2
 921 0056 1340     		ands	r3, r3, r2
 922 0058 002B     		cmp	r3, #0
 923 005a 14BF     		ite	ne
 924 005c 0123     		movne	r3, #1
 925 005e 0023     		moveq	r3, #0
 926 0060 FB75     		strb	r3, [r7, #23]
 195:Service/Srv_ComTrans.c ****     state &= (osSemaphoreWait(obj->Tx_Irq_Sem, SRV_COM_TX_TIMEOUT) == osOK) ? true : false;
 927              		.loc 1 195 15
 928 0062 FB68     		ldr	r3, [r7, #12]
 929 0064 1B69     		ldr	r3, [r3, #16]
 930 0066 6421     		movs	r1, #100
 931 0068 1846     		mov	r0, r3
 932 006a FFF7FEFF 		bl	osSemaphoreWait
 933 006e 0346     		mov	r3, r0
 934              		.loc 1 195 84
 935 0070 002B     		cmp	r3, #0
 936 0072 0CBF     		ite	eq
 937 0074 0123     		moveq	r3, #1
 938 0076 0023     		movne	r3, #0
 939 0078 DBB2     		uxtb	r3, r3
 940 007a 1A46     		mov	r2, r3
 941              		.loc 1 195 11
 942 007c FB7D     		ldrb	r3, [r7, #23]	@ zero_extendqisi2
 943 007e 1340     		ands	r3, r3, r2
 944 0080 002B     		cmp	r3, #0
 945 0082 14BF     		ite	ne
 946 0084 0123     		movne	r3, #1
 947 0086 0023     		moveq	r3, #0
 948 0088 FB75     		strb	r3, [r7, #23]
 196:Service/Srv_ComTrans.c **** 
 197:Service/Srv_ComTrans.c ****     return state;
ARM GAS  C:\Users\HUAV\AppData\Local\Temp\ccHAO3Ly.s 			page 21


 949              		.loc 1 197 12
 950 008a FB7D     		ldrb	r3, [r7, #23]	@ zero_extendqisi2
 951              	.L36:
 198:Service/Srv_ComTrans.c **** }
 952              		.loc 1 198 1
 953 008c 1846     		mov	r0, r3
 954 008e 1837     		adds	r7, r7, #24
 955              	.LCFI29:
 956              		.cfi_def_cfa_offset 8
 957 0090 BD46     		mov	sp, r7
 958              	.LCFI30:
 959              		.cfi_def_cfa_register 13
 960              		@ sp needed
 961 0092 80BD     		pop	{r7, pc}
 962              	.L38:
 963              		.align	2
 964              	.L37:
 965 0094 00000000 		.word	BspUart
 966              		.cfi_endproc
 967              	.LFE346:
 969              		.section	.text.SrvComTrans_GetRecData,"ax",%progbits
 970              		.align	1
 971              		.syntax unified
 972              		.thumb
 973              		.thumb_func
 975              	SrvComTrans_GetRecData:
 976              	.LFB347:
 199:Service/Srv_ComTrans.c **** 
 200:Service/Srv_ComTrans.c **** static uint16_t SrvComTrans_GetRecData(SrvComObj_TypeDef *obj, uint8_t *p_data, uint16_t len)
 201:Service/Srv_ComTrans.c **** {
 977              		.loc 1 201 1
 978              		.cfi_startproc
 979              		@ args = 0, pretend = 0, frame = 24
 980              		@ frame_needed = 1, uses_anonymous_args = 0
 981 0000 80B5     		push	{r7, lr}
 982              	.LCFI31:
 983              		.cfi_def_cfa_offset 8
 984              		.cfi_offset 7, -8
 985              		.cfi_offset 14, -4
 986 0002 86B0     		sub	sp, sp, #24
 987              	.LCFI32:
 988              		.cfi_def_cfa_offset 32
 989 0004 00AF     		add	r7, sp, #0
 990              	.LCFI33:
 991              		.cfi_def_cfa_register 7
 992 0006 F860     		str	r0, [r7, #12]
 993 0008 B960     		str	r1, [r7, #8]
 994 000a 1346     		mov	r3, r2
 995 000c FB80     		strh	r3, [r7, #6]	@ movhi
 202:Service/Srv_ComTrans.c ****     uint16_t read_size = 0;
 996              		.loc 1 202 14
 997 000e 0023     		movs	r3, #0
 998 0010 FB82     		strh	r3, [r7, #22]	@ movhi
 203:Service/Srv_ComTrans.c ****     uint16_t rec_size = len;
 999              		.loc 1 203 14
 1000 0012 FB88     		ldrh	r3, [r7, #6]	@ movhi
 1001 0014 BB82     		strh	r3, [r7, #20]	@ movhi
ARM GAS  C:\Users\HUAV\AppData\Local\Temp\ccHAO3Ly.s 			page 22


 204:Service/Srv_ComTrans.c **** 
 205:Service/Srv_ComTrans.c ****     if ((obj == NULL) || !obj->init_state || (p_data == NULL) || (len == 0))
 1002              		.loc 1 205 8
 1003 0016 FB68     		ldr	r3, [r7, #12]
 1004 0018 002B     		cmp	r3, #0
 1005 001a 0CD0     		beq	.L40
 1006              		.loc 1 205 30 discriminator 1
 1007 001c FB68     		ldr	r3, [r7, #12]
 1008 001e 1B78     		ldrb	r3, [r3]	@ zero_extendqisi2
 1009              		.loc 1 205 26 discriminator 1
 1010 0020 83F00103 		eor	r3, r3, #1
 1011 0024 DBB2     		uxtb	r3, r3
 1012              		.loc 1 205 23 discriminator 1
 1013 0026 002B     		cmp	r3, #0
 1014 0028 05D1     		bne	.L40
 1015              		.loc 1 205 43 discriminator 2
 1016 002a BB68     		ldr	r3, [r7, #8]
 1017 002c 002B     		cmp	r3, #0
 1018 002e 02D0     		beq	.L40
 1019              		.loc 1 205 63 discriminator 3
 1020 0030 FB88     		ldrh	r3, [r7, #6]
 1021 0032 002B     		cmp	r3, #0
 1022 0034 01D1     		bne	.L41
 1023              	.L40:
 206:Service/Srv_ComTrans.c ****         return 0;
 1024              		.loc 1 206 16
 1025 0036 0023     		movs	r3, #0
 1026 0038 4DE0     		b	.L42
 1027              	.L41:
 207:Service/Srv_ComTrans.c **** 
 208:Service/Srv_ComTrans.c ****     if (len >= obj->buf_1_size)
 1028              		.loc 1 208 19
 1029 003a FB68     		ldr	r3, [r7, #12]
 1030 003c 9B8B     		ldrh	r3, [r3, #28]
 1031              		.loc 1 208 8
 1032 003e FA88     		ldrh	r2, [r7, #6]
 1033 0040 9A42     		cmp	r2, r3
 1034 0042 02D3     		bcc	.L43
 209:Service/Srv_ComTrans.c ****         rec_size = obj->buf_1_size;
 1035              		.loc 1 209 18
 1036 0044 FB68     		ldr	r3, [r7, #12]
 1037 0046 9B8B     		ldrh	r3, [r3, #28]	@ movhi
 1038 0048 BB82     		strh	r3, [r7, #20]	@ movhi
 1039              	.L43:
 210:Service/Srv_ComTrans.c **** 
 211:Service/Srv_ComTrans.c ****     obj->rx_reading = true;
 1040              		.loc 1 211 21
 1041 004a FB68     		ldr	r3, [r7, #12]
 1042 004c 0122     		movs	r2, #1
 1043 004e 1A75     		strb	r2, [r3, #20]
 212:Service/Srv_ComTrans.c ****     read_size = rec_size;
 1044              		.loc 1 212 15
 1045 0050 BB8A     		ldrh	r3, [r7, #20]	@ movhi
 1046 0052 FB82     		strh	r3, [r7, #22]	@ movhi
 213:Service/Srv_ComTrans.c ****     memcpy(p_data, obj->p_buf_1, rec_size);
 1047              		.loc 1 213 23
 1048 0054 FB68     		ldr	r3, [r7, #12]
ARM GAS  C:\Users\HUAV\AppData\Local\Temp\ccHAO3Ly.s 			page 23


 1049 0056 9B69     		ldr	r3, [r3, #24]
 1050              		.loc 1 213 5
 1051 0058 BA8A     		ldrh	r2, [r7, #20]
 1052 005a 1946     		mov	r1, r3
 1053 005c B868     		ldr	r0, [r7, #8]
 1054 005e FFF7FEFF 		bl	memcpy
 214:Service/Srv_ComTrans.c ****     memset(obj->p_buf_1, 0, obj->buf_1_size);
 1055              		.loc 1 214 15
 1056 0062 FB68     		ldr	r3, [r7, #12]
 1057 0064 9869     		ldr	r0, [r3, #24]
 1058              		.loc 1 214 32
 1059 0066 FB68     		ldr	r3, [r7, #12]
 1060 0068 9B8B     		ldrh	r3, [r3, #28]
 1061              		.loc 1 214 5
 1062 006a 1A46     		mov	r2, r3
 1063 006c 0021     		movs	r1, #0
 1064 006e FFF7FEFF 		bl	memset
 215:Service/Srv_ComTrans.c ****     obj->buf_1_size = 0;
 1065              		.loc 1 215 21
 1066 0072 FB68     		ldr	r3, [r7, #12]
 1067 0074 0022     		movs	r2, #0
 1068 0076 9A83     		strh	r2, [r3, #28]	@ movhi
 216:Service/Srv_ComTrans.c ****     obj->rx_reading = false;
 1069              		.loc 1 216 21
 1070 0078 FB68     		ldr	r3, [r7, #12]
 1071 007a 0022     		movs	r2, #0
 1072 007c 1A75     		strb	r2, [r3, #20]
 217:Service/Srv_ComTrans.c **** 
 218:Service/Srv_ComTrans.c ****     len -= rec_size;
 1073              		.loc 1 218 9
 1074 007e FA88     		ldrh	r2, [r7, #6]	@ movhi
 1075 0080 BB8A     		ldrh	r3, [r7, #20]	@ movhi
 1076 0082 D31A     		subs	r3, r2, r3
 1077 0084 FB80     		strh	r3, [r7, #6]	@ movhi
 219:Service/Srv_ComTrans.c ****     if (len && obj->buf_2_size)
 1078              		.loc 1 219 8
 1079 0086 FB88     		ldrh	r3, [r7, #6]
 1080 0088 002B     		cmp	r3, #0
 1081 008a 23D0     		beq	.L44
 1082              		.loc 1 219 19 discriminator 1
 1083 008c FB68     		ldr	r3, [r7, #12]
 1084 008e 9B8C     		ldrh	r3, [r3, #36]
 1085              		.loc 1 219 13 discriminator 1
 1086 0090 002B     		cmp	r3, #0
 1087 0092 1FD0     		beq	.L44
 220:Service/Srv_ComTrans.c ****     {
 221:Service/Srv_ComTrans.c ****         rec_size = len;
 1088              		.loc 1 221 18
 1089 0094 FB88     		ldrh	r3, [r7, #6]	@ movhi
 1090 0096 BB82     		strh	r3, [r7, #20]	@ movhi
 222:Service/Srv_ComTrans.c ****         if (rec_size >= obj->buf_2_size)
 1091              		.loc 1 222 28
 1092 0098 FB68     		ldr	r3, [r7, #12]
 1093 009a 9B8C     		ldrh	r3, [r3, #36]
 1094              		.loc 1 222 12
 1095 009c BA8A     		ldrh	r2, [r7, #20]
 1096 009e 9A42     		cmp	r2, r3
ARM GAS  C:\Users\HUAV\AppData\Local\Temp\ccHAO3Ly.s 			page 24


 1097 00a0 02D3     		bcc	.L45
 223:Service/Srv_ComTrans.c ****             rec_size = obj->buf_2_size;
 1098              		.loc 1 223 22
 1099 00a2 FB68     		ldr	r3, [r7, #12]
 1100 00a4 9B8C     		ldrh	r3, [r3, #36]	@ movhi
 1101 00a6 BB82     		strh	r3, [r7, #20]	@ movhi
 1102              	.L45:
 224:Service/Srv_ComTrans.c ****         
 225:Service/Srv_ComTrans.c ****         read_size += rec_size;
 1103              		.loc 1 225 19
 1104 00a8 FA8A     		ldrh	r2, [r7, #22]	@ movhi
 1105 00aa BB8A     		ldrh	r3, [r7, #20]	@ movhi
 1106 00ac 1344     		add	r3, r3, r2
 1107 00ae FB82     		strh	r3, [r7, #22]	@ movhi
 226:Service/Srv_ComTrans.c ****         memcpy(p_data, obj->p_buf_2, rec_size);
 1108              		.loc 1 226 27
 1109 00b0 FB68     		ldr	r3, [r7, #12]
 1110 00b2 1B6A     		ldr	r3, [r3, #32]
 1111              		.loc 1 226 9
 1112 00b4 BA8A     		ldrh	r2, [r7, #20]
 1113 00b6 1946     		mov	r1, r3
 1114 00b8 B868     		ldr	r0, [r7, #8]
 1115 00ba FFF7FEFF 		bl	memcpy
 227:Service/Srv_ComTrans.c ****         memset(obj->p_buf_2, 0, obj->buf_2_size);
 1116              		.loc 1 227 19
 1117 00be FB68     		ldr	r3, [r7, #12]
 1118 00c0 186A     		ldr	r0, [r3, #32]
 1119              		.loc 1 227 36
 1120 00c2 FB68     		ldr	r3, [r7, #12]
 1121 00c4 9B8C     		ldrh	r3, [r3, #36]
 1122              		.loc 1 227 9
 1123 00c6 1A46     		mov	r2, r3
 1124 00c8 0021     		movs	r1, #0
 1125 00ca FFF7FEFF 		bl	memset
 228:Service/Srv_ComTrans.c ****         obj->buf_2_size = 0; 
 1126              		.loc 1 228 25
 1127 00ce FB68     		ldr	r3, [r7, #12]
 1128 00d0 0022     		movs	r2, #0
 1129 00d2 9A84     		strh	r2, [r3, #36]	@ movhi
 1130              	.L44:
 229:Service/Srv_ComTrans.c ****     }
 230:Service/Srv_ComTrans.c **** 
 231:Service/Srv_ComTrans.c ****     return read_size;
 1131              		.loc 1 231 12
 1132 00d4 FB8A     		ldrh	r3, [r7, #22]
 1133              	.L42:
 232:Service/Srv_ComTrans.c **** }
 1134              		.loc 1 232 1
 1135 00d6 1846     		mov	r0, r3
 1136 00d8 1837     		adds	r7, r7, #24
 1137              	.LCFI34:
 1138              		.cfi_def_cfa_offset 8
 1139 00da BD46     		mov	sp, r7
 1140              	.LCFI35:
 1141              		.cfi_def_cfa_register 13
 1142              		@ sp needed
 1143 00dc 80BD     		pop	{r7, pc}
ARM GAS  C:\Users\HUAV\AppData\Local\Temp\ccHAO3Ly.s 			page 25


 1144              		.cfi_endproc
 1145              	.LFE347:
 1147              		.text
 1148              	.Letext0:
 1149              		.file 2 "d:\\hpm-compile-tool\\gcc-arm-none-eabi-10.3-win\\arm-none-eabi\\include\\machine\\_defau
 1150              		.file 3 "d:\\hpm-compile-tool\\gcc-arm-none-eabi-10.3-win\\arm-none-eabi\\include\\sys\\_stdint.h"
 1151              		.file 4 "d:\\hpm-compile-tool\\gcc-arm-none-eabi-10.3-win\\lib\\gcc\\arm-none-eabi\\10.3.1\\includ
 1152              		.file 5 "System/FreeRTOS/portable/GCC/ARM_CM4F/portmacro.h"
 1153              		.file 6 "System/FreeRTOS/include/portable.h"
 1154              		.file 7 "System/FreeRTOS/include/FreeRTOS.h"
 1155              		.file 8 "System/FreeRTOS/include/queue.h"
 1156              		.file 9 "System/FreeRTOS/include/semphr.h"
 1157              		.file 10 "System/FreeRTOS/CMSIS_RTOS/cmsis_os.h"
 1158              		.file 11 "Service/Srv_ComTrans.h"
 1159              		.file 12 "Service/Srv_OsCommon.h"
 1160              		.file 13 "HW_Lib/PortApi_Def/Bsp_GPIO_Port_Def.h"
 1161              		.file 14 "HW_Lib/STM32H7/HAL_Lib/CMSIS/Device/ST/STM32H7xx/Include/stm32h743xx.h"
 1162              		.file 15 "HW_Lib/STM32H7/HAL_Lib/STM32H7xx_HAL_Driver/Inc/stm32h7xx_hal_def.h"
 1163              		.file 16 "HW_Lib/STM32H7/HAL_Lib/STM32H7xx_HAL_Driver/Inc/stm32h7xx_hal_dma.h"
 1164              		.file 17 "HW_Lib/STM32H7/BSP/Bsp_DMA.h"
 1165              		.file 18 "HW_Lib/PortApi_Def/Bsp_Uart_Port_Def.h"
 1166              		.file 19 "HW_Lib/STM32H7/BSP/Bsp_Uart.h"
 1167              		.file 20 "debug/debug_util.h"
 1168              		.file 21 "HW_Lib/STM32H7/PinPort_Def/Neure/HW_Def.h"
ARM GAS  C:\Users\HUAV\AppData\Local\Temp\ccHAO3Ly.s 			page 26


DEFINED SYMBOLS
                            *ABS*:00000000 Srv_ComTrans.c
C:\Users\HUAV\AppData\Local\Temp\ccHAO3Ly.s:19     .Perph_Section:00000000 $d
C:\Users\HUAV\AppData\Local\Temp\ccHAO3Ly.s:22     .Perph_Section:00000000 SrvCom_Tx_Buff
C:\Users\HUAV\AppData\Local\Temp\ccHAO3Ly.s:27     .Perph_Section:00000800 SrvCom_Rx_Buff
C:\Users\HUAV\AppData\Local\Temp\ccHAO3Ly.s:30     .bss.SrvCom_Rx_tmpBuf_1:00000000 $d
C:\Users\HUAV\AppData\Local\Temp\ccHAO3Ly.s:33     .bss.SrvCom_Rx_tmpBuf_1:00000000 SrvCom_Rx_tmpBuf_1
C:\Users\HUAV\AppData\Local\Temp\ccHAO3Ly.s:36     .bss.SrvCom_Rx_tmpBuf_2:00000000 $d
C:\Users\HUAV\AppData\Local\Temp\ccHAO3Ly.s:39     .bss.SrvCom_Rx_tmpBuf_2:00000000 SrvCom_Rx_tmpBuf_2
C:\Users\HUAV\AppData\Local\Temp\ccHAO3Ly.s:46     .data.SrvCom:00000000 SrvCom
C:\Users\HUAV\AppData\Local\Temp\ccHAO3Ly.s:43     .data.SrvCom:00000000 $d
C:\Users\HUAV\AppData\Local\Temp\ccHAO3Ly.s:58     .text.SrvComTrans_Init:00000000 SrvComTrans_Init
C:\Users\HUAV\AppData\Local\Temp\ccHAO3Ly.s:425    .text.SrvComTrans_DeInit:00000000 SrvComTrans_DeInit
C:\Users\HUAV\AppData\Local\Temp\ccHAO3Ly.s:850    .text.SrvComTrans_Write:00000000 SrvComTrans_Write
C:\Users\HUAV\AppData\Local\Temp\ccHAO3Ly.s:975    .text.SrvComTrans_GetRecData:00000000 SrvComTrans_GetRecData
C:\Users\HUAV\AppData\Local\Temp\ccHAO3Ly.s:778    .text.SrvComTrans_DataAvailable:00000000 SrvComTrans_DataAvailable
C:\Users\HUAV\AppData\Local\Temp\ccHAO3Ly.s:53     .text.SrvComTrans_Init:00000000 $t
C:\Users\HUAV\AppData\Local\Temp\ccHAO3Ly.s:405    .text.SrvComTrans_Init:000001d8 $d
C:\Users\HUAV\AppData\Local\Temp\ccHAO3Ly.s:555    .text.SrvComTrans_Tx_Callback:00000000 SrvComTrans_Tx_Callback
C:\Users\HUAV\AppData\Local\Temp\ccHAO3Ly.s:632    .text.SrvComTrans_Rx_Callback:00000000 SrvComTrans_Rx_Callback
C:\Users\HUAV\AppData\Local\Temp\ccHAO3Ly.s:420    .text.SrvComTrans_DeInit:00000000 $t
C:\Users\HUAV\AppData\Local\Temp\ccHAO3Ly.s:543    .text.SrvComTrans_DeInit:00000084 $d
C:\Users\HUAV\AppData\Local\Temp\ccHAO3Ly.s:550    .text.SrvComTrans_Tx_Callback:00000000 $t
C:\Users\HUAV\AppData\Local\Temp\ccHAO3Ly.s:624    .bss.test_2:00000000 test_2
C:\Users\HUAV\AppData\Local\Temp\ccHAO3Ly.s:625    .bss.test_2:00000000 $d
C:\Users\HUAV\AppData\Local\Temp\ccHAO3Ly.s:627    .text.SrvComTrans_Rx_Callback:00000000 $t
C:\Users\HUAV\AppData\Local\Temp\ccHAO3Ly.s:768    .text.SrvComTrans_Rx_Callback:000000b4 $d
C:\Users\HUAV\AppData\Local\Temp\ccHAO3Ly.s:773    .text.SrvComTrans_DataAvailable:00000000 $t
C:\Users\HUAV\AppData\Local\Temp\ccHAO3Ly.s:845    .text.SrvComTrans_Write:00000000 $t
C:\Users\HUAV\AppData\Local\Temp\ccHAO3Ly.s:965    .text.SrvComTrans_Write:00000094 $d
C:\Users\HUAV\AppData\Local\Temp\ccHAO3Ly.s:970    .text.SrvComTrans_GetRecData:00000000 $t

UNDEFINED SYMBOLS
memset
osSemaphoreCreate
SrvOsCommon
Uart1_TxPin
Uart1_RxPin
BspUart
DebugPort
osSemaphoreRelease
memcpy
osSemaphoreWait
