ARM GAS  C:\Users\HUAV\AppData\Local\Temp\cciU7K53.s 			page 1


   1              		.cpu cortex-m7
   2              		.arch armv7e-m
   3              		.fpu fpv5-d16
   4              		.eabi_attribute 28, 1
   5              		.eabi_attribute 20, 1
   6              		.eabi_attribute 21, 1
   7              		.eabi_attribute 23, 3
   8              		.eabi_attribute 24, 1
   9              		.eabi_attribute 25, 1
  10              		.eabi_attribute 26, 1
  11              		.eabi_attribute 30, 6
  12              		.eabi_attribute 34, 1
  13              		.eabi_attribute 18, 4
  14              		.file	"Srv_OsCommon.c"
  15              		.text
  16              	.Ltext0:
  17              		.cfi_sections	.debug_frame
  18              		.section	.text.__enable_irq,"ax",%progbits
  19              		.align	1
  20              		.syntax unified
  21              		.thumb
  22              		.thumb_func
  24              	__enable_irq:
  25              	.LFB6:
  26              		.file 1 "HW_Lib/STM32H7/HAL_Lib/CMSIS/Core/Include/cmsis_gcc.h"
   1:HW_Lib/STM32H7/HAL_Lib/CMSIS/Core/Include/cmsis_gcc.h **** /**************************************************************************//**
   2:HW_Lib/STM32H7/HAL_Lib/CMSIS/Core/Include/cmsis_gcc.h ****  * @file     cmsis_gcc.h
   3:HW_Lib/STM32H7/HAL_Lib/CMSIS/Core/Include/cmsis_gcc.h ****  * @brief    CMSIS compiler GCC header file
   4:HW_Lib/STM32H7/HAL_Lib/CMSIS/Core/Include/cmsis_gcc.h ****  * @version  V5.2.0
   5:HW_Lib/STM32H7/HAL_Lib/CMSIS/Core/Include/cmsis_gcc.h ****  * @date     08. May 2019
   6:HW_Lib/STM32H7/HAL_Lib/CMSIS/Core/Include/cmsis_gcc.h ****  ******************************************************************************/
   7:HW_Lib/STM32H7/HAL_Lib/CMSIS/Core/Include/cmsis_gcc.h **** /*
   8:HW_Lib/STM32H7/HAL_Lib/CMSIS/Core/Include/cmsis_gcc.h ****  * Copyright (c) 2009-2019 Arm Limited. All rights reserved.
   9:HW_Lib/STM32H7/HAL_Lib/CMSIS/Core/Include/cmsis_gcc.h ****  *
  10:HW_Lib/STM32H7/HAL_Lib/CMSIS/Core/Include/cmsis_gcc.h ****  * SPDX-License-Identifier: Apache-2.0
  11:HW_Lib/STM32H7/HAL_Lib/CMSIS/Core/Include/cmsis_gcc.h ****  *
  12:HW_Lib/STM32H7/HAL_Lib/CMSIS/Core/Include/cmsis_gcc.h ****  * Licensed under the Apache License, Version 2.0 (the License); you may
  13:HW_Lib/STM32H7/HAL_Lib/CMSIS/Core/Include/cmsis_gcc.h ****  * not use this file except in compliance with the License.
  14:HW_Lib/STM32H7/HAL_Lib/CMSIS/Core/Include/cmsis_gcc.h ****  * You may obtain a copy of the License at
  15:HW_Lib/STM32H7/HAL_Lib/CMSIS/Core/Include/cmsis_gcc.h ****  *
  16:HW_Lib/STM32H7/HAL_Lib/CMSIS/Core/Include/cmsis_gcc.h ****  * www.apache.org/licenses/LICENSE-2.0
  17:HW_Lib/STM32H7/HAL_Lib/CMSIS/Core/Include/cmsis_gcc.h ****  *
  18:HW_Lib/STM32H7/HAL_Lib/CMSIS/Core/Include/cmsis_gcc.h ****  * Unless required by applicable law or agreed to in writing, software
  19:HW_Lib/STM32H7/HAL_Lib/CMSIS/Core/Include/cmsis_gcc.h ****  * distributed under the License is distributed on an AS IS BASIS, WITHOUT
  20:HW_Lib/STM32H7/HAL_Lib/CMSIS/Core/Include/cmsis_gcc.h ****  * WARRANTIES OR CONDITIONS OF ANY KIND, either express or implied.
  21:HW_Lib/STM32H7/HAL_Lib/CMSIS/Core/Include/cmsis_gcc.h ****  * See the License for the specific language governing permissions and
  22:HW_Lib/STM32H7/HAL_Lib/CMSIS/Core/Include/cmsis_gcc.h ****  * limitations under the License.
  23:HW_Lib/STM32H7/HAL_Lib/CMSIS/Core/Include/cmsis_gcc.h ****  */
  24:HW_Lib/STM32H7/HAL_Lib/CMSIS/Core/Include/cmsis_gcc.h **** 
  25:HW_Lib/STM32H7/HAL_Lib/CMSIS/Core/Include/cmsis_gcc.h **** #ifndef __CMSIS_GCC_H
  26:HW_Lib/STM32H7/HAL_Lib/CMSIS/Core/Include/cmsis_gcc.h **** #define __CMSIS_GCC_H
  27:HW_Lib/STM32H7/HAL_Lib/CMSIS/Core/Include/cmsis_gcc.h **** 
  28:HW_Lib/STM32H7/HAL_Lib/CMSIS/Core/Include/cmsis_gcc.h **** /* ignore some GCC warnings */
  29:HW_Lib/STM32H7/HAL_Lib/CMSIS/Core/Include/cmsis_gcc.h **** #pragma GCC diagnostic push
  30:HW_Lib/STM32H7/HAL_Lib/CMSIS/Core/Include/cmsis_gcc.h **** #pragma GCC diagnostic ignored "-Wsign-conversion"
  31:HW_Lib/STM32H7/HAL_Lib/CMSIS/Core/Include/cmsis_gcc.h **** #pragma GCC diagnostic ignored "-Wconversion"
  32:HW_Lib/STM32H7/HAL_Lib/CMSIS/Core/Include/cmsis_gcc.h **** #pragma GCC diagnostic ignored "-Wunused-parameter"
ARM GAS  C:\Users\HUAV\AppData\Local\Temp\cciU7K53.s 			page 2


  33:HW_Lib/STM32H7/HAL_Lib/CMSIS/Core/Include/cmsis_gcc.h **** 
  34:HW_Lib/STM32H7/HAL_Lib/CMSIS/Core/Include/cmsis_gcc.h **** /* Fallback for __has_builtin */
  35:HW_Lib/STM32H7/HAL_Lib/CMSIS/Core/Include/cmsis_gcc.h **** #ifndef __has_builtin
  36:HW_Lib/STM32H7/HAL_Lib/CMSIS/Core/Include/cmsis_gcc.h ****   #define __has_builtin(x) (0)
  37:HW_Lib/STM32H7/HAL_Lib/CMSIS/Core/Include/cmsis_gcc.h **** #endif
  38:HW_Lib/STM32H7/HAL_Lib/CMSIS/Core/Include/cmsis_gcc.h **** 
  39:HW_Lib/STM32H7/HAL_Lib/CMSIS/Core/Include/cmsis_gcc.h **** /* CMSIS compiler specific defines */
  40:HW_Lib/STM32H7/HAL_Lib/CMSIS/Core/Include/cmsis_gcc.h **** #ifndef   __ASM
  41:HW_Lib/STM32H7/HAL_Lib/CMSIS/Core/Include/cmsis_gcc.h ****   #define __ASM                                  __asm
  42:HW_Lib/STM32H7/HAL_Lib/CMSIS/Core/Include/cmsis_gcc.h **** #endif
  43:HW_Lib/STM32H7/HAL_Lib/CMSIS/Core/Include/cmsis_gcc.h **** #ifndef   __INLINE
  44:HW_Lib/STM32H7/HAL_Lib/CMSIS/Core/Include/cmsis_gcc.h ****   #define __INLINE                               inline
  45:HW_Lib/STM32H7/HAL_Lib/CMSIS/Core/Include/cmsis_gcc.h **** #endif
  46:HW_Lib/STM32H7/HAL_Lib/CMSIS/Core/Include/cmsis_gcc.h **** #ifndef   __STATIC_INLINE
  47:HW_Lib/STM32H7/HAL_Lib/CMSIS/Core/Include/cmsis_gcc.h ****   #define __STATIC_INLINE                        static inline
  48:HW_Lib/STM32H7/HAL_Lib/CMSIS/Core/Include/cmsis_gcc.h **** #endif
  49:HW_Lib/STM32H7/HAL_Lib/CMSIS/Core/Include/cmsis_gcc.h **** #ifndef   __STATIC_FORCEINLINE                 
  50:HW_Lib/STM32H7/HAL_Lib/CMSIS/Core/Include/cmsis_gcc.h ****   #define __STATIC_FORCEINLINE                   __attribute__((always_inline)) static inline
  51:HW_Lib/STM32H7/HAL_Lib/CMSIS/Core/Include/cmsis_gcc.h **** #endif                                           
  52:HW_Lib/STM32H7/HAL_Lib/CMSIS/Core/Include/cmsis_gcc.h **** #ifndef   __NO_RETURN
  53:HW_Lib/STM32H7/HAL_Lib/CMSIS/Core/Include/cmsis_gcc.h ****   #define __NO_RETURN                            __attribute__((__noreturn__))
  54:HW_Lib/STM32H7/HAL_Lib/CMSIS/Core/Include/cmsis_gcc.h **** #endif
  55:HW_Lib/STM32H7/HAL_Lib/CMSIS/Core/Include/cmsis_gcc.h **** #ifndef   __USED
  56:HW_Lib/STM32H7/HAL_Lib/CMSIS/Core/Include/cmsis_gcc.h ****   #define __USED                                 __attribute__((used))
  57:HW_Lib/STM32H7/HAL_Lib/CMSIS/Core/Include/cmsis_gcc.h **** #endif
  58:HW_Lib/STM32H7/HAL_Lib/CMSIS/Core/Include/cmsis_gcc.h **** #ifndef   __WEAK
  59:HW_Lib/STM32H7/HAL_Lib/CMSIS/Core/Include/cmsis_gcc.h ****   #define __WEAK                                 __attribute__((weak))
  60:HW_Lib/STM32H7/HAL_Lib/CMSIS/Core/Include/cmsis_gcc.h **** #endif
  61:HW_Lib/STM32H7/HAL_Lib/CMSIS/Core/Include/cmsis_gcc.h **** #ifndef   __PACKED
  62:HW_Lib/STM32H7/HAL_Lib/CMSIS/Core/Include/cmsis_gcc.h ****   #define __PACKED                               __attribute__((packed, aligned(1)))
  63:HW_Lib/STM32H7/HAL_Lib/CMSIS/Core/Include/cmsis_gcc.h **** #endif
  64:HW_Lib/STM32H7/HAL_Lib/CMSIS/Core/Include/cmsis_gcc.h **** #ifndef   __PACKED_STRUCT
  65:HW_Lib/STM32H7/HAL_Lib/CMSIS/Core/Include/cmsis_gcc.h ****   #define __PACKED_STRUCT                        struct __attribute__((packed, aligned(1)))
  66:HW_Lib/STM32H7/HAL_Lib/CMSIS/Core/Include/cmsis_gcc.h **** #endif
  67:HW_Lib/STM32H7/HAL_Lib/CMSIS/Core/Include/cmsis_gcc.h **** #ifndef   __PACKED_UNION
  68:HW_Lib/STM32H7/HAL_Lib/CMSIS/Core/Include/cmsis_gcc.h ****   #define __PACKED_UNION                         union __attribute__((packed, aligned(1)))
  69:HW_Lib/STM32H7/HAL_Lib/CMSIS/Core/Include/cmsis_gcc.h **** #endif
  70:HW_Lib/STM32H7/HAL_Lib/CMSIS/Core/Include/cmsis_gcc.h **** #ifndef   __UNALIGNED_UINT32        /* deprecated */
  71:HW_Lib/STM32H7/HAL_Lib/CMSIS/Core/Include/cmsis_gcc.h ****   #pragma GCC diagnostic push
  72:HW_Lib/STM32H7/HAL_Lib/CMSIS/Core/Include/cmsis_gcc.h ****   #pragma GCC diagnostic ignored "-Wpacked"
  73:HW_Lib/STM32H7/HAL_Lib/CMSIS/Core/Include/cmsis_gcc.h ****   #pragma GCC diagnostic ignored "-Wattributes"
  74:HW_Lib/STM32H7/HAL_Lib/CMSIS/Core/Include/cmsis_gcc.h ****   struct __attribute__((packed)) T_UINT32 { uint32_t v; };
  75:HW_Lib/STM32H7/HAL_Lib/CMSIS/Core/Include/cmsis_gcc.h ****   #pragma GCC diagnostic pop
  76:HW_Lib/STM32H7/HAL_Lib/CMSIS/Core/Include/cmsis_gcc.h ****   #define __UNALIGNED_UINT32(x)                  (((struct T_UINT32 *)(x))->v)
  77:HW_Lib/STM32H7/HAL_Lib/CMSIS/Core/Include/cmsis_gcc.h **** #endif
  78:HW_Lib/STM32H7/HAL_Lib/CMSIS/Core/Include/cmsis_gcc.h **** #ifndef   __UNALIGNED_UINT16_WRITE
  79:HW_Lib/STM32H7/HAL_Lib/CMSIS/Core/Include/cmsis_gcc.h ****   #pragma GCC diagnostic push
  80:HW_Lib/STM32H7/HAL_Lib/CMSIS/Core/Include/cmsis_gcc.h ****   #pragma GCC diagnostic ignored "-Wpacked"
  81:HW_Lib/STM32H7/HAL_Lib/CMSIS/Core/Include/cmsis_gcc.h ****   #pragma GCC diagnostic ignored "-Wattributes"
  82:HW_Lib/STM32H7/HAL_Lib/CMSIS/Core/Include/cmsis_gcc.h ****   __PACKED_STRUCT T_UINT16_WRITE { uint16_t v; };
  83:HW_Lib/STM32H7/HAL_Lib/CMSIS/Core/Include/cmsis_gcc.h ****   #pragma GCC diagnostic pop
  84:HW_Lib/STM32H7/HAL_Lib/CMSIS/Core/Include/cmsis_gcc.h ****   #define __UNALIGNED_UINT16_WRITE(addr, val)    (void)((((struct T_UINT16_WRITE *)(void *)(addr))-
  85:HW_Lib/STM32H7/HAL_Lib/CMSIS/Core/Include/cmsis_gcc.h **** #endif
  86:HW_Lib/STM32H7/HAL_Lib/CMSIS/Core/Include/cmsis_gcc.h **** #ifndef   __UNALIGNED_UINT16_READ
  87:HW_Lib/STM32H7/HAL_Lib/CMSIS/Core/Include/cmsis_gcc.h ****   #pragma GCC diagnostic push
  88:HW_Lib/STM32H7/HAL_Lib/CMSIS/Core/Include/cmsis_gcc.h ****   #pragma GCC diagnostic ignored "-Wpacked"
  89:HW_Lib/STM32H7/HAL_Lib/CMSIS/Core/Include/cmsis_gcc.h ****   #pragma GCC diagnostic ignored "-Wattributes"
ARM GAS  C:\Users\HUAV\AppData\Local\Temp\cciU7K53.s 			page 3


  90:HW_Lib/STM32H7/HAL_Lib/CMSIS/Core/Include/cmsis_gcc.h ****   __PACKED_STRUCT T_UINT16_READ { uint16_t v; };
  91:HW_Lib/STM32H7/HAL_Lib/CMSIS/Core/Include/cmsis_gcc.h ****   #pragma GCC diagnostic pop
  92:HW_Lib/STM32H7/HAL_Lib/CMSIS/Core/Include/cmsis_gcc.h ****   #define __UNALIGNED_UINT16_READ(addr)          (((const struct T_UINT16_READ *)(const void *)(add
  93:HW_Lib/STM32H7/HAL_Lib/CMSIS/Core/Include/cmsis_gcc.h **** #endif
  94:HW_Lib/STM32H7/HAL_Lib/CMSIS/Core/Include/cmsis_gcc.h **** #ifndef   __UNALIGNED_UINT32_WRITE
  95:HW_Lib/STM32H7/HAL_Lib/CMSIS/Core/Include/cmsis_gcc.h ****   #pragma GCC diagnostic push
  96:HW_Lib/STM32H7/HAL_Lib/CMSIS/Core/Include/cmsis_gcc.h ****   #pragma GCC diagnostic ignored "-Wpacked"
  97:HW_Lib/STM32H7/HAL_Lib/CMSIS/Core/Include/cmsis_gcc.h ****   #pragma GCC diagnostic ignored "-Wattributes"
  98:HW_Lib/STM32H7/HAL_Lib/CMSIS/Core/Include/cmsis_gcc.h ****   __PACKED_STRUCT T_UINT32_WRITE { uint32_t v; };
  99:HW_Lib/STM32H7/HAL_Lib/CMSIS/Core/Include/cmsis_gcc.h ****   #pragma GCC diagnostic pop
 100:HW_Lib/STM32H7/HAL_Lib/CMSIS/Core/Include/cmsis_gcc.h ****   #define __UNALIGNED_UINT32_WRITE(addr, val)    (void)((((struct T_UINT32_WRITE *)(void *)(addr))-
 101:HW_Lib/STM32H7/HAL_Lib/CMSIS/Core/Include/cmsis_gcc.h **** #endif
 102:HW_Lib/STM32H7/HAL_Lib/CMSIS/Core/Include/cmsis_gcc.h **** #ifndef   __UNALIGNED_UINT32_READ
 103:HW_Lib/STM32H7/HAL_Lib/CMSIS/Core/Include/cmsis_gcc.h ****   #pragma GCC diagnostic push
 104:HW_Lib/STM32H7/HAL_Lib/CMSIS/Core/Include/cmsis_gcc.h ****   #pragma GCC diagnostic ignored "-Wpacked"
 105:HW_Lib/STM32H7/HAL_Lib/CMSIS/Core/Include/cmsis_gcc.h ****   #pragma GCC diagnostic ignored "-Wattributes"
 106:HW_Lib/STM32H7/HAL_Lib/CMSIS/Core/Include/cmsis_gcc.h ****   __PACKED_STRUCT T_UINT32_READ { uint32_t v; };
 107:HW_Lib/STM32H7/HAL_Lib/CMSIS/Core/Include/cmsis_gcc.h ****   #pragma GCC diagnostic pop
 108:HW_Lib/STM32H7/HAL_Lib/CMSIS/Core/Include/cmsis_gcc.h ****   #define __UNALIGNED_UINT32_READ(addr)          (((const struct T_UINT32_READ *)(const void *)(add
 109:HW_Lib/STM32H7/HAL_Lib/CMSIS/Core/Include/cmsis_gcc.h **** #endif
 110:HW_Lib/STM32H7/HAL_Lib/CMSIS/Core/Include/cmsis_gcc.h **** #ifndef   __ALIGNED
 111:HW_Lib/STM32H7/HAL_Lib/CMSIS/Core/Include/cmsis_gcc.h ****   #define __ALIGNED(x)                           __attribute__((aligned(x)))
 112:HW_Lib/STM32H7/HAL_Lib/CMSIS/Core/Include/cmsis_gcc.h **** #endif
 113:HW_Lib/STM32H7/HAL_Lib/CMSIS/Core/Include/cmsis_gcc.h **** #ifndef   __RESTRICT
 114:HW_Lib/STM32H7/HAL_Lib/CMSIS/Core/Include/cmsis_gcc.h ****   #define __RESTRICT                             __restrict
 115:HW_Lib/STM32H7/HAL_Lib/CMSIS/Core/Include/cmsis_gcc.h **** #endif
 116:HW_Lib/STM32H7/HAL_Lib/CMSIS/Core/Include/cmsis_gcc.h **** #ifndef   __COMPILER_BARRIER
 117:HW_Lib/STM32H7/HAL_Lib/CMSIS/Core/Include/cmsis_gcc.h ****   #define __COMPILER_BARRIER()                   __ASM volatile("":::"memory")
 118:HW_Lib/STM32H7/HAL_Lib/CMSIS/Core/Include/cmsis_gcc.h **** #endif
 119:HW_Lib/STM32H7/HAL_Lib/CMSIS/Core/Include/cmsis_gcc.h **** 
 120:HW_Lib/STM32H7/HAL_Lib/CMSIS/Core/Include/cmsis_gcc.h **** /* #########################  Startup and Lowlevel Init  ######################## */
 121:HW_Lib/STM32H7/HAL_Lib/CMSIS/Core/Include/cmsis_gcc.h **** 
 122:HW_Lib/STM32H7/HAL_Lib/CMSIS/Core/Include/cmsis_gcc.h **** #ifndef __PROGRAM_START
 123:HW_Lib/STM32H7/HAL_Lib/CMSIS/Core/Include/cmsis_gcc.h **** 
 124:HW_Lib/STM32H7/HAL_Lib/CMSIS/Core/Include/cmsis_gcc.h **** /**
 125:HW_Lib/STM32H7/HAL_Lib/CMSIS/Core/Include/cmsis_gcc.h ****   \brief   Initializes data and bss sections
 126:HW_Lib/STM32H7/HAL_Lib/CMSIS/Core/Include/cmsis_gcc.h ****   \details This default implementations initialized all data and additional bss
 127:HW_Lib/STM32H7/HAL_Lib/CMSIS/Core/Include/cmsis_gcc.h ****            sections relying on .copy.table and .zero.table specified properly
 128:HW_Lib/STM32H7/HAL_Lib/CMSIS/Core/Include/cmsis_gcc.h ****            in the used linker script.
 129:HW_Lib/STM32H7/HAL_Lib/CMSIS/Core/Include/cmsis_gcc.h ****   
 130:HW_Lib/STM32H7/HAL_Lib/CMSIS/Core/Include/cmsis_gcc.h ****  */
 131:HW_Lib/STM32H7/HAL_Lib/CMSIS/Core/Include/cmsis_gcc.h **** __STATIC_FORCEINLINE __NO_RETURN void __cmsis_start(void)
 132:HW_Lib/STM32H7/HAL_Lib/CMSIS/Core/Include/cmsis_gcc.h **** {
 133:HW_Lib/STM32H7/HAL_Lib/CMSIS/Core/Include/cmsis_gcc.h ****   extern void _start(void) __NO_RETURN;
 134:HW_Lib/STM32H7/HAL_Lib/CMSIS/Core/Include/cmsis_gcc.h ****   
 135:HW_Lib/STM32H7/HAL_Lib/CMSIS/Core/Include/cmsis_gcc.h ****   typedef struct {
 136:HW_Lib/STM32H7/HAL_Lib/CMSIS/Core/Include/cmsis_gcc.h ****     uint32_t const* src;
 137:HW_Lib/STM32H7/HAL_Lib/CMSIS/Core/Include/cmsis_gcc.h ****     uint32_t* dest;
 138:HW_Lib/STM32H7/HAL_Lib/CMSIS/Core/Include/cmsis_gcc.h ****     uint32_t  wlen;
 139:HW_Lib/STM32H7/HAL_Lib/CMSIS/Core/Include/cmsis_gcc.h ****   } __copy_table_t;
 140:HW_Lib/STM32H7/HAL_Lib/CMSIS/Core/Include/cmsis_gcc.h ****   
 141:HW_Lib/STM32H7/HAL_Lib/CMSIS/Core/Include/cmsis_gcc.h ****   typedef struct {
 142:HW_Lib/STM32H7/HAL_Lib/CMSIS/Core/Include/cmsis_gcc.h ****     uint32_t* dest;
 143:HW_Lib/STM32H7/HAL_Lib/CMSIS/Core/Include/cmsis_gcc.h ****     uint32_t  wlen;
 144:HW_Lib/STM32H7/HAL_Lib/CMSIS/Core/Include/cmsis_gcc.h ****   } __zero_table_t;
 145:HW_Lib/STM32H7/HAL_Lib/CMSIS/Core/Include/cmsis_gcc.h ****   
 146:HW_Lib/STM32H7/HAL_Lib/CMSIS/Core/Include/cmsis_gcc.h ****   extern const __copy_table_t __copy_table_start__;
ARM GAS  C:\Users\HUAV\AppData\Local\Temp\cciU7K53.s 			page 4


 147:HW_Lib/STM32H7/HAL_Lib/CMSIS/Core/Include/cmsis_gcc.h ****   extern const __copy_table_t __copy_table_end__;
 148:HW_Lib/STM32H7/HAL_Lib/CMSIS/Core/Include/cmsis_gcc.h ****   extern const __zero_table_t __zero_table_start__;
 149:HW_Lib/STM32H7/HAL_Lib/CMSIS/Core/Include/cmsis_gcc.h ****   extern const __zero_table_t __zero_table_end__;
 150:HW_Lib/STM32H7/HAL_Lib/CMSIS/Core/Include/cmsis_gcc.h **** 
 151:HW_Lib/STM32H7/HAL_Lib/CMSIS/Core/Include/cmsis_gcc.h ****   for (__copy_table_t const* pTable = &__copy_table_start__; pTable < &__copy_table_end__; ++pTable
 152:HW_Lib/STM32H7/HAL_Lib/CMSIS/Core/Include/cmsis_gcc.h ****     for(uint32_t i=0u; i<pTable->wlen; ++i) {
 153:HW_Lib/STM32H7/HAL_Lib/CMSIS/Core/Include/cmsis_gcc.h ****       pTable->dest[i] = pTable->src[i];
 154:HW_Lib/STM32H7/HAL_Lib/CMSIS/Core/Include/cmsis_gcc.h ****     }
 155:HW_Lib/STM32H7/HAL_Lib/CMSIS/Core/Include/cmsis_gcc.h ****   }
 156:HW_Lib/STM32H7/HAL_Lib/CMSIS/Core/Include/cmsis_gcc.h ****  
 157:HW_Lib/STM32H7/HAL_Lib/CMSIS/Core/Include/cmsis_gcc.h ****   for (__zero_table_t const* pTable = &__zero_table_start__; pTable < &__zero_table_end__; ++pTable
 158:HW_Lib/STM32H7/HAL_Lib/CMSIS/Core/Include/cmsis_gcc.h ****     for(uint32_t i=0u; i<pTable->wlen; ++i) {
 159:HW_Lib/STM32H7/HAL_Lib/CMSIS/Core/Include/cmsis_gcc.h ****       pTable->dest[i] = 0u;
 160:HW_Lib/STM32H7/HAL_Lib/CMSIS/Core/Include/cmsis_gcc.h ****     }
 161:HW_Lib/STM32H7/HAL_Lib/CMSIS/Core/Include/cmsis_gcc.h ****   }
 162:HW_Lib/STM32H7/HAL_Lib/CMSIS/Core/Include/cmsis_gcc.h ****  
 163:HW_Lib/STM32H7/HAL_Lib/CMSIS/Core/Include/cmsis_gcc.h ****   _start();
 164:HW_Lib/STM32H7/HAL_Lib/CMSIS/Core/Include/cmsis_gcc.h **** }
 165:HW_Lib/STM32H7/HAL_Lib/CMSIS/Core/Include/cmsis_gcc.h ****   
 166:HW_Lib/STM32H7/HAL_Lib/CMSIS/Core/Include/cmsis_gcc.h **** #define __PROGRAM_START           __cmsis_start
 167:HW_Lib/STM32H7/HAL_Lib/CMSIS/Core/Include/cmsis_gcc.h **** #endif
 168:HW_Lib/STM32H7/HAL_Lib/CMSIS/Core/Include/cmsis_gcc.h **** 
 169:HW_Lib/STM32H7/HAL_Lib/CMSIS/Core/Include/cmsis_gcc.h **** #ifndef __INITIAL_SP
 170:HW_Lib/STM32H7/HAL_Lib/CMSIS/Core/Include/cmsis_gcc.h **** #define __INITIAL_SP              __StackTop
 171:HW_Lib/STM32H7/HAL_Lib/CMSIS/Core/Include/cmsis_gcc.h **** #endif
 172:HW_Lib/STM32H7/HAL_Lib/CMSIS/Core/Include/cmsis_gcc.h **** 
 173:HW_Lib/STM32H7/HAL_Lib/CMSIS/Core/Include/cmsis_gcc.h **** #ifndef __STACK_LIMIT
 174:HW_Lib/STM32H7/HAL_Lib/CMSIS/Core/Include/cmsis_gcc.h **** #define __STACK_LIMIT             __StackLimit
 175:HW_Lib/STM32H7/HAL_Lib/CMSIS/Core/Include/cmsis_gcc.h **** #endif
 176:HW_Lib/STM32H7/HAL_Lib/CMSIS/Core/Include/cmsis_gcc.h **** 
 177:HW_Lib/STM32H7/HAL_Lib/CMSIS/Core/Include/cmsis_gcc.h **** #ifndef __VECTOR_TABLE
 178:HW_Lib/STM32H7/HAL_Lib/CMSIS/Core/Include/cmsis_gcc.h **** #define __VECTOR_TABLE            __Vectors
 179:HW_Lib/STM32H7/HAL_Lib/CMSIS/Core/Include/cmsis_gcc.h **** #endif
 180:HW_Lib/STM32H7/HAL_Lib/CMSIS/Core/Include/cmsis_gcc.h **** 
 181:HW_Lib/STM32H7/HAL_Lib/CMSIS/Core/Include/cmsis_gcc.h **** #ifndef __VECTOR_TABLE_ATTRIBUTE
 182:HW_Lib/STM32H7/HAL_Lib/CMSIS/Core/Include/cmsis_gcc.h **** #define __VECTOR_TABLE_ATTRIBUTE  __attribute((used, section(".vectors")))
 183:HW_Lib/STM32H7/HAL_Lib/CMSIS/Core/Include/cmsis_gcc.h **** #endif
 184:HW_Lib/STM32H7/HAL_Lib/CMSIS/Core/Include/cmsis_gcc.h **** 
 185:HW_Lib/STM32H7/HAL_Lib/CMSIS/Core/Include/cmsis_gcc.h **** /* ###########################  Core Function Access  ########################### */
 186:HW_Lib/STM32H7/HAL_Lib/CMSIS/Core/Include/cmsis_gcc.h **** /** \ingroup  CMSIS_Core_FunctionInterface
 187:HW_Lib/STM32H7/HAL_Lib/CMSIS/Core/Include/cmsis_gcc.h ****     \defgroup CMSIS_Core_RegAccFunctions CMSIS Core Register Access Functions
 188:HW_Lib/STM32H7/HAL_Lib/CMSIS/Core/Include/cmsis_gcc.h ****   @{
 189:HW_Lib/STM32H7/HAL_Lib/CMSIS/Core/Include/cmsis_gcc.h ****  */
 190:HW_Lib/STM32H7/HAL_Lib/CMSIS/Core/Include/cmsis_gcc.h **** 
 191:HW_Lib/STM32H7/HAL_Lib/CMSIS/Core/Include/cmsis_gcc.h **** /**
 192:HW_Lib/STM32H7/HAL_Lib/CMSIS/Core/Include/cmsis_gcc.h ****   \brief   Enable IRQ Interrupts
 193:HW_Lib/STM32H7/HAL_Lib/CMSIS/Core/Include/cmsis_gcc.h ****   \details Enables IRQ interrupts by clearing the I-bit in the CPSR.
 194:HW_Lib/STM32H7/HAL_Lib/CMSIS/Core/Include/cmsis_gcc.h ****            Can only be executed in Privileged modes.
 195:HW_Lib/STM32H7/HAL_Lib/CMSIS/Core/Include/cmsis_gcc.h ****  */
 196:HW_Lib/STM32H7/HAL_Lib/CMSIS/Core/Include/cmsis_gcc.h **** __STATIC_FORCEINLINE void __enable_irq(void)
 197:HW_Lib/STM32H7/HAL_Lib/CMSIS/Core/Include/cmsis_gcc.h **** {
  27              		.loc 1 197 1
  28              		.cfi_startproc
  29              		@ args = 0, pretend = 0, frame = 0
  30              		@ frame_needed = 1, uses_anonymous_args = 0
  31              		@ link register save eliminated.
  32 0000 80B4     		push	{r7}
ARM GAS  C:\Users\HUAV\AppData\Local\Temp\cciU7K53.s 			page 5


  33              	.LCFI0:
  34              		.cfi_def_cfa_offset 4
  35              		.cfi_offset 7, -4
  36 0002 00AF     		add	r7, sp, #0
  37              	.LCFI1:
  38              		.cfi_def_cfa_register 7
 198:HW_Lib/STM32H7/HAL_Lib/CMSIS/Core/Include/cmsis_gcc.h ****   __ASM volatile ("cpsie i" : : : "memory");
  39              		.loc 1 198 3
  40              		.syntax unified
  41              	@ 198 "HW_Lib/STM32H7/HAL_Lib/CMSIS/Core/Include/cmsis_gcc.h" 1
  42 0004 62B6     		cpsie i
  43              	@ 0 "" 2
 199:HW_Lib/STM32H7/HAL_Lib/CMSIS/Core/Include/cmsis_gcc.h **** }
  44              		.loc 1 199 1
  45              		.thumb
  46              		.syntax unified
  47 0006 00BF     		nop
  48 0008 BD46     		mov	sp, r7
  49              	.LCFI2:
  50              		.cfi_def_cfa_register 13
  51              		@ sp needed
  52 000a 5DF8047B 		ldr	r7, [sp], #4
  53              	.LCFI3:
  54              		.cfi_restore 7
  55              		.cfi_def_cfa_offset 0
  56 000e 7047     		bx	lr
  57              		.cfi_endproc
  58              	.LFE6:
  60              		.section	.text.__disable_irq,"ax",%progbits
  61              		.align	1
  62              		.syntax unified
  63              		.thumb
  64              		.thumb_func
  66              	__disable_irq:
  67              	.LFB7:
 200:HW_Lib/STM32H7/HAL_Lib/CMSIS/Core/Include/cmsis_gcc.h **** 
 201:HW_Lib/STM32H7/HAL_Lib/CMSIS/Core/Include/cmsis_gcc.h **** 
 202:HW_Lib/STM32H7/HAL_Lib/CMSIS/Core/Include/cmsis_gcc.h **** /**
 203:HW_Lib/STM32H7/HAL_Lib/CMSIS/Core/Include/cmsis_gcc.h ****   \brief   Disable IRQ Interrupts
 204:HW_Lib/STM32H7/HAL_Lib/CMSIS/Core/Include/cmsis_gcc.h ****   \details Disables IRQ interrupts by setting the I-bit in the CPSR.
 205:HW_Lib/STM32H7/HAL_Lib/CMSIS/Core/Include/cmsis_gcc.h ****            Can only be executed in Privileged modes.
 206:HW_Lib/STM32H7/HAL_Lib/CMSIS/Core/Include/cmsis_gcc.h ****  */
 207:HW_Lib/STM32H7/HAL_Lib/CMSIS/Core/Include/cmsis_gcc.h **** __STATIC_FORCEINLINE void __disable_irq(void)
 208:HW_Lib/STM32H7/HAL_Lib/CMSIS/Core/Include/cmsis_gcc.h **** {
  68              		.loc 1 208 1
  69              		.cfi_startproc
  70              		@ args = 0, pretend = 0, frame = 0
  71              		@ frame_needed = 1, uses_anonymous_args = 0
  72              		@ link register save eliminated.
  73 0000 80B4     		push	{r7}
  74              	.LCFI4:
  75              		.cfi_def_cfa_offset 4
  76              		.cfi_offset 7, -4
  77 0002 00AF     		add	r7, sp, #0
  78              	.LCFI5:
  79              		.cfi_def_cfa_register 7
 209:HW_Lib/STM32H7/HAL_Lib/CMSIS/Core/Include/cmsis_gcc.h ****   __ASM volatile ("cpsid i" : : : "memory");
ARM GAS  C:\Users\HUAV\AppData\Local\Temp\cciU7K53.s 			page 6


  80              		.loc 1 209 3
  81              		.syntax unified
  82              	@ 209 "HW_Lib/STM32H7/HAL_Lib/CMSIS/Core/Include/cmsis_gcc.h" 1
  83 0004 72B6     		cpsid i
  84              	@ 0 "" 2
 210:HW_Lib/STM32H7/HAL_Lib/CMSIS/Core/Include/cmsis_gcc.h **** }
  85              		.loc 1 210 1
  86              		.thumb
  87              		.syntax unified
  88 0006 00BF     		nop
  89 0008 BD46     		mov	sp, r7
  90              	.LCFI6:
  91              		.cfi_def_cfa_register 13
  92              		@ sp needed
  93 000a 5DF8047B 		ldr	r7, [sp], #4
  94              	.LCFI7:
  95              		.cfi_restore 7
  96              		.cfi_def_cfa_offset 0
  97 000e 7047     		bx	lr
  98              		.cfi_endproc
  99              	.LFE7:
 101              		.section	.bss.OsHeap_Monitor,"aw",%nobits
 102              		.align	2
 105              	OsHeap_Monitor:
 106 0000 00000000 		.space	60
 106      00000000 
 106      00000000 
 106      00000000 
 106      00000000 
 107              		.global	ucHeap
 108              		.section	.Os_Section,"aw"
 109              		.align	2
 112              	ucHeap:
 113 0000 00000000 		.space	4194304
 113      00000000 
 113      00000000 
 113      00000000 
 113      00000000 
 114              		.global	SrvOsCommon
 115              		.section	.data.SrvOsCommon,"aw"
 116              		.align	2
 119              	SrvOsCommon:
 120 0000 00000000 		.word	SrvOsCommon_Init
 121 0004 00000000 		.word	osKernelSysTick
 122 0008 00000000 		.word	SrvOsCommon_Delay
 123 000c 00000000 		.word	SrvOsCommon_DelayUntil
 124 0010 00000000 		.word	Kernel_Get_SysTimer_TickUnit
 125 0014 00000000 		.word	Kernel_Get_PeriodValue
 126 0018 00000000 		.word	Kernel_TickVal_To_Us
 127 001c 00000000 		.word	Kernel_Set_SysTimer_TickUnit
 128 0020 00000000 		.word	Kernel_Set_PeriodValue
 129 0024 00000000 		.word	Kernel_DisableTimer_IRQ
 130 0028 00000000 		.word	Kernel_EnableTimer_IRQ
 131 002c 00000000 		.word	Kernel_BaseTick_DeInit
 132 0030 00000000 		.word	SrvOsCommon_Malloc
 133 0034 00000000 		.word	SrvOsCommon_Free
 134 0038 00000000 		.word	SrvOsCommon_JumpToAddr
ARM GAS  C:\Users\HUAV\AppData\Local\Temp\cciU7K53.s 			page 7


 135 003c 00000000 		.word	vPortEnterCritical
 136 0040 00000000 		.word	vPortExitCritical
 137 0044 00000000 		.word	vPortGetHeapStats
 138 0048 00000000 		.word	__disable_irq
 139 004c 00000000 		.word	__enable_irq
 140 0050 00000000 		.word	Kernel_reboot
 141              		.section	.text.SrvOsCommon_Init,"ax",%progbits
 142              		.align	1
 143              		.syntax unified
 144              		.thumb
 145              		.thumb_func
 147              	SrvOsCommon_Init:
 148              	.LFB341:
 149              		.file 2 "Service/Srv_OsCommon.c"
   1:Service/Srv_OsCommon.c **** #include "../FCHW_Config.h"
   2:Service/Srv_OsCommon.c **** #include "Srv_OsCommon.h"
   3:Service/Srv_OsCommon.c **** #include "util.h"
   4:Service/Srv_OsCommon.c **** #include "kernel.h"
   5:Service/Srv_OsCommon.c **** #include "HW_Def.h"
   6:Service/Srv_OsCommon.c **** #include "Bsp_SDRAM.h"
   7:Service/Srv_OsCommon.c **** 
   8:Service/Srv_OsCommon.c **** typedef void (*Application_Func)(void);
   9:Service/Srv_OsCommon.c **** 
  10:Service/Srv_OsCommon.c **** typedef struct
  11:Service/Srv_OsCommon.c **** {
  12:Service/Srv_OsCommon.c ****     uint32_t available_size;
  13:Service/Srv_OsCommon.c ****     uint32_t heap_remain;
  14:Service/Srv_OsCommon.c ****     uint32_t block_num;
  15:Service/Srv_OsCommon.c **** 
  16:Service/Srv_OsCommon.c ****     uint32_t malloc_cnt;
  17:Service/Srv_OsCommon.c ****     uint32_t malloc_failed_cnt;
  18:Service/Srv_OsCommon.c ****     uint32_t free_cnt;
  19:Service/Srv_OsCommon.c ****     uint32_t free_faile_cnt;
  20:Service/Srv_OsCommon.c **** 
  21:Service/Srv_OsCommon.c ****     bool sdram_state;
  22:Service/Srv_OsCommon.c ****     uint32_t sdram_base_addr;
  23:Service/Srv_OsCommon.c ****     uint32_t ext_mem_size;
  24:Service/Srv_OsCommon.c **** 
  25:Service/Srv_OsCommon.c ****     uint32_t t_w_cnt;           /* test write count */
  26:Service/Srv_OsCommon.c ****     uint32_t t_w_failed_cnt;    /* test write failed count */
  27:Service/Srv_OsCommon.c ****     
  28:Service/Srv_OsCommon.c ****     BspSDRAMObj_TypeDef sdram_obj;
  29:Service/Srv_OsCommon.c **** }SrvOsCommon_HeapMonitor_TypeDef;
  30:Service/Srv_OsCommon.c **** 
  31:Service/Srv_OsCommon.c **** /* internal vriable */
  32:Service/Srv_OsCommon.c **** static SrvOsCommon_HeapMonitor_TypeDef OsHeap_Monitor = {0};
  33:Service/Srv_OsCommon.c **** 
  34:Service/Srv_OsCommon.c **** /* external function */
  35:Service/Srv_OsCommon.c **** static void* SrvOsCommon_Malloc(uint32_t size);
  36:Service/Srv_OsCommon.c **** static void SrvOsCommon_Free(void *ptr);
  37:Service/Srv_OsCommon.c **** static void SrvOsCommon_Delay(uint32_t ms);
  38:Service/Srv_OsCommon.c **** static void SrvOsCommon_DelayUntil(uint32_t *prev_time, uint32_t ms);
  39:Service/Srv_OsCommon.c **** static bool SrvOsCommon_Init(void);
  40:Service/Srv_OsCommon.c **** static void SrvOsCommon_JumpToAddr(uint32_t addr);
  41:Service/Srv_OsCommon.c **** 
  42:Service/Srv_OsCommon.c **** /* external vriable */
  43:Service/Srv_OsCommon.c **** uint8_t __attribute__((section(".Os_Section"))) ucHeap[ configTOTAL_HEAP_SIZE ];
ARM GAS  C:\Users\HUAV\AppData\Local\Temp\cciU7K53.s 			page 8


  44:Service/Srv_OsCommon.c **** 
  45:Service/Srv_OsCommon.c **** SrvOsCommon_TypeDef SrvOsCommon = {
  46:Service/Srv_OsCommon.c ****     .init = SrvOsCommon_Init,
  47:Service/Srv_OsCommon.c ****     .get_os_ms = osKernelSysTick,
  48:Service/Srv_OsCommon.c ****     .delay_ms = SrvOsCommon_Delay,
  49:Service/Srv_OsCommon.c ****     .precise_delay = SrvOsCommon_DelayUntil,
  50:Service/Srv_OsCommon.c ****     .malloc = SrvOsCommon_Malloc,
  51:Service/Srv_OsCommon.c ****     .free = SrvOsCommon_Free,
  52:Service/Srv_OsCommon.c ****     .jump_to_addr = SrvOsCommon_JumpToAddr,
  53:Service/Srv_OsCommon.c ****     .enter_critical = vPortEnterCritical,
  54:Service/Srv_OsCommon.c ****     .exit_critical = vPortExitCritical,
  55:Service/Srv_OsCommon.c ****     .get_heap_status = vPortGetHeapStats,
  56:Service/Srv_OsCommon.c ****     .get_systimer_current_tick = Kernel_Get_SysTimer_TickUnit,
  57:Service/Srv_OsCommon.c ****     .get_systimer_period = Kernel_Get_PeriodValue,
  58:Service/Srv_OsCommon.c ****     .set_systimer_tick_value = Kernel_Set_SysTimer_TickUnit,
  59:Service/Srv_OsCommon.c ****     .set_systimer_period = Kernel_Set_PeriodValue,
  60:Service/Srv_OsCommon.c ****     .systimer_tick_to_us = Kernel_TickVal_To_Us,
  61:Service/Srv_OsCommon.c ****     .systimer_disable = Kernel_DisableTimer_IRQ,
  62:Service/Srv_OsCommon.c ****     .systimer_deinit = Kernel_BaseTick_DeInit,
  63:Service/Srv_OsCommon.c ****     .systimer_enable = Kernel_EnableTimer_IRQ,
  64:Service/Srv_OsCommon.c ****     .disable_all_irq = __disable_irq,
  65:Service/Srv_OsCommon.c ****     .enable_all_irq = __enable_irq,
  66:Service/Srv_OsCommon.c ****     .reboot = Kernel_reboot,
  67:Service/Srv_OsCommon.c **** };
  68:Service/Srv_OsCommon.c **** 
  69:Service/Srv_OsCommon.c **** static bool SrvOsCommon_Init(void)
  70:Service/Srv_OsCommon.c **** {
 150              		.loc 2 70 1
 151              		.cfi_startproc
 152              		@ args = 0, pretend = 0, frame = 8
 153              		@ frame_needed = 1, uses_anonymous_args = 0
 154 0000 80B5     		push	{r7, lr}
 155              	.LCFI8:
 156              		.cfi_def_cfa_offset 8
 157              		.cfi_offset 7, -8
 158              		.cfi_offset 14, -4
 159 0002 82B0     		sub	sp, sp, #8
 160              	.LCFI9:
 161              		.cfi_def_cfa_offset 16
 162 0004 00AF     		add	r7, sp, #0
 163              	.LCFI10:
 164              		.cfi_def_cfa_register 7
  71:Service/Srv_OsCommon.c ****     uint32_t t_addr = 0;
 165              		.loc 2 71 14
 166 0006 0023     		movs	r3, #0
 167 0008 3B60     		str	r3, [r7]
  72:Service/Srv_OsCommon.c ****     bool state = true;
 168              		.loc 2 72 10
 169 000a 0123     		movs	r3, #1
 170 000c FB71     		strb	r3, [r7, #7]
  73:Service/Srv_OsCommon.c ****     memset(&OsHeap_Monitor, 0, sizeof(SrvOsCommon_HeapMonitor_TypeDef));
 171              		.loc 2 73 5
 172 000e 3C22     		movs	r2, #60
 173 0010 0021     		movs	r1, #0
 174 0012 3248     		ldr	r0, .L9
 175 0014 FFF7FEFF 		bl	memset
  74:Service/Srv_OsCommon.c **** 
ARM GAS  C:\Users\HUAV\AppData\Local\Temp\cciU7K53.s 			page 9


  75:Service/Srv_OsCommon.c ****     OsHeap_Monitor.sdram_state = false;
 176              		.loc 2 75 32
 177 0018 304B     		ldr	r3, .L9
 178 001a 0022     		movs	r2, #0
 179 001c 1A77     		strb	r2, [r3, #28]
  76:Service/Srv_OsCommon.c ****     OsHeap_Monitor.sdram_obj.hdl = malloc(SDRAM_HandleType_Size);
 180              		.loc 2 76 36
 181 001e 3420     		movs	r0, #52
 182 0020 FFF7FEFF 		bl	malloc
 183 0024 0346     		mov	r3, r0
 184 0026 1A46     		mov	r2, r3
 185              		.loc 2 76 34
 186 0028 2C4B     		ldr	r3, .L9
 187 002a 9A63     		str	r2, [r3, #56]
  77:Service/Srv_OsCommon.c ****     if (OsHeap_Monitor.sdram_obj.hdl)
 188              		.loc 2 77 33
 189 002c 2B4B     		ldr	r3, .L9
 190 002e 9B6B     		ldr	r3, [r3, #56]
 191              		.loc 2 77 8
 192 0030 002B     		cmp	r3, #0
 193 0032 4ED0     		beq	.L4
  78:Service/Srv_OsCommon.c ****     {
  79:Service/Srv_OsCommon.c ****         OsHeap_Monitor.sdram_obj.bank_num      = BspSDRAM_BankNum_4;
 194              		.loc 2 79 48
 195 0034 294B     		ldr	r3, .L9
 196 0036 0122     		movs	r2, #1
 197 0038 83F83120 		strb	r2, [r3, #49]
  80:Service/Srv_OsCommon.c ****         OsHeap_Monitor.sdram_obj.bank_area     = BspSDRAM_Bank_1;
 198              		.loc 2 80 48
 199 003c 274B     		ldr	r3, .L9
 200 003e 0022     		movs	r2, #0
 201 0040 83F83220 		strb	r2, [r3, #50]
  81:Service/Srv_OsCommon.c ****         OsHeap_Monitor.sdram_obj.bus_width     = BspSDRAM_BusWidth_16;
 202              		.loc 2 81 48
 203 0044 254B     		ldr	r3, .L9
 204 0046 0122     		movs	r2, #1
 205 0048 83F83320 		strb	r2, [r3, #51]
  82:Service/Srv_OsCommon.c ****         OsHeap_Monitor.sdram_obj.column_bits   = BspSDRAM_Column_9Bits;
 206              		.loc 2 82 48
 207 004c 234B     		ldr	r3, .L9
 208 004e 0122     		movs	r2, #1
 209 0050 83F83420 		strb	r2, [r3, #52]
  83:Service/Srv_OsCommon.c ****         OsHeap_Monitor.sdram_obj.row_bits      = BspSDRAM_Row_13Bits;
 210              		.loc 2 83 48
 211 0054 214B     		ldr	r3, .L9
 212 0056 0222     		movs	r2, #2
 213 0058 83F83520 		strb	r2, [r3, #53]
  84:Service/Srv_OsCommon.c **** 
  85:Service/Srv_OsCommon.c ****         /* init sdram if have */
  86:Service/Srv_OsCommon.c ****         if (BspSDRAM_Init(&OsHeap_Monitor.sdram_obj))
 214              		.loc 2 86 13
 215 005c 2048     		ldr	r0, .L9+4
 216 005e FFF7FEFF 		bl	BspSDRAM_Init
 217 0062 0346     		mov	r3, r0
 218              		.loc 2 86 12
 219 0064 002B     		cmp	r3, #0
 220 0066 34D0     		beq	.L4
ARM GAS  C:\Users\HUAV\AppData\Local\Temp\cciU7K53.s 			page 10


  87:Service/Srv_OsCommon.c ****         {
  88:Service/Srv_OsCommon.c ****             /* sdram test */
  89:Service/Srv_OsCommon.c ****             OsHeap_Monitor.sdram_state = true;
 221              		.loc 2 89 40
 222 0068 1C4B     		ldr	r3, .L9
 223 006a 0122     		movs	r2, #1
 224 006c 1A77     		strb	r2, [r3, #28]
  90:Service/Srv_OsCommon.c ****             OsHeap_Monitor.sdram_base_addr = 0xC0000000;
 225              		.loc 2 90 44
 226 006e 1B4B     		ldr	r3, .L9
 227 0070 4FF04042 		mov	r2, #-1073741824
 228 0074 1A62     		str	r2, [r3, #32]
  91:Service/Srv_OsCommon.c ****             
  92:Service/Srv_OsCommon.c ****             t_addr = OsHeap_Monitor.sdram_base_addr;
 229              		.loc 2 92 20
 230 0076 194B     		ldr	r3, .L9
 231 0078 1B6A     		ldr	r3, [r3, #32]
 232 007a 3B60     		str	r3, [r7]
  93:Service/Srv_OsCommon.c ****             OsHeap_Monitor.t_w_failed_cnt = 0;
 233              		.loc 2 93 43
 234 007c 174B     		ldr	r3, .L9
 235 007e 0022     		movs	r2, #0
 236 0080 DA62     		str	r2, [r3, #44]
  94:Service/Srv_OsCommon.c ****             for (OsHeap_Monitor.t_w_cnt = 0; OsHeap_Monitor.t_w_cnt < (configTOTAL_HEAP_SIZE / 2); 
 237              		.loc 2 94 41
 238 0082 164B     		ldr	r3, .L9
 239 0084 0022     		movs	r2, #0
 240 0086 9A62     		str	r2, [r3, #40]
 241              		.loc 2 94 13
 242 0088 1EE0     		b	.L5
 243              	.L7:
  95:Service/Srv_OsCommon.c ****             {
  96:Service/Srv_OsCommon.c ****                 *(volatile uint16_t *)t_addr = (uint16_t)OsHeap_Monitor.t_w_cnt;
 244              		.loc 2 96 72
 245 008a 144B     		ldr	r3, .L9
 246 008c 9A6A     		ldr	r2, [r3, #40]
 247              		.loc 2 96 18
 248 008e 3B68     		ldr	r3, [r7]
 249              		.loc 2 96 48
 250 0090 92B2     		uxth	r2, r2
 251              		.loc 2 96 46
 252 0092 1A80     		strh	r2, [r3]	@ movhi
  97:Service/Srv_OsCommon.c ****                 if (*(volatile uint16_t *)t_addr != (uint16_t)OsHeap_Monitor.t_w_cnt)
 253              		.loc 2 97 22
 254 0094 3B68     		ldr	r3, [r7]
 255              		.loc 2 97 21
 256 0096 1B88     		ldrh	r3, [r3]	@ movhi
 257 0098 9AB2     		uxth	r2, r3
 258              		.loc 2 97 77
 259 009a 104B     		ldr	r3, .L9
 260 009c 9B6A     		ldr	r3, [r3, #40]
 261              		.loc 2 97 50
 262 009e 9BB2     		uxth	r3, r3
 263              		.loc 2 97 20
 264 00a0 9A42     		cmp	r2, r3
 265 00a2 09D0     		beq	.L6
  98:Service/Srv_OsCommon.c ****                 {
ARM GAS  C:\Users\HUAV\AppData\Local\Temp\cciU7K53.s 			page 11


  99:Service/Srv_OsCommon.c ****                     state = false;
 266              		.loc 2 99 27
 267 00a4 0023     		movs	r3, #0
 268 00a6 FB71     		strb	r3, [r7, #7]
 100:Service/Srv_OsCommon.c ****                     OsHeap_Monitor.sdram_state = false;
 269              		.loc 2 100 48
 270 00a8 0C4B     		ldr	r3, .L9
 271 00aa 0022     		movs	r2, #0
 272 00ac 1A77     		strb	r2, [r3, #28]
 101:Service/Srv_OsCommon.c ****                     OsHeap_Monitor.t_w_failed_cnt ++;
 273              		.loc 2 101 35
 274 00ae 0B4B     		ldr	r3, .L9
 275 00b0 DB6A     		ldr	r3, [r3, #44]
 276              		.loc 2 101 51
 277 00b2 0133     		adds	r3, r3, #1
 278 00b4 094A     		ldr	r2, .L9
 279 00b6 D362     		str	r3, [r2, #44]
 280              	.L6:
 102:Service/Srv_OsCommon.c ****                 }
 103:Service/Srv_OsCommon.c **** 
 104:Service/Srv_OsCommon.c ****                 /* reset value */
 105:Service/Srv_OsCommon.c ****                 *(volatile uint16_t *)t_addr = 0;
 281              		.loc 2 105 18 discriminator 2
 282 00b8 3B68     		ldr	r3, [r7]
 283              		.loc 2 105 46 discriminator 2
 284 00ba 0022     		movs	r2, #0
 285 00bc 1A80     		strh	r2, [r3]	@ movhi
  94:Service/Srv_OsCommon.c ****             {
 286              		.loc 2 94 114 discriminator 2
 287 00be 074B     		ldr	r3, .L9
 288 00c0 9B6A     		ldr	r3, [r3, #40]
  94:Service/Srv_OsCommon.c ****             {
 289              		.loc 2 94 123 discriminator 2
 290 00c2 0133     		adds	r3, r3, #1
 291 00c4 054A     		ldr	r2, .L9
 292 00c6 9362     		str	r3, [r2, #40]
 293              	.L5:
  94:Service/Srv_OsCommon.c ****             {
 294              		.loc 2 94 60 discriminator 1
 295 00c8 044B     		ldr	r3, .L9
 296 00ca 9B6A     		ldr	r3, [r3, #40]
  94:Service/Srv_OsCommon.c ****             {
 297              		.loc 2 94 13 discriminator 1
 298 00cc B3F5001F 		cmp	r3, #2097152
 299 00d0 DBD3     		bcc	.L7
 300              	.L4:
 106:Service/Srv_OsCommon.c ****             }
 107:Service/Srv_OsCommon.c ****         }
 108:Service/Srv_OsCommon.c ****     }
 109:Service/Srv_OsCommon.c ****     
 110:Service/Srv_OsCommon.c ****     return state;
 301              		.loc 2 110 12
 302 00d2 FB79     		ldrb	r3, [r7, #7]	@ zero_extendqisi2
 111:Service/Srv_OsCommon.c **** }
 303              		.loc 2 111 1
 304 00d4 1846     		mov	r0, r3
 305 00d6 0837     		adds	r7, r7, #8
ARM GAS  C:\Users\HUAV\AppData\Local\Temp\cciU7K53.s 			page 12


 306              	.LCFI11:
 307              		.cfi_def_cfa_offset 8
 308 00d8 BD46     		mov	sp, r7
 309              	.LCFI12:
 310              		.cfi_def_cfa_register 13
 311              		@ sp needed
 312 00da 80BD     		pop	{r7, pc}
 313              	.L10:
 314              		.align	2
 315              	.L9:
 316 00dc 00000000 		.word	OsHeap_Monitor
 317 00e0 30000000 		.word	OsHeap_Monitor+48
 318              		.cfi_endproc
 319              	.LFE341:
 321              		.section	.text.SrvOsCommon_Malloc,"ax",%progbits
 322              		.align	1
 323              		.syntax unified
 324              		.thumb
 325              		.thumb_func
 327              	SrvOsCommon_Malloc:
 328              	.LFB342:
 112:Service/Srv_OsCommon.c **** 
 113:Service/Srv_OsCommon.c **** static void* SrvOsCommon_Malloc(uint32_t size)
 114:Service/Srv_OsCommon.c **** {
 329              		.loc 2 114 1
 330              		.cfi_startproc
 331              		@ args = 0, pretend = 0, frame = 48
 332              		@ frame_needed = 1, uses_anonymous_args = 0
 333 0000 80B5     		push	{r7, lr}
 334              	.LCFI13:
 335              		.cfi_def_cfa_offset 8
 336              		.cfi_offset 7, -8
 337              		.cfi_offset 14, -4
 338 0002 8CB0     		sub	sp, sp, #48
 339              	.LCFI14:
 340              		.cfi_def_cfa_offset 56
 341 0004 00AF     		add	r7, sp, #0
 342              	.LCFI15:
 343              		.cfi_def_cfa_register 7
 344 0006 7860     		str	r0, [r7, #4]
 115:Service/Srv_OsCommon.c ****     void *req_tmp = NULL;
 345              		.loc 2 115 11
 346 0008 0023     		movs	r3, #0
 347 000a FB62     		str	r3, [r7, #44]
 116:Service/Srv_OsCommon.c ****     SrvOs_HeapStatus_TypeDef status; 
 117:Service/Srv_OsCommon.c ****     uint32_t malloc_num = 0;
 348              		.loc 2 117 14
 349 000c 0023     		movs	r3, #0
 350 000e BB62     		str	r3, [r7, #40]
 118:Service/Srv_OsCommon.c ****     memset(&status, 0, sizeof(SrvOs_HeapStatus_TypeDef));
 351              		.loc 2 118 5
 352 0010 07F10C03 		add	r3, r7, #12
 353 0014 1C22     		movs	r2, #28
 354 0016 0021     		movs	r1, #0
 355 0018 1846     		mov	r0, r3
 356 001a FFF7FEFF 		bl	memset
 119:Service/Srv_OsCommon.c **** 
ARM GAS  C:\Users\HUAV\AppData\Local\Temp\cciU7K53.s 			page 13


 120:Service/Srv_OsCommon.c ****     /* check heap status first */
 121:Service/Srv_OsCommon.c ****     vPortGetHeapStats(&status);
 357              		.loc 2 121 5
 358 001e 07F10C03 		add	r3, r7, #12
 359 0022 1846     		mov	r0, r3
 360 0024 FFF7FEFF 		bl	vPortGetHeapStats
 122:Service/Srv_OsCommon.c ****     malloc_num = status.xNumberOfSuccessfulAllocations;
 361              		.loc 2 122 16
 362 0028 3B6A     		ldr	r3, [r7, #32]
 363 002a BB62     		str	r3, [r7, #40]
 123:Service/Srv_OsCommon.c ****     
 124:Service/Srv_OsCommon.c ****     if(status.xAvailableHeapSpaceInBytes)
 364              		.loc 2 124 14
 365 002c FB68     		ldr	r3, [r7, #12]
 366              		.loc 2 124 7
 367 002e 002B     		cmp	r3, #0
 368 0030 28D0     		beq	.L12
 125:Service/Srv_OsCommon.c ****     {
 126:Service/Srv_OsCommon.c ****         req_tmp = pvPortMalloc(size);
 369              		.loc 2 126 19
 370 0032 7868     		ldr	r0, [r7, #4]
 371 0034 FFF7FEFF 		bl	pvPortMalloc
 372 0038 F862     		str	r0, [r7, #44]
 127:Service/Srv_OsCommon.c ****         
 128:Service/Srv_OsCommon.c ****         /* recheck heap status after os heap malloc */
 129:Service/Srv_OsCommon.c ****         vPortGetHeapStats(&status);
 373              		.loc 2 129 9
 374 003a 07F10C03 		add	r3, r7, #12
 375 003e 1846     		mov	r0, r3
 376 0040 FFF7FEFF 		bl	vPortGetHeapStats
 130:Service/Srv_OsCommon.c **** 
 131:Service/Srv_OsCommon.c ****         OsHeap_Monitor.available_size = status.xAvailableHeapSpaceInBytes;
 377              		.loc 2 131 47
 378 0044 FB68     		ldr	r3, [r7, #12]
 379              		.loc 2 131 39
 380 0046 124A     		ldr	r2, .L15
 381 0048 1360     		str	r3, [r2]
 132:Service/Srv_OsCommon.c ****         OsHeap_Monitor.block_num = status.xNumberOfFreeBlocks;
 382              		.loc 2 132 42
 383 004a BB69     		ldr	r3, [r7, #24]
 384              		.loc 2 132 34
 385 004c 104A     		ldr	r2, .L15
 386 004e 9360     		str	r3, [r2, #8]
 133:Service/Srv_OsCommon.c ****     
 134:Service/Srv_OsCommon.c ****         if(!req_tmp && (status.xNumberOfSuccessfulAllocations - malloc_num != 1))
 387              		.loc 2 134 11
 388 0050 FB6A     		ldr	r3, [r7, #44]
 389 0052 002B     		cmp	r3, #0
 390 0054 0CD1     		bne	.L13
 391              		.loc 2 134 31 discriminator 1
 392 0056 3A6A     		ldr	r2, [r7, #32]
 393              		.loc 2 134 63 discriminator 1
 394 0058 BB6A     		ldr	r3, [r7, #40]
 395 005a D31A     		subs	r3, r2, r3
 396              		.loc 2 134 21 discriminator 1
 397 005c 012B     		cmp	r3, #1
 398 005e 07D0     		beq	.L13
ARM GAS  C:\Users\HUAV\AppData\Local\Temp\cciU7K53.s 			page 14


 135:Service/Srv_OsCommon.c ****         {
 136:Service/Srv_OsCommon.c ****             req_tmp = NULL;
 399              		.loc 2 136 21
 400 0060 0023     		movs	r3, #0
 401 0062 FB62     		str	r3, [r7, #44]
 137:Service/Srv_OsCommon.c ****             OsHeap_Monitor.malloc_failed_cnt ++;
 402              		.loc 2 137 27
 403 0064 0A4B     		ldr	r3, .L15
 404 0066 1B69     		ldr	r3, [r3, #16]
 405              		.loc 2 137 46
 406 0068 0133     		adds	r3, r3, #1
 407 006a 094A     		ldr	r2, .L15
 408 006c 1361     		str	r3, [r2, #16]
 409 006e 09E0     		b	.L12
 410              	.L13:
 138:Service/Srv_OsCommon.c ****         }
 139:Service/Srv_OsCommon.c ****         else
 140:Service/Srv_OsCommon.c ****         {
 141:Service/Srv_OsCommon.c ****             memset(req_tmp, 0, size);
 411              		.loc 2 141 13
 412 0070 7A68     		ldr	r2, [r7, #4]
 413 0072 0021     		movs	r1, #0
 414 0074 F86A     		ldr	r0, [r7, #44]
 415 0076 FFF7FEFF 		bl	memset
 142:Service/Srv_OsCommon.c ****             OsHeap_Monitor.malloc_cnt ++;
 416              		.loc 2 142 27
 417 007a 054B     		ldr	r3, .L15
 418 007c DB68     		ldr	r3, [r3, #12]
 419              		.loc 2 142 39
 420 007e 0133     		adds	r3, r3, #1
 421 0080 034A     		ldr	r2, .L15
 422 0082 D360     		str	r3, [r2, #12]
 423              	.L12:
 143:Service/Srv_OsCommon.c ****         }
 144:Service/Srv_OsCommon.c ****     }
 145:Service/Srv_OsCommon.c **** 
 146:Service/Srv_OsCommon.c ****     return req_tmp;
 424              		.loc 2 146 12
 425 0084 FB6A     		ldr	r3, [r7, #44]
 147:Service/Srv_OsCommon.c **** }
 426              		.loc 2 147 1
 427 0086 1846     		mov	r0, r3
 428 0088 3037     		adds	r7, r7, #48
 429              	.LCFI16:
 430              		.cfi_def_cfa_offset 8
 431 008a BD46     		mov	sp, r7
 432              	.LCFI17:
 433              		.cfi_def_cfa_register 13
 434              		@ sp needed
 435 008c 80BD     		pop	{r7, pc}
 436              	.L16:
 437 008e 00BF     		.align	2
 438              	.L15:
 439 0090 00000000 		.word	OsHeap_Monitor
 440              		.cfi_endproc
 441              	.LFE342:
 443              		.section	.text.SrvOsCommon_Free,"ax",%progbits
ARM GAS  C:\Users\HUAV\AppData\Local\Temp\cciU7K53.s 			page 15


 444              		.align	1
 445              		.syntax unified
 446              		.thumb
 447              		.thumb_func
 449              	SrvOsCommon_Free:
 450              	.LFB343:
 148:Service/Srv_OsCommon.c **** 
 149:Service/Srv_OsCommon.c **** static void SrvOsCommon_Free(void *ptr)
 150:Service/Srv_OsCommon.c **** {
 451              		.loc 2 150 1
 452              		.cfi_startproc
 453              		@ args = 0, pretend = 0, frame = 40
 454              		@ frame_needed = 1, uses_anonymous_args = 0
 455 0000 80B5     		push	{r7, lr}
 456              	.LCFI18:
 457              		.cfi_def_cfa_offset 8
 458              		.cfi_offset 7, -8
 459              		.cfi_offset 14, -4
 460 0002 8AB0     		sub	sp, sp, #40
 461              	.LCFI19:
 462              		.cfi_def_cfa_offset 48
 463 0004 00AF     		add	r7, sp, #0
 464              	.LCFI20:
 465              		.cfi_def_cfa_register 7
 466 0006 7860     		str	r0, [r7, #4]
 151:Service/Srv_OsCommon.c ****     uint32_t free_cnt = 0;
 467              		.loc 2 151 14
 468 0008 0023     		movs	r3, #0
 469 000a 7B62     		str	r3, [r7, #36]
 152:Service/Srv_OsCommon.c ****     SrvOs_HeapStatus_TypeDef status;
 153:Service/Srv_OsCommon.c **** 
 154:Service/Srv_OsCommon.c ****     memset(&status, 0, sizeof(SrvOs_HeapStatus_TypeDef));
 470              		.loc 2 154 5
 471 000c 07F10803 		add	r3, r7, #8
 472 0010 1C22     		movs	r2, #28
 473 0012 0021     		movs	r1, #0
 474 0014 1846     		mov	r0, r3
 475 0016 FFF7FEFF 		bl	memset
 155:Service/Srv_OsCommon.c **** 
 156:Service/Srv_OsCommon.c ****     if(ptr)
 476              		.loc 2 156 7
 477 001a 7B68     		ldr	r3, [r7, #4]
 478 001c 002B     		cmp	r3, #0
 479 001e 26D0     		beq	.L20
 157:Service/Srv_OsCommon.c ****     {
 158:Service/Srv_OsCommon.c ****         vPortGetHeapStats(&status);
 480              		.loc 2 158 9
 481 0020 07F10803 		add	r3, r7, #8
 482 0024 1846     		mov	r0, r3
 483 0026 FFF7FEFF 		bl	vPortGetHeapStats
 159:Service/Srv_OsCommon.c ****         free_cnt = status.xNumberOfSuccessfulFrees;
 484              		.loc 2 159 18
 485 002a 3B6A     		ldr	r3, [r7, #32]
 486 002c 7B62     		str	r3, [r7, #36]
 160:Service/Srv_OsCommon.c ****         
 161:Service/Srv_OsCommon.c ****         vPortFree(ptr);
 487              		.loc 2 161 9
ARM GAS  C:\Users\HUAV\AppData\Local\Temp\cciU7K53.s 			page 16


 488 002e 7868     		ldr	r0, [r7, #4]
 489 0030 FFF7FEFF 		bl	vPortFree
 162:Service/Srv_OsCommon.c ****         
 163:Service/Srv_OsCommon.c ****         /* check heap status after os heap free */
 164:Service/Srv_OsCommon.c ****         vPortGetHeapStats(&status);
 490              		.loc 2 164 9
 491 0034 07F10803 		add	r3, r7, #8
 492 0038 1846     		mov	r0, r3
 493 003a FFF7FEFF 		bl	vPortGetHeapStats
 165:Service/Srv_OsCommon.c ****         OsHeap_Monitor.available_size = status.xAvailableHeapSpaceInBytes;
 494              		.loc 2 165 47
 495 003e BB68     		ldr	r3, [r7, #8]
 496              		.loc 2 165 39
 497 0040 0D4A     		ldr	r2, .L21
 498 0042 1360     		str	r3, [r2]
 166:Service/Srv_OsCommon.c ****         OsHeap_Monitor.block_num = status.xNumberOfFreeBlocks;
 499              		.loc 2 166 42
 500 0044 7B69     		ldr	r3, [r7, #20]
 501              		.loc 2 166 34
 502 0046 0C4A     		ldr	r2, .L21
 503 0048 9360     		str	r3, [r2, #8]
 167:Service/Srv_OsCommon.c **** 
 168:Service/Srv_OsCommon.c ****         if(status.xNumberOfSuccessfulFrees - free_cnt == 1)
 504              		.loc 2 168 18
 505 004a 3A6A     		ldr	r2, [r7, #32]
 506              		.loc 2 168 44
 507 004c 7B6A     		ldr	r3, [r7, #36]
 508 004e D31A     		subs	r3, r2, r3
 509              		.loc 2 168 11
 510 0050 012B     		cmp	r3, #1
 511 0052 07D1     		bne	.L19
 169:Service/Srv_OsCommon.c ****         {
 170:Service/Srv_OsCommon.c ****             OsHeap_Monitor.free_cnt++;
 512              		.loc 2 170 27
 513 0054 084B     		ldr	r3, .L21
 514 0056 5B69     		ldr	r3, [r3, #20]
 515              		.loc 2 170 36
 516 0058 0133     		adds	r3, r3, #1
 517 005a 074A     		ldr	r2, .L21
 518 005c 5361     		str	r3, [r2, #20]
 171:Service/Srv_OsCommon.c ****             ptr = NULL;
 519              		.loc 2 171 17
 520 005e 0023     		movs	r3, #0
 521 0060 7B60     		str	r3, [r7, #4]
 172:Service/Srv_OsCommon.c ****         }
 173:Service/Srv_OsCommon.c ****         else
 174:Service/Srv_OsCommon.c ****             OsHeap_Monitor.free_faile_cnt ++;
 175:Service/Srv_OsCommon.c ****     }
 176:Service/Srv_OsCommon.c **** }
 522              		.loc 2 176 1
 523 0062 04E0     		b	.L20
 524              	.L19:
 174:Service/Srv_OsCommon.c ****     }
 525              		.loc 2 174 27
 526 0064 044B     		ldr	r3, .L21
 527 0066 9B69     		ldr	r3, [r3, #24]
 174:Service/Srv_OsCommon.c ****     }
ARM GAS  C:\Users\HUAV\AppData\Local\Temp\cciU7K53.s 			page 17


 528              		.loc 2 174 43
 529 0068 0133     		adds	r3, r3, #1
 530 006a 034A     		ldr	r2, .L21
 531 006c 9361     		str	r3, [r2, #24]
 532              	.L20:
 533              		.loc 2 176 1
 534 006e 00BF     		nop
 535 0070 2837     		adds	r7, r7, #40
 536              	.LCFI21:
 537              		.cfi_def_cfa_offset 8
 538 0072 BD46     		mov	sp, r7
 539              	.LCFI22:
 540              		.cfi_def_cfa_register 13
 541              		@ sp needed
 542 0074 80BD     		pop	{r7, pc}
 543              	.L22:
 544 0076 00BF     		.align	2
 545              	.L21:
 546 0078 00000000 		.word	OsHeap_Monitor
 547              		.cfi_endproc
 548              	.LFE343:
 550              		.section	.text.SrvOsCommon_JumpToAddr,"ax",%progbits
 551              		.align	1
 552              		.syntax unified
 553              		.thumb
 554              		.thumb_func
 556              	SrvOsCommon_JumpToAddr:
 557              	.LFB344:
 177:Service/Srv_OsCommon.c **** 
 178:Service/Srv_OsCommon.c **** static void SrvOsCommon_JumpToAddr(uint32_t addr)
 179:Service/Srv_OsCommon.c **** {
 558              		.loc 2 179 1
 559              		.cfi_startproc
 560              		@ args = 0, pretend = 0, frame = 24
 561              		@ frame_needed = 1, uses_anonymous_args = 0
 562 0000 80B5     		push	{r7, lr}
 563              	.LCFI23:
 564              		.cfi_def_cfa_offset 8
 565              		.cfi_offset 7, -8
 566              		.cfi_offset 14, -4
 567 0002 86B0     		sub	sp, sp, #24
 568              	.LCFI24:
 569              		.cfi_def_cfa_offset 32
 570 0004 00AF     		add	r7, sp, #0
 571              	.LCFI25:
 572              		.cfi_def_cfa_register 7
 573 0006 7860     		str	r0, [r7, #4]
 180:Service/Srv_OsCommon.c ****     uint32_t jump_addr = 0;
 574              		.loc 2 180 14
 575 0008 0023     		movs	r3, #0
 576 000a 7B61     		str	r3, [r7, #20]
 181:Service/Srv_OsCommon.c **** 
 182:Service/Srv_OsCommon.c ****     if ((addr < (uint32_t)&__boot_e) || ((addr & 0xFF000000) != (uint32_t)&__rom_s))
 577              		.loc 2 182 15
 578 000c 124A     		ldr	r2, .L28
 579              		.loc 2 182 8
 580 000e 7B68     		ldr	r3, [r7, #4]
ARM GAS  C:\Users\HUAV\AppData\Local\Temp\cciU7K53.s 			page 18


 581 0010 9342     		cmp	r3, r2
 582 0012 1CD3     		bcc	.L27
 583              		.loc 2 182 48 discriminator 1
 584 0014 7B68     		ldr	r3, [r7, #4]
 585 0016 03F07F43 		and	r3, r3, #-16777216
 586              		.loc 2 182 65 discriminator 1
 587 001a 104A     		ldr	r2, .L28+4
 588              		.loc 2 182 38 discriminator 1
 589 001c 9342     		cmp	r3, r2
 590 001e 16D1     		bne	.L27
 183:Service/Srv_OsCommon.c ****         return;
 184:Service/Srv_OsCommon.c **** 
 185:Service/Srv_OsCommon.c ****     jump_addr = *(volatile uint32_t *)(addr + 4);
 591              		.loc 2 185 45
 592 0020 7B68     		ldr	r3, [r7, #4]
 593 0022 0433     		adds	r3, r3, #4
 594              		.loc 2 185 15
 595 0024 1B68     		ldr	r3, [r3]
 596 0026 7B61     		str	r3, [r7, #20]
 186:Service/Srv_OsCommon.c ****     __set_MSP(*(volatile uint32_t *)addr);
 597              		.loc 2 186 16
 598 0028 7B68     		ldr	r3, [r7, #4]
 599              		.loc 2 186 5
 600 002a 1B68     		ldr	r3, [r3]
 601 002c FB60     		str	r3, [r7, #12]
 602              	.LBB6:
 603              	.LBB7:
 211:HW_Lib/STM32H7/HAL_Lib/CMSIS/Core/Include/cmsis_gcc.h **** 
 212:HW_Lib/STM32H7/HAL_Lib/CMSIS/Core/Include/cmsis_gcc.h **** 
 213:HW_Lib/STM32H7/HAL_Lib/CMSIS/Core/Include/cmsis_gcc.h **** /**
 214:HW_Lib/STM32H7/HAL_Lib/CMSIS/Core/Include/cmsis_gcc.h ****   \brief   Get Control Register
 215:HW_Lib/STM32H7/HAL_Lib/CMSIS/Core/Include/cmsis_gcc.h ****   \details Returns the content of the Control Register.
 216:HW_Lib/STM32H7/HAL_Lib/CMSIS/Core/Include/cmsis_gcc.h ****   \return               Control Register value
 217:HW_Lib/STM32H7/HAL_Lib/CMSIS/Core/Include/cmsis_gcc.h ****  */
 218:HW_Lib/STM32H7/HAL_Lib/CMSIS/Core/Include/cmsis_gcc.h **** __STATIC_FORCEINLINE uint32_t __get_CONTROL(void)
 219:HW_Lib/STM32H7/HAL_Lib/CMSIS/Core/Include/cmsis_gcc.h **** {
 220:HW_Lib/STM32H7/HAL_Lib/CMSIS/Core/Include/cmsis_gcc.h ****   uint32_t result;
 221:HW_Lib/STM32H7/HAL_Lib/CMSIS/Core/Include/cmsis_gcc.h **** 
 222:HW_Lib/STM32H7/HAL_Lib/CMSIS/Core/Include/cmsis_gcc.h ****   __ASM volatile ("MRS %0, control" : "=r" (result) );
 223:HW_Lib/STM32H7/HAL_Lib/CMSIS/Core/Include/cmsis_gcc.h ****   return(result);
 224:HW_Lib/STM32H7/HAL_Lib/CMSIS/Core/Include/cmsis_gcc.h **** }
 225:HW_Lib/STM32H7/HAL_Lib/CMSIS/Core/Include/cmsis_gcc.h **** 
 226:HW_Lib/STM32H7/HAL_Lib/CMSIS/Core/Include/cmsis_gcc.h **** 
 227:HW_Lib/STM32H7/HAL_Lib/CMSIS/Core/Include/cmsis_gcc.h **** #if (defined (__ARM_FEATURE_CMSE ) && (__ARM_FEATURE_CMSE == 3))
 228:HW_Lib/STM32H7/HAL_Lib/CMSIS/Core/Include/cmsis_gcc.h **** /**
 229:HW_Lib/STM32H7/HAL_Lib/CMSIS/Core/Include/cmsis_gcc.h ****   \brief   Get Control Register (non-secure)
 230:HW_Lib/STM32H7/HAL_Lib/CMSIS/Core/Include/cmsis_gcc.h ****   \details Returns the content of the non-secure Control Register when in secure mode.
 231:HW_Lib/STM32H7/HAL_Lib/CMSIS/Core/Include/cmsis_gcc.h ****   \return               non-secure Control Register value
 232:HW_Lib/STM32H7/HAL_Lib/CMSIS/Core/Include/cmsis_gcc.h ****  */
 233:HW_Lib/STM32H7/HAL_Lib/CMSIS/Core/Include/cmsis_gcc.h **** __STATIC_FORCEINLINE uint32_t __TZ_get_CONTROL_NS(void)
 234:HW_Lib/STM32H7/HAL_Lib/CMSIS/Core/Include/cmsis_gcc.h **** {
 235:HW_Lib/STM32H7/HAL_Lib/CMSIS/Core/Include/cmsis_gcc.h ****   uint32_t result;
 236:HW_Lib/STM32H7/HAL_Lib/CMSIS/Core/Include/cmsis_gcc.h **** 
 237:HW_Lib/STM32H7/HAL_Lib/CMSIS/Core/Include/cmsis_gcc.h ****   __ASM volatile ("MRS %0, control_ns" : "=r" (result) );
 238:HW_Lib/STM32H7/HAL_Lib/CMSIS/Core/Include/cmsis_gcc.h ****   return(result);
 239:HW_Lib/STM32H7/HAL_Lib/CMSIS/Core/Include/cmsis_gcc.h **** }
 240:HW_Lib/STM32H7/HAL_Lib/CMSIS/Core/Include/cmsis_gcc.h **** #endif
ARM GAS  C:\Users\HUAV\AppData\Local\Temp\cciU7K53.s 			page 19


 241:HW_Lib/STM32H7/HAL_Lib/CMSIS/Core/Include/cmsis_gcc.h **** 
 242:HW_Lib/STM32H7/HAL_Lib/CMSIS/Core/Include/cmsis_gcc.h **** 
 243:HW_Lib/STM32H7/HAL_Lib/CMSIS/Core/Include/cmsis_gcc.h **** /**
 244:HW_Lib/STM32H7/HAL_Lib/CMSIS/Core/Include/cmsis_gcc.h ****   \brief   Set Control Register
 245:HW_Lib/STM32H7/HAL_Lib/CMSIS/Core/Include/cmsis_gcc.h ****   \details Writes the given value to the Control Register.
 246:HW_Lib/STM32H7/HAL_Lib/CMSIS/Core/Include/cmsis_gcc.h ****   \param [in]    control  Control Register value to set
 247:HW_Lib/STM32H7/HAL_Lib/CMSIS/Core/Include/cmsis_gcc.h ****  */
 248:HW_Lib/STM32H7/HAL_Lib/CMSIS/Core/Include/cmsis_gcc.h **** __STATIC_FORCEINLINE void __set_CONTROL(uint32_t control)
 249:HW_Lib/STM32H7/HAL_Lib/CMSIS/Core/Include/cmsis_gcc.h **** {
 250:HW_Lib/STM32H7/HAL_Lib/CMSIS/Core/Include/cmsis_gcc.h ****   __ASM volatile ("MSR control, %0" : : "r" (control) : "memory");
 251:HW_Lib/STM32H7/HAL_Lib/CMSIS/Core/Include/cmsis_gcc.h **** }
 252:HW_Lib/STM32H7/HAL_Lib/CMSIS/Core/Include/cmsis_gcc.h **** 
 253:HW_Lib/STM32H7/HAL_Lib/CMSIS/Core/Include/cmsis_gcc.h **** 
 254:HW_Lib/STM32H7/HAL_Lib/CMSIS/Core/Include/cmsis_gcc.h **** #if (defined (__ARM_FEATURE_CMSE ) && (__ARM_FEATURE_CMSE == 3))
 255:HW_Lib/STM32H7/HAL_Lib/CMSIS/Core/Include/cmsis_gcc.h **** /**
 256:HW_Lib/STM32H7/HAL_Lib/CMSIS/Core/Include/cmsis_gcc.h ****   \brief   Set Control Register (non-secure)
 257:HW_Lib/STM32H7/HAL_Lib/CMSIS/Core/Include/cmsis_gcc.h ****   \details Writes the given value to the non-secure Control Register when in secure state.
 258:HW_Lib/STM32H7/HAL_Lib/CMSIS/Core/Include/cmsis_gcc.h ****   \param [in]    control  Control Register value to set
 259:HW_Lib/STM32H7/HAL_Lib/CMSIS/Core/Include/cmsis_gcc.h ****  */
 260:HW_Lib/STM32H7/HAL_Lib/CMSIS/Core/Include/cmsis_gcc.h **** __STATIC_FORCEINLINE void __TZ_set_CONTROL_NS(uint32_t control)
 261:HW_Lib/STM32H7/HAL_Lib/CMSIS/Core/Include/cmsis_gcc.h **** {
 262:HW_Lib/STM32H7/HAL_Lib/CMSIS/Core/Include/cmsis_gcc.h ****   __ASM volatile ("MSR control_ns, %0" : : "r" (control) : "memory");
 263:HW_Lib/STM32H7/HAL_Lib/CMSIS/Core/Include/cmsis_gcc.h **** }
 264:HW_Lib/STM32H7/HAL_Lib/CMSIS/Core/Include/cmsis_gcc.h **** #endif
 265:HW_Lib/STM32H7/HAL_Lib/CMSIS/Core/Include/cmsis_gcc.h **** 
 266:HW_Lib/STM32H7/HAL_Lib/CMSIS/Core/Include/cmsis_gcc.h **** 
 267:HW_Lib/STM32H7/HAL_Lib/CMSIS/Core/Include/cmsis_gcc.h **** /**
 268:HW_Lib/STM32H7/HAL_Lib/CMSIS/Core/Include/cmsis_gcc.h ****   \brief   Get IPSR Register
 269:HW_Lib/STM32H7/HAL_Lib/CMSIS/Core/Include/cmsis_gcc.h ****   \details Returns the content of the IPSR Register.
 270:HW_Lib/STM32H7/HAL_Lib/CMSIS/Core/Include/cmsis_gcc.h ****   \return               IPSR Register value
 271:HW_Lib/STM32H7/HAL_Lib/CMSIS/Core/Include/cmsis_gcc.h ****  */
 272:HW_Lib/STM32H7/HAL_Lib/CMSIS/Core/Include/cmsis_gcc.h **** __STATIC_FORCEINLINE uint32_t __get_IPSR(void)
 273:HW_Lib/STM32H7/HAL_Lib/CMSIS/Core/Include/cmsis_gcc.h **** {
 274:HW_Lib/STM32H7/HAL_Lib/CMSIS/Core/Include/cmsis_gcc.h ****   uint32_t result;
 275:HW_Lib/STM32H7/HAL_Lib/CMSIS/Core/Include/cmsis_gcc.h **** 
 276:HW_Lib/STM32H7/HAL_Lib/CMSIS/Core/Include/cmsis_gcc.h ****   __ASM volatile ("MRS %0, ipsr" : "=r" (result) );
 277:HW_Lib/STM32H7/HAL_Lib/CMSIS/Core/Include/cmsis_gcc.h ****   return(result);
 278:HW_Lib/STM32H7/HAL_Lib/CMSIS/Core/Include/cmsis_gcc.h **** }
 279:HW_Lib/STM32H7/HAL_Lib/CMSIS/Core/Include/cmsis_gcc.h **** 
 280:HW_Lib/STM32H7/HAL_Lib/CMSIS/Core/Include/cmsis_gcc.h **** 
 281:HW_Lib/STM32H7/HAL_Lib/CMSIS/Core/Include/cmsis_gcc.h **** /**
 282:HW_Lib/STM32H7/HAL_Lib/CMSIS/Core/Include/cmsis_gcc.h ****   \brief   Get APSR Register
 283:HW_Lib/STM32H7/HAL_Lib/CMSIS/Core/Include/cmsis_gcc.h ****   \details Returns the content of the APSR Register.
 284:HW_Lib/STM32H7/HAL_Lib/CMSIS/Core/Include/cmsis_gcc.h ****   \return               APSR Register value
 285:HW_Lib/STM32H7/HAL_Lib/CMSIS/Core/Include/cmsis_gcc.h ****  */
 286:HW_Lib/STM32H7/HAL_Lib/CMSIS/Core/Include/cmsis_gcc.h **** __STATIC_FORCEINLINE uint32_t __get_APSR(void)
 287:HW_Lib/STM32H7/HAL_Lib/CMSIS/Core/Include/cmsis_gcc.h **** {
 288:HW_Lib/STM32H7/HAL_Lib/CMSIS/Core/Include/cmsis_gcc.h ****   uint32_t result;
 289:HW_Lib/STM32H7/HAL_Lib/CMSIS/Core/Include/cmsis_gcc.h **** 
 290:HW_Lib/STM32H7/HAL_Lib/CMSIS/Core/Include/cmsis_gcc.h ****   __ASM volatile ("MRS %0, apsr" : "=r" (result) );
 291:HW_Lib/STM32H7/HAL_Lib/CMSIS/Core/Include/cmsis_gcc.h ****   return(result);
 292:HW_Lib/STM32H7/HAL_Lib/CMSIS/Core/Include/cmsis_gcc.h **** }
 293:HW_Lib/STM32H7/HAL_Lib/CMSIS/Core/Include/cmsis_gcc.h **** 
 294:HW_Lib/STM32H7/HAL_Lib/CMSIS/Core/Include/cmsis_gcc.h **** 
 295:HW_Lib/STM32H7/HAL_Lib/CMSIS/Core/Include/cmsis_gcc.h **** /**
 296:HW_Lib/STM32H7/HAL_Lib/CMSIS/Core/Include/cmsis_gcc.h ****   \brief   Get xPSR Register
 297:HW_Lib/STM32H7/HAL_Lib/CMSIS/Core/Include/cmsis_gcc.h ****   \details Returns the content of the xPSR Register.
ARM GAS  C:\Users\HUAV\AppData\Local\Temp\cciU7K53.s 			page 20


 298:HW_Lib/STM32H7/HAL_Lib/CMSIS/Core/Include/cmsis_gcc.h ****   \return               xPSR Register value
 299:HW_Lib/STM32H7/HAL_Lib/CMSIS/Core/Include/cmsis_gcc.h ****  */
 300:HW_Lib/STM32H7/HAL_Lib/CMSIS/Core/Include/cmsis_gcc.h **** __STATIC_FORCEINLINE uint32_t __get_xPSR(void)
 301:HW_Lib/STM32H7/HAL_Lib/CMSIS/Core/Include/cmsis_gcc.h **** {
 302:HW_Lib/STM32H7/HAL_Lib/CMSIS/Core/Include/cmsis_gcc.h ****   uint32_t result;
 303:HW_Lib/STM32H7/HAL_Lib/CMSIS/Core/Include/cmsis_gcc.h **** 
 304:HW_Lib/STM32H7/HAL_Lib/CMSIS/Core/Include/cmsis_gcc.h ****   __ASM volatile ("MRS %0, xpsr" : "=r" (result) );
 305:HW_Lib/STM32H7/HAL_Lib/CMSIS/Core/Include/cmsis_gcc.h ****   return(result);
 306:HW_Lib/STM32H7/HAL_Lib/CMSIS/Core/Include/cmsis_gcc.h **** }
 307:HW_Lib/STM32H7/HAL_Lib/CMSIS/Core/Include/cmsis_gcc.h **** 
 308:HW_Lib/STM32H7/HAL_Lib/CMSIS/Core/Include/cmsis_gcc.h **** 
 309:HW_Lib/STM32H7/HAL_Lib/CMSIS/Core/Include/cmsis_gcc.h **** /**
 310:HW_Lib/STM32H7/HAL_Lib/CMSIS/Core/Include/cmsis_gcc.h ****   \brief   Get Process Stack Pointer
 311:HW_Lib/STM32H7/HAL_Lib/CMSIS/Core/Include/cmsis_gcc.h ****   \details Returns the current value of the Process Stack Pointer (PSP).
 312:HW_Lib/STM32H7/HAL_Lib/CMSIS/Core/Include/cmsis_gcc.h ****   \return               PSP Register value
 313:HW_Lib/STM32H7/HAL_Lib/CMSIS/Core/Include/cmsis_gcc.h ****  */
 314:HW_Lib/STM32H7/HAL_Lib/CMSIS/Core/Include/cmsis_gcc.h **** __STATIC_FORCEINLINE uint32_t __get_PSP(void)
 315:HW_Lib/STM32H7/HAL_Lib/CMSIS/Core/Include/cmsis_gcc.h **** {
 316:HW_Lib/STM32H7/HAL_Lib/CMSIS/Core/Include/cmsis_gcc.h ****   uint32_t result;
 317:HW_Lib/STM32H7/HAL_Lib/CMSIS/Core/Include/cmsis_gcc.h **** 
 318:HW_Lib/STM32H7/HAL_Lib/CMSIS/Core/Include/cmsis_gcc.h ****   __ASM volatile ("MRS %0, psp"  : "=r" (result) );
 319:HW_Lib/STM32H7/HAL_Lib/CMSIS/Core/Include/cmsis_gcc.h ****   return(result);
 320:HW_Lib/STM32H7/HAL_Lib/CMSIS/Core/Include/cmsis_gcc.h **** }
 321:HW_Lib/STM32H7/HAL_Lib/CMSIS/Core/Include/cmsis_gcc.h **** 
 322:HW_Lib/STM32H7/HAL_Lib/CMSIS/Core/Include/cmsis_gcc.h **** 
 323:HW_Lib/STM32H7/HAL_Lib/CMSIS/Core/Include/cmsis_gcc.h **** #if (defined (__ARM_FEATURE_CMSE ) && (__ARM_FEATURE_CMSE == 3))
 324:HW_Lib/STM32H7/HAL_Lib/CMSIS/Core/Include/cmsis_gcc.h **** /**
 325:HW_Lib/STM32H7/HAL_Lib/CMSIS/Core/Include/cmsis_gcc.h ****   \brief   Get Process Stack Pointer (non-secure)
 326:HW_Lib/STM32H7/HAL_Lib/CMSIS/Core/Include/cmsis_gcc.h ****   \details Returns the current value of the non-secure Process Stack Pointer (PSP) when in secure s
 327:HW_Lib/STM32H7/HAL_Lib/CMSIS/Core/Include/cmsis_gcc.h ****   \return               PSP Register value
 328:HW_Lib/STM32H7/HAL_Lib/CMSIS/Core/Include/cmsis_gcc.h ****  */
 329:HW_Lib/STM32H7/HAL_Lib/CMSIS/Core/Include/cmsis_gcc.h **** __STATIC_FORCEINLINE uint32_t __TZ_get_PSP_NS(void)
 330:HW_Lib/STM32H7/HAL_Lib/CMSIS/Core/Include/cmsis_gcc.h **** {
 331:HW_Lib/STM32H7/HAL_Lib/CMSIS/Core/Include/cmsis_gcc.h ****   uint32_t result;
 332:HW_Lib/STM32H7/HAL_Lib/CMSIS/Core/Include/cmsis_gcc.h **** 
 333:HW_Lib/STM32H7/HAL_Lib/CMSIS/Core/Include/cmsis_gcc.h ****   __ASM volatile ("MRS %0, psp_ns"  : "=r" (result) );
 334:HW_Lib/STM32H7/HAL_Lib/CMSIS/Core/Include/cmsis_gcc.h ****   return(result);
 335:HW_Lib/STM32H7/HAL_Lib/CMSIS/Core/Include/cmsis_gcc.h **** }
 336:HW_Lib/STM32H7/HAL_Lib/CMSIS/Core/Include/cmsis_gcc.h **** #endif
 337:HW_Lib/STM32H7/HAL_Lib/CMSIS/Core/Include/cmsis_gcc.h **** 
 338:HW_Lib/STM32H7/HAL_Lib/CMSIS/Core/Include/cmsis_gcc.h **** 
 339:HW_Lib/STM32H7/HAL_Lib/CMSIS/Core/Include/cmsis_gcc.h **** /**
 340:HW_Lib/STM32H7/HAL_Lib/CMSIS/Core/Include/cmsis_gcc.h ****   \brief   Set Process Stack Pointer
 341:HW_Lib/STM32H7/HAL_Lib/CMSIS/Core/Include/cmsis_gcc.h ****   \details Assigns the given value to the Process Stack Pointer (PSP).
 342:HW_Lib/STM32H7/HAL_Lib/CMSIS/Core/Include/cmsis_gcc.h ****   \param [in]    topOfProcStack  Process Stack Pointer value to set
 343:HW_Lib/STM32H7/HAL_Lib/CMSIS/Core/Include/cmsis_gcc.h ****  */
 344:HW_Lib/STM32H7/HAL_Lib/CMSIS/Core/Include/cmsis_gcc.h **** __STATIC_FORCEINLINE void __set_PSP(uint32_t topOfProcStack)
 345:HW_Lib/STM32H7/HAL_Lib/CMSIS/Core/Include/cmsis_gcc.h **** {
 346:HW_Lib/STM32H7/HAL_Lib/CMSIS/Core/Include/cmsis_gcc.h ****   __ASM volatile ("MSR psp, %0" : : "r" (topOfProcStack) : );
 347:HW_Lib/STM32H7/HAL_Lib/CMSIS/Core/Include/cmsis_gcc.h **** }
 348:HW_Lib/STM32H7/HAL_Lib/CMSIS/Core/Include/cmsis_gcc.h **** 
 349:HW_Lib/STM32H7/HAL_Lib/CMSIS/Core/Include/cmsis_gcc.h **** 
 350:HW_Lib/STM32H7/HAL_Lib/CMSIS/Core/Include/cmsis_gcc.h **** #if (defined (__ARM_FEATURE_CMSE ) && (__ARM_FEATURE_CMSE == 3))
 351:HW_Lib/STM32H7/HAL_Lib/CMSIS/Core/Include/cmsis_gcc.h **** /**
 352:HW_Lib/STM32H7/HAL_Lib/CMSIS/Core/Include/cmsis_gcc.h ****   \brief   Set Process Stack Pointer (non-secure)
 353:HW_Lib/STM32H7/HAL_Lib/CMSIS/Core/Include/cmsis_gcc.h ****   \details Assigns the given value to the non-secure Process Stack Pointer (PSP) when in secure sta
 354:HW_Lib/STM32H7/HAL_Lib/CMSIS/Core/Include/cmsis_gcc.h ****   \param [in]    topOfProcStack  Process Stack Pointer value to set
ARM GAS  C:\Users\HUAV\AppData\Local\Temp\cciU7K53.s 			page 21


 355:HW_Lib/STM32H7/HAL_Lib/CMSIS/Core/Include/cmsis_gcc.h ****  */
 356:HW_Lib/STM32H7/HAL_Lib/CMSIS/Core/Include/cmsis_gcc.h **** __STATIC_FORCEINLINE void __TZ_set_PSP_NS(uint32_t topOfProcStack)
 357:HW_Lib/STM32H7/HAL_Lib/CMSIS/Core/Include/cmsis_gcc.h **** {
 358:HW_Lib/STM32H7/HAL_Lib/CMSIS/Core/Include/cmsis_gcc.h ****   __ASM volatile ("MSR psp_ns, %0" : : "r" (topOfProcStack) : );
 359:HW_Lib/STM32H7/HAL_Lib/CMSIS/Core/Include/cmsis_gcc.h **** }
 360:HW_Lib/STM32H7/HAL_Lib/CMSIS/Core/Include/cmsis_gcc.h **** #endif
 361:HW_Lib/STM32H7/HAL_Lib/CMSIS/Core/Include/cmsis_gcc.h **** 
 362:HW_Lib/STM32H7/HAL_Lib/CMSIS/Core/Include/cmsis_gcc.h **** 
 363:HW_Lib/STM32H7/HAL_Lib/CMSIS/Core/Include/cmsis_gcc.h **** /**
 364:HW_Lib/STM32H7/HAL_Lib/CMSIS/Core/Include/cmsis_gcc.h ****   \brief   Get Main Stack Pointer
 365:HW_Lib/STM32H7/HAL_Lib/CMSIS/Core/Include/cmsis_gcc.h ****   \details Returns the current value of the Main Stack Pointer (MSP).
 366:HW_Lib/STM32H7/HAL_Lib/CMSIS/Core/Include/cmsis_gcc.h ****   \return               MSP Register value
 367:HW_Lib/STM32H7/HAL_Lib/CMSIS/Core/Include/cmsis_gcc.h ****  */
 368:HW_Lib/STM32H7/HAL_Lib/CMSIS/Core/Include/cmsis_gcc.h **** __STATIC_FORCEINLINE uint32_t __get_MSP(void)
 369:HW_Lib/STM32H7/HAL_Lib/CMSIS/Core/Include/cmsis_gcc.h **** {
 370:HW_Lib/STM32H7/HAL_Lib/CMSIS/Core/Include/cmsis_gcc.h ****   uint32_t result;
 371:HW_Lib/STM32H7/HAL_Lib/CMSIS/Core/Include/cmsis_gcc.h **** 
 372:HW_Lib/STM32H7/HAL_Lib/CMSIS/Core/Include/cmsis_gcc.h ****   __ASM volatile ("MRS %0, msp" : "=r" (result) );
 373:HW_Lib/STM32H7/HAL_Lib/CMSIS/Core/Include/cmsis_gcc.h ****   return(result);
 374:HW_Lib/STM32H7/HAL_Lib/CMSIS/Core/Include/cmsis_gcc.h **** }
 375:HW_Lib/STM32H7/HAL_Lib/CMSIS/Core/Include/cmsis_gcc.h **** 
 376:HW_Lib/STM32H7/HAL_Lib/CMSIS/Core/Include/cmsis_gcc.h **** 
 377:HW_Lib/STM32H7/HAL_Lib/CMSIS/Core/Include/cmsis_gcc.h **** #if (defined (__ARM_FEATURE_CMSE ) && (__ARM_FEATURE_CMSE == 3))
 378:HW_Lib/STM32H7/HAL_Lib/CMSIS/Core/Include/cmsis_gcc.h **** /**
 379:HW_Lib/STM32H7/HAL_Lib/CMSIS/Core/Include/cmsis_gcc.h ****   \brief   Get Main Stack Pointer (non-secure)
 380:HW_Lib/STM32H7/HAL_Lib/CMSIS/Core/Include/cmsis_gcc.h ****   \details Returns the current value of the non-secure Main Stack Pointer (MSP) when in secure stat
 381:HW_Lib/STM32H7/HAL_Lib/CMSIS/Core/Include/cmsis_gcc.h ****   \return               MSP Register value
 382:HW_Lib/STM32H7/HAL_Lib/CMSIS/Core/Include/cmsis_gcc.h ****  */
 383:HW_Lib/STM32H7/HAL_Lib/CMSIS/Core/Include/cmsis_gcc.h **** __STATIC_FORCEINLINE uint32_t __TZ_get_MSP_NS(void)
 384:HW_Lib/STM32H7/HAL_Lib/CMSIS/Core/Include/cmsis_gcc.h **** {
 385:HW_Lib/STM32H7/HAL_Lib/CMSIS/Core/Include/cmsis_gcc.h ****   uint32_t result;
 386:HW_Lib/STM32H7/HAL_Lib/CMSIS/Core/Include/cmsis_gcc.h **** 
 387:HW_Lib/STM32H7/HAL_Lib/CMSIS/Core/Include/cmsis_gcc.h ****   __ASM volatile ("MRS %0, msp_ns" : "=r" (result) );
 388:HW_Lib/STM32H7/HAL_Lib/CMSIS/Core/Include/cmsis_gcc.h ****   return(result);
 389:HW_Lib/STM32H7/HAL_Lib/CMSIS/Core/Include/cmsis_gcc.h **** }
 390:HW_Lib/STM32H7/HAL_Lib/CMSIS/Core/Include/cmsis_gcc.h **** #endif
 391:HW_Lib/STM32H7/HAL_Lib/CMSIS/Core/Include/cmsis_gcc.h **** 
 392:HW_Lib/STM32H7/HAL_Lib/CMSIS/Core/Include/cmsis_gcc.h **** 
 393:HW_Lib/STM32H7/HAL_Lib/CMSIS/Core/Include/cmsis_gcc.h **** /**
 394:HW_Lib/STM32H7/HAL_Lib/CMSIS/Core/Include/cmsis_gcc.h ****   \brief   Set Main Stack Pointer
 395:HW_Lib/STM32H7/HAL_Lib/CMSIS/Core/Include/cmsis_gcc.h ****   \details Assigns the given value to the Main Stack Pointer (MSP).
 396:HW_Lib/STM32H7/HAL_Lib/CMSIS/Core/Include/cmsis_gcc.h ****   \param [in]    topOfMainStack  Main Stack Pointer value to set
 397:HW_Lib/STM32H7/HAL_Lib/CMSIS/Core/Include/cmsis_gcc.h ****  */
 398:HW_Lib/STM32H7/HAL_Lib/CMSIS/Core/Include/cmsis_gcc.h **** __STATIC_FORCEINLINE void __set_MSP(uint32_t topOfMainStack)
 399:HW_Lib/STM32H7/HAL_Lib/CMSIS/Core/Include/cmsis_gcc.h **** {
 400:HW_Lib/STM32H7/HAL_Lib/CMSIS/Core/Include/cmsis_gcc.h ****   __ASM volatile ("MSR msp, %0" : : "r" (topOfMainStack) : );
 604              		.loc 1 400 3
 605 002e FB68     		ldr	r3, [r7, #12]
 606              		.syntax unified
 607              	@ 400 "HW_Lib/STM32H7/HAL_Lib/CMSIS/Core/Include/cmsis_gcc.h" 1
 608 0030 83F30888 		MSR msp, r3
 609              	@ 0 "" 2
 401:HW_Lib/STM32H7/HAL_Lib/CMSIS/Core/Include/cmsis_gcc.h **** }
 610              		.loc 1 401 1
 611              		.thumb
 612              		.syntax unified
 613 0034 00BF     		nop
ARM GAS  C:\Users\HUAV\AppData\Local\Temp\cciU7K53.s 			page 22


 614              	.LBE7:
 615              	.LBE6:
 187:Service/Srv_OsCommon.c ****     
 188:Service/Srv_OsCommon.c ****     /* disable all irq before jump */
 189:Service/Srv_OsCommon.c ****     SrvOsCommon.disable_all_irq();
 616              		.loc 2 189 16
 617 0036 0A4B     		ldr	r3, .L28+8
 618 0038 9B6C     		ldr	r3, [r3, #72]
 619              		.loc 2 189 5
 620 003a 9847     		blx	r3
 621              	.LVL0:
 622 003c 0023     		movs	r3, #0
 623 003e 3B61     		str	r3, [r7, #16]
 624              	.LBB8:
 625              	.LBB9:
 250:HW_Lib/STM32H7/HAL_Lib/CMSIS/Core/Include/cmsis_gcc.h **** }
 626              		.loc 1 250 3
 627 0040 3B69     		ldr	r3, [r7, #16]
 628              		.syntax unified
 629              	@ 250 "HW_Lib/STM32H7/HAL_Lib/CMSIS/Core/Include/cmsis_gcc.h" 1
 630 0042 83F31488 		MSR control, r3
 631              	@ 0 "" 2
 251:HW_Lib/STM32H7/HAL_Lib/CMSIS/Core/Include/cmsis_gcc.h **** 
 632              		.loc 1 251 1
 633              		.thumb
 634              		.syntax unified
 635 0046 00BF     		nop
 636              	.LBE9:
 637              	.LBE8:
 190:Service/Srv_OsCommon.c ****     __set_CONTROL(0);
 191:Service/Srv_OsCommon.c **** 
 192:Service/Srv_OsCommon.c ****     ((Application_Func)jump_addr)();
 638              		.loc 2 192 6
 639 0048 7B69     		ldr	r3, [r7, #20]
 640 004a 9847     		blx	r3
 641              	.LVL1:
 642 004c 00E0     		b	.L23
 643              	.L27:
 183:Service/Srv_OsCommon.c **** 
 644              		.loc 2 183 9
 645 004e 00BF     		nop
 646              	.L23:
 193:Service/Srv_OsCommon.c **** }
 647              		.loc 2 193 1
 648 0050 1837     		adds	r7, r7, #24
 649              	.LCFI26:
 650              		.cfi_def_cfa_offset 8
 651 0052 BD46     		mov	sp, r7
 652              	.LCFI27:
 653              		.cfi_def_cfa_register 13
 654              		@ sp needed
 655 0054 80BD     		pop	{r7, pc}
 656              	.L29:
 657 0056 00BF     		.align	2
 658              	.L28:
 659 0058 00000000 		.word	__boot_e
 660 005c 00000000 		.word	__rom_s
ARM GAS  C:\Users\HUAV\AppData\Local\Temp\cciU7K53.s 			page 23


 661 0060 00000000 		.word	SrvOsCommon
 662              		.cfi_endproc
 663              	.LFE344:
 665              		.section	.text.SrvOsCommon_Delay,"ax",%progbits
 666              		.align	1
 667              		.syntax unified
 668              		.thumb
 669              		.thumb_func
 671              	SrvOsCommon_Delay:
 672              	.LFB345:
 194:Service/Srv_OsCommon.c **** 
 195:Service/Srv_OsCommon.c **** static void SrvOsCommon_Delay(uint32_t ms)
 196:Service/Srv_OsCommon.c **** {
 673              		.loc 2 196 1
 674              		.cfi_startproc
 675              		@ args = 0, pretend = 0, frame = 8
 676              		@ frame_needed = 1, uses_anonymous_args = 0
 677 0000 80B5     		push	{r7, lr}
 678              	.LCFI28:
 679              		.cfi_def_cfa_offset 8
 680              		.cfi_offset 7, -8
 681              		.cfi_offset 14, -4
 682 0002 82B0     		sub	sp, sp, #8
 683              	.LCFI29:
 684              		.cfi_def_cfa_offset 16
 685 0004 00AF     		add	r7, sp, #0
 686              	.LCFI30:
 687              		.cfi_def_cfa_register 7
 688 0006 7860     		str	r0, [r7, #4]
 197:Service/Srv_OsCommon.c ****     osDelay(ms);
 689              		.loc 2 197 5
 690 0008 7868     		ldr	r0, [r7, #4]
 691 000a FFF7FEFF 		bl	osDelay
 198:Service/Srv_OsCommon.c **** }
 692              		.loc 2 198 1
 693 000e 00BF     		nop
 694 0010 0837     		adds	r7, r7, #8
 695              	.LCFI31:
 696              		.cfi_def_cfa_offset 8
 697 0012 BD46     		mov	sp, r7
 698              	.LCFI32:
 699              		.cfi_def_cfa_register 13
 700              		@ sp needed
 701 0014 80BD     		pop	{r7, pc}
 702              		.cfi_endproc
 703              	.LFE345:
 705              		.section	.text.SrvOsCommon_DelayUntil,"ax",%progbits
 706              		.align	1
 707              		.syntax unified
 708              		.thumb
 709              		.thumb_func
 711              	SrvOsCommon_DelayUntil:
 712              	.LFB346:
 199:Service/Srv_OsCommon.c **** 
 200:Service/Srv_OsCommon.c **** static void SrvOsCommon_DelayUntil(uint32_t *prev_time, uint32_t ms)
 201:Service/Srv_OsCommon.c **** {
 713              		.loc 2 201 1
ARM GAS  C:\Users\HUAV\AppData\Local\Temp\cciU7K53.s 			page 24


 714              		.cfi_startproc
 715              		@ args = 0, pretend = 0, frame = 8
 716              		@ frame_needed = 1, uses_anonymous_args = 0
 717 0000 80B5     		push	{r7, lr}
 718              	.LCFI33:
 719              		.cfi_def_cfa_offset 8
 720              		.cfi_offset 7, -8
 721              		.cfi_offset 14, -4
 722 0002 82B0     		sub	sp, sp, #8
 723              	.LCFI34:
 724              		.cfi_def_cfa_offset 16
 725 0004 00AF     		add	r7, sp, #0
 726              	.LCFI35:
 727              		.cfi_def_cfa_register 7
 728 0006 7860     		str	r0, [r7, #4]
 729 0008 3960     		str	r1, [r7]
 202:Service/Srv_OsCommon.c ****     if (prev_time && ms)
 730              		.loc 2 202 8
 731 000a 7B68     		ldr	r3, [r7, #4]
 732 000c 002B     		cmp	r3, #0
 733 000e 06D0     		beq	.L33
 734              		.loc 2 202 19 discriminator 1
 735 0010 3B68     		ldr	r3, [r7]
 736 0012 002B     		cmp	r3, #0
 737 0014 03D0     		beq	.L33
 203:Service/Srv_OsCommon.c ****         osDelayUntil(prev_time, ms);
 738              		.loc 2 203 9
 739 0016 3968     		ldr	r1, [r7]
 740 0018 7868     		ldr	r0, [r7, #4]
 741 001a FFF7FEFF 		bl	osDelayUntil
 742              	.L33:
 204:Service/Srv_OsCommon.c **** }
 743              		.loc 2 204 1
 744 001e 00BF     		nop
 745 0020 0837     		adds	r7, r7, #8
 746              	.LCFI36:
 747              		.cfi_def_cfa_offset 8
 748 0022 BD46     		mov	sp, r7
 749              	.LCFI37:
 750              		.cfi_def_cfa_register 13
 751              		@ sp needed
 752 0024 80BD     		pop	{r7, pc}
 753              		.cfi_endproc
 754              	.LFE346:
 756              		.text
 757              	.Letext0:
 758              		.file 3 "d:\\hpm-compile-tool\\gcc-arm-none-eabi-10.3-win\\arm-none-eabi\\include\\machine\\_defau
 759              		.file 4 "d:\\hpm-compile-tool\\gcc-arm-none-eabi-10.3-win\\arm-none-eabi\\include\\sys\\_stdint.h"
 760              		.file 5 "d:\\hpm-compile-tool\\gcc-arm-none-eabi-10.3-win\\lib\\gcc\\arm-none-eabi\\10.3.1\\includ
 761              		.file 6 "Service/../FCHW_Config.h"
 762              		.file 7 "System/FreeRTOS/include/portable.h"
 763              		.file 8 "Service/Srv_OsCommon.h"
 764              		.file 9 "HW_Lib/PortApi_Def/Bsp_SDRAM_Def.h"
ARM GAS  C:\Users\HUAV\AppData\Local\Temp\cciU7K53.s 			page 25


DEFINED SYMBOLS
                            *ABS*:00000000 Srv_OsCommon.c
C:\Users\HUAV\AppData\Local\Temp\cciU7K53.s:19     .text.__enable_irq:00000000 $t
C:\Users\HUAV\AppData\Local\Temp\cciU7K53.s:24     .text.__enable_irq:00000000 __enable_irq
C:\Users\HUAV\AppData\Local\Temp\cciU7K53.s:61     .text.__disable_irq:00000000 $t
C:\Users\HUAV\AppData\Local\Temp\cciU7K53.s:66     .text.__disable_irq:00000000 __disable_irq
C:\Users\HUAV\AppData\Local\Temp\cciU7K53.s:102    .bss.OsHeap_Monitor:00000000 $d
C:\Users\HUAV\AppData\Local\Temp\cciU7K53.s:105    .bss.OsHeap_Monitor:00000000 OsHeap_Monitor
C:\Users\HUAV\AppData\Local\Temp\cciU7K53.s:112    .Os_Section:00000000 ucHeap
C:\Users\HUAV\AppData\Local\Temp\cciU7K53.s:109    .Os_Section:00000000 $d
C:\Users\HUAV\AppData\Local\Temp\cciU7K53.s:119    .data.SrvOsCommon:00000000 SrvOsCommon
C:\Users\HUAV\AppData\Local\Temp\cciU7K53.s:116    .data.SrvOsCommon:00000000 $d
C:\Users\HUAV\AppData\Local\Temp\cciU7K53.s:147    .text.SrvOsCommon_Init:00000000 SrvOsCommon_Init
C:\Users\HUAV\AppData\Local\Temp\cciU7K53.s:671    .text.SrvOsCommon_Delay:00000000 SrvOsCommon_Delay
C:\Users\HUAV\AppData\Local\Temp\cciU7K53.s:711    .text.SrvOsCommon_DelayUntil:00000000 SrvOsCommon_DelayUntil
C:\Users\HUAV\AppData\Local\Temp\cciU7K53.s:327    .text.SrvOsCommon_Malloc:00000000 SrvOsCommon_Malloc
C:\Users\HUAV\AppData\Local\Temp\cciU7K53.s:449    .text.SrvOsCommon_Free:00000000 SrvOsCommon_Free
C:\Users\HUAV\AppData\Local\Temp\cciU7K53.s:556    .text.SrvOsCommon_JumpToAddr:00000000 SrvOsCommon_JumpToAddr
C:\Users\HUAV\AppData\Local\Temp\cciU7K53.s:142    .text.SrvOsCommon_Init:00000000 $t
C:\Users\HUAV\AppData\Local\Temp\cciU7K53.s:316    .text.SrvOsCommon_Init:000000dc $d
C:\Users\HUAV\AppData\Local\Temp\cciU7K53.s:322    .text.SrvOsCommon_Malloc:00000000 $t
C:\Users\HUAV\AppData\Local\Temp\cciU7K53.s:439    .text.SrvOsCommon_Malloc:00000090 $d
C:\Users\HUAV\AppData\Local\Temp\cciU7K53.s:444    .text.SrvOsCommon_Free:00000000 $t
C:\Users\HUAV\AppData\Local\Temp\cciU7K53.s:546    .text.SrvOsCommon_Free:00000078 $d
C:\Users\HUAV\AppData\Local\Temp\cciU7K53.s:551    .text.SrvOsCommon_JumpToAddr:00000000 $t
C:\Users\HUAV\AppData\Local\Temp\cciU7K53.s:659    .text.SrvOsCommon_JumpToAddr:00000058 $d
C:\Users\HUAV\AppData\Local\Temp\cciU7K53.s:666    .text.SrvOsCommon_Delay:00000000 $t
C:\Users\HUAV\AppData\Local\Temp\cciU7K53.s:706    .text.SrvOsCommon_DelayUntil:00000000 $t

UNDEFINED SYMBOLS
osKernelSysTick
Kernel_Get_SysTimer_TickUnit
Kernel_Get_PeriodValue
Kernel_TickVal_To_Us
Kernel_Set_SysTimer_TickUnit
Kernel_Set_PeriodValue
Kernel_DisableTimer_IRQ
Kernel_EnableTimer_IRQ
Kernel_BaseTick_DeInit
vPortEnterCritical
vPortExitCritical
vPortGetHeapStats
Kernel_reboot
memset
malloc
BspSDRAM_Init
pvPortMalloc
vPortFree
__boot_e
__rom_s
osDelay
osDelayUntil
