ARM GAS  C:\Users\HUAV\AppData\Local\Temp\ccQgWUfH.s 			page 1


   1              		.cpu cortex-m7
   2              		.arch armv7e-m
   3              		.fpu fpv5-d16
   4              		.eabi_attribute 28, 1
   5              		.eabi_attribute 20, 1
   6              		.eabi_attribute 21, 1
   7              		.eabi_attribute 23, 3
   8              		.eabi_attribute 24, 1
   9              		.eabi_attribute 25, 1
  10              		.eabi_attribute 26, 1
  11              		.eabi_attribute 30, 6
  12              		.eabi_attribute 34, 1
  13              		.eabi_attribute 18, 4
  14              		.file	"stm32h7xx_it.c"
  15              		.text
  16              	.Ltext0:
  17              		.cfi_sections	.debug_frame
  18              		.section	.text.NMI_Handler,"ax",%progbits
  19              		.align	1
  20              		.global	NMI_Handler
  21              		.syntax unified
  22              		.thumb
  23              		.thumb_func
  25              	NMI_Handler:
  26              	.LFB341:
  27              		.file 1 "HW_Lib/STM32H7/HAL_Lib/Core/Src/stm32h7xx_it.c"
   1:HW_Lib/STM32H7/HAL_Lib/Core/Src/stm32h7xx_it.c **** #include "stm32h7xx_it.h"
   2:HW_Lib/STM32H7/HAL_Lib/Core/Src/stm32h7xx_it.c **** #include "stm32h7xx_hal.h"
   3:HW_Lib/STM32H7/HAL_Lib/Core/Src/stm32h7xx_it.c **** #include "FreeRTOS.h"
   4:HW_Lib/STM32H7/HAL_Lib/Core/Src/stm32h7xx_it.c **** #include "task.h"
   5:HW_Lib/STM32H7/HAL_Lib/Core/Src/stm32h7xx_it.c **** #include "stm32h7xx_hal_gpio.h"
   6:HW_Lib/STM32H7/HAL_Lib/Core/Src/stm32h7xx_it.c **** #include "HW_Def.h"
   7:HW_Lib/STM32H7/HAL_Lib/Core/Src/stm32h7xx_it.c **** #include "debug_util.h"
   8:HW_Lib/STM32H7/HAL_Lib/Core/Src/stm32h7xx_it.c **** #include "../../../../FCHW_Config.h"
   9:HW_Lib/STM32H7/HAL_Lib/Core/Src/stm32h7xx_it.c **** #include "Bsp_DMA.h"
  10:HW_Lib/STM32H7/HAL_Lib/Core/Src/stm32h7xx_it.c **** #include "Bsp_IIC.h"
  11:HW_Lib/STM32H7/HAL_Lib/Core/Src/stm32h7xx_it.c **** #include "Bsp_Uart.h" 
  12:HW_Lib/STM32H7/HAL_Lib/Core/Src/stm32h7xx_it.c **** #include "Bsp_Timer.h"
  13:HW_Lib/STM32H7/HAL_Lib/Core/Src/stm32h7xx_it.c **** 
  14:HW_Lib/STM32H7/HAL_Lib/Core/Src/stm32h7xx_it.c **** // extern PCD_HandleTypeDef hpcd_USB_OTG_FS;
  15:HW_Lib/STM32H7/HAL_Lib/Core/Src/stm32h7xx_it.c **** extern TIM_HandleTypeDef htim17;
  16:HW_Lib/STM32H7/HAL_Lib/Core/Src/stm32h7xx_it.c **** extern TIM_HandleTypeDef htim16;
  17:HW_Lib/STM32H7/HAL_Lib/Core/Src/stm32h7xx_it.c **** 
  18:HW_Lib/STM32H7/HAL_Lib/Core/Src/stm32h7xx_it.c **** void NMI_Handler(void)
  19:HW_Lib/STM32H7/HAL_Lib/Core/Src/stm32h7xx_it.c **** {
  28              		.loc 1 19 1
  29              		.cfi_startproc
  30              		@ args = 0, pretend = 0, frame = 0
  31              		@ frame_needed = 1, uses_anonymous_args = 0
  32              		@ link register save eliminated.
  33 0000 80B4     		push	{r7}
  34              	.LCFI0:
  35              		.cfi_def_cfa_offset 4
  36              		.cfi_offset 7, -4
  37 0002 00AF     		add	r7, sp, #0
  38              	.LCFI1:
  39              		.cfi_def_cfa_register 7
ARM GAS  C:\Users\HUAV\AppData\Local\Temp\ccQgWUfH.s 			page 2


  40              	.L2:
  20:HW_Lib/STM32H7/HAL_Lib/Core/Src/stm32h7xx_it.c ****   while (1)
  41              		.loc 1 20 9 discriminator 1
  42 0004 FEE7     		b	.L2
  43              		.cfi_endproc
  44              	.LFE341:
  46              		.section	.text.MemManage_Handler,"ax",%progbits
  47              		.align	1
  48              		.global	MemManage_Handler
  49              		.syntax unified
  50              		.thumb
  51              		.thumb_func
  53              	MemManage_Handler:
  54              	.LFB342:
  21:HW_Lib/STM32H7/HAL_Lib/Core/Src/stm32h7xx_it.c ****   {
  22:HW_Lib/STM32H7/HAL_Lib/Core/Src/stm32h7xx_it.c ****   }
  23:HW_Lib/STM32H7/HAL_Lib/Core/Src/stm32h7xx_it.c **** }
  24:HW_Lib/STM32H7/HAL_Lib/Core/Src/stm32h7xx_it.c **** 
  25:HW_Lib/STM32H7/HAL_Lib/Core/Src/stm32h7xx_it.c **** // void HardFault_Handler(void)
  26:HW_Lib/STM32H7/HAL_Lib/Core/Src/stm32h7xx_it.c **** // {
  27:HW_Lib/STM32H7/HAL_Lib/Core/Src/stm32h7xx_it.c **** //   while (1)
  28:HW_Lib/STM32H7/HAL_Lib/Core/Src/stm32h7xx_it.c **** //   {
  29:HW_Lib/STM32H7/HAL_Lib/Core/Src/stm32h7xx_it.c **** //   }
  30:HW_Lib/STM32H7/HAL_Lib/Core/Src/stm32h7xx_it.c **** // }
  31:HW_Lib/STM32H7/HAL_Lib/Core/Src/stm32h7xx_it.c **** 
  32:HW_Lib/STM32H7/HAL_Lib/Core/Src/stm32h7xx_it.c **** void MemManage_Handler(void)
  33:HW_Lib/STM32H7/HAL_Lib/Core/Src/stm32h7xx_it.c **** {
  55              		.loc 1 33 1
  56              		.cfi_startproc
  57              		@ args = 0, pretend = 0, frame = 0
  58              		@ frame_needed = 1, uses_anonymous_args = 0
  59              		@ link register save eliminated.
  60 0000 80B4     		push	{r7}
  61              	.LCFI2:
  62              		.cfi_def_cfa_offset 4
  63              		.cfi_offset 7, -4
  64 0002 00AF     		add	r7, sp, #0
  65              	.LCFI3:
  66              		.cfi_def_cfa_register 7
  67              	.L4:
  34:HW_Lib/STM32H7/HAL_Lib/Core/Src/stm32h7xx_it.c ****   while (1)
  68              		.loc 1 34 9 discriminator 1
  69 0004 FEE7     		b	.L4
  70              		.cfi_endproc
  71              	.LFE342:
  73              		.section	.text.BusFault_Handler,"ax",%progbits
  74              		.align	1
  75              		.global	BusFault_Handler
  76              		.syntax unified
  77              		.thumb
  78              		.thumb_func
  80              	BusFault_Handler:
  81              	.LFB343:
  35:HW_Lib/STM32H7/HAL_Lib/Core/Src/stm32h7xx_it.c ****   {
  36:HW_Lib/STM32H7/HAL_Lib/Core/Src/stm32h7xx_it.c ****   }
  37:HW_Lib/STM32H7/HAL_Lib/Core/Src/stm32h7xx_it.c **** }
  38:HW_Lib/STM32H7/HAL_Lib/Core/Src/stm32h7xx_it.c **** 
ARM GAS  C:\Users\HUAV\AppData\Local\Temp\ccQgWUfH.s 			page 3


  39:HW_Lib/STM32H7/HAL_Lib/Core/Src/stm32h7xx_it.c **** void BusFault_Handler(void)
  40:HW_Lib/STM32H7/HAL_Lib/Core/Src/stm32h7xx_it.c **** {
  82              		.loc 1 40 1
  83              		.cfi_startproc
  84              		@ args = 0, pretend = 0, frame = 0
  85              		@ frame_needed = 1, uses_anonymous_args = 0
  86              		@ link register save eliminated.
  87 0000 80B4     		push	{r7}
  88              	.LCFI4:
  89              		.cfi_def_cfa_offset 4
  90              		.cfi_offset 7, -4
  91 0002 00AF     		add	r7, sp, #0
  92              	.LCFI5:
  93              		.cfi_def_cfa_register 7
  94              	.L6:
  41:HW_Lib/STM32H7/HAL_Lib/Core/Src/stm32h7xx_it.c ****   while (1)
  95              		.loc 1 41 9 discriminator 1
  96 0004 FEE7     		b	.L6
  97              		.cfi_endproc
  98              	.LFE343:
 100              		.section	.text.UsageFault_Handler,"ax",%progbits
 101              		.align	1
 102              		.global	UsageFault_Handler
 103              		.syntax unified
 104              		.thumb
 105              		.thumb_func
 107              	UsageFault_Handler:
 108              	.LFB344:
  42:HW_Lib/STM32H7/HAL_Lib/Core/Src/stm32h7xx_it.c ****   {
  43:HW_Lib/STM32H7/HAL_Lib/Core/Src/stm32h7xx_it.c ****   }
  44:HW_Lib/STM32H7/HAL_Lib/Core/Src/stm32h7xx_it.c **** }
  45:HW_Lib/STM32H7/HAL_Lib/Core/Src/stm32h7xx_it.c **** 
  46:HW_Lib/STM32H7/HAL_Lib/Core/Src/stm32h7xx_it.c **** void UsageFault_Handler(void)
  47:HW_Lib/STM32H7/HAL_Lib/Core/Src/stm32h7xx_it.c **** {
 109              		.loc 1 47 1
 110              		.cfi_startproc
 111              		@ args = 0, pretend = 0, frame = 0
 112              		@ frame_needed = 1, uses_anonymous_args = 0
 113              		@ link register save eliminated.
 114 0000 80B4     		push	{r7}
 115              	.LCFI6:
 116              		.cfi_def_cfa_offset 4
 117              		.cfi_offset 7, -4
 118 0002 00AF     		add	r7, sp, #0
 119              	.LCFI7:
 120              		.cfi_def_cfa_register 7
 121              	.L8:
  48:HW_Lib/STM32H7/HAL_Lib/Core/Src/stm32h7xx_it.c ****   while (1)
 122              		.loc 1 48 9 discriminator 1
 123 0004 FEE7     		b	.L8
 124              		.cfi_endproc
 125              	.LFE344:
 127              		.section	.text.DebugMon_Handler,"ax",%progbits
 128              		.align	1
 129              		.global	DebugMon_Handler
 130              		.syntax unified
 131              		.thumb
ARM GAS  C:\Users\HUAV\AppData\Local\Temp\ccQgWUfH.s 			page 4


 132              		.thumb_func
 134              	DebugMon_Handler:
 135              	.LFB345:
  49:HW_Lib/STM32H7/HAL_Lib/Core/Src/stm32h7xx_it.c ****   {
  50:HW_Lib/STM32H7/HAL_Lib/Core/Src/stm32h7xx_it.c ****   }
  51:HW_Lib/STM32H7/HAL_Lib/Core/Src/stm32h7xx_it.c **** }
  52:HW_Lib/STM32H7/HAL_Lib/Core/Src/stm32h7xx_it.c **** 
  53:HW_Lib/STM32H7/HAL_Lib/Core/Src/stm32h7xx_it.c **** void DebugMon_Handler(void)
  54:HW_Lib/STM32H7/HAL_Lib/Core/Src/stm32h7xx_it.c **** {
 136              		.loc 1 54 1
 137              		.cfi_startproc
 138              		@ args = 0, pretend = 0, frame = 0
 139              		@ frame_needed = 1, uses_anonymous_args = 0
 140              		@ link register save eliminated.
 141 0000 80B4     		push	{r7}
 142              	.LCFI8:
 143              		.cfi_def_cfa_offset 4
 144              		.cfi_offset 7, -4
 145 0002 00AF     		add	r7, sp, #0
 146              	.LCFI9:
 147              		.cfi_def_cfa_register 7
  55:HW_Lib/STM32H7/HAL_Lib/Core/Src/stm32h7xx_it.c **** }
 148              		.loc 1 55 1
 149 0004 00BF     		nop
 150 0006 BD46     		mov	sp, r7
 151              	.LCFI10:
 152              		.cfi_def_cfa_register 13
 153              		@ sp needed
 154 0008 5DF8047B 		ldr	r7, [sp], #4
 155              	.LCFI11:
 156              		.cfi_restore 7
 157              		.cfi_def_cfa_offset 0
 158 000c 7047     		bx	lr
 159              		.cfi_endproc
 160              	.LFE345:
 162              		.section	.text.SysTick_Handler,"ax",%progbits
 163              		.align	1
 164              		.global	SysTick_Handler
 165              		.syntax unified
 166              		.thumb
 167              		.thumb_func
 169              	SysTick_Handler:
 170              	.LFB346:
  56:HW_Lib/STM32H7/HAL_Lib/Core/Src/stm32h7xx_it.c **** 
  57:HW_Lib/STM32H7/HAL_Lib/Core/Src/stm32h7xx_it.c **** void SysTick_Handler(void)
  58:HW_Lib/STM32H7/HAL_Lib/Core/Src/stm32h7xx_it.c **** {
 171              		.loc 1 58 1
 172              		.cfi_startproc
 173              		@ args = 0, pretend = 0, frame = 0
 174              		@ frame_needed = 1, uses_anonymous_args = 0
 175              		@ link register save eliminated.
 176 0000 80B4     		push	{r7}
 177              	.LCFI12:
 178              		.cfi_def_cfa_offset 4
 179              		.cfi_offset 7, -4
 180 0002 00AF     		add	r7, sp, #0
 181              	.LCFI13:
ARM GAS  C:\Users\HUAV\AppData\Local\Temp\ccQgWUfH.s 			page 5


 182              		.cfi_def_cfa_register 7
  59:HW_Lib/STM32H7/HAL_Lib/Core/Src/stm32h7xx_it.c ****   // HAL_IncTick();
  60:HW_Lib/STM32H7/HAL_Lib/Core/Src/stm32h7xx_it.c **** }
 183              		.loc 1 60 1
 184 0004 00BF     		nop
 185 0006 BD46     		mov	sp, r7
 186              	.LCFI14:
 187              		.cfi_def_cfa_register 13
 188              		@ sp needed
 189 0008 5DF8047B 		ldr	r7, [sp], #4
 190              	.LCFI15:
 191              		.cfi_restore 7
 192              		.cfi_def_cfa_offset 0
 193 000c 7047     		bx	lr
 194              		.cfi_endproc
 195              	.LFE346:
 197              		.section	.text.OTG_FS_IRQHandler,"ax",%progbits
 198              		.align	1
 199              		.global	OTG_FS_IRQHandler
 200              		.syntax unified
 201              		.thumb
 202              		.thumb_func
 204              	OTG_FS_IRQHandler:
 205              	.LFB347:
  61:HW_Lib/STM32H7/HAL_Lib/Core/Src/stm32h7xx_it.c **** 
  62:HW_Lib/STM32H7/HAL_Lib/Core/Src/stm32h7xx_it.c **** void OTG_FS_IRQHandler(void)
  63:HW_Lib/STM32H7/HAL_Lib/Core/Src/stm32h7xx_it.c **** {
 206              		.loc 1 63 1
 207              		.cfi_startproc
 208              		@ args = 0, pretend = 0, frame = 0
 209              		@ frame_needed = 1, uses_anonymous_args = 0
 210              		@ link register save eliminated.
 211 0000 80B4     		push	{r7}
 212              	.LCFI16:
 213              		.cfi_def_cfa_offset 4
 214              		.cfi_offset 7, -4
 215 0002 00AF     		add	r7, sp, #0
 216              	.LCFI17:
 217              		.cfi_def_cfa_register 7
  64:HW_Lib/STM32H7/HAL_Lib/Core/Src/stm32h7xx_it.c ****   // HAL_PCD_IRQHandler(&hpcd_USB_OTG_FS);
  65:HW_Lib/STM32H7/HAL_Lib/Core/Src/stm32h7xx_it.c **** }
 218              		.loc 1 65 1
 219 0004 00BF     		nop
 220 0006 BD46     		mov	sp, r7
 221              	.LCFI18:
 222              		.cfi_def_cfa_register 13
 223              		@ sp needed
 224 0008 5DF8047B 		ldr	r7, [sp], #4
 225              	.LCFI19:
 226              		.cfi_restore 7
 227              		.cfi_def_cfa_offset 0
 228 000c 7047     		bx	lr
 229              		.cfi_endproc
 230              	.LFE347:
 232              		.section	.text.EXTI0_IRQHandler,"ax",%progbits
 233              		.align	1
 234              		.global	EXTI0_IRQHandler
ARM GAS  C:\Users\HUAV\AppData\Local\Temp\ccQgWUfH.s 			page 6


 235              		.syntax unified
 236              		.thumb
 237              		.thumb_func
 239              	EXTI0_IRQHandler:
 240              	.LFB348:
  66:HW_Lib/STM32H7/HAL_Lib/Core/Src/stm32h7xx_it.c **** 
  67:HW_Lib/STM32H7/HAL_Lib/Core/Src/stm32h7xx_it.c **** void EXTI0_IRQHandler(void)
  68:HW_Lib/STM32H7/HAL_Lib/Core/Src/stm32h7xx_it.c **** {
 241              		.loc 1 68 1
 242              		.cfi_startproc
 243              		@ args = 0, pretend = 0, frame = 0
 244              		@ frame_needed = 1, uses_anonymous_args = 0
 245 0000 80B5     		push	{r7, lr}
 246              	.LCFI20:
 247              		.cfi_def_cfa_offset 8
 248              		.cfi_offset 7, -8
 249              		.cfi_offset 14, -4
 250 0002 00AF     		add	r7, sp, #0
 251              	.LCFI21:
 252              		.cfi_def_cfa_register 7
  69:HW_Lib/STM32H7/HAL_Lib/Core/Src/stm32h7xx_it.c ****   HAL_GPIO_EXTI_IRQHandler(GPIO_PIN_0);
 253              		.loc 1 69 3
 254 0004 0120     		movs	r0, #1
 255 0006 FFF7FEFF 		bl	HAL_GPIO_EXTI_IRQHandler
  70:HW_Lib/STM32H7/HAL_Lib/Core/Src/stm32h7xx_it.c **** }
 256              		.loc 1 70 1
 257 000a 00BF     		nop
 258 000c 80BD     		pop	{r7, pc}
 259              		.cfi_endproc
 260              	.LFE348:
 262              		.section	.text.EXTI1_IRQHandler,"ax",%progbits
 263              		.align	1
 264              		.global	EXTI1_IRQHandler
 265              		.syntax unified
 266              		.thumb
 267              		.thumb_func
 269              	EXTI1_IRQHandler:
 270              	.LFB349:
  71:HW_Lib/STM32H7/HAL_Lib/Core/Src/stm32h7xx_it.c **** 
  72:HW_Lib/STM32H7/HAL_Lib/Core/Src/stm32h7xx_it.c **** void EXTI1_IRQHandler(void)
  73:HW_Lib/STM32H7/HAL_Lib/Core/Src/stm32h7xx_it.c **** {
 271              		.loc 1 73 1
 272              		.cfi_startproc
 273              		@ args = 0, pretend = 0, frame = 0
 274              		@ frame_needed = 1, uses_anonymous_args = 0
 275 0000 80B5     		push	{r7, lr}
 276              	.LCFI22:
 277              		.cfi_def_cfa_offset 8
 278              		.cfi_offset 7, -8
 279              		.cfi_offset 14, -4
 280 0002 00AF     		add	r7, sp, #0
 281              	.LCFI23:
 282              		.cfi_def_cfa_register 7
  74:HW_Lib/STM32H7/HAL_Lib/Core/Src/stm32h7xx_it.c ****   HAL_GPIO_EXTI_IRQHandler(GPIO_PIN_1);
 283              		.loc 1 74 3
 284 0004 0220     		movs	r0, #2
 285 0006 FFF7FEFF 		bl	HAL_GPIO_EXTI_IRQHandler
ARM GAS  C:\Users\HUAV\AppData\Local\Temp\ccQgWUfH.s 			page 7


  75:HW_Lib/STM32H7/HAL_Lib/Core/Src/stm32h7xx_it.c **** }
 286              		.loc 1 75 1
 287 000a 00BF     		nop
 288 000c 80BD     		pop	{r7, pc}
 289              		.cfi_endproc
 290              	.LFE349:
 292              		.section	.text.EXTI2_IRQHandler,"ax",%progbits
 293              		.align	1
 294              		.global	EXTI2_IRQHandler
 295              		.syntax unified
 296              		.thumb
 297              		.thumb_func
 299              	EXTI2_IRQHandler:
 300              	.LFB350:
  76:HW_Lib/STM32H7/HAL_Lib/Core/Src/stm32h7xx_it.c **** 
  77:HW_Lib/STM32H7/HAL_Lib/Core/Src/stm32h7xx_it.c **** void EXTI2_IRQHandler(void)
  78:HW_Lib/STM32H7/HAL_Lib/Core/Src/stm32h7xx_it.c **** {
 301              		.loc 1 78 1
 302              		.cfi_startproc
 303              		@ args = 0, pretend = 0, frame = 0
 304              		@ frame_needed = 1, uses_anonymous_args = 0
 305 0000 80B5     		push	{r7, lr}
 306              	.LCFI24:
 307              		.cfi_def_cfa_offset 8
 308              		.cfi_offset 7, -8
 309              		.cfi_offset 14, -4
 310 0002 00AF     		add	r7, sp, #0
 311              	.LCFI25:
 312              		.cfi_def_cfa_register 7
  79:HW_Lib/STM32H7/HAL_Lib/Core/Src/stm32h7xx_it.c ****   HAL_GPIO_EXTI_IRQHandler(GPIO_PIN_2);
 313              		.loc 1 79 3
 314 0004 0420     		movs	r0, #4
 315 0006 FFF7FEFF 		bl	HAL_GPIO_EXTI_IRQHandler
  80:HW_Lib/STM32H7/HAL_Lib/Core/Src/stm32h7xx_it.c **** }
 316              		.loc 1 80 1
 317 000a 00BF     		nop
 318 000c 80BD     		pop	{r7, pc}
 319              		.cfi_endproc
 320              	.LFE350:
 322              		.section	.text.EXTI3_IRQHandler,"ax",%progbits
 323              		.align	1
 324              		.global	EXTI3_IRQHandler
 325              		.syntax unified
 326              		.thumb
 327              		.thumb_func
 329              	EXTI3_IRQHandler:
 330              	.LFB351:
  81:HW_Lib/STM32H7/HAL_Lib/Core/Src/stm32h7xx_it.c **** 
  82:HW_Lib/STM32H7/HAL_Lib/Core/Src/stm32h7xx_it.c **** void EXTI3_IRQHandler(void)
  83:HW_Lib/STM32H7/HAL_Lib/Core/Src/stm32h7xx_it.c **** {
 331              		.loc 1 83 1
 332              		.cfi_startproc
 333              		@ args = 0, pretend = 0, frame = 0
 334              		@ frame_needed = 1, uses_anonymous_args = 0
 335 0000 80B5     		push	{r7, lr}
 336              	.LCFI26:
 337              		.cfi_def_cfa_offset 8
ARM GAS  C:\Users\HUAV\AppData\Local\Temp\ccQgWUfH.s 			page 8


 338              		.cfi_offset 7, -8
 339              		.cfi_offset 14, -4
 340 0002 00AF     		add	r7, sp, #0
 341              	.LCFI27:
 342              		.cfi_def_cfa_register 7
  84:HW_Lib/STM32H7/HAL_Lib/Core/Src/stm32h7xx_it.c ****   HAL_GPIO_EXTI_IRQHandler(GPIO_PIN_3);
 343              		.loc 1 84 3
 344 0004 0820     		movs	r0, #8
 345 0006 FFF7FEFF 		bl	HAL_GPIO_EXTI_IRQHandler
  85:HW_Lib/STM32H7/HAL_Lib/Core/Src/stm32h7xx_it.c **** }
 346              		.loc 1 85 1
 347 000a 00BF     		nop
 348 000c 80BD     		pop	{r7, pc}
 349              		.cfi_endproc
 350              	.LFE351:
 352              		.section	.text.EXTI4_IRQHandler,"ax",%progbits
 353              		.align	1
 354              		.global	EXTI4_IRQHandler
 355              		.syntax unified
 356              		.thumb
 357              		.thumb_func
 359              	EXTI4_IRQHandler:
 360              	.LFB352:
  86:HW_Lib/STM32H7/HAL_Lib/Core/Src/stm32h7xx_it.c **** 
  87:HW_Lib/STM32H7/HAL_Lib/Core/Src/stm32h7xx_it.c **** void EXTI4_IRQHandler(void)
  88:HW_Lib/STM32H7/HAL_Lib/Core/Src/stm32h7xx_it.c **** {
 361              		.loc 1 88 1
 362              		.cfi_startproc
 363              		@ args = 0, pretend = 0, frame = 0
 364              		@ frame_needed = 1, uses_anonymous_args = 0
 365 0000 80B5     		push	{r7, lr}
 366              	.LCFI28:
 367              		.cfi_def_cfa_offset 8
 368              		.cfi_offset 7, -8
 369              		.cfi_offset 14, -4
 370 0002 00AF     		add	r7, sp, #0
 371              	.LCFI29:
 372              		.cfi_def_cfa_register 7
  89:HW_Lib/STM32H7/HAL_Lib/Core/Src/stm32h7xx_it.c ****   HAL_GPIO_EXTI_IRQHandler(GPIO_PIN_4);
 373              		.loc 1 89 3
 374 0004 1020     		movs	r0, #16
 375 0006 FFF7FEFF 		bl	HAL_GPIO_EXTI_IRQHandler
  90:HW_Lib/STM32H7/HAL_Lib/Core/Src/stm32h7xx_it.c **** }
 376              		.loc 1 90 1
 377 000a 00BF     		nop
 378 000c 80BD     		pop	{r7, pc}
 379              		.cfi_endproc
 380              	.LFE352:
 382              		.section	.text.EXTI9_5_IRQHandler,"ax",%progbits
 383              		.align	1
 384              		.global	EXTI9_5_IRQHandler
 385              		.syntax unified
 386              		.thumb
 387              		.thumb_func
 389              	EXTI9_5_IRQHandler:
 390              	.LFB353:
  91:HW_Lib/STM32H7/HAL_Lib/Core/Src/stm32h7xx_it.c **** 
ARM GAS  C:\Users\HUAV\AppData\Local\Temp\ccQgWUfH.s 			page 9


  92:HW_Lib/STM32H7/HAL_Lib/Core/Src/stm32h7xx_it.c **** void EXTI9_5_IRQHandler(void)
  93:HW_Lib/STM32H7/HAL_Lib/Core/Src/stm32h7xx_it.c **** {
 391              		.loc 1 93 1
 392              		.cfi_startproc
 393              		@ args = 0, pretend = 0, frame = 0
 394              		@ frame_needed = 1, uses_anonymous_args = 0
 395 0000 80B5     		push	{r7, lr}
 396              	.LCFI30:
 397              		.cfi_def_cfa_offset 8
 398              		.cfi_offset 7, -8
 399              		.cfi_offset 14, -4
 400 0002 00AF     		add	r7, sp, #0
 401              	.LCFI31:
 402              		.cfi_def_cfa_register 7
  94:HW_Lib/STM32H7/HAL_Lib/Core/Src/stm32h7xx_it.c ****   HAL_GPIO_EXTI_IRQHandler(GPIO_PIN_5);
 403              		.loc 1 94 3
 404 0004 2020     		movs	r0, #32
 405 0006 FFF7FEFF 		bl	HAL_GPIO_EXTI_IRQHandler
  95:HW_Lib/STM32H7/HAL_Lib/Core/Src/stm32h7xx_it.c ****   HAL_GPIO_EXTI_IRQHandler(GPIO_PIN_6);
 406              		.loc 1 95 3
 407 000a 4020     		movs	r0, #64
 408 000c FFF7FEFF 		bl	HAL_GPIO_EXTI_IRQHandler
  96:HW_Lib/STM32H7/HAL_Lib/Core/Src/stm32h7xx_it.c ****   HAL_GPIO_EXTI_IRQHandler(GPIO_PIN_7);
 409              		.loc 1 96 3
 410 0010 8020     		movs	r0, #128
 411 0012 FFF7FEFF 		bl	HAL_GPIO_EXTI_IRQHandler
  97:HW_Lib/STM32H7/HAL_Lib/Core/Src/stm32h7xx_it.c ****   HAL_GPIO_EXTI_IRQHandler(GPIO_PIN_8);
 412              		.loc 1 97 3
 413 0016 4FF48070 		mov	r0, #256
 414 001a FFF7FEFF 		bl	HAL_GPIO_EXTI_IRQHandler
  98:HW_Lib/STM32H7/HAL_Lib/Core/Src/stm32h7xx_it.c ****   HAL_GPIO_EXTI_IRQHandler(GPIO_PIN_9);
 415              		.loc 1 98 3
 416 001e 4FF40070 		mov	r0, #512
 417 0022 FFF7FEFF 		bl	HAL_GPIO_EXTI_IRQHandler
  99:HW_Lib/STM32H7/HAL_Lib/Core/Src/stm32h7xx_it.c **** }
 418              		.loc 1 99 1
 419 0026 00BF     		nop
 420 0028 80BD     		pop	{r7, pc}
 421              		.cfi_endproc
 422              	.LFE353:
 424              		.section	.text.EXTI15_10_IRQHandler,"ax",%progbits
 425              		.align	1
 426              		.global	EXTI15_10_IRQHandler
 427              		.syntax unified
 428              		.thumb
 429              		.thumb_func
 431              	EXTI15_10_IRQHandler:
 432              	.LFB354:
 100:HW_Lib/STM32H7/HAL_Lib/Core/Src/stm32h7xx_it.c **** 
 101:HW_Lib/STM32H7/HAL_Lib/Core/Src/stm32h7xx_it.c **** void EXTI15_10_IRQHandler(void)
 102:HW_Lib/STM32H7/HAL_Lib/Core/Src/stm32h7xx_it.c **** {
 433              		.loc 1 102 1
 434              		.cfi_startproc
 435              		@ args = 0, pretend = 0, frame = 0
 436              		@ frame_needed = 1, uses_anonymous_args = 0
 437 0000 80B5     		push	{r7, lr}
 438              	.LCFI32:
ARM GAS  C:\Users\HUAV\AppData\Local\Temp\ccQgWUfH.s 			page 10


 439              		.cfi_def_cfa_offset 8
 440              		.cfi_offset 7, -8
 441              		.cfi_offset 14, -4
 442 0002 00AF     		add	r7, sp, #0
 443              	.LCFI33:
 444              		.cfi_def_cfa_register 7
 103:HW_Lib/STM32H7/HAL_Lib/Core/Src/stm32h7xx_it.c ****   HAL_GPIO_EXTI_IRQHandler(GPIO_PIN_10);
 445              		.loc 1 103 3
 446 0004 4FF48060 		mov	r0, #1024
 447 0008 FFF7FEFF 		bl	HAL_GPIO_EXTI_IRQHandler
 104:HW_Lib/STM32H7/HAL_Lib/Core/Src/stm32h7xx_it.c ****   HAL_GPIO_EXTI_IRQHandler(GPIO_PIN_11);
 448              		.loc 1 104 3
 449 000c 4FF40060 		mov	r0, #2048
 450 0010 FFF7FEFF 		bl	HAL_GPIO_EXTI_IRQHandler
 105:HW_Lib/STM32H7/HAL_Lib/Core/Src/stm32h7xx_it.c ****   HAL_GPIO_EXTI_IRQHandler(GPIO_PIN_12);
 451              		.loc 1 105 3
 452 0014 4FF48050 		mov	r0, #4096
 453 0018 FFF7FEFF 		bl	HAL_GPIO_EXTI_IRQHandler
 106:HW_Lib/STM32H7/HAL_Lib/Core/Src/stm32h7xx_it.c ****   HAL_GPIO_EXTI_IRQHandler(GPIO_PIN_13);
 454              		.loc 1 106 3
 455 001c 4FF40050 		mov	r0, #8192
 456 0020 FFF7FEFF 		bl	HAL_GPIO_EXTI_IRQHandler
 107:HW_Lib/STM32H7/HAL_Lib/Core/Src/stm32h7xx_it.c ****   HAL_GPIO_EXTI_IRQHandler(GPIO_PIN_14);
 457              		.loc 1 107 3
 458 0024 4FF48040 		mov	r0, #16384
 459 0028 FFF7FEFF 		bl	HAL_GPIO_EXTI_IRQHandler
 108:HW_Lib/STM32H7/HAL_Lib/Core/Src/stm32h7xx_it.c ****   HAL_GPIO_EXTI_IRQHandler(GPIO_PIN_15);
 460              		.loc 1 108 3
 461 002c 4FF40040 		mov	r0, #32768
 462 0030 FFF7FEFF 		bl	HAL_GPIO_EXTI_IRQHandler
 109:HW_Lib/STM32H7/HAL_Lib/Core/Src/stm32h7xx_it.c **** }
 463              		.loc 1 109 1
 464 0034 00BF     		nop
 465 0036 80BD     		pop	{r7, pc}
 466              		.cfi_endproc
 467              	.LFE354:
 469              		.section	.text.SDMMC1_IRQHandler,"ax",%progbits
 470              		.align	1
 471              		.global	SDMMC1_IRQHandler
 472              		.syntax unified
 473              		.thumb
 474              		.thumb_func
 476              	SDMMC1_IRQHandler:
 477              	.LFB355:
 110:HW_Lib/STM32H7/HAL_Lib/Core/Src/stm32h7xx_it.c **** 
 111:HW_Lib/STM32H7/HAL_Lib/Core/Src/stm32h7xx_it.c **** void SDMMC1_IRQHandler(void)
 112:HW_Lib/STM32H7/HAL_Lib/Core/Src/stm32h7xx_it.c **** {
 478              		.loc 1 112 1
 479              		.cfi_startproc
 480              		@ args = 0, pretend = 0, frame = 0
 481              		@ frame_needed = 1, uses_anonymous_args = 0
 482              		@ link register save eliminated.
 483 0000 80B4     		push	{r7}
 484              	.LCFI34:
 485              		.cfi_def_cfa_offset 4
 486              		.cfi_offset 7, -4
 487 0002 00AF     		add	r7, sp, #0
ARM GAS  C:\Users\HUAV\AppData\Local\Temp\ccQgWUfH.s 			page 11


 488              	.LCFI35:
 489              		.cfi_def_cfa_register 7
 113:HW_Lib/STM32H7/HAL_Lib/Core/Src/stm32h7xx_it.c **** 
 114:HW_Lib/STM32H7/HAL_Lib/Core/Src/stm32h7xx_it.c **** }
 490              		.loc 1 114 1
 491 0004 00BF     		nop
 492 0006 BD46     		mov	sp, r7
 493              	.LCFI36:
 494              		.cfi_def_cfa_register 13
 495              		@ sp needed
 496 0008 5DF8047B 		ldr	r7, [sp], #4
 497              	.LCFI37:
 498              		.cfi_restore 7
 499              		.cfi_def_cfa_offset 0
 500 000c 7047     		bx	lr
 501              		.cfi_endproc
 502              	.LFE355:
 504              		.section	.text.MDMA_IRQHandler,"ax",%progbits
 505              		.align	1
 506              		.global	MDMA_IRQHandler
 507              		.syntax unified
 508              		.thumb
 509              		.thumb_func
 511              	MDMA_IRQHandler:
 512              	.LFB356:
 115:HW_Lib/STM32H7/HAL_Lib/Core/Src/stm32h7xx_it.c **** 
 116:HW_Lib/STM32H7/HAL_Lib/Core/Src/stm32h7xx_it.c **** void MDMA_IRQHandler(void)
 117:HW_Lib/STM32H7/HAL_Lib/Core/Src/stm32h7xx_it.c **** {
 513              		.loc 1 117 1
 514              		.cfi_startproc
 515              		@ args = 0, pretend = 0, frame = 0
 516              		@ frame_needed = 1, uses_anonymous_args = 0
 517              		@ link register save eliminated.
 518 0000 80B4     		push	{r7}
 519              	.LCFI38:
 520              		.cfi_def_cfa_offset 4
 521              		.cfi_offset 7, -4
 522 0002 00AF     		add	r7, sp, #0
 523              	.LCFI39:
 524              		.cfi_def_cfa_register 7
 118:HW_Lib/STM32H7/HAL_Lib/Core/Src/stm32h7xx_it.c **** 
 119:HW_Lib/STM32H7/HAL_Lib/Core/Src/stm32h7xx_it.c **** }
 525              		.loc 1 119 1
 526 0004 00BF     		nop
 527 0006 BD46     		mov	sp, r7
 528              	.LCFI40:
 529              		.cfi_def_cfa_register 13
 530              		@ sp needed
 531 0008 5DF8047B 		ldr	r7, [sp], #4
 532              	.LCFI41:
 533              		.cfi_restore 7
 534              		.cfi_def_cfa_offset 0
 535 000c 7047     		bx	lr
 536              		.cfi_endproc
 537              	.LFE356:
 539              		.section	.text.DMA1_Stream0_IRQHandler,"ax",%progbits
 540              		.align	1
ARM GAS  C:\Users\HUAV\AppData\Local\Temp\ccQgWUfH.s 			page 12


 541              		.global	DMA1_Stream0_IRQHandler
 542              		.syntax unified
 543              		.thumb
 544              		.thumb_func
 546              	DMA1_Stream0_IRQHandler:
 547              	.LFB357:
 120:HW_Lib/STM32H7/HAL_Lib/Core/Src/stm32h7xx_it.c **** 
 121:HW_Lib/STM32H7/HAL_Lib/Core/Src/stm32h7xx_it.c **** void DMA1_Stream0_IRQHandler(void)
 122:HW_Lib/STM32H7/HAL_Lib/Core/Src/stm32h7xx_it.c **** {
 548              		.loc 1 122 1
 549              		.cfi_startproc
 550              		@ args = 0, pretend = 0, frame = 8
 551              		@ frame_needed = 1, uses_anonymous_args = 0
 552 0000 80B5     		push	{r7, lr}
 553              	.LCFI42:
 554              		.cfi_def_cfa_offset 8
 555              		.cfi_offset 7, -8
 556              		.cfi_offset 14, -4
 557 0002 82B0     		sub	sp, sp, #8
 558              	.LCFI43:
 559              		.cfi_def_cfa_offset 16
 560 0004 00AF     		add	r7, sp, #0
 561              	.LCFI44:
 562              		.cfi_def_cfa_register 7
 123:HW_Lib/STM32H7/HAL_Lib/Core/Src/stm32h7xx_it.c ****   DMA_HandleTypeDef *hdl = NULL;
 563              		.loc 1 123 22
 564 0006 0023     		movs	r3, #0
 565 0008 7B60     		str	r3, [r7, #4]
 124:HW_Lib/STM32H7/HAL_Lib/Core/Src/stm32h7xx_it.c ****   hdl = BspDMA.get_handle(Bsp_DMA_1, Bsp_DMA_Stream_0);
 566              		.loc 1 124 15
 567 000a 084B     		ldr	r3, .L24
 568 000c DB68     		ldr	r3, [r3, #12]
 569              		.loc 1 124 9
 570 000e 0021     		movs	r1, #0
 571 0010 0020     		movs	r0, #0
 572 0012 9847     		blx	r3
 573              	.LVL0:
 574 0014 7860     		str	r0, [r7, #4]
 125:HW_Lib/STM32H7/HAL_Lib/Core/Src/stm32h7xx_it.c **** 
 126:HW_Lib/STM32H7/HAL_Lib/Core/Src/stm32h7xx_it.c ****   if (hdl)
 575              		.loc 1 126 6
 576 0016 7B68     		ldr	r3, [r7, #4]
 577 0018 002B     		cmp	r3, #0
 578 001a 02D0     		beq	.L23
 127:HW_Lib/STM32H7/HAL_Lib/Core/Src/stm32h7xx_it.c ****     HAL_DMA_IRQHandler(hdl);
 579              		.loc 1 127 5
 580 001c 7868     		ldr	r0, [r7, #4]
 581 001e FFF7FEFF 		bl	HAL_DMA_IRQHandler
 582              	.L23:
 128:HW_Lib/STM32H7/HAL_Lib/Core/Src/stm32h7xx_it.c **** }
 583              		.loc 1 128 1
 584 0022 00BF     		nop
 585 0024 0837     		adds	r7, r7, #8
 586              	.LCFI45:
 587              		.cfi_def_cfa_offset 8
 588 0026 BD46     		mov	sp, r7
 589              	.LCFI46:
ARM GAS  C:\Users\HUAV\AppData\Local\Temp\ccQgWUfH.s 			page 13


 590              		.cfi_def_cfa_register 13
 591              		@ sp needed
 592 0028 80BD     		pop	{r7, pc}
 593              	.L25:
 594 002a 00BF     		.align	2
 595              	.L24:
 596 002c 00000000 		.word	BspDMA
 597              		.cfi_endproc
 598              	.LFE357:
 600              		.section	.text.DMA1_Stream1_IRQHandler,"ax",%progbits
 601              		.align	1
 602              		.global	DMA1_Stream1_IRQHandler
 603              		.syntax unified
 604              		.thumb
 605              		.thumb_func
 607              	DMA1_Stream1_IRQHandler:
 608              	.LFB358:
 129:HW_Lib/STM32H7/HAL_Lib/Core/Src/stm32h7xx_it.c **** 
 130:HW_Lib/STM32H7/HAL_Lib/Core/Src/stm32h7xx_it.c **** void DMA1_Stream1_IRQHandler(void)
 131:HW_Lib/STM32H7/HAL_Lib/Core/Src/stm32h7xx_it.c **** {
 609              		.loc 1 131 1
 610              		.cfi_startproc
 611              		@ args = 0, pretend = 0, frame = 8
 612              		@ frame_needed = 1, uses_anonymous_args = 0
 613 0000 80B5     		push	{r7, lr}
 614              	.LCFI47:
 615              		.cfi_def_cfa_offset 8
 616              		.cfi_offset 7, -8
 617              		.cfi_offset 14, -4
 618 0002 82B0     		sub	sp, sp, #8
 619              	.LCFI48:
 620              		.cfi_def_cfa_offset 16
 621 0004 00AF     		add	r7, sp, #0
 622              	.LCFI49:
 623              		.cfi_def_cfa_register 7
 132:HW_Lib/STM32H7/HAL_Lib/Core/Src/stm32h7xx_it.c ****   DMA_HandleTypeDef *hdl = NULL;
 624              		.loc 1 132 22
 625 0006 0023     		movs	r3, #0
 626 0008 7B60     		str	r3, [r7, #4]
 133:HW_Lib/STM32H7/HAL_Lib/Core/Src/stm32h7xx_it.c ****   hdl = BspDMA.get_handle(Bsp_DMA_1, Bsp_DMA_Stream_1);
 627              		.loc 1 133 15
 628 000a 084B     		ldr	r3, .L29
 629 000c DB68     		ldr	r3, [r3, #12]
 630              		.loc 1 133 9
 631 000e 0121     		movs	r1, #1
 632 0010 0020     		movs	r0, #0
 633 0012 9847     		blx	r3
 634              	.LVL1:
 635 0014 7860     		str	r0, [r7, #4]
 134:HW_Lib/STM32H7/HAL_Lib/Core/Src/stm32h7xx_it.c **** 
 135:HW_Lib/STM32H7/HAL_Lib/Core/Src/stm32h7xx_it.c ****   if (hdl)
 636              		.loc 1 135 6
 637 0016 7B68     		ldr	r3, [r7, #4]
 638 0018 002B     		cmp	r3, #0
 639 001a 02D0     		beq	.L28
 136:HW_Lib/STM32H7/HAL_Lib/Core/Src/stm32h7xx_it.c ****     HAL_DMA_IRQHandler(hdl);
 640              		.loc 1 136 5
ARM GAS  C:\Users\HUAV\AppData\Local\Temp\ccQgWUfH.s 			page 14


 641 001c 7868     		ldr	r0, [r7, #4]
 642 001e FFF7FEFF 		bl	HAL_DMA_IRQHandler
 643              	.L28:
 137:HW_Lib/STM32H7/HAL_Lib/Core/Src/stm32h7xx_it.c **** }
 644              		.loc 1 137 1
 645 0022 00BF     		nop
 646 0024 0837     		adds	r7, r7, #8
 647              	.LCFI50:
 648              		.cfi_def_cfa_offset 8
 649 0026 BD46     		mov	sp, r7
 650              	.LCFI51:
 651              		.cfi_def_cfa_register 13
 652              		@ sp needed
 653 0028 80BD     		pop	{r7, pc}
 654              	.L30:
 655 002a 00BF     		.align	2
 656              	.L29:
 657 002c 00000000 		.word	BspDMA
 658              		.cfi_endproc
 659              	.LFE358:
 661              		.section	.text.DMA1_Stream2_IRQHandler,"ax",%progbits
 662              		.align	1
 663              		.global	DMA1_Stream2_IRQHandler
 664              		.syntax unified
 665              		.thumb
 666              		.thumb_func
 668              	DMA1_Stream2_IRQHandler:
 669              	.LFB359:
 138:HW_Lib/STM32H7/HAL_Lib/Core/Src/stm32h7xx_it.c **** 
 139:HW_Lib/STM32H7/HAL_Lib/Core/Src/stm32h7xx_it.c **** void DMA1_Stream2_IRQHandler(void)
 140:HW_Lib/STM32H7/HAL_Lib/Core/Src/stm32h7xx_it.c **** {
 670              		.loc 1 140 1
 671              		.cfi_startproc
 672              		@ args = 0, pretend = 0, frame = 8
 673              		@ frame_needed = 1, uses_anonymous_args = 0
 674 0000 80B5     		push	{r7, lr}
 675              	.LCFI52:
 676              		.cfi_def_cfa_offset 8
 677              		.cfi_offset 7, -8
 678              		.cfi_offset 14, -4
 679 0002 82B0     		sub	sp, sp, #8
 680              	.LCFI53:
 681              		.cfi_def_cfa_offset 16
 682 0004 00AF     		add	r7, sp, #0
 683              	.LCFI54:
 684              		.cfi_def_cfa_register 7
 141:HW_Lib/STM32H7/HAL_Lib/Core/Src/stm32h7xx_it.c ****   DMA_HandleTypeDef *hdl = NULL;
 685              		.loc 1 141 22
 686 0006 0023     		movs	r3, #0
 687 0008 7B60     		str	r3, [r7, #4]
 142:HW_Lib/STM32H7/HAL_Lib/Core/Src/stm32h7xx_it.c ****   hdl = BspDMA.get_handle(Bsp_DMA_1, Bsp_DMA_Stream_2);
 688              		.loc 1 142 15
 689 000a 084B     		ldr	r3, .L34
 690 000c DB68     		ldr	r3, [r3, #12]
 691              		.loc 1 142 9
 692 000e 0221     		movs	r1, #2
 693 0010 0020     		movs	r0, #0
ARM GAS  C:\Users\HUAV\AppData\Local\Temp\ccQgWUfH.s 			page 15


 694 0012 9847     		blx	r3
 695              	.LVL2:
 696 0014 7860     		str	r0, [r7, #4]
 143:HW_Lib/STM32H7/HAL_Lib/Core/Src/stm32h7xx_it.c **** 
 144:HW_Lib/STM32H7/HAL_Lib/Core/Src/stm32h7xx_it.c ****   if (hdl)
 697              		.loc 1 144 6
 698 0016 7B68     		ldr	r3, [r7, #4]
 699 0018 002B     		cmp	r3, #0
 700 001a 02D0     		beq	.L33
 145:HW_Lib/STM32H7/HAL_Lib/Core/Src/stm32h7xx_it.c ****     HAL_DMA_IRQHandler(hdl);
 701              		.loc 1 145 5
 702 001c 7868     		ldr	r0, [r7, #4]
 703 001e FFF7FEFF 		bl	HAL_DMA_IRQHandler
 704              	.L33:
 146:HW_Lib/STM32H7/HAL_Lib/Core/Src/stm32h7xx_it.c **** }
 705              		.loc 1 146 1
 706 0022 00BF     		nop
 707 0024 0837     		adds	r7, r7, #8
 708              	.LCFI55:
 709              		.cfi_def_cfa_offset 8
 710 0026 BD46     		mov	sp, r7
 711              	.LCFI56:
 712              		.cfi_def_cfa_register 13
 713              		@ sp needed
 714 0028 80BD     		pop	{r7, pc}
 715              	.L35:
 716 002a 00BF     		.align	2
 717              	.L34:
 718 002c 00000000 		.word	BspDMA
 719              		.cfi_endproc
 720              	.LFE359:
 722              		.section	.text.DMA1_Stream3_IRQHandler,"ax",%progbits
 723              		.align	1
 724              		.global	DMA1_Stream3_IRQHandler
 725              		.syntax unified
 726              		.thumb
 727              		.thumb_func
 729              	DMA1_Stream3_IRQHandler:
 730              	.LFB360:
 147:HW_Lib/STM32H7/HAL_Lib/Core/Src/stm32h7xx_it.c **** 
 148:HW_Lib/STM32H7/HAL_Lib/Core/Src/stm32h7xx_it.c **** void DMA1_Stream3_IRQHandler(void)
 149:HW_Lib/STM32H7/HAL_Lib/Core/Src/stm32h7xx_it.c **** {
 731              		.loc 1 149 1
 732              		.cfi_startproc
 733              		@ args = 0, pretend = 0, frame = 8
 734              		@ frame_needed = 1, uses_anonymous_args = 0
 735 0000 80B5     		push	{r7, lr}
 736              	.LCFI57:
 737              		.cfi_def_cfa_offset 8
 738              		.cfi_offset 7, -8
 739              		.cfi_offset 14, -4
 740 0002 82B0     		sub	sp, sp, #8
 741              	.LCFI58:
 742              		.cfi_def_cfa_offset 16
 743 0004 00AF     		add	r7, sp, #0
 744              	.LCFI59:
 745              		.cfi_def_cfa_register 7
ARM GAS  C:\Users\HUAV\AppData\Local\Temp\ccQgWUfH.s 			page 16


 150:HW_Lib/STM32H7/HAL_Lib/Core/Src/stm32h7xx_it.c ****   DMA_HandleTypeDef *hdl = NULL;
 746              		.loc 1 150 22
 747 0006 0023     		movs	r3, #0
 748 0008 7B60     		str	r3, [r7, #4]
 151:HW_Lib/STM32H7/HAL_Lib/Core/Src/stm32h7xx_it.c ****   hdl = BspDMA.get_handle(Bsp_DMA_1, Bsp_DMA_Stream_3);
 749              		.loc 1 151 15
 750 000a 084B     		ldr	r3, .L39
 751 000c DB68     		ldr	r3, [r3, #12]
 752              		.loc 1 151 9
 753 000e 0321     		movs	r1, #3
 754 0010 0020     		movs	r0, #0
 755 0012 9847     		blx	r3
 756              	.LVL3:
 757 0014 7860     		str	r0, [r7, #4]
 152:HW_Lib/STM32H7/HAL_Lib/Core/Src/stm32h7xx_it.c **** 
 153:HW_Lib/STM32H7/HAL_Lib/Core/Src/stm32h7xx_it.c ****   if (hdl)
 758              		.loc 1 153 6
 759 0016 7B68     		ldr	r3, [r7, #4]
 760 0018 002B     		cmp	r3, #0
 761 001a 02D0     		beq	.L38
 154:HW_Lib/STM32H7/HAL_Lib/Core/Src/stm32h7xx_it.c ****     HAL_DMA_IRQHandler(hdl);
 762              		.loc 1 154 5
 763 001c 7868     		ldr	r0, [r7, #4]
 764 001e FFF7FEFF 		bl	HAL_DMA_IRQHandler
 765              	.L38:
 155:HW_Lib/STM32H7/HAL_Lib/Core/Src/stm32h7xx_it.c **** }
 766              		.loc 1 155 1
 767 0022 00BF     		nop
 768 0024 0837     		adds	r7, r7, #8
 769              	.LCFI60:
 770              		.cfi_def_cfa_offset 8
 771 0026 BD46     		mov	sp, r7
 772              	.LCFI61:
 773              		.cfi_def_cfa_register 13
 774              		@ sp needed
 775 0028 80BD     		pop	{r7, pc}
 776              	.L40:
 777 002a 00BF     		.align	2
 778              	.L39:
 779 002c 00000000 		.word	BspDMA
 780              		.cfi_endproc
 781              	.LFE360:
 783              		.section	.text.DMA1_Stream4_IRQHandler,"ax",%progbits
 784              		.align	1
 785              		.global	DMA1_Stream4_IRQHandler
 786              		.syntax unified
 787              		.thumb
 788              		.thumb_func
 790              	DMA1_Stream4_IRQHandler:
 791              	.LFB361:
 156:HW_Lib/STM32H7/HAL_Lib/Core/Src/stm32h7xx_it.c **** 
 157:HW_Lib/STM32H7/HAL_Lib/Core/Src/stm32h7xx_it.c **** void DMA1_Stream4_IRQHandler(void)
 158:HW_Lib/STM32H7/HAL_Lib/Core/Src/stm32h7xx_it.c **** {
 792              		.loc 1 158 1
 793              		.cfi_startproc
 794              		@ args = 0, pretend = 0, frame = 8
 795              		@ frame_needed = 1, uses_anonymous_args = 0
ARM GAS  C:\Users\HUAV\AppData\Local\Temp\ccQgWUfH.s 			page 17


 796 0000 80B5     		push	{r7, lr}
 797              	.LCFI62:
 798              		.cfi_def_cfa_offset 8
 799              		.cfi_offset 7, -8
 800              		.cfi_offset 14, -4
 801 0002 82B0     		sub	sp, sp, #8
 802              	.LCFI63:
 803              		.cfi_def_cfa_offset 16
 804 0004 00AF     		add	r7, sp, #0
 805              	.LCFI64:
 806              		.cfi_def_cfa_register 7
 159:HW_Lib/STM32H7/HAL_Lib/Core/Src/stm32h7xx_it.c ****   DMA_HandleTypeDef *hdl = NULL;
 807              		.loc 1 159 22
 808 0006 0023     		movs	r3, #0
 809 0008 7B60     		str	r3, [r7, #4]
 160:HW_Lib/STM32H7/HAL_Lib/Core/Src/stm32h7xx_it.c ****   hdl = BspDMA.get_handle(Bsp_DMA_1, Bsp_DMA_Stream_4);
 810              		.loc 1 160 15
 811 000a 084B     		ldr	r3, .L44
 812 000c DB68     		ldr	r3, [r3, #12]
 813              		.loc 1 160 9
 814 000e 0421     		movs	r1, #4
 815 0010 0020     		movs	r0, #0
 816 0012 9847     		blx	r3
 817              	.LVL4:
 818 0014 7860     		str	r0, [r7, #4]
 161:HW_Lib/STM32H7/HAL_Lib/Core/Src/stm32h7xx_it.c **** 
 162:HW_Lib/STM32H7/HAL_Lib/Core/Src/stm32h7xx_it.c ****   if (hdl)
 819              		.loc 1 162 6
 820 0016 7B68     		ldr	r3, [r7, #4]
 821 0018 002B     		cmp	r3, #0
 822 001a 02D0     		beq	.L43
 163:HW_Lib/STM32H7/HAL_Lib/Core/Src/stm32h7xx_it.c ****     HAL_DMA_IRQHandler(hdl);
 823              		.loc 1 163 5
 824 001c 7868     		ldr	r0, [r7, #4]
 825 001e FFF7FEFF 		bl	HAL_DMA_IRQHandler
 826              	.L43:
 164:HW_Lib/STM32H7/HAL_Lib/Core/Src/stm32h7xx_it.c **** }
 827              		.loc 1 164 1
 828 0022 00BF     		nop
 829 0024 0837     		adds	r7, r7, #8
 830              	.LCFI65:
 831              		.cfi_def_cfa_offset 8
 832 0026 BD46     		mov	sp, r7
 833              	.LCFI66:
 834              		.cfi_def_cfa_register 13
 835              		@ sp needed
 836 0028 80BD     		pop	{r7, pc}
 837              	.L45:
 838 002a 00BF     		.align	2
 839              	.L44:
 840 002c 00000000 		.word	BspDMA
 841              		.cfi_endproc
 842              	.LFE361:
 844              		.section	.text.DMA1_Stream5_IRQHandler,"ax",%progbits
 845              		.align	1
 846              		.global	DMA1_Stream5_IRQHandler
 847              		.syntax unified
ARM GAS  C:\Users\HUAV\AppData\Local\Temp\ccQgWUfH.s 			page 18


 848              		.thumb
 849              		.thumb_func
 851              	DMA1_Stream5_IRQHandler:
 852              	.LFB362:
 165:HW_Lib/STM32H7/HAL_Lib/Core/Src/stm32h7xx_it.c **** 
 166:HW_Lib/STM32H7/HAL_Lib/Core/Src/stm32h7xx_it.c **** void DMA1_Stream5_IRQHandler(void)
 167:HW_Lib/STM32H7/HAL_Lib/Core/Src/stm32h7xx_it.c **** {
 853              		.loc 1 167 1
 854              		.cfi_startproc
 855              		@ args = 0, pretend = 0, frame = 8
 856              		@ frame_needed = 1, uses_anonymous_args = 0
 857 0000 80B5     		push	{r7, lr}
 858              	.LCFI67:
 859              		.cfi_def_cfa_offset 8
 860              		.cfi_offset 7, -8
 861              		.cfi_offset 14, -4
 862 0002 82B0     		sub	sp, sp, #8
 863              	.LCFI68:
 864              		.cfi_def_cfa_offset 16
 865 0004 00AF     		add	r7, sp, #0
 866              	.LCFI69:
 867              		.cfi_def_cfa_register 7
 168:HW_Lib/STM32H7/HAL_Lib/Core/Src/stm32h7xx_it.c ****   DMA_HandleTypeDef *hdl = NULL;
 868              		.loc 1 168 22
 869 0006 0023     		movs	r3, #0
 870 0008 7B60     		str	r3, [r7, #4]
 169:HW_Lib/STM32H7/HAL_Lib/Core/Src/stm32h7xx_it.c ****   hdl = BspDMA.get_handle(Bsp_DMA_1, Bsp_DMA_Stream_5);
 871              		.loc 1 169 15
 872 000a 084B     		ldr	r3, .L49
 873 000c DB68     		ldr	r3, [r3, #12]
 874              		.loc 1 169 9
 875 000e 0521     		movs	r1, #5
 876 0010 0020     		movs	r0, #0
 877 0012 9847     		blx	r3
 878              	.LVL5:
 879 0014 7860     		str	r0, [r7, #4]
 170:HW_Lib/STM32H7/HAL_Lib/Core/Src/stm32h7xx_it.c **** 
 171:HW_Lib/STM32H7/HAL_Lib/Core/Src/stm32h7xx_it.c ****   if (hdl)
 880              		.loc 1 171 6
 881 0016 7B68     		ldr	r3, [r7, #4]
 882 0018 002B     		cmp	r3, #0
 883 001a 02D0     		beq	.L48
 172:HW_Lib/STM32H7/HAL_Lib/Core/Src/stm32h7xx_it.c ****     HAL_DMA_IRQHandler(hdl);
 884              		.loc 1 172 5
 885 001c 7868     		ldr	r0, [r7, #4]
 886 001e FFF7FEFF 		bl	HAL_DMA_IRQHandler
 887              	.L48:
 173:HW_Lib/STM32H7/HAL_Lib/Core/Src/stm32h7xx_it.c **** }
 888              		.loc 1 173 1
 889 0022 00BF     		nop
 890 0024 0837     		adds	r7, r7, #8
 891              	.LCFI70:
 892              		.cfi_def_cfa_offset 8
 893 0026 BD46     		mov	sp, r7
 894              	.LCFI71:
 895              		.cfi_def_cfa_register 13
 896              		@ sp needed
ARM GAS  C:\Users\HUAV\AppData\Local\Temp\ccQgWUfH.s 			page 19


 897 0028 80BD     		pop	{r7, pc}
 898              	.L50:
 899 002a 00BF     		.align	2
 900              	.L49:
 901 002c 00000000 		.word	BspDMA
 902              		.cfi_endproc
 903              	.LFE362:
 905              		.section	.text.DMA2_Stream0_IRQHandler,"ax",%progbits
 906              		.align	1
 907              		.global	DMA2_Stream0_IRQHandler
 908              		.syntax unified
 909              		.thumb
 910              		.thumb_func
 912              	DMA2_Stream0_IRQHandler:
 913              	.LFB363:
 174:HW_Lib/STM32H7/HAL_Lib/Core/Src/stm32h7xx_it.c **** 
 175:HW_Lib/STM32H7/HAL_Lib/Core/Src/stm32h7xx_it.c **** void DMA2_Stream0_IRQHandler(void)
 176:HW_Lib/STM32H7/HAL_Lib/Core/Src/stm32h7xx_it.c **** {
 914              		.loc 1 176 1
 915              		.cfi_startproc
 916              		@ args = 0, pretend = 0, frame = 8
 917              		@ frame_needed = 1, uses_anonymous_args = 0
 918 0000 80B5     		push	{r7, lr}
 919              	.LCFI72:
 920              		.cfi_def_cfa_offset 8
 921              		.cfi_offset 7, -8
 922              		.cfi_offset 14, -4
 923 0002 82B0     		sub	sp, sp, #8
 924              	.LCFI73:
 925              		.cfi_def_cfa_offset 16
 926 0004 00AF     		add	r7, sp, #0
 927              	.LCFI74:
 928              		.cfi_def_cfa_register 7
 177:HW_Lib/STM32H7/HAL_Lib/Core/Src/stm32h7xx_it.c ****   DMA_HandleTypeDef *hdl = NULL;
 929              		.loc 1 177 22
 930 0006 0023     		movs	r3, #0
 931 0008 7B60     		str	r3, [r7, #4]
 178:HW_Lib/STM32H7/HAL_Lib/Core/Src/stm32h7xx_it.c ****   hdl = BspDMA.get_handle(Bsp_DMA_2, Bsp_DMA_Stream_0);
 932              		.loc 1 178 15
 933 000a 084B     		ldr	r3, .L54
 934 000c DB68     		ldr	r3, [r3, #12]
 935              		.loc 1 178 9
 936 000e 0021     		movs	r1, #0
 937 0010 0120     		movs	r0, #1
 938 0012 9847     		blx	r3
 939              	.LVL6:
 940 0014 7860     		str	r0, [r7, #4]
 179:HW_Lib/STM32H7/HAL_Lib/Core/Src/stm32h7xx_it.c **** 
 180:HW_Lib/STM32H7/HAL_Lib/Core/Src/stm32h7xx_it.c ****   if (hdl)
 941              		.loc 1 180 6
 942 0016 7B68     		ldr	r3, [r7, #4]
 943 0018 002B     		cmp	r3, #0
 944 001a 02D0     		beq	.L53
 181:HW_Lib/STM32H7/HAL_Lib/Core/Src/stm32h7xx_it.c ****     HAL_DMA_IRQHandler(hdl);
 945              		.loc 1 181 5
 946 001c 7868     		ldr	r0, [r7, #4]
 947 001e FFF7FEFF 		bl	HAL_DMA_IRQHandler
ARM GAS  C:\Users\HUAV\AppData\Local\Temp\ccQgWUfH.s 			page 20


 948              	.L53:
 182:HW_Lib/STM32H7/HAL_Lib/Core/Src/stm32h7xx_it.c **** }
 949              		.loc 1 182 1
 950 0022 00BF     		nop
 951 0024 0837     		adds	r7, r7, #8
 952              	.LCFI75:
 953              		.cfi_def_cfa_offset 8
 954 0026 BD46     		mov	sp, r7
 955              	.LCFI76:
 956              		.cfi_def_cfa_register 13
 957              		@ sp needed
 958 0028 80BD     		pop	{r7, pc}
 959              	.L55:
 960 002a 00BF     		.align	2
 961              	.L54:
 962 002c 00000000 		.word	BspDMA
 963              		.cfi_endproc
 964              	.LFE363:
 966              		.section	.text.DMA2_Stream1_IRQHandler,"ax",%progbits
 967              		.align	1
 968              		.global	DMA2_Stream1_IRQHandler
 969              		.syntax unified
 970              		.thumb
 971              		.thumb_func
 973              	DMA2_Stream1_IRQHandler:
 974              	.LFB364:
 183:HW_Lib/STM32H7/HAL_Lib/Core/Src/stm32h7xx_it.c **** 
 184:HW_Lib/STM32H7/HAL_Lib/Core/Src/stm32h7xx_it.c **** void DMA2_Stream1_IRQHandler(void)
 185:HW_Lib/STM32H7/HAL_Lib/Core/Src/stm32h7xx_it.c **** {
 975              		.loc 1 185 1
 976              		.cfi_startproc
 977              		@ args = 0, pretend = 0, frame = 8
 978              		@ frame_needed = 1, uses_anonymous_args = 0
 979 0000 80B5     		push	{r7, lr}
 980              	.LCFI77:
 981              		.cfi_def_cfa_offset 8
 982              		.cfi_offset 7, -8
 983              		.cfi_offset 14, -4
 984 0002 82B0     		sub	sp, sp, #8
 985              	.LCFI78:
 986              		.cfi_def_cfa_offset 16
 987 0004 00AF     		add	r7, sp, #0
 988              	.LCFI79:
 989              		.cfi_def_cfa_register 7
 186:HW_Lib/STM32H7/HAL_Lib/Core/Src/stm32h7xx_it.c ****   DMA_HandleTypeDef *hdl = NULL;
 990              		.loc 1 186 22
 991 0006 0023     		movs	r3, #0
 992 0008 7B60     		str	r3, [r7, #4]
 187:HW_Lib/STM32H7/HAL_Lib/Core/Src/stm32h7xx_it.c ****   hdl = BspDMA.get_handle(Bsp_DMA_2, Bsp_DMA_Stream_1);
 993              		.loc 1 187 15
 994 000a 084B     		ldr	r3, .L59
 995 000c DB68     		ldr	r3, [r3, #12]
 996              		.loc 1 187 9
 997 000e 0121     		movs	r1, #1
 998 0010 0120     		movs	r0, #1
 999 0012 9847     		blx	r3
 1000              	.LVL7:
ARM GAS  C:\Users\HUAV\AppData\Local\Temp\ccQgWUfH.s 			page 21


 1001 0014 7860     		str	r0, [r7, #4]
 188:HW_Lib/STM32H7/HAL_Lib/Core/Src/stm32h7xx_it.c **** 
 189:HW_Lib/STM32H7/HAL_Lib/Core/Src/stm32h7xx_it.c ****   if (hdl)
 1002              		.loc 1 189 6
 1003 0016 7B68     		ldr	r3, [r7, #4]
 1004 0018 002B     		cmp	r3, #0
 1005 001a 02D0     		beq	.L58
 190:HW_Lib/STM32H7/HAL_Lib/Core/Src/stm32h7xx_it.c ****     HAL_DMA_IRQHandler(hdl);
 1006              		.loc 1 190 5
 1007 001c 7868     		ldr	r0, [r7, #4]
 1008 001e FFF7FEFF 		bl	HAL_DMA_IRQHandler
 1009              	.L58:
 191:HW_Lib/STM32H7/HAL_Lib/Core/Src/stm32h7xx_it.c **** }
 1010              		.loc 1 191 1
 1011 0022 00BF     		nop
 1012 0024 0837     		adds	r7, r7, #8
 1013              	.LCFI80:
 1014              		.cfi_def_cfa_offset 8
 1015 0026 BD46     		mov	sp, r7
 1016              	.LCFI81:
 1017              		.cfi_def_cfa_register 13
 1018              		@ sp needed
 1019 0028 80BD     		pop	{r7, pc}
 1020              	.L60:
 1021 002a 00BF     		.align	2
 1022              	.L59:
 1023 002c 00000000 		.word	BspDMA
 1024              		.cfi_endproc
 1025              	.LFE364:
 1027              		.section	.text.USART1_IRQHandler,"ax",%progbits
 1028              		.align	1
 1029              		.global	USART1_IRQHandler
 1030              		.syntax unified
 1031              		.thumb
 1032              		.thumb_func
 1034              	USART1_IRQHandler:
 1035              	.LFB365:
 192:HW_Lib/STM32H7/HAL_Lib/Core/Src/stm32h7xx_it.c **** 
 193:HW_Lib/STM32H7/HAL_Lib/Core/Src/stm32h7xx_it.c **** void USART1_IRQHandler(void)
 194:HW_Lib/STM32H7/HAL_Lib/Core/Src/stm32h7xx_it.c **** {
 1036              		.loc 1 194 1
 1037              		.cfi_startproc
 1038              		@ args = 0, pretend = 0, frame = 8
 1039              		@ frame_needed = 1, uses_anonymous_args = 0
 1040 0000 80B5     		push	{r7, lr}
 1041              	.LCFI82:
 1042              		.cfi_def_cfa_offset 8
 1043              		.cfi_offset 7, -8
 1044              		.cfi_offset 14, -4
 1045 0002 82B0     		sub	sp, sp, #8
 1046              	.LCFI83:
 1047              		.cfi_def_cfa_offset 16
 1048 0004 00AF     		add	r7, sp, #0
 1049              	.LCFI84:
 1050              		.cfi_def_cfa_register 7
 195:HW_Lib/STM32H7/HAL_Lib/Core/Src/stm32h7xx_it.c ****   UART_HandleTypeDef *hdl = NULL;
 1051              		.loc 1 195 23
ARM GAS  C:\Users\HUAV\AppData\Local\Temp\ccQgWUfH.s 			page 22


 1052 0006 0023     		movs	r3, #0
 1053 0008 7B60     		str	r3, [r7, #4]
 196:HW_Lib/STM32H7/HAL_Lib/Core/Src/stm32h7xx_it.c ****   UART_IRQ_Callback(Bsp_UART_Port_1);
 1054              		.loc 1 196 3
 1055 000a 0020     		movs	r0, #0
 1056 000c FFF7FEFF 		bl	UART_IRQ_Callback
 197:HW_Lib/STM32H7/HAL_Lib/Core/Src/stm32h7xx_it.c ****   hdl = BspUart_GetObj_Handle(Bsp_UART_Port_1);
 1057              		.loc 1 197 9
 1058 0010 0020     		movs	r0, #0
 1059 0012 FFF7FEFF 		bl	BspUart_GetObj_Handle
 1060 0016 7860     		str	r0, [r7, #4]
 198:HW_Lib/STM32H7/HAL_Lib/Core/Src/stm32h7xx_it.c **** 
 199:HW_Lib/STM32H7/HAL_Lib/Core/Src/stm32h7xx_it.c ****   if (hdl && (hdl->Instance == USART1))
 1061              		.loc 1 199 6
 1062 0018 7B68     		ldr	r3, [r7, #4]
 1063 001a 002B     		cmp	r3, #0
 1064 001c 07D0     		beq	.L63
 1065              		.loc 1 199 18 discriminator 1
 1066 001e 7B68     		ldr	r3, [r7, #4]
 1067 0020 1B68     		ldr	r3, [r3]
 1068              		.loc 1 199 11 discriminator 1
 1069 0022 054A     		ldr	r2, .L64
 1070 0024 9342     		cmp	r3, r2
 1071 0026 02D1     		bne	.L63
 200:HW_Lib/STM32H7/HAL_Lib/Core/Src/stm32h7xx_it.c ****     HAL_UART_IRQHandler(hdl);
 1072              		.loc 1 200 5
 1073 0028 7868     		ldr	r0, [r7, #4]
 1074 002a FFF7FEFF 		bl	HAL_UART_IRQHandler
 1075              	.L63:
 201:HW_Lib/STM32H7/HAL_Lib/Core/Src/stm32h7xx_it.c **** }
 1076              		.loc 1 201 1
 1077 002e 00BF     		nop
 1078 0030 0837     		adds	r7, r7, #8
 1079              	.LCFI85:
 1080              		.cfi_def_cfa_offset 8
 1081 0032 BD46     		mov	sp, r7
 1082              	.LCFI86:
 1083              		.cfi_def_cfa_register 13
 1084              		@ sp needed
 1085 0034 80BD     		pop	{r7, pc}
 1086              	.L65:
 1087 0036 00BF     		.align	2
 1088              	.L64:
 1089 0038 00100140 		.word	1073811456
 1090              		.cfi_endproc
 1091              	.LFE365:
 1093              		.section	.text.UART4_IRQHandler,"ax",%progbits
 1094              		.align	1
 1095              		.global	UART4_IRQHandler
 1096              		.syntax unified
 1097              		.thumb
 1098              		.thumb_func
 1100              	UART4_IRQHandler:
 1101              	.LFB366:
 202:HW_Lib/STM32H7/HAL_Lib/Core/Src/stm32h7xx_it.c **** 
 203:HW_Lib/STM32H7/HAL_Lib/Core/Src/stm32h7xx_it.c **** void UART4_IRQHandler(void)
 204:HW_Lib/STM32H7/HAL_Lib/Core/Src/stm32h7xx_it.c **** {
ARM GAS  C:\Users\HUAV\AppData\Local\Temp\ccQgWUfH.s 			page 23


 1102              		.loc 1 204 1
 1103              		.cfi_startproc
 1104              		@ args = 0, pretend = 0, frame = 8
 1105              		@ frame_needed = 1, uses_anonymous_args = 0
 1106 0000 80B5     		push	{r7, lr}
 1107              	.LCFI87:
 1108              		.cfi_def_cfa_offset 8
 1109              		.cfi_offset 7, -8
 1110              		.cfi_offset 14, -4
 1111 0002 82B0     		sub	sp, sp, #8
 1112              	.LCFI88:
 1113              		.cfi_def_cfa_offset 16
 1114 0004 00AF     		add	r7, sp, #0
 1115              	.LCFI89:
 1116              		.cfi_def_cfa_register 7
 205:HW_Lib/STM32H7/HAL_Lib/Core/Src/stm32h7xx_it.c ****   UART_HandleTypeDef *hdl = NULL;
 1117              		.loc 1 205 23
 1118 0006 0023     		movs	r3, #0
 1119 0008 7B60     		str	r3, [r7, #4]
 206:HW_Lib/STM32H7/HAL_Lib/Core/Src/stm32h7xx_it.c ****   UART_IRQ_Callback(Bsp_UART_Port_4);
 1120              		.loc 1 206 3
 1121 000a 0120     		movs	r0, #1
 1122 000c FFF7FEFF 		bl	UART_IRQ_Callback
 207:HW_Lib/STM32H7/HAL_Lib/Core/Src/stm32h7xx_it.c ****   hdl = BspUart_GetObj_Handle(Bsp_UART_Port_4);
 1123              		.loc 1 207 9
 1124 0010 0120     		movs	r0, #1
 1125 0012 FFF7FEFF 		bl	BspUart_GetObj_Handle
 1126 0016 7860     		str	r0, [r7, #4]
 208:HW_Lib/STM32H7/HAL_Lib/Core/Src/stm32h7xx_it.c **** 
 209:HW_Lib/STM32H7/HAL_Lib/Core/Src/stm32h7xx_it.c ****   if (hdl && (hdl->Instance == UART4))
 1127              		.loc 1 209 6
 1128 0018 7B68     		ldr	r3, [r7, #4]
 1129 001a 002B     		cmp	r3, #0
 1130 001c 07D0     		beq	.L68
 1131              		.loc 1 209 18 discriminator 1
 1132 001e 7B68     		ldr	r3, [r7, #4]
 1133 0020 1B68     		ldr	r3, [r3]
 1134              		.loc 1 209 11 discriminator 1
 1135 0022 054A     		ldr	r2, .L69
 1136 0024 9342     		cmp	r3, r2
 1137 0026 02D1     		bne	.L68
 210:HW_Lib/STM32H7/HAL_Lib/Core/Src/stm32h7xx_it.c ****     HAL_UART_IRQHandler(hdl);
 1138              		.loc 1 210 5
 1139 0028 7868     		ldr	r0, [r7, #4]
 1140 002a FFF7FEFF 		bl	HAL_UART_IRQHandler
 1141              	.L68:
 211:HW_Lib/STM32H7/HAL_Lib/Core/Src/stm32h7xx_it.c **** }
 1142              		.loc 1 211 1
 1143 002e 00BF     		nop
 1144 0030 0837     		adds	r7, r7, #8
 1145              	.LCFI90:
 1146              		.cfi_def_cfa_offset 8
 1147 0032 BD46     		mov	sp, r7
 1148              	.LCFI91:
 1149              		.cfi_def_cfa_register 13
 1150              		@ sp needed
 1151 0034 80BD     		pop	{r7, pc}
ARM GAS  C:\Users\HUAV\AppData\Local\Temp\ccQgWUfH.s 			page 24


 1152              	.L70:
 1153 0036 00BF     		.align	2
 1154              	.L69:
 1155 0038 004C0040 		.word	1073761280
 1156              		.cfi_endproc
 1157              	.LFE366:
 1159              		.section	.text.USART6_IRQHandler,"ax",%progbits
 1160              		.align	1
 1161              		.global	USART6_IRQHandler
 1162              		.syntax unified
 1163              		.thumb
 1164              		.thumb_func
 1166              	USART6_IRQHandler:
 1167              	.LFB367:
 212:HW_Lib/STM32H7/HAL_Lib/Core/Src/stm32h7xx_it.c **** 
 213:HW_Lib/STM32H7/HAL_Lib/Core/Src/stm32h7xx_it.c **** void USART6_IRQHandler(void)
 214:HW_Lib/STM32H7/HAL_Lib/Core/Src/stm32h7xx_it.c **** {
 1168              		.loc 1 214 1
 1169              		.cfi_startproc
 1170              		@ args = 0, pretend = 0, frame = 8
 1171              		@ frame_needed = 1, uses_anonymous_args = 0
 1172 0000 80B5     		push	{r7, lr}
 1173              	.LCFI92:
 1174              		.cfi_def_cfa_offset 8
 1175              		.cfi_offset 7, -8
 1176              		.cfi_offset 14, -4
 1177 0002 82B0     		sub	sp, sp, #8
 1178              	.LCFI93:
 1179              		.cfi_def_cfa_offset 16
 1180 0004 00AF     		add	r7, sp, #0
 1181              	.LCFI94:
 1182              		.cfi_def_cfa_register 7
 215:HW_Lib/STM32H7/HAL_Lib/Core/Src/stm32h7xx_it.c ****   UART_HandleTypeDef *hdl = NULL;
 1183              		.loc 1 215 23
 1184 0006 0023     		movs	r3, #0
 1185 0008 7B60     		str	r3, [r7, #4]
 216:HW_Lib/STM32H7/HAL_Lib/Core/Src/stm32h7xx_it.c ****   UART_IRQ_Callback(Bsp_UART_Port_6);
 1186              		.loc 1 216 3
 1187 000a 0220     		movs	r0, #2
 1188 000c FFF7FEFF 		bl	UART_IRQ_Callback
 217:HW_Lib/STM32H7/HAL_Lib/Core/Src/stm32h7xx_it.c ****   hdl = BspUart_GetObj_Handle(Bsp_UART_Port_6);
 1189              		.loc 1 217 9
 1190 0010 0220     		movs	r0, #2
 1191 0012 FFF7FEFF 		bl	BspUart_GetObj_Handle
 1192 0016 7860     		str	r0, [r7, #4]
 218:HW_Lib/STM32H7/HAL_Lib/Core/Src/stm32h7xx_it.c **** 
 219:HW_Lib/STM32H7/HAL_Lib/Core/Src/stm32h7xx_it.c ****   if (hdl && (hdl->Instance == USART6))
 1193              		.loc 1 219 6
 1194 0018 7B68     		ldr	r3, [r7, #4]
 1195 001a 002B     		cmp	r3, #0
 1196 001c 07D0     		beq	.L73
 1197              		.loc 1 219 18 discriminator 1
 1198 001e 7B68     		ldr	r3, [r7, #4]
 1199 0020 1B68     		ldr	r3, [r3]
 1200              		.loc 1 219 11 discriminator 1
 1201 0022 054A     		ldr	r2, .L74
 1202 0024 9342     		cmp	r3, r2
ARM GAS  C:\Users\HUAV\AppData\Local\Temp\ccQgWUfH.s 			page 25


 1203 0026 02D1     		bne	.L73
 220:HW_Lib/STM32H7/HAL_Lib/Core/Src/stm32h7xx_it.c ****     HAL_UART_IRQHandler(hdl);
 1204              		.loc 1 220 5
 1205 0028 7868     		ldr	r0, [r7, #4]
 1206 002a FFF7FEFF 		bl	HAL_UART_IRQHandler
 1207              	.L73:
 221:HW_Lib/STM32H7/HAL_Lib/Core/Src/stm32h7xx_it.c **** }
 1208              		.loc 1 221 1
 1209 002e 00BF     		nop
 1210 0030 0837     		adds	r7, r7, #8
 1211              	.LCFI95:
 1212              		.cfi_def_cfa_offset 8
 1213 0032 BD46     		mov	sp, r7
 1214              	.LCFI96:
 1215              		.cfi_def_cfa_register 13
 1216              		@ sp needed
 1217 0034 80BD     		pop	{r7, pc}
 1218              	.L75:
 1219 0036 00BF     		.align	2
 1220              	.L74:
 1221 0038 00140140 		.word	1073812480
 1222              		.cfi_endproc
 1223              	.LFE367:
 1225              		.section	.text.UART7_IRQHandler,"ax",%progbits
 1226              		.align	1
 1227              		.global	UART7_IRQHandler
 1228              		.syntax unified
 1229              		.thumb
 1230              		.thumb_func
 1232              	UART7_IRQHandler:
 1233              	.LFB368:
 222:HW_Lib/STM32H7/HAL_Lib/Core/Src/stm32h7xx_it.c **** 
 223:HW_Lib/STM32H7/HAL_Lib/Core/Src/stm32h7xx_it.c **** void UART7_IRQHandler(void)
 224:HW_Lib/STM32H7/HAL_Lib/Core/Src/stm32h7xx_it.c **** {
 1234              		.loc 1 224 1
 1235              		.cfi_startproc
 1236              		@ args = 0, pretend = 0, frame = 8
 1237              		@ frame_needed = 1, uses_anonymous_args = 0
 1238 0000 80B5     		push	{r7, lr}
 1239              	.LCFI97:
 1240              		.cfi_def_cfa_offset 8
 1241              		.cfi_offset 7, -8
 1242              		.cfi_offset 14, -4
 1243 0002 82B0     		sub	sp, sp, #8
 1244              	.LCFI98:
 1245              		.cfi_def_cfa_offset 16
 1246 0004 00AF     		add	r7, sp, #0
 1247              	.LCFI99:
 1248              		.cfi_def_cfa_register 7
 225:HW_Lib/STM32H7/HAL_Lib/Core/Src/stm32h7xx_it.c ****   UART_HandleTypeDef *hdl = NULL;
 1249              		.loc 1 225 23
 1250 0006 0023     		movs	r3, #0
 1251 0008 7B60     		str	r3, [r7, #4]
 226:HW_Lib/STM32H7/HAL_Lib/Core/Src/stm32h7xx_it.c ****   UART_IRQ_Callback(Bsp_UART_Port_7);
 1252              		.loc 1 226 3
 1253 000a 0320     		movs	r0, #3
 1254 000c FFF7FEFF 		bl	UART_IRQ_Callback
ARM GAS  C:\Users\HUAV\AppData\Local\Temp\ccQgWUfH.s 			page 26


 227:HW_Lib/STM32H7/HAL_Lib/Core/Src/stm32h7xx_it.c ****   hdl = BspUart_GetObj_Handle(Bsp_UART_Port_7);
 1255              		.loc 1 227 9
 1256 0010 0320     		movs	r0, #3
 1257 0012 FFF7FEFF 		bl	BspUart_GetObj_Handle
 1258 0016 7860     		str	r0, [r7, #4]
 228:HW_Lib/STM32H7/HAL_Lib/Core/Src/stm32h7xx_it.c **** 
 229:HW_Lib/STM32H7/HAL_Lib/Core/Src/stm32h7xx_it.c ****   if (hdl && (hdl->Instance == UART7))
 1259              		.loc 1 229 6
 1260 0018 7B68     		ldr	r3, [r7, #4]
 1261 001a 002B     		cmp	r3, #0
 1262 001c 07D0     		beq	.L78
 1263              		.loc 1 229 18 discriminator 1
 1264 001e 7B68     		ldr	r3, [r7, #4]
 1265 0020 1B68     		ldr	r3, [r3]
 1266              		.loc 1 229 11 discriminator 1
 1267 0022 054A     		ldr	r2, .L79
 1268 0024 9342     		cmp	r3, r2
 1269 0026 02D1     		bne	.L78
 230:HW_Lib/STM32H7/HAL_Lib/Core/Src/stm32h7xx_it.c ****     HAL_UART_IRQHandler(hdl);
 1270              		.loc 1 230 5
 1271 0028 7868     		ldr	r0, [r7, #4]
 1272 002a FFF7FEFF 		bl	HAL_UART_IRQHandler
 1273              	.L78:
 231:HW_Lib/STM32H7/HAL_Lib/Core/Src/stm32h7xx_it.c **** }
 1274              		.loc 1 231 1
 1275 002e 00BF     		nop
 1276 0030 0837     		adds	r7, r7, #8
 1277              	.LCFI100:
 1278              		.cfi_def_cfa_offset 8
 1279 0032 BD46     		mov	sp, r7
 1280              	.LCFI101:
 1281              		.cfi_def_cfa_register 13
 1282              		@ sp needed
 1283 0034 80BD     		pop	{r7, pc}
 1284              	.L80:
 1285 0036 00BF     		.align	2
 1286              	.L79:
 1287 0038 00780040 		.word	1073772544
 1288              		.cfi_endproc
 1289              	.LFE368:
 1291              		.section	.text.TIM7_IRQHandler,"ax",%progbits
 1292              		.align	1
 1293              		.global	TIM7_IRQHandler
 1294              		.syntax unified
 1295              		.thumb
 1296              		.thumb_func
 1298              	TIM7_IRQHandler:
 1299              	.LFB369:
 232:HW_Lib/STM32H7/HAL_Lib/Core/Src/stm32h7xx_it.c **** 
 233:HW_Lib/STM32H7/HAL_Lib/Core/Src/stm32h7xx_it.c **** void TIM7_IRQHandler(void)
 234:HW_Lib/STM32H7/HAL_Lib/Core/Src/stm32h7xx_it.c **** {
 1300              		.loc 1 234 1
 1301              		.cfi_startproc
 1302              		@ args = 0, pretend = 0, frame = 8
 1303              		@ frame_needed = 1, uses_anonymous_args = 0
 1304 0000 80B5     		push	{r7, lr}
 1305              	.LCFI102:
ARM GAS  C:\Users\HUAV\AppData\Local\Temp\ccQgWUfH.s 			page 27


 1306              		.cfi_def_cfa_offset 8
 1307              		.cfi_offset 7, -8
 1308              		.cfi_offset 14, -4
 1309 0002 82B0     		sub	sp, sp, #8
 1310              	.LCFI103:
 1311              		.cfi_def_cfa_offset 16
 1312 0004 00AF     		add	r7, sp, #0
 1313              	.LCFI104:
 1314              		.cfi_def_cfa_register 7
 235:HW_Lib/STM32H7/HAL_Lib/Core/Src/stm32h7xx_it.c ****   TIM_HandleTypeDef *hdl;
 236:HW_Lib/STM32H7/HAL_Lib/Core/Src/stm32h7xx_it.c ****   hdl = BspTimer_Get_Tick_HandlePtr(BspTimer_7);
 1315              		.loc 1 236 9
 1316 0006 0620     		movs	r0, #6
 1317 0008 FFF7FEFF 		bl	BspTimer_Get_Tick_HandlePtr
 1318 000c 7860     		str	r0, [r7, #4]
 237:HW_Lib/STM32H7/HAL_Lib/Core/Src/stm32h7xx_it.c **** 
 238:HW_Lib/STM32H7/HAL_Lib/Core/Src/stm32h7xx_it.c ****   if(hdl)
 1319              		.loc 1 238 5
 1320 000e 7B68     		ldr	r3, [r7, #4]
 1321 0010 002B     		cmp	r3, #0
 1322 0012 02D0     		beq	.L83
 239:HW_Lib/STM32H7/HAL_Lib/Core/Src/stm32h7xx_it.c ****     HAL_TIM_IRQHandler(hdl);
 1323              		.loc 1 239 5
 1324 0014 7868     		ldr	r0, [r7, #4]
 1325 0016 FFF7FEFF 		bl	HAL_TIM_IRQHandler
 1326              	.L83:
 240:HW_Lib/STM32H7/HAL_Lib/Core/Src/stm32h7xx_it.c **** }
 1327              		.loc 1 240 1
 1328 001a 00BF     		nop
 1329 001c 0837     		adds	r7, r7, #8
 1330              	.LCFI105:
 1331              		.cfi_def_cfa_offset 8
 1332 001e BD46     		mov	sp, r7
 1333              	.LCFI106:
 1334              		.cfi_def_cfa_register 13
 1335              		@ sp needed
 1336 0020 80BD     		pop	{r7, pc}
 1337              		.cfi_endproc
 1338              	.LFE369:
 1340              		.section	.text.TIM17_IRQHandler,"ax",%progbits
 1341              		.align	1
 1342              		.global	TIM17_IRQHandler
 1343              		.syntax unified
 1344              		.thumb
 1345              		.thumb_func
 1347              	TIM17_IRQHandler:
 1348              	.LFB370:
 241:HW_Lib/STM32H7/HAL_Lib/Core/Src/stm32h7xx_it.c **** 
 242:HW_Lib/STM32H7/HAL_Lib/Core/Src/stm32h7xx_it.c **** /* SYSTEM Call */
 243:HW_Lib/STM32H7/HAL_Lib/Core/Src/stm32h7xx_it.c **** void TIM17_IRQHandler(void)
 244:HW_Lib/STM32H7/HAL_Lib/Core/Src/stm32h7xx_it.c **** {
 1349              		.loc 1 244 1
 1350              		.cfi_startproc
 1351              		@ args = 0, pretend = 0, frame = 0
 1352              		@ frame_needed = 1, uses_anonymous_args = 0
 1353 0000 80B5     		push	{r7, lr}
 1354              	.LCFI107:
ARM GAS  C:\Users\HUAV\AppData\Local\Temp\ccQgWUfH.s 			page 28


 1355              		.cfi_def_cfa_offset 8
 1356              		.cfi_offset 7, -8
 1357              		.cfi_offset 14, -4
 1358 0002 00AF     		add	r7, sp, #0
 1359              	.LCFI108:
 1360              		.cfi_def_cfa_register 7
 245:HW_Lib/STM32H7/HAL_Lib/Core/Src/stm32h7xx_it.c ****   /* check tick frequence */
 246:HW_Lib/STM32H7/HAL_Lib/Core/Src/stm32h7xx_it.c ****   /* set 1K tick freq on configuration */
 247:HW_Lib/STM32H7/HAL_Lib/Core/Src/stm32h7xx_it.c ****   HAL_IncTick();
 1361              		.loc 1 247 3
 1362 0004 FFF7FEFF 		bl	HAL_IncTick
 248:HW_Lib/STM32H7/HAL_Lib/Core/Src/stm32h7xx_it.c ****   HAL_TIM_IRQHandler(&htim17);
 1363              		.loc 1 248 3
 1364 0008 0248     		ldr	r0, .L85
 1365 000a FFF7FEFF 		bl	HAL_TIM_IRQHandler
 249:HW_Lib/STM32H7/HAL_Lib/Core/Src/stm32h7xx_it.c **** }
 1366              		.loc 1 249 1
 1367 000e 00BF     		nop
 1368 0010 80BD     		pop	{r7, pc}
 1369              	.L86:
 1370 0012 00BF     		.align	2
 1371              	.L85:
 1372 0014 00000000 		.word	htim17
 1373              		.cfi_endproc
 1374              	.LFE370:
 1376              		.section	.text.TIM16_IRQHandler,"ax",%progbits
 1377              		.align	1
 1378              		.global	TIM16_IRQHandler
 1379              		.syntax unified
 1380              		.thumb
 1381              		.thumb_func
 1383              	TIM16_IRQHandler:
 1384              	.LFB371:
 250:HW_Lib/STM32H7/HAL_Lib/Core/Src/stm32h7xx_it.c **** 
 251:HW_Lib/STM32H7/HAL_Lib/Core/Src/stm32h7xx_it.c **** /* use timer16 as systime tick timer */
 252:HW_Lib/STM32H7/HAL_Lib/Core/Src/stm32h7xx_it.c **** void TIM16_IRQHandler(void)
 253:HW_Lib/STM32H7/HAL_Lib/Core/Src/stm32h7xx_it.c **** {
 1385              		.loc 1 253 1
 1386              		.cfi_startproc
 1387              		@ args = 0, pretend = 0, frame = 0
 1388              		@ frame_needed = 1, uses_anonymous_args = 0
 1389 0000 80B5     		push	{r7, lr}
 1390              	.LCFI109:
 1391              		.cfi_def_cfa_offset 8
 1392              		.cfi_offset 7, -8
 1393              		.cfi_offset 14, -4
 1394 0002 00AF     		add	r7, sp, #0
 1395              	.LCFI110:
 1396              		.cfi_def_cfa_register 7
 254:HW_Lib/STM32H7/HAL_Lib/Core/Src/stm32h7xx_it.c ****   // DebugPin.ctl(Debug_PB5, true);
 255:HW_Lib/STM32H7/HAL_Lib/Core/Src/stm32h7xx_it.c **** 
 256:HW_Lib/STM32H7/HAL_Lib/Core/Src/stm32h7xx_it.c **** #if (INCLUDE_xTaskGetSchedulerState == 1 )
 257:HW_Lib/STM32H7/HAL_Lib/Core/Src/stm32h7xx_it.c ****   if (xTaskGetSchedulerState() != taskSCHEDULER_NOT_STARTED)
 1397              		.loc 1 257 7
 1398 0004 FFF7FEFF 		bl	xTaskGetSchedulerState
 1399 0008 0346     		mov	r3, r0
 1400              		.loc 1 257 6
ARM GAS  C:\Users\HUAV\AppData\Local\Temp\ccQgWUfH.s 			page 29


 1401 000a 012B     		cmp	r3, #1
 1402 000c 01D0     		beq	.L88
 258:HW_Lib/STM32H7/HAL_Lib/Core/Src/stm32h7xx_it.c ****   {
 259:HW_Lib/STM32H7/HAL_Lib/Core/Src/stm32h7xx_it.c **** #endif /* INCLUDE_xTaskGetSchedulerState */
 260:HW_Lib/STM32H7/HAL_Lib/Core/Src/stm32h7xx_it.c ****   xPortSysTickHandler();
 1403              		.loc 1 260 3
 1404 000e FFF7FEFF 		bl	xPortSysTickHandler
 1405              	.L88:
 261:HW_Lib/STM32H7/HAL_Lib/Core/Src/stm32h7xx_it.c **** #if (INCLUDE_xTaskGetSchedulerState == 1 )
 262:HW_Lib/STM32H7/HAL_Lib/Core/Src/stm32h7xx_it.c ****   }
 263:HW_Lib/STM32H7/HAL_Lib/Core/Src/stm32h7xx_it.c **** #endif /* INCLUDE_xTaskGetSchedulerState */
 264:HW_Lib/STM32H7/HAL_Lib/Core/Src/stm32h7xx_it.c ****   
 265:HW_Lib/STM32H7/HAL_Lib/Core/Src/stm32h7xx_it.c ****   HAL_TIM_IRQHandler(&htim16);
 1406              		.loc 1 265 3
 1407 0012 0248     		ldr	r0, .L89
 1408 0014 FFF7FEFF 		bl	HAL_TIM_IRQHandler
 266:HW_Lib/STM32H7/HAL_Lib/Core/Src/stm32h7xx_it.c ****   // DebugPin.ctl(Debug_PB5, false);
 267:HW_Lib/STM32H7/HAL_Lib/Core/Src/stm32h7xx_it.c **** }
 1409              		.loc 1 267 1
 1410 0018 00BF     		nop
 1411 001a 80BD     		pop	{r7, pc}
 1412              	.L90:
 1413              		.align	2
 1414              	.L89:
 1415 001c 00000000 		.word	htim16
 1416              		.cfi_endproc
 1417              	.LFE371:
 1419              		.text
 1420              	.Letext0:
 1421              		.file 2 "d:\\hpm-compile-tool\\gcc-arm-none-eabi-10.3-win\\arm-none-eabi\\include\\machine\\_defau
 1422              		.file 3 "d:\\hpm-compile-tool\\gcc-arm-none-eabi-10.3-win\\arm-none-eabi\\include\\sys\\_stdint.h"
 1423              		.file 4 "HW_Lib/STM32H7/HAL_Lib/CMSIS/Device/ST/STM32H7xx/Include/stm32h743xx.h"
 1424              		.file 5 "HW_Lib/STM32H7/HAL_Lib/STM32H7xx_HAL_Driver/Inc/stm32h7xx_hal_def.h"
 1425              		.file 6 "HW_Lib/STM32H7/HAL_Lib/STM32H7xx_HAL_Driver/Inc/stm32h7xx_hal_dma.h"
 1426              		.file 7 "HW_Lib/STM32H7/HAL_Lib/STM32H7xx_HAL_Driver/Inc/stm32h7xx_hal_tim.h"
 1427              		.file 8 "HW_Lib/STM32H7/HAL_Lib/STM32H7xx_HAL_Driver/Inc/stm32h7xx_hal_uart.h"
 1428              		.file 9 "System/FreeRTOS/portable/GCC/ARM_CM4F/portmacro.h"
 1429              		.file 10 "HW_Lib/PortApi_Def/Bsp_DMA_Port_Def.h"
 1430              		.file 11 "HW_Lib/STM32H7/BSP/Bsp_DMA.h"
 1431              		.file 12 "HW_Lib/STM32H7/BSP/Bsp_Uart.h"
 1432              		.file 13 "HW_Lib/STM32H7/BSP/Bsp_Timer.h"
ARM GAS  C:\Users\HUAV\AppData\Local\Temp\ccQgWUfH.s 			page 30


DEFINED SYMBOLS
                            *ABS*:00000000 stm32h7xx_it.c
C:\Users\HUAV\AppData\Local\Temp\ccQgWUfH.s:19     .text.NMI_Handler:00000000 $t
C:\Users\HUAV\AppData\Local\Temp\ccQgWUfH.s:25     .text.NMI_Handler:00000000 NMI_Handler
C:\Users\HUAV\AppData\Local\Temp\ccQgWUfH.s:47     .text.MemManage_Handler:00000000 $t
C:\Users\HUAV\AppData\Local\Temp\ccQgWUfH.s:53     .text.MemManage_Handler:00000000 MemManage_Handler
C:\Users\HUAV\AppData\Local\Temp\ccQgWUfH.s:74     .text.BusFault_Handler:00000000 $t
C:\Users\HUAV\AppData\Local\Temp\ccQgWUfH.s:80     .text.BusFault_Handler:00000000 BusFault_Handler
C:\Users\HUAV\AppData\Local\Temp\ccQgWUfH.s:101    .text.UsageFault_Handler:00000000 $t
C:\Users\HUAV\AppData\Local\Temp\ccQgWUfH.s:107    .text.UsageFault_Handler:00000000 UsageFault_Handler
C:\Users\HUAV\AppData\Local\Temp\ccQgWUfH.s:128    .text.DebugMon_Handler:00000000 $t
C:\Users\HUAV\AppData\Local\Temp\ccQgWUfH.s:134    .text.DebugMon_Handler:00000000 DebugMon_Handler
C:\Users\HUAV\AppData\Local\Temp\ccQgWUfH.s:163    .text.SysTick_Handler:00000000 $t
C:\Users\HUAV\AppData\Local\Temp\ccQgWUfH.s:169    .text.SysTick_Handler:00000000 SysTick_Handler
C:\Users\HUAV\AppData\Local\Temp\ccQgWUfH.s:198    .text.OTG_FS_IRQHandler:00000000 $t
C:\Users\HUAV\AppData\Local\Temp\ccQgWUfH.s:204    .text.OTG_FS_IRQHandler:00000000 OTG_FS_IRQHandler
C:\Users\HUAV\AppData\Local\Temp\ccQgWUfH.s:233    .text.EXTI0_IRQHandler:00000000 $t
C:\Users\HUAV\AppData\Local\Temp\ccQgWUfH.s:239    .text.EXTI0_IRQHandler:00000000 EXTI0_IRQHandler
C:\Users\HUAV\AppData\Local\Temp\ccQgWUfH.s:263    .text.EXTI1_IRQHandler:00000000 $t
C:\Users\HUAV\AppData\Local\Temp\ccQgWUfH.s:269    .text.EXTI1_IRQHandler:00000000 EXTI1_IRQHandler
C:\Users\HUAV\AppData\Local\Temp\ccQgWUfH.s:293    .text.EXTI2_IRQHandler:00000000 $t
C:\Users\HUAV\AppData\Local\Temp\ccQgWUfH.s:299    .text.EXTI2_IRQHandler:00000000 EXTI2_IRQHandler
C:\Users\HUAV\AppData\Local\Temp\ccQgWUfH.s:323    .text.EXTI3_IRQHandler:00000000 $t
C:\Users\HUAV\AppData\Local\Temp\ccQgWUfH.s:329    .text.EXTI3_IRQHandler:00000000 EXTI3_IRQHandler
C:\Users\HUAV\AppData\Local\Temp\ccQgWUfH.s:353    .text.EXTI4_IRQHandler:00000000 $t
C:\Users\HUAV\AppData\Local\Temp\ccQgWUfH.s:359    .text.EXTI4_IRQHandler:00000000 EXTI4_IRQHandler
C:\Users\HUAV\AppData\Local\Temp\ccQgWUfH.s:383    .text.EXTI9_5_IRQHandler:00000000 $t
C:\Users\HUAV\AppData\Local\Temp\ccQgWUfH.s:389    .text.EXTI9_5_IRQHandler:00000000 EXTI9_5_IRQHandler
C:\Users\HUAV\AppData\Local\Temp\ccQgWUfH.s:425    .text.EXTI15_10_IRQHandler:00000000 $t
C:\Users\HUAV\AppData\Local\Temp\ccQgWUfH.s:431    .text.EXTI15_10_IRQHandler:00000000 EXTI15_10_IRQHandler
C:\Users\HUAV\AppData\Local\Temp\ccQgWUfH.s:470    .text.SDMMC1_IRQHandler:00000000 $t
C:\Users\HUAV\AppData\Local\Temp\ccQgWUfH.s:476    .text.SDMMC1_IRQHandler:00000000 SDMMC1_IRQHandler
C:\Users\HUAV\AppData\Local\Temp\ccQgWUfH.s:505    .text.MDMA_IRQHandler:00000000 $t
C:\Users\HUAV\AppData\Local\Temp\ccQgWUfH.s:511    .text.MDMA_IRQHandler:00000000 MDMA_IRQHandler
C:\Users\HUAV\AppData\Local\Temp\ccQgWUfH.s:540    .text.DMA1_Stream0_IRQHandler:00000000 $t
C:\Users\HUAV\AppData\Local\Temp\ccQgWUfH.s:546    .text.DMA1_Stream0_IRQHandler:00000000 DMA1_Stream0_IRQHandler
C:\Users\HUAV\AppData\Local\Temp\ccQgWUfH.s:596    .text.DMA1_Stream0_IRQHandler:0000002c $d
C:\Users\HUAV\AppData\Local\Temp\ccQgWUfH.s:601    .text.DMA1_Stream1_IRQHandler:00000000 $t
C:\Users\HUAV\AppData\Local\Temp\ccQgWUfH.s:607    .text.DMA1_Stream1_IRQHandler:00000000 DMA1_Stream1_IRQHandler
C:\Users\HUAV\AppData\Local\Temp\ccQgWUfH.s:657    .text.DMA1_Stream1_IRQHandler:0000002c $d
C:\Users\HUAV\AppData\Local\Temp\ccQgWUfH.s:662    .text.DMA1_Stream2_IRQHandler:00000000 $t
C:\Users\HUAV\AppData\Local\Temp\ccQgWUfH.s:668    .text.DMA1_Stream2_IRQHandler:00000000 DMA1_Stream2_IRQHandler
C:\Users\HUAV\AppData\Local\Temp\ccQgWUfH.s:718    .text.DMA1_Stream2_IRQHandler:0000002c $d
C:\Users\HUAV\AppData\Local\Temp\ccQgWUfH.s:723    .text.DMA1_Stream3_IRQHandler:00000000 $t
C:\Users\HUAV\AppData\Local\Temp\ccQgWUfH.s:729    .text.DMA1_Stream3_IRQHandler:00000000 DMA1_Stream3_IRQHandler
C:\Users\HUAV\AppData\Local\Temp\ccQgWUfH.s:779    .text.DMA1_Stream3_IRQHandler:0000002c $d
C:\Users\HUAV\AppData\Local\Temp\ccQgWUfH.s:784    .text.DMA1_Stream4_IRQHandler:00000000 $t
C:\Users\HUAV\AppData\Local\Temp\ccQgWUfH.s:790    .text.DMA1_Stream4_IRQHandler:00000000 DMA1_Stream4_IRQHandler
C:\Users\HUAV\AppData\Local\Temp\ccQgWUfH.s:840    .text.DMA1_Stream4_IRQHandler:0000002c $d
C:\Users\HUAV\AppData\Local\Temp\ccQgWUfH.s:845    .text.DMA1_Stream5_IRQHandler:00000000 $t
C:\Users\HUAV\AppData\Local\Temp\ccQgWUfH.s:851    .text.DMA1_Stream5_IRQHandler:00000000 DMA1_Stream5_IRQHandler
C:\Users\HUAV\AppData\Local\Temp\ccQgWUfH.s:901    .text.DMA1_Stream5_IRQHandler:0000002c $d
C:\Users\HUAV\AppData\Local\Temp\ccQgWUfH.s:906    .text.DMA2_Stream0_IRQHandler:00000000 $t
C:\Users\HUAV\AppData\Local\Temp\ccQgWUfH.s:912    .text.DMA2_Stream0_IRQHandler:00000000 DMA2_Stream0_IRQHandler
C:\Users\HUAV\AppData\Local\Temp\ccQgWUfH.s:962    .text.DMA2_Stream0_IRQHandler:0000002c $d
C:\Users\HUAV\AppData\Local\Temp\ccQgWUfH.s:967    .text.DMA2_Stream1_IRQHandler:00000000 $t
C:\Users\HUAV\AppData\Local\Temp\ccQgWUfH.s:973    .text.DMA2_Stream1_IRQHandler:00000000 DMA2_Stream1_IRQHandler
ARM GAS  C:\Users\HUAV\AppData\Local\Temp\ccQgWUfH.s 			page 31


C:\Users\HUAV\AppData\Local\Temp\ccQgWUfH.s:1023   .text.DMA2_Stream1_IRQHandler:0000002c $d
C:\Users\HUAV\AppData\Local\Temp\ccQgWUfH.s:1028   .text.USART1_IRQHandler:00000000 $t
C:\Users\HUAV\AppData\Local\Temp\ccQgWUfH.s:1034   .text.USART1_IRQHandler:00000000 USART1_IRQHandler
C:\Users\HUAV\AppData\Local\Temp\ccQgWUfH.s:1089   .text.USART1_IRQHandler:00000038 $d
C:\Users\HUAV\AppData\Local\Temp\ccQgWUfH.s:1094   .text.UART4_IRQHandler:00000000 $t
C:\Users\HUAV\AppData\Local\Temp\ccQgWUfH.s:1100   .text.UART4_IRQHandler:00000000 UART4_IRQHandler
C:\Users\HUAV\AppData\Local\Temp\ccQgWUfH.s:1155   .text.UART4_IRQHandler:00000038 $d
C:\Users\HUAV\AppData\Local\Temp\ccQgWUfH.s:1160   .text.USART6_IRQHandler:00000000 $t
C:\Users\HUAV\AppData\Local\Temp\ccQgWUfH.s:1166   .text.USART6_IRQHandler:00000000 USART6_IRQHandler
C:\Users\HUAV\AppData\Local\Temp\ccQgWUfH.s:1221   .text.USART6_IRQHandler:00000038 $d
C:\Users\HUAV\AppData\Local\Temp\ccQgWUfH.s:1226   .text.UART7_IRQHandler:00000000 $t
C:\Users\HUAV\AppData\Local\Temp\ccQgWUfH.s:1232   .text.UART7_IRQHandler:00000000 UART7_IRQHandler
C:\Users\HUAV\AppData\Local\Temp\ccQgWUfH.s:1287   .text.UART7_IRQHandler:00000038 $d
C:\Users\HUAV\AppData\Local\Temp\ccQgWUfH.s:1292   .text.TIM7_IRQHandler:00000000 $t
C:\Users\HUAV\AppData\Local\Temp\ccQgWUfH.s:1298   .text.TIM7_IRQHandler:00000000 TIM7_IRQHandler
C:\Users\HUAV\AppData\Local\Temp\ccQgWUfH.s:1341   .text.TIM17_IRQHandler:00000000 $t
C:\Users\HUAV\AppData\Local\Temp\ccQgWUfH.s:1347   .text.TIM17_IRQHandler:00000000 TIM17_IRQHandler
C:\Users\HUAV\AppData\Local\Temp\ccQgWUfH.s:1372   .text.TIM17_IRQHandler:00000014 $d
C:\Users\HUAV\AppData\Local\Temp\ccQgWUfH.s:1377   .text.TIM16_IRQHandler:00000000 $t
C:\Users\HUAV\AppData\Local\Temp\ccQgWUfH.s:1383   .text.TIM16_IRQHandler:00000000 TIM16_IRQHandler
C:\Users\HUAV\AppData\Local\Temp\ccQgWUfH.s:1415   .text.TIM16_IRQHandler:0000001c $d

UNDEFINED SYMBOLS
HAL_GPIO_EXTI_IRQHandler
HAL_DMA_IRQHandler
BspDMA
UART_IRQ_Callback
BspUart_GetObj_Handle
HAL_UART_IRQHandler
BspTimer_Get_Tick_HandlePtr
HAL_TIM_IRQHandler
HAL_IncTick
htim17
xTaskGetSchedulerState
xPortSysTickHandler
htim16
