ARM GAS  C:\Users\HUAV\AppData\Local\Temp\ccZvlQWo.s 			page 1


   1              		.cpu cortex-m7
   2              		.arch armv7e-m
   3              		.fpu fpv5-d16
   4              		.eabi_attribute 28, 1
   5              		.eabi_attribute 20, 1
   6              		.eabi_attribute 21, 1
   7              		.eabi_attribute 23, 3
   8              		.eabi_attribute 24, 1
   9              		.eabi_attribute 25, 1
  10              		.eabi_attribute 26, 1
  11              		.eabi_attribute 30, 6
  12              		.eabi_attribute 34, 1
  13              		.eabi_attribute 18, 4
  14              		.file	"Storage_Bus_Port.c"
  15              		.text
  16              	.Ltext0:
  17              		.cfi_sections	.debug_frame
  18              		.global	StoragePort_Api
  19              		.section	.data.StoragePort_Api,"aw"
  20              		.align	2
  23              	StoragePort_Api:
  24 0000 00000000 		.word	Storage_External_Chip_Bus_Init
  25 0004 00000000 		.word	Storage_External_Chip_Bus_TransCMD
  26 0008 00000000 		.word	Storage_External_Chip_Bus_Polling
  27 000c 00000000 		.word	Storage_External_Chip_Bus_MemMap
  28 0010 00000000 		.word	Storage_External_Chip_Bus_Read
  29 0014 00000000 		.word	Storage_External_Chip_Bus_Write
  30              		.section	.text.Storage_External_Chip_Bus_Init,"ax",%progbits
  31              		.align	1
  32              		.syntax unified
  33              		.thumb
  34              		.thumb_func
  36              	Storage_External_Chip_Bus_Init:
  37              	.LFB336:
  38              		.file 1 "System/storage/Storage_Bus_Port.c"
   1:System/storage/Storage_Bus_Port.c **** #include "Storage_Bus_Port.h"
   2:System/storage/Storage_Bus_Port.c **** 
   3:System/storage/Storage_Bus_Port.c **** /* external function */
   4:System/storage/Storage_Bus_Port.c **** static void *Storage_External_Chip_Bus_Init(StorageBus_Malloc_Callback p_malloc, StorageBus_Free_Ca
   5:System/storage/Storage_Bus_Port.c **** #if (FLASH_CHIP_STATE == Storage_ChipBus_Spi)
   6:System/storage/Storage_Bus_Port.c **** static bool Storage_External_Chip_SelectPin_Ctl(bool state);
   7:System/storage/Storage_Bus_Port.c **** static uint16_t Storage_External_Chip_BusTx(uint8_t *p_data, uint16_t len, uint32_t time_out);
   8:System/storage/Storage_Bus_Port.c **** static uint16_t Storage_External_Chip_BusRx(uint8_t *p_data, uint16_t len, uint32_t time_out);
   9:System/storage/Storage_Bus_Port.c **** static uint16_t Storage_External_Chip_BusTrans(uint8_t *tx, uint8_t *rx, uint16_t len, uint32_t tim
  10:System/storage/Storage_Bus_Port.c **** #elif (FLASH_CHIP_STATE == Storage_ChipBus_QSpi)
  11:System/storage/Storage_Bus_Port.c **** static bool Storage_External_Chip_Bus_TransCMD(uint8_t data_line, uint8_t addr_line, uint32_t addr,
  12:System/storage/Storage_Bus_Port.c **** static bool Storage_External_Chip_Bus_Polling(uint8_t data_line, uint8_t addr_line, uint32_t addr, 
  13:System/storage/Storage_Bus_Port.c **** static bool Storage_External_Chip_Bus_MemMap(uint32_t reg);
  14:System/storage/Storage_Bus_Port.c **** static bool Storage_External_Chip_Bus_Read(uint8_t *p_rx);
  15:System/storage/Storage_Bus_Port.c **** static bool Storage_External_Chip_Bus_Write(uint8_t *p_tx);
  16:System/storage/Storage_Bus_Port.c **** #endif
  17:System/storage/Storage_Bus_Port.c **** 
  18:System/storage/Storage_Bus_Port.c **** StorageBusApi_TypeDef StoragePort_Api = {
  19:System/storage/Storage_Bus_Port.c ****     .init               = Storage_External_Chip_Bus_Init,
  20:System/storage/Storage_Bus_Port.c **** #if (FLASH_CHIP_STATE == Storage_ChipBus_Spi)
  21:System/storage/Storage_Bus_Port.c ****     .bus_tx             = Storage_External_Chip_BusTx,
  22:System/storage/Storage_Bus_Port.c ****     .bus_rx             = Storage_External_Chip_BusRx,
ARM GAS  C:\Users\HUAV\AppData\Local\Temp\ccZvlQWo.s 			page 2


  23:System/storage/Storage_Bus_Port.c ****     .bus_trans          = Storage_External_Chip_BusTrans,
  24:System/storage/Storage_Bus_Port.c ****     .cs_ctl             = Storage_External_Chip_SelectPin_Ctl,
  25:System/storage/Storage_Bus_Port.c **** #elif (FLASH_CHIP_STATE == Storage_ChipBus_QSpi)
  26:System/storage/Storage_Bus_Port.c ****     .bus_trans_cmd      = Storage_External_Chip_Bus_TransCMD,
  27:System/storage/Storage_Bus_Port.c ****     .bus_status_polling = Storage_External_Chip_Bus_Polling,
  28:System/storage/Storage_Bus_Port.c ****     .bus_mem_map        = Storage_External_Chip_Bus_MemMap,
  29:System/storage/Storage_Bus_Port.c ****     .bus_read           = Storage_External_Chip_Bus_Read,
  30:System/storage/Storage_Bus_Port.c ****     .bus_write          = Storage_External_Chip_Bus_Write,
  31:System/storage/Storage_Bus_Port.c **** #endif
  32:System/storage/Storage_Bus_Port.c **** };
  33:System/storage/Storage_Bus_Port.c **** 
  34:System/storage/Storage_Bus_Port.c **** /************************************************** External Flash IO API Section *****************
  35:System/storage/Storage_Bus_Port.c **** static void* Storage_External_Chip_Bus_Init(StorageBus_Malloc_Callback p_malloc, StorageBus_Free_Ca
  36:System/storage/Storage_Bus_Port.c **** {
  39              		.loc 1 36 1
  40              		.cfi_startproc
  41              		@ args = 0, pretend = 0, frame = 16
  42              		@ frame_needed = 1, uses_anonymous_args = 0
  43 0000 80B5     		push	{r7, lr}
  44              	.LCFI0:
  45              		.cfi_def_cfa_offset 8
  46              		.cfi_offset 7, -8
  47              		.cfi_offset 14, -4
  48 0002 84B0     		sub	sp, sp, #16
  49              	.LCFI1:
  50              		.cfi_def_cfa_offset 24
  51 0004 00AF     		add	r7, sp, #0
  52              	.LCFI2:
  53              		.cfi_def_cfa_register 7
  54 0006 7860     		str	r0, [r7, #4]
  55 0008 3960     		str	r1, [r7]
  37:System/storage/Storage_Bus_Port.c ****     void *obj = NULL;
  56              		.loc 1 37 11
  57 000a 0023     		movs	r3, #0
  58 000c FB60     		str	r3, [r7, #12]
  38:System/storage/Storage_Bus_Port.c **** 
  39:System/storage/Storage_Bus_Port.c ****     if ((p_malloc == NULL) || (p_free == NULL))
  59              		.loc 1 39 8
  60 000e 7B68     		ldr	r3, [r7, #4]
  61 0010 002B     		cmp	r3, #0
  62 0012 02D0     		beq	.L2
  63              		.loc 1 39 28 discriminator 1
  64 0014 3B68     		ldr	r3, [r7]
  65 0016 002B     		cmp	r3, #0
  66 0018 01D1     		bne	.L3
  67              	.L2:
  40:System/storage/Storage_Bus_Port.c ****         return NULL;
  68              		.loc 1 40 16
  69 001a 0023     		movs	r3, #0
  70 001c 42E0     		b	.L10
  71              	.L3:
  41:System/storage/Storage_Bus_Port.c **** 
  42:System/storage/Storage_Bus_Port.c **** #if (FLASH_CHIP_STATE == Storage_ChipBus_Spi)
  43:System/storage/Storage_Bus_Port.c ****     /* malloc bus object */
  44:System/storage/Storage_Bus_Port.c ****     obj = p_malloc(sizeof(BspSPI_Config_TypeDef));
  45:System/storage/Storage_Bus_Port.c ****     if (obj == NULL)
  46:System/storage/Storage_Bus_Port.c ****         return NULL;
ARM GAS  C:\Users\HUAV\AppData\Local\Temp\ccZvlQWo.s 			page 3


  47:System/storage/Storage_Bus_Port.c **** 
  48:System/storage/Storage_Bus_Port.c ****     memset(obj, 0, sizeof(BspSPI_Config_TypeDef));
  49:System/storage/Storage_Bus_Port.c **** 
  50:System/storage/Storage_Bus_Port.c ****     To_NormalSPI_ObjPtr(obj)->BaudRatePrescaler = ExtFlash_Bus_Clock_Div;
  51:System/storage/Storage_Bus_Port.c ****     To_NormalSPI_ObjPtr(obj)->CLKPhase = ExtFlash_Bus_CLKPhase;
  52:System/storage/Storage_Bus_Port.c ****     To_NormalSPI_ObjPtr(obj)->CLKPolarity = ExtFlash_Bus_CLKPolarity;
  53:System/storage/Storage_Bus_Port.c ****     To_NormalSPI_ObjPtr(obj)->Instance = ExtFLash_Bus_Instance;
  54:System/storage/Storage_Bus_Port.c ****     To_NormalSPI_ObjPtr(obj)->Pin = ExtFlash_Bus_Pin;
  55:System/storage/Storage_Bus_Port.c ****     To_NormalSPI_ObjPtr(obj)->work_mode = BspSPI_Mode_Master;
  56:System/storage/Storage_Bus_Port.c **** 
  57:System/storage/Storage_Bus_Port.c ****     if (ExtFlash_Bus_Api.init(To_NormalSPI_Obj(obj), &ExtFlash_Bus_InstObj) && \
  58:System/storage/Storage_Bus_Port.c ****         BspGPIO.out_init(ExtFlash_CS_Pin))
  59:System/storage/Storage_Bus_Port.c ****         return obj;
  60:System/storage/Storage_Bus_Port.c **** #elif (FLASH_CHIP_STATE == Storage_ChipBus_QSpi)
  61:System/storage/Storage_Bus_Port.c ****     void *p_qspi = NULL;
  72              		.loc 1 61 11
  73 001e 0023     		movs	r3, #0
  74 0020 BB60     		str	r3, [r7, #8]
  62:System/storage/Storage_Bus_Port.c ****     
  63:System/storage/Storage_Bus_Port.c ****     p_qspi = p_malloc(To_QSPI_Handle_Size);
  75              		.loc 1 63 14
  76 0022 7B68     		ldr	r3, [r7, #4]
  77 0024 4C20     		movs	r0, #76
  78 0026 9847     		blx	r3
  79              	.LVL0:
  80 0028 0346     		mov	r3, r0
  81              		.loc 1 63 12
  82 002a BB60     		str	r3, [r7, #8]
  64:System/storage/Storage_Bus_Port.c ****     obj = p_malloc(sizeof(BspQSPI_Config_TypeDef));
  83              		.loc 1 64 11
  84 002c 7B68     		ldr	r3, [r7, #4]
  85 002e 0820     		movs	r0, #8
  86 0030 9847     		blx	r3
  87              	.LVL1:
  88 0032 0346     		mov	r3, r0
  89              		.loc 1 64 9
  90 0034 FB60     		str	r3, [r7, #12]
  65:System/storage/Storage_Bus_Port.c **** 
  66:System/storage/Storage_Bus_Port.c ****     if ((obj == NULL) || (p_qspi == NULL))
  91              		.loc 1 66 14
  92 0036 FB68     		ldr	r3, [r7, #12]
  93              		.loc 1 66 8
  94 0038 002B     		cmp	r3, #0
  95 003a 02D0     		beq	.L5
  96              		.loc 1 66 34 discriminator 1
  97 003c BB68     		ldr	r3, [r7, #8]
  98              		.loc 1 66 23 discriminator 1
  99 003e 002B     		cmp	r3, #0
 100 0040 11D1     		bne	.L6
 101              	.L5:
  67:System/storage/Storage_Bus_Port.c ****     {
  68:System/storage/Storage_Bus_Port.c ****         if (obj)
 102              		.loc 1 68 13
 103 0042 FB68     		ldr	r3, [r7, #12]
 104              		.loc 1 68 12
 105 0044 002B     		cmp	r3, #0
 106 0046 04D0     		beq	.L7
ARM GAS  C:\Users\HUAV\AppData\Local\Temp\ccZvlQWo.s 			page 4


  69:System/storage/Storage_Bus_Port.c ****             p_free(&obj);
 107              		.loc 1 69 13
 108 0048 07F10C02 		add	r2, r7, #12
 109 004c 3B68     		ldr	r3, [r7]
 110 004e 1046     		mov	r0, r2
 111 0050 9847     		blx	r3
 112              	.LVL2:
 113              	.L7:
  70:System/storage/Storage_Bus_Port.c **** 
  71:System/storage/Storage_Bus_Port.c ****         if (p_qspi)
 114              		.loc 1 71 13
 115 0052 BB68     		ldr	r3, [r7, #8]
 116              		.loc 1 71 12
 117 0054 002B     		cmp	r3, #0
 118 0056 04D0     		beq	.L8
  72:System/storage/Storage_Bus_Port.c ****             p_free(&p_qspi);
 119              		.loc 1 72 13
 120 0058 07F10802 		add	r2, r7, #8
 121 005c 3B68     		ldr	r3, [r7]
 122 005e 1046     		mov	r0, r2
 123 0060 9847     		blx	r3
 124              	.LVL3:
 125              	.L8:
  73:System/storage/Storage_Bus_Port.c **** 
  74:System/storage/Storage_Bus_Port.c ****         return NULL;
 126              		.loc 1 74 16
 127 0062 0023     		movs	r3, #0
 128 0064 1EE0     		b	.L10
 129              	.L6:
  75:System/storage/Storage_Bus_Port.c ****     }
  76:System/storage/Storage_Bus_Port.c **** 
  77:System/storage/Storage_Bus_Port.c ****     To_QSPI_Handle_Ptr(p_qspi)->Instance = ExtFlash_Bus_Instance;
 130              		.loc 1 77 5
 131 0066 BB68     		ldr	r3, [r7, #8]
 132              		.loc 1 77 42
 133 0068 104A     		ldr	r2, .L11
 134 006a 1A60     		str	r2, [r3]
  78:System/storage/Storage_Bus_Port.c ****     if (!ExtFlash_Bus_Api.init(obj, p_qspi))
 135              		.loc 1 78 26
 136 006c 104B     		ldr	r3, .L11+4
 137 006e 1B68     		ldr	r3, [r3]
 138              		.loc 1 78 10
 139 0070 FA68     		ldr	r2, [r7, #12]
 140 0072 B968     		ldr	r1, [r7, #8]
 141 0074 1046     		mov	r0, r2
 142 0076 9847     		blx	r3
 143              	.LVL4:
 144 0078 0346     		mov	r3, r0
 145              		.loc 1 78 9
 146 007a 83F00103 		eor	r3, r3, #1
 147 007e DBB2     		uxtb	r3, r3
 148              		.loc 1 78 8
 149 0080 002B     		cmp	r3, #0
 150 0082 0BD0     		beq	.L9
  79:System/storage/Storage_Bus_Port.c ****     {
  80:System/storage/Storage_Bus_Port.c ****         p_free(&obj);
 151              		.loc 1 80 9
ARM GAS  C:\Users\HUAV\AppData\Local\Temp\ccZvlQWo.s 			page 5


 152 0084 07F10C02 		add	r2, r7, #12
 153 0088 3B68     		ldr	r3, [r7]
 154 008a 1046     		mov	r0, r2
 155 008c 9847     		blx	r3
 156              	.LVL5:
  81:System/storage/Storage_Bus_Port.c ****         p_free(&p_qspi);
 157              		.loc 1 81 9
 158 008e 07F10802 		add	r2, r7, #8
 159 0092 3B68     		ldr	r3, [r7]
 160 0094 1046     		mov	r0, r2
 161 0096 9847     		blx	r3
 162              	.LVL6:
  82:System/storage/Storage_Bus_Port.c ****         return NULL;
 163              		.loc 1 82 16
 164 0098 0023     		movs	r3, #0
 165 009a 03E0     		b	.L10
 166              	.L9:
  83:System/storage/Storage_Bus_Port.c ****     }
  84:System/storage/Storage_Bus_Port.c **** 
  85:System/storage/Storage_Bus_Port.c ****     ExtFlash_Bus_InstObj = (BspQSPI_Config_TypeDef *)obj;
 167              		.loc 1 85 26
 168 009c FB68     		ldr	r3, [r7, #12]
 169 009e 054A     		ldr	r2, .L11+8
 170 00a0 1360     		str	r3, [r2]
  86:System/storage/Storage_Bus_Port.c **** #endif
  87:System/storage/Storage_Bus_Port.c ****     
  88:System/storage/Storage_Bus_Port.c ****     return obj;
 171              		.loc 1 88 12
 172 00a2 FB68     		ldr	r3, [r7, #12]
 173              	.L10:
  89:System/storage/Storage_Bus_Port.c **** }
 174              		.loc 1 89 1 discriminator 1
 175 00a4 1846     		mov	r0, r3
 176 00a6 1037     		adds	r7, r7, #16
 177              	.LCFI3:
 178              		.cfi_def_cfa_offset 8
 179 00a8 BD46     		mov	sp, r7
 180              	.LCFI4:
 181              		.cfi_def_cfa_register 13
 182              		@ sp needed
 183 00aa 80BD     		pop	{r7, pc}
 184              	.L12:
 185              		.align	2
 186              	.L11:
 187 00ac 00500052 		.word	1375752192
 188 00b0 00000000 		.word	BspQspi
 189 00b4 00000000 		.word	ExtFlash_Bus_InstObj
 190              		.cfi_endproc
 191              	.LFE336:
 193              		.section	.text.Storage_External_Chip_Bus_TransCMD,"ax",%progbits
 194              		.align	1
 195              		.syntax unified
 196              		.thumb
 197              		.thumb_func
 199              	Storage_External_Chip_Bus_TransCMD:
 200              	.LFB337:
  90:System/storage/Storage_Bus_Port.c **** 
ARM GAS  C:\Users\HUAV\AppData\Local\Temp\ccZvlQWo.s 			page 6


  91:System/storage/Storage_Bus_Port.c **** #if (FLASH_CHIP_STATE == Storage_ChipBus_Spi)
  92:System/storage/Storage_Bus_Port.c **** static bool Storage_External_Chip_SelectPin_Ctl(bool state)
  93:System/storage/Storage_Bus_Port.c **** {
  94:System/storage/Storage_Bus_Port.c ****     BspGPIO.write(ExtFlash_CS_Pin, state);
  95:System/storage/Storage_Bus_Port.c ****     return true;
  96:System/storage/Storage_Bus_Port.c **** }
  97:System/storage/Storage_Bus_Port.c **** 
  98:System/storage/Storage_Bus_Port.c **** static uint16_t Storage_External_Chip_BusTx(uint8_t *p_data, uint16_t len, uint32_t time_out)
  99:System/storage/Storage_Bus_Port.c **** {
 100:System/storage/Storage_Bus_Port.c ****     if (p_data && len)
 101:System/storage/Storage_Bus_Port.c ****     {
 102:System/storage/Storage_Bus_Port.c ****         if (ExtFlash_Bus_Api.trans(&ExtFlash_Bus_InstObj, p_data, len, time_out))
 103:System/storage/Storage_Bus_Port.c ****             return len;
 104:System/storage/Storage_Bus_Port.c ****     }
 105:System/storage/Storage_Bus_Port.c **** 
 106:System/storage/Storage_Bus_Port.c ****     return 0;
 107:System/storage/Storage_Bus_Port.c **** }
 108:System/storage/Storage_Bus_Port.c **** 
 109:System/storage/Storage_Bus_Port.c **** static uint16_t Storage_External_Chip_BusRx(uint8_t *p_data, uint16_t len, uint32_t time_out)
 110:System/storage/Storage_Bus_Port.c **** {
 111:System/storage/Storage_Bus_Port.c ****     if (p_data && len)
 112:System/storage/Storage_Bus_Port.c ****     {
 113:System/storage/Storage_Bus_Port.c ****         if (ExtFlash_Bus_Api.receive(&ExtFlash_Bus_InstObj, p_data, len, time_out))
 114:System/storage/Storage_Bus_Port.c ****             return len;
 115:System/storage/Storage_Bus_Port.c ****     }
 116:System/storage/Storage_Bus_Port.c **** 
 117:System/storage/Storage_Bus_Port.c ****     return 0;
 118:System/storage/Storage_Bus_Port.c **** }
 119:System/storage/Storage_Bus_Port.c **** 
 120:System/storage/Storage_Bus_Port.c **** static uint16_t Storage_External_Chip_BusTrans(uint8_t *tx, uint8_t *rx, uint16_t len, uint32_t tim
 121:System/storage/Storage_Bus_Port.c **** {
 122:System/storage/Storage_Bus_Port.c ****     if (tx && rx && len)
 123:System/storage/Storage_Bus_Port.c ****     {
 124:System/storage/Storage_Bus_Port.c ****         if (ExtFlash_Bus_Api.trans_receive(&ExtFlash_Bus_InstObj, tx, rx, len, time_out))
 125:System/storage/Storage_Bus_Port.c ****             return len;
 126:System/storage/Storage_Bus_Port.c ****     }
 127:System/storage/Storage_Bus_Port.c **** 
 128:System/storage/Storage_Bus_Port.c ****     return 0;
 129:System/storage/Storage_Bus_Port.c **** }
 130:System/storage/Storage_Bus_Port.c **** #elif (FLASH_CHIP_STATE == Storage_ChipBus_QSpi)
 131:System/storage/Storage_Bus_Port.c **** static bool Storage_External_Chip_Bus_TransCMD(uint8_t data_line, uint8_t addr_line, uint32_t addr,
 132:System/storage/Storage_Bus_Port.c **** {
 201              		.loc 1 132 1
 202              		.cfi_startproc
 203              		@ args = 8, pretend = 0, frame = 8
 204              		@ frame_needed = 1, uses_anonymous_args = 0
 205 0000 F0B5     		push	{r4, r5, r6, r7, lr}
 206              	.LCFI5:
 207              		.cfi_def_cfa_offset 20
 208              		.cfi_offset 4, -20
 209              		.cfi_offset 5, -16
 210              		.cfi_offset 6, -12
 211              		.cfi_offset 7, -8
 212              		.cfi_offset 14, -4
 213 0002 87B0     		sub	sp, sp, #28
 214              	.LCFI6:
 215              		.cfi_def_cfa_offset 48
ARM GAS  C:\Users\HUAV\AppData\Local\Temp\ccZvlQWo.s 			page 7


 216 0004 04AF     		add	r7, sp, #16
 217              	.LCFI7:
 218              		.cfi_def_cfa 7, 32
 219 0006 3A60     		str	r2, [r7]
 220 0008 1A46     		mov	r2, r3
 221 000a 0346     		mov	r3, r0
 222 000c FB71     		strb	r3, [r7, #7]
 223 000e 0B46     		mov	r3, r1
 224 0010 BB71     		strb	r3, [r7, #6]
 225 0012 1346     		mov	r3, r2
 226 0014 7B71     		strb	r3, [r7, #5]
 133:System/storage/Storage_Bus_Port.c ****     return ExtFlash_Bus_Api.cmd(ExtFlash_Bus_InstObj, data_line, addr_line, addr, dummy_cyc, size, 
 227              		.loc 1 133 28
 228 0016 0A4B     		ldr	r3, .L15
 229 0018 DC68     		ldr	r4, [r3, #12]
 230              		.loc 1 133 12
 231 001a 0A4B     		ldr	r3, .L15+4
 232 001c 1868     		ldr	r0, [r3]
 233 001e FD79     		ldrb	r5, [r7, #7]	@ zero_extendqisi2
 234 0020 BE79     		ldrb	r6, [r7, #6]	@ zero_extendqisi2
 235 0022 7B79     		ldrb	r3, [r7, #5]	@ zero_extendqisi2
 236 0024 3A8C     		ldrh	r2, [r7, #32]
 237 0026 796A     		ldr	r1, [r7, #36]
 238 0028 0291     		str	r1, [sp, #8]
 239 002a 0192     		str	r2, [sp, #4]
 240 002c 0093     		str	r3, [sp]
 241 002e 3B68     		ldr	r3, [r7]
 242 0030 3246     		mov	r2, r6
 243 0032 2946     		mov	r1, r5
 244 0034 A047     		blx	r4
 245              	.LVL7:
 246 0036 0346     		mov	r3, r0
 134:System/storage/Storage_Bus_Port.c **** }
 247              		.loc 1 134 1
 248 0038 1846     		mov	r0, r3
 249 003a 0C37     		adds	r7, r7, #12
 250              	.LCFI8:
 251              		.cfi_def_cfa_offset 20
 252 003c BD46     		mov	sp, r7
 253              	.LCFI9:
 254              		.cfi_def_cfa_register 13
 255              		@ sp needed
 256 003e F0BD     		pop	{r4, r5, r6, r7, pc}
 257              	.L16:
 258              		.align	2
 259              	.L15:
 260 0040 00000000 		.word	BspQspi
 261 0044 00000000 		.word	ExtFlash_Bus_InstObj
 262              		.cfi_endproc
 263              	.LFE337:
 265              		.section	.text.Storage_External_Chip_Bus_Polling,"ax",%progbits
 266              		.align	1
 267              		.syntax unified
 268              		.thumb
 269              		.thumb_func
 271              	Storage_External_Chip_Bus_Polling:
 272              	.LFB338:
ARM GAS  C:\Users\HUAV\AppData\Local\Temp\ccZvlQWo.s 			page 8


 135:System/storage/Storage_Bus_Port.c **** 
 136:System/storage/Storage_Bus_Port.c **** static bool Storage_External_Chip_Bus_Polling(uint8_t data_line, uint8_t addr_line, uint32_t addr, 
 137:System/storage/Storage_Bus_Port.c **** {
 273              		.loc 1 137 1
 274              		.cfi_startproc
 275              		@ args = 16, pretend = 0, frame = 8
 276              		@ frame_needed = 1, uses_anonymous_args = 0
 277 0000 F0B5     		push	{r4, r5, r6, r7, lr}
 278              	.LCFI10:
 279              		.cfi_def_cfa_offset 20
 280              		.cfi_offset 4, -20
 281              		.cfi_offset 5, -16
 282              		.cfi_offset 6, -12
 283              		.cfi_offset 7, -8
 284              		.cfi_offset 14, -4
 285 0002 89B0     		sub	sp, sp, #36
 286              	.LCFI11:
 287              		.cfi_def_cfa_offset 56
 288 0004 06AF     		add	r7, sp, #24
 289              	.LCFI12:
 290              		.cfi_def_cfa 7, 32
 291 0006 3A60     		str	r2, [r7]
 292 0008 1A46     		mov	r2, r3
 293 000a 0346     		mov	r3, r0
 294 000c FB71     		strb	r3, [r7, #7]
 295 000e 0B46     		mov	r3, r1
 296 0010 BB71     		strb	r3, [r7, #6]
 297 0012 1346     		mov	r3, r2
 298 0014 7B71     		strb	r3, [r7, #5]
 138:System/storage/Storage_Bus_Port.c ****     return ExtFlash_Bus_Api.polling(ExtFlash_Bus_InstObj, data_line, addr_line, addr, dummy_cyc, si
 299              		.loc 1 138 28
 300 0016 0C4B     		ldr	r3, .L19
 301 0018 1C69     		ldr	r4, [r3, #16]
 302              		.loc 1 138 12
 303 001a 0C4B     		ldr	r3, .L19+4
 304 001c 1868     		ldr	r0, [r3]
 305 001e FD79     		ldrb	r5, [r7, #7]	@ zero_extendqisi2
 306 0020 BE79     		ldrb	r6, [r7, #6]	@ zero_extendqisi2
 307 0022 7B79     		ldrb	r3, [r7, #5]	@ zero_extendqisi2
 308 0024 3A8C     		ldrh	r2, [r7, #32]
 309 0026 F96A     		ldr	r1, [r7, #44]
 310 0028 0491     		str	r1, [sp, #16]
 311 002a B96A     		ldr	r1, [r7, #40]
 312 002c 0391     		str	r1, [sp, #12]
 313 002e 796A     		ldr	r1, [r7, #36]
 314 0030 0291     		str	r1, [sp, #8]
 315 0032 0192     		str	r2, [sp, #4]
 316 0034 0093     		str	r3, [sp]
 317 0036 3B68     		ldr	r3, [r7]
 318 0038 3246     		mov	r2, r6
 319 003a 2946     		mov	r1, r5
 320 003c A047     		blx	r4
 321              	.LVL8:
 322 003e 0346     		mov	r3, r0
 139:System/storage/Storage_Bus_Port.c **** }
 323              		.loc 1 139 1
 324 0040 1846     		mov	r0, r3
ARM GAS  C:\Users\HUAV\AppData\Local\Temp\ccZvlQWo.s 			page 9


 325 0042 0C37     		adds	r7, r7, #12
 326              	.LCFI13:
 327              		.cfi_def_cfa_offset 20
 328 0044 BD46     		mov	sp, r7
 329              	.LCFI14:
 330              		.cfi_def_cfa_register 13
 331              		@ sp needed
 332 0046 F0BD     		pop	{r4, r5, r6, r7, pc}
 333              	.L20:
 334              		.align	2
 335              	.L19:
 336 0048 00000000 		.word	BspQspi
 337 004c 00000000 		.word	ExtFlash_Bus_InstObj
 338              		.cfi_endproc
 339              	.LFE338:
 341              		.section	.text.Storage_External_Chip_Bus_MemMap,"ax",%progbits
 342              		.align	1
 343              		.syntax unified
 344              		.thumb
 345              		.thumb_func
 347              	Storage_External_Chip_Bus_MemMap:
 348              	.LFB339:
 140:System/storage/Storage_Bus_Port.c **** 
 141:System/storage/Storage_Bus_Port.c **** static bool Storage_External_Chip_Bus_MemMap(uint32_t reg)
 142:System/storage/Storage_Bus_Port.c **** {
 349              		.loc 1 142 1
 350              		.cfi_startproc
 351              		@ args = 0, pretend = 0, frame = 8
 352              		@ frame_needed = 1, uses_anonymous_args = 0
 353 0000 80B5     		push	{r7, lr}
 354              	.LCFI15:
 355              		.cfi_def_cfa_offset 8
 356              		.cfi_offset 7, -8
 357              		.cfi_offset 14, -4
 358 0002 82B0     		sub	sp, sp, #8
 359              	.LCFI16:
 360              		.cfi_def_cfa_offset 16
 361 0004 00AF     		add	r7, sp, #0
 362              	.LCFI17:
 363              		.cfi_def_cfa_register 7
 364 0006 7860     		str	r0, [r7, #4]
 143:System/storage/Storage_Bus_Port.c ****     return ExtFlash_Bus_Api.memmap(ExtFlash_Bus_InstObj, reg);
 365              		.loc 1 143 28
 366 0008 054B     		ldr	r3, .L23
 367 000a 5B69     		ldr	r3, [r3, #20]
 368              		.loc 1 143 12
 369 000c 054A     		ldr	r2, .L23+4
 370 000e 1268     		ldr	r2, [r2]
 371 0010 7968     		ldr	r1, [r7, #4]
 372 0012 1046     		mov	r0, r2
 373 0014 9847     		blx	r3
 374              	.LVL9:
 375 0016 0346     		mov	r3, r0
 144:System/storage/Storage_Bus_Port.c **** }
 376              		.loc 1 144 1
 377 0018 1846     		mov	r0, r3
 378 001a 0837     		adds	r7, r7, #8
ARM GAS  C:\Users\HUAV\AppData\Local\Temp\ccZvlQWo.s 			page 10


 379              	.LCFI18:
 380              		.cfi_def_cfa_offset 8
 381 001c BD46     		mov	sp, r7
 382              	.LCFI19:
 383              		.cfi_def_cfa_register 13
 384              		@ sp needed
 385 001e 80BD     		pop	{r7, pc}
 386              	.L24:
 387              		.align	2
 388              	.L23:
 389 0020 00000000 		.word	BspQspi
 390 0024 00000000 		.word	ExtFlash_Bus_InstObj
 391              		.cfi_endproc
 392              	.LFE339:
 394              		.section	.text.Storage_External_Chip_Bus_Read,"ax",%progbits
 395              		.align	1
 396              		.syntax unified
 397              		.thumb
 398              		.thumb_func
 400              	Storage_External_Chip_Bus_Read:
 401              	.LFB340:
 145:System/storage/Storage_Bus_Port.c **** 
 146:System/storage/Storage_Bus_Port.c **** static bool Storage_External_Chip_Bus_Read(uint8_t *p_rx)
 147:System/storage/Storage_Bus_Port.c **** {
 402              		.loc 1 147 1
 403              		.cfi_startproc
 404              		@ args = 0, pretend = 0, frame = 8
 405              		@ frame_needed = 1, uses_anonymous_args = 0
 406 0000 80B5     		push	{r7, lr}
 407              	.LCFI20:
 408              		.cfi_def_cfa_offset 8
 409              		.cfi_offset 7, -8
 410              		.cfi_offset 14, -4
 411 0002 82B0     		sub	sp, sp, #8
 412              	.LCFI21:
 413              		.cfi_def_cfa_offset 16
 414 0004 00AF     		add	r7, sp, #0
 415              	.LCFI22:
 416              		.cfi_def_cfa_register 7
 417 0006 7860     		str	r0, [r7, #4]
 148:System/storage/Storage_Bus_Port.c ****     if (p_rx == NULL)
 418              		.loc 1 148 8
 419 0008 7B68     		ldr	r3, [r7, #4]
 420 000a 002B     		cmp	r3, #0
 421 000c 01D1     		bne	.L26
 149:System/storage/Storage_Bus_Port.c ****         return 0;
 422              		.loc 1 149 16
 423 000e 0023     		movs	r3, #0
 424 0010 07E0     		b	.L27
 425              	.L26:
 150:System/storage/Storage_Bus_Port.c **** 
 151:System/storage/Storage_Bus_Port.c ****     return ExtFlash_Bus_Api.rx(ExtFlash_Bus_InstObj, p_rx);
 426              		.loc 1 151 28
 427 0012 064B     		ldr	r3, .L28
 428 0014 9B68     		ldr	r3, [r3, #8]
 429              		.loc 1 151 12
 430 0016 064A     		ldr	r2, .L28+4
ARM GAS  C:\Users\HUAV\AppData\Local\Temp\ccZvlQWo.s 			page 11


 431 0018 1268     		ldr	r2, [r2]
 432 001a 7968     		ldr	r1, [r7, #4]
 433 001c 1046     		mov	r0, r2
 434 001e 9847     		blx	r3
 435              	.LVL10:
 436 0020 0346     		mov	r3, r0
 437              	.L27:
 152:System/storage/Storage_Bus_Port.c **** }
 438              		.loc 1 152 1
 439 0022 1846     		mov	r0, r3
 440 0024 0837     		adds	r7, r7, #8
 441              	.LCFI23:
 442              		.cfi_def_cfa_offset 8
 443 0026 BD46     		mov	sp, r7
 444              	.LCFI24:
 445              		.cfi_def_cfa_register 13
 446              		@ sp needed
 447 0028 80BD     		pop	{r7, pc}
 448              	.L29:
 449 002a 00BF     		.align	2
 450              	.L28:
 451 002c 00000000 		.word	BspQspi
 452 0030 00000000 		.word	ExtFlash_Bus_InstObj
 453              		.cfi_endproc
 454              	.LFE340:
 456              		.section	.text.Storage_External_Chip_Bus_Write,"ax",%progbits
 457              		.align	1
 458              		.syntax unified
 459              		.thumb
 460              		.thumb_func
 462              	Storage_External_Chip_Bus_Write:
 463              	.LFB341:
 153:System/storage/Storage_Bus_Port.c **** 
 154:System/storage/Storage_Bus_Port.c **** static bool Storage_External_Chip_Bus_Write(uint8_t *p_tx)
 155:System/storage/Storage_Bus_Port.c **** {
 464              		.loc 1 155 1
 465              		.cfi_startproc
 466              		@ args = 0, pretend = 0, frame = 8
 467              		@ frame_needed = 1, uses_anonymous_args = 0
 468 0000 80B5     		push	{r7, lr}
 469              	.LCFI25:
 470              		.cfi_def_cfa_offset 8
 471              		.cfi_offset 7, -8
 472              		.cfi_offset 14, -4
 473 0002 82B0     		sub	sp, sp, #8
 474              	.LCFI26:
 475              		.cfi_def_cfa_offset 16
 476 0004 00AF     		add	r7, sp, #0
 477              	.LCFI27:
 478              		.cfi_def_cfa_register 7
 479 0006 7860     		str	r0, [r7, #4]
 156:System/storage/Storage_Bus_Port.c ****     if (p_tx == NULL)
 480              		.loc 1 156 8
 481 0008 7B68     		ldr	r3, [r7, #4]
 482 000a 002B     		cmp	r3, #0
 483 000c 01D1     		bne	.L31
 157:System/storage/Storage_Bus_Port.c ****         return false;
ARM GAS  C:\Users\HUAV\AppData\Local\Temp\ccZvlQWo.s 			page 12


 484              		.loc 1 157 16
 485 000e 0023     		movs	r3, #0
 486 0010 07E0     		b	.L32
 487              	.L31:
 158:System/storage/Storage_Bus_Port.c **** 
 159:System/storage/Storage_Bus_Port.c ****     return ExtFlash_Bus_Api.tx(ExtFlash_Bus_InstObj, p_tx);
 488              		.loc 1 159 28
 489 0012 064B     		ldr	r3, .L33
 490 0014 5B68     		ldr	r3, [r3, #4]
 491              		.loc 1 159 12
 492 0016 064A     		ldr	r2, .L33+4
 493 0018 1268     		ldr	r2, [r2]
 494 001a 7968     		ldr	r1, [r7, #4]
 495 001c 1046     		mov	r0, r2
 496 001e 9847     		blx	r3
 497              	.LVL11:
 498 0020 0346     		mov	r3, r0
 499              	.L32:
 160:System/storage/Storage_Bus_Port.c **** }
 500              		.loc 1 160 1
 501 0022 1846     		mov	r0, r3
 502 0024 0837     		adds	r7, r7, #8
 503              	.LCFI28:
 504              		.cfi_def_cfa_offset 8
 505 0026 BD46     		mov	sp, r7
 506              	.LCFI29:
 507              		.cfi_def_cfa_register 13
 508              		@ sp needed
 509 0028 80BD     		pop	{r7, pc}
 510              	.L34:
 511 002a 00BF     		.align	2
 512              	.L33:
 513 002c 00000000 		.word	BspQspi
 514 0030 00000000 		.word	ExtFlash_Bus_InstObj
 515              		.cfi_endproc
 516              	.LFE341:
 518              		.text
 519              	.Letext0:
 520              		.file 2 "d:\\hpm-compile-tool\\gcc-arm-none-eabi-10.3-win\\arm-none-eabi\\include\\machine\\_defau
 521              		.file 3 "d:\\hpm-compile-tool\\gcc-arm-none-eabi-10.3-win\\arm-none-eabi\\include\\sys\\_stdint.h"
 522              		.file 4 "HW_Lib/STM32H7/HAL_Lib/CMSIS/Device/ST/STM32H7xx/Include/stm32h743xx.h"
 523              		.file 5 "HW_Lib/STM32H7/HAL_Lib/STM32H7xx_HAL_Driver/Inc/stm32h7xx_hal_def.h"
 524              		.file 6 "HW_Lib/STM32H7/HAL_Lib/STM32H7xx_HAL_Driver/Inc/stm32h7xx_hal_mdma.h"
 525              		.file 7 "HW_Lib/STM32H7/HAL_Lib/STM32H7xx_HAL_Driver/Inc/stm32h7xx_hal_qspi.h"
 526              		.file 8 "HW_Lib/PortApi_Def/Bsp_QSPI_Port_Def.h"
 527              		.file 9 "HW_Lib/STM32H7/BSP/Bsp_QSPI.h"
 528              		.file 10 "HW_Lib/STM32H7/PinPort_Def/Neure/HW_Def.h"
 529              		.file 11 "System/storage/Storage_Bus_Port.h"
ARM GAS  C:\Users\HUAV\AppData\Local\Temp\ccZvlQWo.s 			page 13


DEFINED SYMBOLS
                            *ABS*:00000000 Storage_Bus_Port.c
C:\Users\HUAV\AppData\Local\Temp\ccZvlQWo.s:23     .data.StoragePort_Api:00000000 StoragePort_Api
C:\Users\HUAV\AppData\Local\Temp\ccZvlQWo.s:20     .data.StoragePort_Api:00000000 $d
C:\Users\HUAV\AppData\Local\Temp\ccZvlQWo.s:36     .text.Storage_External_Chip_Bus_Init:00000000 Storage_External_Chip_Bus_Init
C:\Users\HUAV\AppData\Local\Temp\ccZvlQWo.s:199    .text.Storage_External_Chip_Bus_TransCMD:00000000 Storage_External_Chip_Bus_TransCMD
C:\Users\HUAV\AppData\Local\Temp\ccZvlQWo.s:271    .text.Storage_External_Chip_Bus_Polling:00000000 Storage_External_Chip_Bus_Polling
C:\Users\HUAV\AppData\Local\Temp\ccZvlQWo.s:347    .text.Storage_External_Chip_Bus_MemMap:00000000 Storage_External_Chip_Bus_MemMap
C:\Users\HUAV\AppData\Local\Temp\ccZvlQWo.s:400    .text.Storage_External_Chip_Bus_Read:00000000 Storage_External_Chip_Bus_Read
C:\Users\HUAV\AppData\Local\Temp\ccZvlQWo.s:462    .text.Storage_External_Chip_Bus_Write:00000000 Storage_External_Chip_Bus_Write
C:\Users\HUAV\AppData\Local\Temp\ccZvlQWo.s:31     .text.Storage_External_Chip_Bus_Init:00000000 $t
C:\Users\HUAV\AppData\Local\Temp\ccZvlQWo.s:187    .text.Storage_External_Chip_Bus_Init:000000ac $d
C:\Users\HUAV\AppData\Local\Temp\ccZvlQWo.s:194    .text.Storage_External_Chip_Bus_TransCMD:00000000 $t
C:\Users\HUAV\AppData\Local\Temp\ccZvlQWo.s:260    .text.Storage_External_Chip_Bus_TransCMD:00000040 $d
C:\Users\HUAV\AppData\Local\Temp\ccZvlQWo.s:266    .text.Storage_External_Chip_Bus_Polling:00000000 $t
C:\Users\HUAV\AppData\Local\Temp\ccZvlQWo.s:336    .text.Storage_External_Chip_Bus_Polling:00000048 $d
C:\Users\HUAV\AppData\Local\Temp\ccZvlQWo.s:342    .text.Storage_External_Chip_Bus_MemMap:00000000 $t
C:\Users\HUAV\AppData\Local\Temp\ccZvlQWo.s:389    .text.Storage_External_Chip_Bus_MemMap:00000020 $d
C:\Users\HUAV\AppData\Local\Temp\ccZvlQWo.s:395    .text.Storage_External_Chip_Bus_Read:00000000 $t
C:\Users\HUAV\AppData\Local\Temp\ccZvlQWo.s:451    .text.Storage_External_Chip_Bus_Read:0000002c $d
C:\Users\HUAV\AppData\Local\Temp\ccZvlQWo.s:457    .text.Storage_External_Chip_Bus_Write:00000000 $t
C:\Users\HUAV\AppData\Local\Temp\ccZvlQWo.s:513    .text.Storage_External_Chip_Bus_Write:0000002c $d

UNDEFINED SYMBOLS
BspQspi
ExtFlash_Bus_InstObj
