ARM GAS  C:\Users\HUAV\AppData\Local\Temp\ccMM92lF.s 			page 1


   1              		.cpu cortex-m7
   2              		.arch armv7e-m
   3              		.fpu fpv5-d16
   4              		.eabi_attribute 28, 1
   5              		.eabi_attribute 20, 1
   6              		.eabi_attribute 21, 1
   7              		.eabi_attribute 23, 3
   8              		.eabi_attribute 24, 1
   9              		.eabi_attribute 25, 1
  10              		.eabi_attribute 26, 1
  11              		.eabi_attribute 30, 6
  12              		.eabi_attribute 34, 1
  13              		.eabi_attribute 18, 4
  14              		.file	"Task_Manager.c"
  15              		.section	.rodata
  16              		.align	2
  17              	.LC0:
  18 0000 4D61696E 		.ascii	"MainTask\000"
  18      5461736B 
  18      00
  19              		.text
  20              	.Ltext0:
  21              		.cfi_sections	.debug_frame
  22              		.global	TaskManager_Handle
  23              		.section	.bss.TaskManager_Handle,"aw",%nobits
  24              		.align	2
  27              	TaskManager_Handle:
  28 0000 00000000 		.space	4
  29              		.section	.data.time_out_tick,"aw"
  30              		.align	2
  33              	time_out_tick:
  34 0000 64000000 		.word	100
  35              		.section	.bss.SrvComObj,"aw",%nobits
  36              		.align	2
  39              	SrvComObj:
  40 0000 00000000 		.space	40
  40      00000000 
  40      00000000 
  40      00000000 
  40      00000000 
  41              		.section	.bss.Tmp_Frimware_Buf,"aw",%nobits
  42              		.align	2
  45              	Tmp_Frimware_Buf:
  46 0000 00000000 		.space	4
  47              		.section	.bss.StorageDevObj,"aw",%nobits
  48              		.align	2
  51              	StorageDevObj:
  52 0000 00000000 		.space	52
  52      00000000 
  52      00000000 
  52      00000000 
  52      00000000 
  53              		.section	.rodata
  54 0009 000000   		.align	2
  55              	.LC2:
  56 000c 00000000 		.word	.LC0
  57 0010 00000000 		.word	Task_Main_Logic
ARM GAS  C:\Users\HUAV\AppData\Local\Temp\ccMM92lF.s 			page 2


  58 0014 FEFF     		.short	-2
  59 0016 0000     		.space	2
  60 0018 00000000 		.word	0
  61 001c 00040000 		.word	1024
  62 0020 00000000 		.word	0
  63 0024 00000000 		.word	0
  64              		.section	.text.Task_Manager_Init,"ax",%progbits
  65              		.align	1
  66              		.global	Task_Manager_Init
  67              		.syntax unified
  68              		.thumb
  69              		.thumb_func
  71              	Task_Manager_Init:
  72              	.LFB341:
  73              		.file 1 "Task/Task_Manager.c"
   1:Task/Task_Manager.c **** #include "Task_Manager.h"
   2:Task/Task_Manager.c **** #include "debug_util.h"
   3:Task/Task_Manager.c **** #include "HW_Def.h"
   4:Task/Task_Manager.c **** #include "Dev_Led.h"
   5:Task/Task_Manager.c **** #include "Srv_OsCommon.h"
   6:Task/Task_Manager.c **** #include "cmsis_os.h"
   7:Task/Task_Manager.c **** #include "Srv_ComTrans.h"
   8:Task/Task_Manager.c **** #include "Srv_Upgrade.h"
   9:Task/Task_Manager.c **** #include "../System/storage/Storage.h"
  10:Task/Task_Manager.c **** 
  11:Task/Task_Manager.c **** #define WINDOW_SIZE 100         /* unit: ms */
  12:Task/Task_Manager.c **** #define RECEIVE_TIME_OUT 3000   /* unit: ms */
  13:Task/Task_Manager.c **** 
  14:Task/Task_Manager.c **** osThreadId TaskManager_Handle = NULL;
  15:Task/Task_Manager.c **** 
  16:Task/Task_Manager.c **** #define SYS_TAG "[ SYS INFO ] "
  17:Task/Task_Manager.c **** #define SYS_INFO(fmt, ...) Debug_Print(&DebugPort, SYS_TAG, fmt, ##__VA_ARGS__)
  18:Task/Task_Manager.c **** 
  19:Task/Task_Manager.c **** /* internal vairable */
  20:Task/Task_Manager.c **** static uint32_t time_out_tick = WINDOW_SIZE;
  21:Task/Task_Manager.c **** static SrvComObj_TypeDef SrvComObj;
  22:Task/Task_Manager.c **** static uint8_t *Tmp_Frimware_Buf;
  23:Task/Task_Manager.c **** static StorageDevObj_TypeDef StorageDevObj;
  24:Task/Task_Manager.c **** 
  25:Task/Task_Manager.c **** /* internal function */
  26:Task/Task_Manager.c **** static void Bootloader_Check(uint32_t sys_time);
  27:Task/Task_Manager.c **** 
  28:Task/Task_Manager.c **** void Task_Manager_Init(void)
  29:Task/Task_Manager.c **** {
  74              		.loc 1 29 1
  75              		.cfi_startproc
  76              		@ args = 0, pretend = 0, frame = 32
  77              		@ frame_needed = 1, uses_anonymous_args = 0
  78 0000 B0B5     		push	{r4, r5, r7, lr}
  79              	.LCFI0:
  80              		.cfi_def_cfa_offset 16
  81              		.cfi_offset 4, -16
  82              		.cfi_offset 5, -12
  83              		.cfi_offset 7, -8
  84              		.cfi_offset 14, -4
  85 0002 88B0     		sub	sp, sp, #32
  86              	.LCFI1:
ARM GAS  C:\Users\HUAV\AppData\Local\Temp\ccMM92lF.s 			page 3


  87              		.cfi_def_cfa_offset 48
  88 0004 00AF     		add	r7, sp, #0
  89              	.LCFI2:
  90              		.cfi_def_cfa_register 7
  30:Task/Task_Manager.c ****     memset(&StorageDevObj, 0, sizeof(StorageDevObj_TypeDef));
  91              		.loc 1 30 5
  92 0006 3422     		movs	r2, #52
  93 0008 0021     		movs	r1, #0
  94 000a 1448     		ldr	r0, .L2
  95 000c FFF7FEFF 		bl	memset
  31:Task/Task_Manager.c **** #if (FLASH_CHIP_STATE == Storage_ChipBus_Spi)
  32:Task/Task_Manager.c ****     StorageDevObj.api = (void *)&DevW25Qxx;
  33:Task/Task_Manager.c **** #elif (FLASH_CHIP_STATE == Storage_ChipBus_QSpi)
  34:Task/Task_Manager.c ****     StorageDevObj.api = (void *)&DevQSPIW25Qxx;
  96              		.loc 1 34 23
  97 0010 124B     		ldr	r3, .L2
  98 0012 134A     		ldr	r2, .L2+4
  99 0014 1A63     		str	r2, [r3, #48]
  35:Task/Task_Manager.c **** #endif
  36:Task/Task_Manager.c ****     StorageDevObj.chip_type = Flash_Chip_Type;
 100              		.loc 1 36 29
 101 0016 114B     		ldr	r3, .L2
 102 0018 0122     		movs	r2, #1
 103 001a 1A70     		strb	r2, [r3]
  37:Task/Task_Manager.c **** 
  38:Task/Task_Manager.c ****     DevLED.init(Led1);
 104              		.loc 1 38 11
 105 001c 114B     		ldr	r3, .L2+8
 106 001e 1C68     		ldr	r4, [r3]
 107              		.loc 1 38 5
 108 0020 114B     		ldr	r3, .L2+12
 109 0022 93E80700 		ldm	r3, {r0, r1, r2}
 110 0026 A047     		blx	r4
 111              	.LVL0:
  39:Task/Task_Manager.c **** 
  40:Task/Task_Manager.c ****     /* heap memory init */
  41:Task/Task_Manager.c ****     SrvOsCommon.init();
 112              		.loc 1 41 16
 113 0028 104B     		ldr	r3, .L2+16
 114 002a 1B68     		ldr	r3, [r3]
 115              		.loc 1 41 5
 116 002c 9847     		blx	r3
 117              	.LVL1:
  42:Task/Task_Manager.c **** 
  43:Task/Task_Manager.c ****     osThreadDef(MainTask, Task_Main_Logic, osPriorityLow, 0, (1 Kb));
 118              		.loc 1 43 5
 119 002e 104B     		ldr	r3, .L2+20
 120 0030 3C1D     		adds	r4, r7, #4
 121 0032 1D46     		mov	r5, r3
 122 0034 0FCD     		ldmia	r5!, {r0, r1, r2, r3}
 123 0036 0FC4     		stmia	r4!, {r0, r1, r2, r3}
 124 0038 95E80700 		ldm	r5, {r0, r1, r2}
 125 003c 84E80700 		stm	r4, {r0, r1, r2}
  44:Task/Task_Manager.c ****     TaskManager_Handle = osThreadCreate(osThread(MainTask), NULL);
 126              		.loc 1 44 26
 127 0040 3B1D     		adds	r3, r7, #4
 128 0042 0021     		movs	r1, #0
ARM GAS  C:\Users\HUAV\AppData\Local\Temp\ccMM92lF.s 			page 4


 129 0044 1846     		mov	r0, r3
 130 0046 FFF7FEFF 		bl	osThreadCreate
 131 004a 0346     		mov	r3, r0
 132              		.loc 1 44 24
 133 004c 094A     		ldr	r2, .L2+24
 134 004e 1360     		str	r3, [r2]
  45:Task/Task_Manager.c **** 
  46:Task/Task_Manager.c ****     osKernelStart();
 135              		.loc 1 46 5
 136 0050 FFF7FEFF 		bl	osKernelStart
  47:Task/Task_Manager.c **** }
 137              		.loc 1 47 1
 138 0054 00BF     		nop
 139 0056 2037     		adds	r7, r7, #32
 140              	.LCFI3:
 141              		.cfi_def_cfa_offset 16
 142 0058 BD46     		mov	sp, r7
 143              	.LCFI4:
 144              		.cfi_def_cfa_register 13
 145              		@ sp needed
 146 005a B0BD     		pop	{r4, r5, r7, pc}
 147              	.L3:
 148              		.align	2
 149              	.L2:
 150 005c 00000000 		.word	StorageDevObj
 151 0060 00000000 		.word	DevQSPIW25Qxx
 152 0064 00000000 		.word	DevLED
 153 0068 00000000 		.word	Led1
 154 006c 00000000 		.word	SrvOsCommon
 155 0070 0C000000 		.word	.LC2
 156 0074 00000000 		.word	TaskManager_Handle
 157              		.cfi_endproc
 158              	.LFE341:
 160              		.section	.rodata
 161              		.align	2
 162              	.LC3:
 163 0028 48617264 		.ascii	"Hardware NEURE\000"
 163      77617265 
 163      204E4555 
 163      524500
 164 0037 00       		.align	2
 165              	.LC4:
 166 0038 257300   		.ascii	"%s\000"
 167 003b 00       		.align	2
 168              	.LC5:
 169 003c 5B205359 		.ascii	"[ SYS INFO ] \000"
 169      5320494E 
 169      464F205D 
 169      2000
 170 004a 0000     		.align	2
 171              	.LC6:
 172 004c 48617264 		.ascii	"Hardware Version %d.%d.%d\000"
 172      77617265 
 172      20566572 
 172      73696F6E 
 172      2025642E 
 173 0066 0000     		.align	2
ARM GAS  C:\Users\HUAV\AppData\Local\Temp\ccMM92lF.s 			page 5


 174              	.LC7:
 175 0068 53746172 		.ascii	"Start\000"
 175      7400
 176 006e 0000     		.align	2
 177              	.LC8:
 178 0070 426F6F74 		.ascii	"Bootloader\000"
 178      6C6F6164 
 178      657200
 179 007b 00       		.align	2
 180              	.LC9:
 181 007c 546D705F 		.ascii	"Tmp_Frimware_Buf malloc error\000"
 181      4672696D 
 181      77617265 
 181      5F427566 
 181      206D616C 
 182              		.section	.text.Task_Main_Logic,"ax",%progbits
 183              		.align	1
 184              		.global	Task_Main_Logic
 185              		.syntax unified
 186              		.thumb
 187              		.thumb_func
 189              	Task_Main_Logic:
 190              	.LFB342:
  48:Task/Task_Manager.c **** 
  49:Task/Task_Manager.c **** void Task_Main_Logic(void const *arg)
  50:Task/Task_Manager.c **** {
 191              		.loc 1 50 1
 192              		.cfi_startproc
 193              		@ args = 0, pretend = 0, frame = 16
 194              		@ frame_needed = 1, uses_anonymous_args = 0
 195 0000 80B5     		push	{r7, lr}
 196              	.LCFI5:
 197              		.cfi_def_cfa_offset 8
 198              		.cfi_offset 7, -8
 199              		.cfi_offset 14, -4
 200 0002 86B0     		sub	sp, sp, #24
 201              	.LCFI6:
 202              		.cfi_def_cfa_offset 32
 203 0004 02AF     		add	r7, sp, #8
 204              	.LCFI7:
 205              		.cfi_def_cfa 7, 24
 206 0006 7860     		str	r0, [r7, #4]
  51:Task/Task_Manager.c ****     uint32_t sys_time = 0;
 207              		.loc 1 51 14
 208 0008 0023     		movs	r3, #0
 209 000a FB60     		str	r3, [r7, #12]
  52:Task/Task_Manager.c **** 
  53:Task/Task_Manager.c ****     DebugPort.free = SrvOsCommon.free;
 210              		.loc 1 53 33
 211 000c 2D4B     		ldr	r3, .L8
 212 000e 5B6B     		ldr	r3, [r3, #52]
 213              		.loc 1 53 20
 214 0010 2D4A     		ldr	r2, .L8+4
 215 0012 1361     		str	r3, [r2, #16]
  54:Task/Task_Manager.c ****     DebugPort.malloc = SrvOsCommon.malloc;
 216              		.loc 1 54 35
 217 0014 2B4B     		ldr	r3, .L8
ARM GAS  C:\Users\HUAV\AppData\Local\Temp\ccMM92lF.s 			page 6


 218 0016 1B6B     		ldr	r3, [r3, #48]
 219              		.loc 1 54 22
 220 0018 2B4A     		ldr	r2, .L8+4
 221 001a D360     		str	r3, [r2, #12]
  55:Task/Task_Manager.c ****     Debug_Port_Init(&DebugPort);
 222              		.loc 1 55 5
 223 001c 2A48     		ldr	r0, .L8+4
 224 001e FFF7FEFF 		bl	Debug_Port_Init
  56:Task/Task_Manager.c **** 
  57:Task/Task_Manager.c ****     SYS_INFO("%s", Select_Hardware);
 225              		.loc 1 57 5
 226 0022 2A4B     		ldr	r3, .L8+8
 227 0024 2A4A     		ldr	r2, .L8+12
 228 0026 2B49     		ldr	r1, .L8+16
 229 0028 2748     		ldr	r0, .L8+4
 230 002a FFF7FEFF 		bl	Debug_Print
  58:Task/Task_Manager.c ****     SYS_INFO("Hardware Version %d.%d.%d", HWVer[0], HWVer[1], HWVer[2]);
 231              		.loc 1 58 5
 232 002e 2A4B     		ldr	r3, .L8+20
 233 0030 1B78     		ldrb	r3, [r3]	@ zero_extendqisi2
 234 0032 1946     		mov	r1, r3
 235 0034 284B     		ldr	r3, .L8+20
 236 0036 5B78     		ldrb	r3, [r3, #1]	@ zero_extendqisi2
 237 0038 1A46     		mov	r2, r3
 238 003a 274B     		ldr	r3, .L8+20
 239 003c 9B78     		ldrb	r3, [r3, #2]	@ zero_extendqisi2
 240 003e 0193     		str	r3, [sp, #4]
 241 0040 0092     		str	r2, [sp]
 242 0042 0B46     		mov	r3, r1
 243 0044 254A     		ldr	r2, .L8+24
 244 0046 2349     		ldr	r1, .L8+16
 245 0048 1F48     		ldr	r0, .L8+4
 246 004a FFF7FEFF 		bl	Debug_Print
  59:Task/Task_Manager.c ****     SYS_INFO("Bootloader", "Start");
 247              		.loc 1 59 5
 248 004e 244B     		ldr	r3, .L8+28
 249 0050 244A     		ldr	r2, .L8+32
 250 0052 2049     		ldr	r1, .L8+16
 251 0054 1C48     		ldr	r0, .L8+4
 252 0056 FFF7FEFF 		bl	Debug_Print
  60:Task/Task_Manager.c ****     
  61:Task/Task_Manager.c ****     /* make sure the service function init sequence down below */
  62:Task/Task_Manager.c ****     SrvCom.init(&SrvComObj);
 253              		.loc 1 62 11
 254 005a 234B     		ldr	r3, .L8+36
 255 005c 1B68     		ldr	r3, [r3]
 256              		.loc 1 62 5
 257 005e 2348     		ldr	r0, .L8+40
 258 0060 9847     		blx	r3
 259              	.LVL2:
  63:Task/Task_Manager.c ****     Storage.init(&StorageDevObj);
 260              		.loc 1 63 12
 261 0062 234B     		ldr	r3, .L8+44
 262 0064 1B68     		ldr	r3, [r3]
 263              		.loc 1 63 5
 264 0066 2348     		ldr	r0, .L8+48
 265 0068 9847     		blx	r3
ARM GAS  C:\Users\HUAV\AppData\Local\Temp\ccMM92lF.s 			page 7


 266              	.LVL3:
  64:Task/Task_Manager.c ****     SrvUpgrade.init((SrvUpgrade_Send_Callback)SrvCom.write);
 267              		.loc 1 64 15
 268 006a 234B     		ldr	r3, .L8+52
 269 006c 1B68     		ldr	r3, [r3]
 270              		.loc 1 64 53
 271 006e 1E4A     		ldr	r2, .L8+36
 272 0070 9268     		ldr	r2, [r2, #8]
 273              		.loc 1 64 5
 274 0072 1046     		mov	r0, r2
 275 0074 9847     		blx	r3
 276              	.LVL4:
  65:Task/Task_Manager.c ****     
  66:Task/Task_Manager.c ****     Tmp_Frimware_Buf = SrvOsCommon.malloc(2048);
 277              		.loc 1 66 35
 278 0076 134B     		ldr	r3, .L8
 279 0078 1B6B     		ldr	r3, [r3, #48]
 280              		.loc 1 66 24
 281 007a 4FF40060 		mov	r0, #2048
 282 007e 9847     		blx	r3
 283              	.LVL5:
 284 0080 0346     		mov	r3, r0
 285              		.loc 1 66 22
 286 0082 1E4A     		ldr	r2, .L8+56
 287 0084 1360     		str	r3, [r2]
  67:Task/Task_Manager.c ****     if (Tmp_Frimware_Buf == NULL)
 288              		.loc 1 67 26
 289 0086 1D4B     		ldr	r3, .L8+56
 290 0088 1B68     		ldr	r3, [r3]
 291              		.loc 1 67 8
 292 008a 002B     		cmp	r3, #0
 293 008c 05D1     		bne	.L7
  68:Task/Task_Manager.c ****         SYS_INFO("Bootloader", "Tmp_Frimware_Buf malloc error");
 294              		.loc 1 68 9
 295 008e 1C4B     		ldr	r3, .L8+60
 296 0090 144A     		ldr	r2, .L8+32
 297 0092 1049     		ldr	r1, .L8+16
 298 0094 0C48     		ldr	r0, .L8+4
 299 0096 FFF7FEFF 		bl	Debug_Print
 300              	.L7:
  69:Task/Task_Manager.c **** 
  70:Task/Task_Manager.c ****     while(true)
  71:Task/Task_Manager.c ****     {
  72:Task/Task_Manager.c ****         sys_time = SrvOsCommon.get_os_ms();
 301              		.loc 1 72 31
 302 009a 0A4B     		ldr	r3, .L8
 303 009c 5B68     		ldr	r3, [r3, #4]
 304              		.loc 1 72 20
 305 009e 9847     		blx	r3
 306              	.LVL6:
 307 00a0 F860     		str	r0, [r7, #12]
  73:Task/Task_Manager.c ****         if (time_out_tick == 0)
 308              		.loc 1 73 27
 309 00a2 184B     		ldr	r3, .L8+64
 310 00a4 1B68     		ldr	r3, [r3]
 311              		.loc 1 73 12
 312 00a6 002B     		cmp	r3, #0
ARM GAS  C:\Users\HUAV\AppData\Local\Temp\ccMM92lF.s 			page 8


 313 00a8 04D1     		bne	.L6
  74:Task/Task_Manager.c ****             time_out_tick = sys_time + RECEIVE_TIME_OUT; 
 314              		.loc 1 74 38
 315 00aa FB68     		ldr	r3, [r7, #12]
 316 00ac 03F6B833 		addw	r3, r3, #3000
 317              		.loc 1 74 27
 318 00b0 144A     		ldr	r2, .L8+64
 319 00b2 1360     		str	r3, [r2]
 320              	.L6:
  75:Task/Task_Manager.c ****         
  76:Task/Task_Manager.c ****         /* bootloader logic loop */
  77:Task/Task_Manager.c ****         Bootloader_Check(sys_time);
 321              		.loc 1 77 9
 322 00b4 F868     		ldr	r0, [r7, #12]
 323 00b6 FFF7FEFF 		bl	Bootloader_Check
  78:Task/Task_Manager.c **** 
  79:Task/Task_Manager.c ****         /* run system statistic in this task */
  80:Task/Task_Manager.c ****         osDelay(25);
 324              		.loc 1 80 9
 325 00ba 1920     		movs	r0, #25
 326 00bc FFF7FEFF 		bl	osDelay
  72:Task/Task_Manager.c ****         if (time_out_tick == 0)
 327              		.loc 1 72 18
 328 00c0 EBE7     		b	.L7
 329              	.L9:
 330 00c2 00BF     		.align	2
 331              	.L8:
 332 00c4 00000000 		.word	SrvOsCommon
 333 00c8 00000000 		.word	DebugPort
 334 00cc 28000000 		.word	.LC3
 335 00d0 38000000 		.word	.LC4
 336 00d4 3C000000 		.word	.LC5
 337 00d8 00000000 		.word	HWVer
 338 00dc 4C000000 		.word	.LC6
 339 00e0 68000000 		.word	.LC7
 340 00e4 70000000 		.word	.LC8
 341 00e8 00000000 		.word	SrvCom
 342 00ec 00000000 		.word	SrvComObj
 343 00f0 00000000 		.word	Storage
 344 00f4 00000000 		.word	StorageDevObj
 345 00f8 00000000 		.word	SrvUpgrade
 346 00fc 00000000 		.word	Tmp_Frimware_Buf
 347 0100 7C000000 		.word	.LC9
 348 0104 00000000 		.word	time_out_tick
 349              		.cfi_endproc
 350              	.LFE342:
 352              		.section	.rodata
 353 009a 0000     		.align	2
 354              	.LC10:
 355 009c 54696D65 		.ascii	"Time Out\000"
 355      204F7574 
 355      00
 356 00a5 000000   		.align	2
 357              	.LC11:
 358 00a8 57616974 		.ascii	"Wait Firmware\000"
 358      20466972 
 358      6D776172 
ARM GAS  C:\Users\HUAV\AppData\Local\Temp\ccMM92lF.s 			page 9


 358      6500
 359 00b6 0000     		.align	2
 360              	.LC12:
 361 00b8 4A756D70 		.ascii	"Jump to APP\000"
 361      20746F20 
 361      41505000 
 362              		.align	2
 363              	.LC13:
 364 00c4 426F6F74 		.ascii	"Bootloader exit\000"
 364      6C6F6164 
 364      65722065 
 364      78697400 
 365              		.section	.text.Bootloader_Check,"ax",%progbits
 366              		.align	1
 367              		.syntax unified
 368              		.thumb
 369              		.thumb_func
 371              	Bootloader_Check:
 372              	.LFB343:
  81:Task/Task_Manager.c ****     }
  82:Task/Task_Manager.c **** }
  83:Task/Task_Manager.c **** 
  84:Task/Task_Manager.c **** static void Bootloader_Check(uint32_t sys_time)
  85:Task/Task_Manager.c **** {
 373              		.loc 1 85 1
 374              		.cfi_startproc
 375              		@ args = 0, pretend = 0, frame = 16
 376              		@ frame_needed = 1, uses_anonymous_args = 0
 377 0000 80B5     		push	{r7, lr}
 378              	.LCFI8:
 379              		.cfi_def_cfa_offset 8
 380              		.cfi_offset 7, -8
 381              		.cfi_offset 14, -4
 382 0002 84B0     		sub	sp, sp, #16
 383              	.LCFI9:
 384              		.cfi_def_cfa_offset 24
 385 0004 00AF     		add	r7, sp, #0
 386              	.LCFI10:
 387              		.cfi_def_cfa_register 7
 388 0006 7860     		str	r0, [r7, #4]
  86:Task/Task_Manager.c ****     uint16_t rec_size = 0;
 389              		.loc 1 86 14
 390 0008 0023     		movs	r3, #0
 391 000a FB81     		strh	r3, [r7, #14]	@ movhi
  87:Task/Task_Manager.c ****     bool jump = false;
 392              		.loc 1 87 10
 393 000c 0023     		movs	r3, #0
 394 000e 7B73     		strb	r3, [r7, #13]
  88:Task/Task_Manager.c **** 
  89:Task/Task_Manager.c ****     /* nothing receive when 100ms when power on */
  90:Task/Task_Manager.c ****     if (sys_time >= time_out_tick)
 395              		.loc 1 90 18
 396 0010 274B     		ldr	r3, .L17
 397 0012 1B68     		ldr	r3, [r3]
 398              		.loc 1 90 8
 399 0014 7A68     		ldr	r2, [r7, #4]
 400 0016 9A42     		cmp	r2, r3
ARM GAS  C:\Users\HUAV\AppData\Local\Temp\ccMM92lF.s 			page 10


 401 0018 19D3     		bcc	.L11
  91:Task/Task_Manager.c ****     {
  92:Task/Task_Manager.c ****         SYS_INFO("Wait Firmware", "Time Out");
 402              		.loc 1 92 9
 403 001a 264B     		ldr	r3, .L17+4
 404 001c 264A     		ldr	r2, .L17+8
 405 001e 2749     		ldr	r1, .L17+12
 406 0020 2748     		ldr	r0, .L17+16
 407 0022 FFF7FEFF 		bl	Debug_Print
  93:Task/Task_Manager.c ****         SYS_INFO("Bootloader exit", "Jump to APP");
 408              		.loc 1 93 9
 409 0026 274B     		ldr	r3, .L17+20
 410 0028 274A     		ldr	r2, .L17+24
 411 002a 2449     		ldr	r1, .L17+12
 412 002c 2448     		ldr	r0, .L17+16
 413 002e FFF7FEFF 		bl	Debug_Print
  94:Task/Task_Manager.c **** 
  95:Task/Task_Manager.c ****         SrvOsCommon.delay_ms(10);
 414              		.loc 1 95 20
 415 0032 264B     		ldr	r3, .L17+28
 416 0034 9B68     		ldr	r3, [r3, #8]
 417              		.loc 1 95 9
 418 0036 0A20     		movs	r0, #10
 419 0038 9847     		blx	r3
 420              	.LVL7:
  96:Task/Task_Manager.c **** 
  97:Task/Task_Manager.c ****         /* deinit pin and port */
  98:Task/Task_Manager.c ****         SrvCom.de_init(&SrvComObj);
 421              		.loc 1 98 15
 422 003a 254B     		ldr	r3, .L17+32
 423 003c 5B68     		ldr	r3, [r3, #4]
 424              		.loc 1 98 9
 425 003e 2548     		ldr	r0, .L17+36
 426 0040 9847     		blx	r3
 427              	.LVL8:
  99:Task/Task_Manager.c ****         SrvOsCommon.systimer_deinit();
 428              		.loc 1 99 20
 429 0042 224B     		ldr	r3, .L17+28
 430 0044 DB6A     		ldr	r3, [r3, #44]
 431              		.loc 1 99 9
 432 0046 9847     		blx	r3
 433              	.LVL9:
 100:Task/Task_Manager.c **** 
 101:Task/Task_Manager.c ****         /* jump to app */
 102:Task/Task_Manager.c ****         jump = true;
 434              		.loc 1 102 14
 435 0048 0123     		movs	r3, #1
 436 004a 7B73     		strb	r3, [r7, #13]
 437 004c 23E0     		b	.L12
 438              	.L11:
 103:Task/Task_Manager.c ****     }
 104:Task/Task_Manager.c ****     else
 105:Task/Task_Manager.c ****     {
 106:Task/Task_Manager.c ****         /* check com port received size */
 107:Task/Task_Manager.c ****         if (SrvCom.available)
 439              		.loc 1 107 19
 440 004e 204B     		ldr	r3, .L17+32
ARM GAS  C:\Users\HUAV\AppData\Local\Temp\ccMM92lF.s 			page 11


 441 0050 1B69     		ldr	r3, [r3, #16]
 442              		.loc 1 107 12
 443 0052 002B     		cmp	r3, #0
 444 0054 05D0     		beq	.L13
 108:Task/Task_Manager.c ****             rec_size = SrvCom.available(&SrvComObj);
 445              		.loc 1 108 30
 446 0056 1E4B     		ldr	r3, .L17+32
 447 0058 1B69     		ldr	r3, [r3, #16]
 448              		.loc 1 108 24
 449 005a 1E48     		ldr	r0, .L17+36
 450 005c 9847     		blx	r3
 451              	.LVL10:
 452 005e 0346     		mov	r3, r0
 453 0060 FB81     		strh	r3, [r7, #14]	@ movhi
 454              	.L13:
 109:Task/Task_Manager.c **** 
 110:Task/Task_Manager.c ****         if (Tmp_Frimware_Buf)
 455              		.loc 1 110 13
 456 0062 1D4B     		ldr	r3, .L17+40
 457 0064 1B68     		ldr	r3, [r3]
 458              		.loc 1 110 12
 459 0066 002B     		cmp	r3, #0
 460 0068 15D0     		beq	.L12
 111:Task/Task_Manager.c ****         {
 112:Task/Task_Manager.c ****             if (rec_size)
 461              		.loc 1 112 16
 462 006a FB89     		ldrh	r3, [r7, #14]
 463 006c 002B     		cmp	r3, #0
 464 006e 04D0     		beq	.L14
 113:Task/Task_Manager.c ****             {
 114:Task/Task_Manager.c ****                 /* update time out tick */
 115:Task/Task_Manager.c ****                 time_out_tick = sys_time + RECEIVE_TIME_OUT;
 465              		.loc 1 115 42
 466 0070 7B68     		ldr	r3, [r7, #4]
 467 0072 03F6B833 		addw	r3, r3, #3000
 468              		.loc 1 115 31
 469 0076 0E4A     		ldr	r2, .L17
 470 0078 1360     		str	r3, [r2]
 471              	.L14:
 116:Task/Task_Manager.c ****             }
 117:Task/Task_Manager.c **** 
 118:Task/Task_Manager.c ****             /* get received data */
 119:Task/Task_Manager.c ****             SrvCom.read(&SrvComObj, Tmp_Frimware_Buf, rec_size);            
 472              		.loc 1 119 19
 473 007a 154B     		ldr	r3, .L17+32
 474 007c DB68     		ldr	r3, [r3, #12]
 475              		.loc 1 119 13
 476 007e 164A     		ldr	r2, .L17+40
 477 0080 1168     		ldr	r1, [r2]
 478 0082 FA89     		ldrh	r2, [r7, #14]
 479 0084 1348     		ldr	r0, .L17+36
 480 0086 9847     		blx	r3
 481              	.LVL11:
 120:Task/Task_Manager.c **** 
 121:Task/Task_Manager.c ****             /* Use YModem receive firmware */
 122:Task/Task_Manager.c ****             SrvUpgrade.DealRec(&SrvComObj, Tmp_Frimware_Buf, rec_size);
 482              		.loc 1 122 23
ARM GAS  C:\Users\HUAV\AppData\Local\Temp\ccMM92lF.s 			page 12


 483 0088 144B     		ldr	r3, .L17+44
 484 008a 9B68     		ldr	r3, [r3, #8]
 485              		.loc 1 122 13
 486 008c 124A     		ldr	r2, .L17+40
 487 008e 1168     		ldr	r1, [r2]
 488 0090 FA89     		ldrh	r2, [r7, #14]
 489 0092 1048     		ldr	r0, .L17+36
 490 0094 9847     		blx	r3
 491              	.LVL12:
 492              	.L12:
 123:Task/Task_Manager.c ****         }
 124:Task/Task_Manager.c ****     }
 125:Task/Task_Manager.c **** 
 126:Task/Task_Manager.c ****     if (jump)
 493              		.loc 1 126 8
 494 0096 7B7B     		ldrb	r3, [r7, #13]	@ zero_extendqisi2
 495 0098 002B     		cmp	r3, #0
 496 009a 04D0     		beq	.L16
 127:Task/Task_Manager.c ****         SrvOsCommon.jump_to_addr(App_Address_Base);
 497              		.loc 1 127 20
 498 009c 0B4B     		ldr	r3, .L17+28
 499 009e 9B6B     		ldr	r3, [r3, #56]
 500              		.loc 1 127 9
 501 00a0 0F4A     		ldr	r2, .L17+48
 502 00a2 1046     		mov	r0, r2
 503 00a4 9847     		blx	r3
 504              	.LVL13:
 505              	.L16:
 128:Task/Task_Manager.c **** }
 506              		.loc 1 128 1
 507 00a6 00BF     		nop
 508 00a8 1037     		adds	r7, r7, #16
 509              	.LCFI11:
 510              		.cfi_def_cfa_offset 8
 511 00aa BD46     		mov	sp, r7
 512              	.LCFI12:
 513              		.cfi_def_cfa_register 13
 514              		@ sp needed
 515 00ac 80BD     		pop	{r7, pc}
 516              	.L18:
 517 00ae 00BF     		.align	2
 518              	.L17:
 519 00b0 00000000 		.word	time_out_tick
 520 00b4 9C000000 		.word	.LC10
 521 00b8 A8000000 		.word	.LC11
 522 00bc 3C000000 		.word	.LC5
 523 00c0 00000000 		.word	DebugPort
 524 00c4 B8000000 		.word	.LC12
 525 00c8 C4000000 		.word	.LC13
 526 00cc 00000000 		.word	SrvOsCommon
 527 00d0 00000000 		.word	SrvCom
 528 00d4 00000000 		.word	SrvComObj
 529 00d8 00000000 		.word	Tmp_Frimware_Buf
 530 00dc 00000000 		.word	SrvUpgrade
 531 00e0 00000000 		.word	__app_s
 532              		.cfi_endproc
 533              	.LFE343:
ARM GAS  C:\Users\HUAV\AppData\Local\Temp\ccMM92lF.s 			page 13


 535              		.text
 536              	.Letext0:
 537              		.file 2 "d:\\hpm-compile-tool\\gcc-arm-none-eabi-10.3-win\\arm-none-eabi\\include\\machine\\_defau
 538              		.file 3 "d:\\hpm-compile-tool\\gcc-arm-none-eabi-10.3-win\\arm-none-eabi\\include\\sys\\_stdint.h"
 539              		.file 4 "d:\\hpm-compile-tool\\gcc-arm-none-eabi-10.3-win\\lib\\gcc\\arm-none-eabi\\10.3.1\\includ
 540              		.file 5 "HW_Lib/PortApi_Def/Bsp_GPIO_Port_Def.h"
 541              		.file 6 "debug/debug_util.h"
 542              		.file 7 "Device/Dev_Led.h"
 543              		.file 8 "HW_Lib/STM32H7/PinPort_Def/Neure/../../../../FCHW_Config.h"
 544              		.file 9 "HW_Lib/STM32H7/PinPort_Def/Neure/HW_Def.h"
 545              		.file 10 "System/FreeRTOS/portable/GCC/ARM_CM4F/portmacro.h"
 546              		.file 11 "System/FreeRTOS/include/portable.h"
 547              		.file 12 "System/FreeRTOS/include/FreeRTOS.h"
 548              		.file 13 "System/FreeRTOS/include/task.h"
 549              		.file 14 "System/FreeRTOS/include/queue.h"
 550              		.file 15 "System/FreeRTOS/include/semphr.h"
 551              		.file 16 "System/FreeRTOS/CMSIS_RTOS/cmsis_os.h"
 552              		.file 17 "Service/Srv_OsCommon.h"
 553              		.file 18 "Service/Srv_ComTrans.h"
 554              		.file 19 "Service/Srv_Upgrade.h"
 555              		.file 20 "Device/Dev_NorFlash_Def.h"
 556              		.file 21 "Device/Dev_W25Qxx_QSPI.h"
 557              		.file 22 "Task/../System/storage/Storage_Dev_Port.h"
 558              		.file 23 "Task/../System/storage/Storage.h"
ARM GAS  C:\Users\HUAV\AppData\Local\Temp\ccMM92lF.s 			page 14


DEFINED SYMBOLS
                            *ABS*:00000000 Task_Manager.c
C:\Users\HUAV\AppData\Local\Temp\ccMM92lF.s:16     .rodata:00000000 $d
C:\Users\HUAV\AppData\Local\Temp\ccMM92lF.s:27     .bss.TaskManager_Handle:00000000 TaskManager_Handle
C:\Users\HUAV\AppData\Local\Temp\ccMM92lF.s:24     .bss.TaskManager_Handle:00000000 $d
C:\Users\HUAV\AppData\Local\Temp\ccMM92lF.s:30     .data.time_out_tick:00000000 $d
C:\Users\HUAV\AppData\Local\Temp\ccMM92lF.s:33     .data.time_out_tick:00000000 time_out_tick
C:\Users\HUAV\AppData\Local\Temp\ccMM92lF.s:36     .bss.SrvComObj:00000000 $d
C:\Users\HUAV\AppData\Local\Temp\ccMM92lF.s:39     .bss.SrvComObj:00000000 SrvComObj
C:\Users\HUAV\AppData\Local\Temp\ccMM92lF.s:42     .bss.Tmp_Frimware_Buf:00000000 $d
C:\Users\HUAV\AppData\Local\Temp\ccMM92lF.s:45     .bss.Tmp_Frimware_Buf:00000000 Tmp_Frimware_Buf
C:\Users\HUAV\AppData\Local\Temp\ccMM92lF.s:48     .bss.StorageDevObj:00000000 $d
C:\Users\HUAV\AppData\Local\Temp\ccMM92lF.s:51     .bss.StorageDevObj:00000000 StorageDevObj
C:\Users\HUAV\AppData\Local\Temp\ccMM92lF.s:189    .text.Task_Main_Logic:00000000 Task_Main_Logic
C:\Users\HUAV\AppData\Local\Temp\ccMM92lF.s:65     .text.Task_Manager_Init:00000000 $t
C:\Users\HUAV\AppData\Local\Temp\ccMM92lF.s:71     .text.Task_Manager_Init:00000000 Task_Manager_Init
C:\Users\HUAV\AppData\Local\Temp\ccMM92lF.s:150    .text.Task_Manager_Init:0000005c $d
C:\Users\HUAV\AppData\Local\Temp\ccMM92lF.s:183    .text.Task_Main_Logic:00000000 $t
C:\Users\HUAV\AppData\Local\Temp\ccMM92lF.s:371    .text.Bootloader_Check:00000000 Bootloader_Check
C:\Users\HUAV\AppData\Local\Temp\ccMM92lF.s:332    .text.Task_Main_Logic:000000c4 $d
C:\Users\HUAV\AppData\Local\Temp\ccMM92lF.s:366    .text.Bootloader_Check:00000000 $t
C:\Users\HUAV\AppData\Local\Temp\ccMM92lF.s:519    .text.Bootloader_Check:000000b0 $d

UNDEFINED SYMBOLS
memset
osThreadCreate
osKernelStart
DevQSPIW25Qxx
DevLED
Led1
SrvOsCommon
Debug_Port_Init
Debug_Print
osDelay
DebugPort
HWVer
SrvCom
Storage
SrvUpgrade
__app_s
