Archive member included to satisfy reference by file (symbol)

d:/hpm-compile-tool/gcc-arm-none-eabi-10.3-win/bin/../lib/gcc/arm-none-eabi/10.3.1/../../../../arm-none-eabi/lib/thumb/v7e-m+dp/hard\libc_nano.a(lib_a-atoi.o)
                              build/Srv_Upgrade.o (atoi)
d:/hpm-compile-tool/gcc-arm-none-eabi-10.3-win/bin/../lib/gcc/arm-none-eabi/10.3.1/../../../../arm-none-eabi/lib/thumb/v7e-m+dp/hard\libc_nano.a(lib_a-exit.o)
                              d:/hpm-compile-tool/gcc-arm-none-eabi-10.3-win/bin/../lib/gcc/arm-none-eabi/10.3.1/../../../../arm-none-eabi/lib/thumb/v7e-m+dp/hard/crt0.o (exit)
d:/hpm-compile-tool/gcc-arm-none-eabi-10.3-win/bin/../lib/gcc/arm-none-eabi/10.3.1/../../../../arm-none-eabi/lib/thumb/v7e-m+dp/hard\libc_nano.a(lib_a-impure.o)
                              d:/hpm-compile-tool/gcc-arm-none-eabi-10.3-win/bin/../lib/gcc/arm-none-eabi/10.3.1/../../../../arm-none-eabi/lib/thumb/v7e-m+dp/hard\libc_nano.a(lib_a-exit.o) (_global_impure_ptr)
d:/hpm-compile-tool/gcc-arm-none-eabi-10.3-win/bin/../lib/gcc/arm-none-eabi/10.3.1/../../../../arm-none-eabi/lib/thumb/v7e-m+dp/hard\libc_nano.a(lib_a-init.o)
                              d:/hpm-compile-tool/gcc-arm-none-eabi-10.3-win/bin/../lib/gcc/arm-none-eabi/10.3.1/../../../../arm-none-eabi/lib/thumb/v7e-m+dp/hard/crt0.o (__libc_init_array)
d:/hpm-compile-tool/gcc-arm-none-eabi-10.3-win/bin/../lib/gcc/arm-none-eabi/10.3.1/../../../../arm-none-eabi/lib/thumb/v7e-m+dp/hard\libc_nano.a(lib_a-malloc.o)
                              build/Srv_OsCommon.o (malloc)
d:/hpm-compile-tool/gcc-arm-none-eabi-10.3-win/bin/../lib/gcc/arm-none-eabi/10.3.1/../../../../arm-none-eabi/lib/thumb/v7e-m+dp/hard\libc_nano.a(lib_a-memcmp.o)
                              build/Storage.o (memcmp)
d:/hpm-compile-tool/gcc-arm-none-eabi-10.3-win/bin/../lib/gcc/arm-none-eabi/10.3.1/../../../../arm-none-eabi/lib/thumb/v7e-m+dp/hard\libc_nano.a(lib_a-memcpy-stub.o)
                              build/debug_util.o (memcpy)
d:/hpm-compile-tool/gcc-arm-none-eabi-10.3-win/bin/../lib/gcc/arm-none-eabi/10.3.1/../../../../arm-none-eabi/lib/thumb/v7e-m+dp/hard\libc_nano.a(lib_a-memset.o)
                              d:/hpm-compile-tool/gcc-arm-none-eabi-10.3-win/bin/../lib/gcc/arm-none-eabi/10.3.1/../../../../arm-none-eabi/lib/thumb/v7e-m+dp/hard/crt0.o (memset)
d:/hpm-compile-tool/gcc-arm-none-eabi-10.3-win/bin/../lib/gcc/arm-none-eabi/10.3.1/../../../../arm-none-eabi/lib/thumb/v7e-m+dp/hard\libc_nano.a(lib_a-nano-freer.o)
                              d:/hpm-compile-tool/gcc-arm-none-eabi-10.3-win/bin/../lib/gcc/arm-none-eabi/10.3.1/../../../../arm-none-eabi/lib/thumb/v7e-m+dp/hard\libc_nano.a(lib_a-malloc.o) (_free_r)
d:/hpm-compile-tool/gcc-arm-none-eabi-10.3-win/bin/../lib/gcc/arm-none-eabi/10.3.1/../../../../arm-none-eabi/lib/thumb/v7e-m+dp/hard\libc_nano.a(lib_a-nano-mallocr.o)
                              d:/hpm-compile-tool/gcc-arm-none-eabi-10.3-win/bin/../lib/gcc/arm-none-eabi/10.3.1/../../../../arm-none-eabi/lib/thumb/v7e-m+dp/hard\libc_nano.a(lib_a-malloc.o) (_malloc_r)
d:/hpm-compile-tool/gcc-arm-none-eabi-10.3-win/bin/../lib/gcc/arm-none-eabi/10.3.1/../../../../arm-none-eabi/lib/thumb/v7e-m+dp/hard\libc_nano.a(lib_a-nano-vfprintf_float.o)
                              (_printf_float)
d:/hpm-compile-tool/gcc-arm-none-eabi-10.3-win/bin/../lib/gcc/arm-none-eabi/10.3.1/../../../../arm-none-eabi/lib/thumb/v7e-m+dp/hard\libc_nano.a(lib_a-nano-vfprintf_i.o)
                              d:/hpm-compile-tool/gcc-arm-none-eabi-10.3-win/bin/../lib/gcc/arm-none-eabi/10.3.1/../../../../arm-none-eabi/lib/thumb/v7e-m+dp/hard\libc_nano.a(lib_a-nano-vfprintf_float.o) (_printf_common)
d:/hpm-compile-tool/gcc-arm-none-eabi-10.3-win/bin/../lib/gcc/arm-none-eabi/10.3.1/../../../../arm-none-eabi/lib/thumb/v7e-m+dp/hard\libc_nano.a(lib_a-sbrkr.o)
                              d:/hpm-compile-tool/gcc-arm-none-eabi-10.3-win/bin/../lib/gcc/arm-none-eabi/10.3.1/../../../../arm-none-eabi/lib/thumb/v7e-m+dp/hard\libc_nano.a(lib_a-nano-mallocr.o) (_sbrk_r)
d:/hpm-compile-tool/gcc-arm-none-eabi-10.3-win/bin/../lib/gcc/arm-none-eabi/10.3.1/../../../../arm-none-eabi/lib/thumb/v7e-m+dp/hard\libc_nano.a(lib_a-snprintf.o)
                              build/YModem.o (snprintf)
d:/hpm-compile-tool/gcc-arm-none-eabi-10.3-win/bin/../lib/gcc/arm-none-eabi/10.3.1/../../../../arm-none-eabi/lib/thumb/v7e-m+dp/hard\libc_nano.a(lib_a-strcat.o)
                              build/debug_util.o (strcat)
d:/hpm-compile-tool/gcc-arm-none-eabi-10.3-win/bin/../lib/gcc/arm-none-eabi/10.3.1/../../../../arm-none-eabi/lib/thumb/v7e-m+dp/hard\libc_nano.a(lib_a-strcmp.o)
                              build/Storage.o (strcmp)
d:/hpm-compile-tool/gcc-arm-none-eabi-10.3-win/bin/../lib/gcc/arm-none-eabi/10.3.1/../../../../arm-none-eabi/lib/thumb/v7e-m+dp/hard\libc_nano.a(lib_a-strcpy.o)
                              build/debug_util.o (strcpy)
[...]
Memory Configuration

Name             Origin             Length             Attributes
DTCMRAM          0x20000000         0x00020000         xrw
RAM_D1           0x24000000         0x00078000         xrw
RAM_D1_Perph_Part 0x24078000         0x00008000         xrw
SDRAM_OS_Part    0xc0000000         0x00400000         xrw
SDRAM_SEC1       0xc0400000         0x00400000         xrw
SDRAM_SEC2       0xc0800000         0x00800000         xrw
SDRAM_SEC3       0xd0000000         0x01000000         xrw
RAM_D2           0x30000000         0x00048000         xrw
RAM_D3           0x38000000         0x00010000         xrw
ITCMRAM          0x00000000         0x00010000         xrw
FLASH            0x08000000         0x00020000         xr
FLASH_APP        0x08020000         0x000e0000         xr
FLASH_BANK_2     0x08100000         0x00100000         xr
*default*        0x00000000         0xffffffff

Linker script and memory map

LOAD d:/hpm-compile-tool/gcc-arm-none-eabi-10.3-win/bin/../lib/gcc/arm-none-eabi/10.3.1/thumb/v7e-m+dp/hard/crti.o
LOAD d:/hpm-compile-tool/gcc-arm-none-eabi-10.3-win/bin/../lib/gcc/arm-none-eabi/10.3.1/thumb/v7e-m+dp/hard/crtbegin.o
LOAD d:/hpm-compile-tool/gcc-arm-none-eabi-10.3-win/bin/../lib/gcc/arm-none-eabi/10.3.1/../../../../arm-none-eabi/lib/thumb/v7e-m+dp/hard/crt0.o
LOAD build/main.o
LOAD build/Task_Manager.o
LOAD build/debug_util.o
LOAD build/trace_analysiser.o
LOAD build/Dev_Led.o
LOAD build/Dev_W25Qxx_QSPI.o
LOAD build/Srv_Actuator.o
LOAD build/Srv_OsCommon.o
LOAD build/Srv_ComTrans.o
LOAD build/Srv_Upgrade.o
LOAD build/Data_Convert_Util.o
LOAD build/CusQueue.o
LOAD build/YModem.o
LOAD build/util.o
LOAD build/Storage_Bus_Port.o
LOAD build/Storage_Dev_Port.o
LOAD build/Storage.o
LOAD build/croutine.o
LOAD build/event_groups.o
LOAD build/list.o
LOAD build/freertos.o
LOAD build/queue.o
LOAD build/stream_buffer.o
LOAD build/tasks.o
LOAD build/timers.o
LOAD build/cmsis_os.o
LOAD build/heap_4.o
LOAD build/port.o
LOAD build/shell_cmd_list.o
LOAD build/shell_companion.o
LOAD build/shell_ext.o
LOAD build/shell_port.o
LOAD build/shell.o
LOAD build/kernel_stm32h743.o
LOAD build/Bsp_GPIO.o
LOAD build/Bsp_SPI.o
LOAD build/Bsp_Uart.o
LOAD build/Bsp_Flash.o
LOAD build/Bsp_DMA.o
LOAD build/Bsp_Timer.o
LOAD build/Bsp_SDRAM.o
LOAD build/Bsp_QSPI.o
LOAD build/stm32h7xx_it.o
LOAD build/system_stm32h7xx.o
LOAD build/stm32h7xx_hal.o
LOAD build/stm32h7xx_hal_cortex.o
LOAD build/stm32h7xx_hal_rcc.o
LOAD build/stm32h7xx_hal_tim.o
LOAD build/stm32h7xx_hal_tim_ex.o
LOAD build/stm32h7xx_hal_rcc_ex.o
LOAD build/stm32h7xx_hal_uart.o
LOAD build/stm32h7xx_hal_uart_ex.o
LOAD build/stm32h7xx_hal_flash.o
LOAD build/stm32h7xx_hal_flash_ex.o
LOAD build/stm32h7xx_hal_gpio.o
LOAD build/stm32h7xx_hal_hsem.o
LOAD build/stm32h7xx_hal_dma.o
LOAD build/stm32h7xx_hal_dma_ex.o
LOAD build/stm32h7xx_hal_mdma.o
LOAD build/stm32h7xx_hal_pwr.o
LOAD build/stm32h7xx_hal_pwr_ex.o
LOAD build/stm32h7xx_hal_i2c.o
LOAD build/stm32h7xx_hal_i2c_ex.o
LOAD build/stm32h7xx_hal_exti.o
LOAD build/stm32h7xx_hal_spi.o
LOAD build/stm32h7xx_hal_qspi.o
LOAD build/stm32h7xx_hal_pcd.o
LOAD build/stm32h7xx_hal_pcd_ex.o
LOAD build/stm32h7xx_ll_fmc.o
LOAD build/stm32h7xx_hal_sdram.o
LOAD build/stm32h7xx_ll_usb.o
LOAD build/HW_Def.o
LOAD build/startup_stm32h743xx.o
LOAD build/trace.o
LOAD d:/hpm-compile-tool/gcc-arm-none-eabi-10.3-win/bin/../lib/gcc/arm-none-eabi/10.3.1/../../../../arm-none-eabi/lib/thumb/v7e-m+dp/hard\libc_nano.a
LOAD d:/hpm-compile-tool/gcc-arm-none-eabi-10.3-win/bin/../lib/gcc/arm-none-eabi/10.3.1/../../../../arm-none-eabi/lib/thumb/v7e-m+dp/hard\libm.a
LOAD d:/hpm-compile-tool/gcc-arm-none-eabi-10.3-win/bin/../lib/gcc/arm-none-eabi/10.3.1/../../../../arm-none-eabi/lib/thumb/v7e-m+dp/hard\libnosys.a
START GROUP
LOAD d:/hpm-compile-tool/gcc-arm-none-eabi-10.3-win/bin/../lib/gcc/arm-none-eabi/10.3.1/thumb/v7e-m+dp/hard\libgcc.a
LOAD d:/hpm-compile-tool/gcc-arm-none-eabi-10.3-win/bin/../lib/gcc/arm-none-eabi/10.3.1/../../../../arm-none-eabi/lib/thumb/v7e-m+dp/hard\libc_nano.a
END GROUP
START GROUP
LOAD d:/hpm-compile-tool/gcc-arm-none-eabi-10.3-win/bin/../lib/gcc/arm-none-eabi/10.3.1/thumb/v7e-m+dp/hard\libgcc.a
LOAD d:/hpm-compile-tool/gcc-arm-none-eabi-10.3-win/bin/../lib/gcc/arm-none-eabi/10.3.1/../../../../arm-none-eabi/lib/thumb/v7e-m+dp/hard\libc_nano.a
END GROUP
LOAD d:/hpm-compile-tool/gcc-arm-none-eabi-10.3-win/bin/../lib/gcc/arm-none-eabi/10.3.1/thumb/v7e-m+dp/hard/crtend.o
LOAD d:/hpm-compile-tool/gcc-arm-none-eabi-10.3-win/bin/../lib/gcc/arm-none-eabi/10.3.1/thumb/v7e-m+dp/hard/crtn.o
                0x20007cd8                _estack = 0x20020000
                0x00002000                _Min_Heap_Size = 0x2000
                0x00002000                _Min_Stack_Size = 0x2000
                0x00100000                FLASH_SIZE = 0x100000
                0x00020000                BOOT_SIZE = 0x20000
                0x000e0000                APP_SIZE = (FLASH_SIZE - BOOT_SIZE)
                0xc0400000                __sdram_s1_s = ORIGIN (SDRAM_SEC1)
                0xc0800000                __sdram_s1_e = (__sdram_s1_s + 0x400000)
                0xc0800000                __sdram_s2_s = ORIGIN (SDRAM_SEC2)
                0xc1000000                __sdram_s2_e = (__sdram_s2_s + 0x800000)
                0xd0000000                __sdram_s3_s = ORIGIN (SDRAM_SEC3)
                0xd1000000                __sdram_s3_e = (__sdram_s3_s + 0x1000000)
                0x08000000                __rom_s = ORIGIN (FLASH)
                0x08100000                __rom_e = (__rom_s + FLASH_SIZE)
                0x08000000                __boot_s = __rom_s
                0x08020000                __boot_e = (__boot_s + BOOT_SIZE)
                0x08020000                __app_s = __boot_e
                0x08100000                __app_e = (__app_s + APP_SIZE)

.isr_vector     0x08000000      0x298
                0x08000000                . = ALIGN (0x4)
 *(.isr_vector)
 .isr_vector    0x08000000      0x298 build/startup_stm32h743xx.o
                0x08000000                g_pfnVectors
                0x08000298                . = ALIGN (0x4)

.Os_Section     0xc0000000   0x400000
                0xc0000000                . = ALIGN (0x4)
                0xc0000000                Os_Heap_s = .
 *(.Os_Section)
 .Os_Section    0xc0000000   0x400000 build/Srv_OsCommon.o
                0xc0000000                ucHeap
 *(.Os_Section*)
                0xc0400000                . = ALIGN (0x4)
                0xc0400000                Os_Heap_e = .

.Perph_Section  0x24078000     0x5000
                0x24078000                . = ALIGN (0x4)
                0x24078000                Perph_s = .
 *(.Perph_Section)
 .Perph_Section
                0x24078000     0x1000 build/Srv_ComTrans.o
 .Perph_Section
                0x24079000     0x4000 build/Storage_Dev_Port.o
 *(.Perph_Section*)
                0x2407d000                . = ALIGN (0x4)
                0x2407d000                Perph_e = .

.text           0x080002a0    0x1d594
                0x080002a0                . = ALIGN (0x4)
 *(.text)
 .text          0x080002a0       0x40 d:/hpm-compile-tool/gcc-arm-none-eabi-10.3-win/bin/../lib/gcc/arm-none-eabi/10.3.1/thumb/v7e-m+dp/hard/crtbegin.o
 .text          0x080002e0        0xc build/trace.o
                0x080002e0                HardFault_Handler
 .text          0x080002ec       0x14 d:/hpm-compile-tool/gcc-arm-none-eabi-10.3-win/bin/../lib/gcc/arm-none-eabi/10.3.1/../../../../arm-none-eabi/lib/thumb/v7e-m+dp/hard\libc_nano.a(lib_a-strcmp.o)
                0x080002ec                strcmp
 .text          0x08000300       0x10 d:/hpm-compile-tool/gcc-arm-none-eabi-10.3-win/bin/../lib/gcc/arm-none-eabi/10.3.1/../../../../arm-none-eabi/lib/thumb/v7e-m+dp/hard\libc_nano.a(lib_a-strlen.o)
                0x08000300                strlen
 .text          0x08000310       0xa0 d:/hpm-compile-tool/gcc-arm-none-eabi-10.3-win/bin/../lib/gcc/arm-none-eabi/10.3.1/../../../../arm-none-eabi/lib/thumb/v7e-m+dp/hard\libc_nano.a(lib_a-memchr.o)
                0x08000310                memchr
 .text          0x080003b0       0x30 d:/hpm-compile-tool/gcc-arm-none-eabi-10.3-win/bin/../lib/gcc/arm-none-eabi/10.3.1/thumb/v7e-m+dp/hard\libgcc.a(_aeabi_uldivmod.o)
                0x080003b0                __aeabi_uldivmod
 .text          0x080003e0      0x2d0 d:/hpm-compile-tool/gcc-arm-none-eabi-10.3-win/bin/../lib/gcc/arm-none-eabi/10.3.1/thumb/v7e-m+dp/hard\libgcc.a(_udivmoddi4.o)
                0x080003e0                __udivmoddi4
 .text          0x080006b0        0x4 d:/hpm-compile-tool/gcc-arm-none-eabi-10.3-win/bin/../lib/gcc/arm-none-eabi/10.3.1/thumb/v7e-m+dp/hard\libgcc.a(_dvmd_tls.o)
                0x080006b0                __aeabi_idiv0
                0x080006b0                __aeabi_ldiv0
 *(.text*)
 .text.main     0x080006b4       0x2e build/main.o
                0x080006b4                main
 *fill*         0x080006e2        0x2 
 .text.Task_Manager_Init
                0x080006e4       0x78 build/Task_Manager.o
                0x080006e4                Task_Manager_Init
 .text.Task_Main_Logic
                0x0800075c      0x108 build/Task_Manager.o
                0x0800075c                Task_Main_Logic
 .text.Bootloader_Check
                0x08000864       0xe4 build/Task_Manager.o
 .text.assert   0x08000948       0x1e build/debug_util.o
                0x08000948                assert
 *fill*         0x08000966        0x2 
 .text.Debug_PrintOut
                0x08000968       0x34 build/debug_util.o
 .text.Debug_Port_Init
                0x0800099c       0x68 build/debug_util.o
                0x0800099c                Debug_Port_Init
 .text.Debug_Print
                0x08000a04      0x1bc build/debug_util.o
                0x08000a04                Debug_Print
 .text.trace_get_sp
                0x08000bc0       0x12 build/trace_analysiser.o
 .text.trace_get_psp
                0x08000bd2       0x14 build/trace_analysiser.o
 .text.trace_get_msp
                0x08000be6       0x14 build/trace_analysiser.o
 *fill*         0x08000bfa        0x2 
 .text.trace_overflow
                0x08000bfc       0x90 build/trace_analysiser.o
 .text.trace_analysiser
                0x08000c8c      0x1b0 build/trace_analysiser.o
                0x08000c8c                trace_analysiser
 .text.DevLed_Init
                0x08000e3c       0x34 build/Dev_Led.o
 .text.DevLed_Ctl
                0x08000e70       0x34 build/Dev_Led.o
 .text.DevQSPI_W25Qxx_Init
                0x08000ea4       0x54 build/Dev_W25Qxx_QSPI.o
 .text.DevQSPI_W25Qxx_ReadDevID
                0x08000ef8       0x98 build/Dev_W25Qxx_QSPI.o
 .text.DevQSPI_W25Qxx_Reset
                0x08000f90       0xcc build/Dev_W25Qxx_QSPI.o
 .text.DevQSPI_W25Qxx_AutoPollingMem
                0x0800105c       0x52 build/Dev_W25Qxx_QSPI.o
 .text.DevQSPI_W25Qxx_MemMap
                0x080010ae       0x4c build/Dev_W25Qxx_QSPI.o
 .text.DevQSPI_W25Qxx_WriteEnable
                0x080010fa       0x80 build/Dev_W25Qxx_QSPI.o
 .text.DevQSPI_W25Qxx_EraseAddr
                0x0800117a       0xa2 build/Dev_W25Qxx_QSPI.o
 .text.DevQSPI_W25Qxx_EraseChip
                0x0800121c       0xb8 build/Dev_W25Qxx_QSPI.o
 .text.DevQSPI_W25Qxx_WriteSector
                0x080012d4      0x110 build/Dev_W25Qxx_QSPI.o
 .text.DevQSPI_W25Qxx_Read
                0x080013e4       0xb6 build/Dev_W25Qxx_QSPI.o
 *fill*         0x0800149a        0x2 
 .text.DevQSPI_W25Qxx_GetInfo
                0x0800149c       0x8c build/Dev_W25Qxx_QSPI.o
 .text.DevW25Qxx_Get_Section_StartAddr
                0x08001528       0x34 build/Dev_W25Qxx_QSPI.o
 .text.SrvActuator_Init
                0x0800155c       0x24 build/Srv_Actuator.o
 .text.SrvActuator_Lock
                0x08001580       0x10 build/Srv_Actuator.o
 .text.SrvActuator_MotoControl
                0x08001590       0x14 build/Srv_Actuator.o
 .text.__enable_irq
                0x080015a4       0x10 build/Srv_OsCommon.o
 .text.__disable_irq
                0x080015b4       0x10 build/Srv_OsCommon.o
 .text.SrvOsCommon_Init
                0x080015c4       0xe4 build/Srv_OsCommon.o
 .text.SrvOsCommon_Malloc
                0x080016a8       0x94 build/Srv_OsCommon.o
 .text.SrvOsCommon_Free
                0x0800173c       0x7c build/Srv_OsCommon.o
 .text.SrvOsCommon_JumpToAddr
                0x080017b8       0x64 build/Srv_OsCommon.o
 .text.SrvOsCommon_Delay
                0x0800181c       0x16 build/Srv_OsCommon.o
 .text.SrvOsCommon_DelayUntil
                0x08001832       0x26 build/Srv_OsCommon.o
 .text.SrvComTrans_Init
                0x08001858      0x204 build/Srv_ComTrans.o
 .text.SrvComTrans_DeInit
                0x08001a5c       0x90 build/Srv_ComTrans.o
 .text.SrvComTrans_Tx_Callback
                0x08001aec       0x42 build/Srv_ComTrans.o
 *fill*         0x08001b2e        0x2 
 .text.SrvComTrans_Rx_Callback
                0x08001b30       0xb8 build/Srv_ComTrans.o
 .text.SrvComTrans_DataAvailable
                0x08001be8       0x3e build/Srv_ComTrans.o
 *fill*         0x08001c26        0x2 
 .text.SrvComTrans_Write
                0x08001c28       0x98 build/Srv_ComTrans.o
 .text.SrvComTrans_GetRecData
                0x08001cc0       0xde build/Srv_ComTrans.o
 *fill*         0x08001d9e        0x2 
 .text.SrvUpgrade_Init
                0x08001da0      0x1d8 build/Srv_Upgrade.o
 .text.SrvUpgrade_Upgrade_Firmware
                0x08001f78       0xc4 build/Srv_Upgrade.o
 .text.SrvUpgrade_Check_ForceMode_Enable
                0x0800203c      0x124 build/Srv_Upgrade.o
 .text.SrvUpgrade_Firmware_Rec_Start
                0x08002160      0x120 build/Srv_Upgrade.o
 .text.SrvUpgrade_Firmware_Rec_Pack
                0x08002280       0x74 build/Srv_Upgrade.o
 .text.SrvUpgrade_Firmware_Rec_EOT
                0x080022f4       0x28 build/Srv_Upgrade.o
 .text.SrvUpgrade_Firmware_Rec_Done
                0x0800231c      0x154 build/Srv_Upgrade.o
 .text.SrvUpgrade_Firmware_Download
                0x08002470      0x150 build/Srv_Upgrade.o
 .text.SrvUpgrade_DealRec
                0x080025c0       0x68 build/Srv_Upgrade.o
 .text.SrvUpgrade_Set_TransCallback
                0x08002628       0x20 build/Srv_Upgrade.o
 .text.SrvUpgrade_DumpFirmware
                0x08002648      0x184 build/Srv_Upgrade.o
 .text.Queue_Create_WithCertainBuff
                0x080027cc       0x6e build/CusQueue.o
 *fill*         0x0800283a        0x2 
 .text.Queue_Create_Auto
                0x0800283c       0x84 build/CusQueue.o
 .text.Queue_Reset
                0x080028c0       0x54 build/CusQueue.o
 .text.Queue_UpdateState
                0x08002914       0x80 build/CusQueue.o
 .text.Queue_PopTo
                0x08002994      0x126 build/CusQueue.o
 .text.Queue_Push
                0x08002aba       0xc2 build/CusQueue.o
 .text.Queue_Pop
                0x08002b7c       0xd0 build/CusQueue.o
 .text.Queue_GetRemain
                0x08002c4c       0x20 build/CusQueue.o
 .text.Queue_Peek
                0x08002c6c       0x94 build/CusQueue.o
 .text.Queue_GetState
                0x08002d00       0x1a build/CusQueue.o
 .text.Queue_GetSize
                0x08002d1a       0x2a build/CusQueue.o
 .text.Queue_GetCapicity
                0x08002d44       0x1a build/CusQueue.o
 *fill*         0x08002d5e        0x2 
 .text.YModem_Rx_Pack_Check
                0x08002d60      0x1b0 build/YModem.o
 .text.YModem_Rx_Check_Pack_Empty
                0x08002f10       0x48 build/YModem.o
 .text.YModem_Obj_Init
                0x08002f58       0xc8 build/YModem.o
 .text.YModem_Obj_DeInit
                0x08003020       0x3e build/YModem.o
 .text.YModem_SendByte
                0x0800305e       0x40 build/YModem.o
 *fill*         0x0800309e        0x2 
 .text.YModem_Idle_Proc
                0x080030a0      0x150 build/YModem.o
 .text.YModem_Ack_Proc
                0x080031f0      0x180 build/YModem.o
 .text.YModem_EOT_Proc
                0x08003370       0x80 build/YModem.o
 .text.YModem_RX_Done_Proc
                0x080033f0       0x2a build/YModem.o
 .text.YModem_Check_Rx_Exit
                0x0800341a       0x70 build/YModem.o
 *fill*         0x0800348a        0x2 
 .text.YModem_Rx
                0x0800348c       0xd4 build/YModem.o
 .text.YModem_Pack_File
                0x08003560      0x13e build/YModem.o
 *fill*         0x0800369e        0x2 
 .text.YModem_Pack_FileInfo
                0x080036a0      0x14c build/YModem.o
 .text.YModem_Tx_Idle_Proc
                0x080037ec       0xce build/YModem.o
 .text.YModem_Tx_DataPack_Proc
                0x080038ba       0xe8 build/YModem.o
 .text.YModme_Tx_EOT_Proc
                0x080039a2       0xae build/YModem.o
 .text.YModem_Tx_IdleACK_Proc
                0x08003a50       0xbc build/YModem.o
 .text.YModem_Check_Tx_Exit
                0x08003b0c       0xc6 build/YModem.o
 *fill*         0x08003bd2        0x2 
 .text.YModem_Tx
                0x08003bd4       0xbc build/YModem.o
 .text.Common_CRC16
                0x08003c90       0x70 build/util.o
                0x08003c90                Common_CRC16
 .text.Storage_External_Chip_Bus_Init
                0x08003d00       0xb8 build/Storage_Bus_Port.o
 .text.Storage_External_Chip_Bus_TransCMD
                0x08003db8       0x48 build/Storage_Bus_Port.o
 .text.Storage_External_Chip_Bus_Polling
                0x08003e00       0x50 build/Storage_Bus_Port.o
 .text.Storage_External_Chip_Bus_MemMap
                0x08003e50       0x28 build/Storage_Bus_Port.o
 .text.Storage_External_Chip_Bus_Read
                0x08003e78       0x34 build/Storage_Bus_Port.o
 .text.Storage_External_Chip_Bus_Write
                0x08003eac       0x34 build/Storage_Bus_Port.o
 .text.Storage_Dev_Set
                0x08003ee0      0x140 build/Storage_Dev_Port.o
 .text.Storage_Dev_Init
                0x08004020       0xd0 build/Storage_Dev_Port.o
 .text.Storage_Dev_Write_Section
                0x080040f0       0xdc build/Storage_Dev_Port.o
 .text.Storage_Dev_Read_Section
                0x080041cc       0xc8 build/Storage_Dev_Port.o
 .text.Storage_Dev_Erase_Section
                0x08004294       0xb0 build/Storage_Dev_Port.o
 .text.Storage_Dev_Param_Read
                0x08004344      0x174 build/Storage_Dev_Port.o
 .text.Storage_Dev_Param_Write
                0x080044b8      0x1d8 build/Storage_Dev_Port.o
 .text.Storage_Dev_Param_Erase
                0x08004690       0x7c build/Storage_Dev_Port.o
 .text.Storage_Malloc
                0x0800470c       0x20 build/Storage.o
                0x0800470c                Storage_Malloc
 .text.Storage_Free
                0x0800472c       0x38 build/Storage.o
                0x0800472c                Storage_Free
 .text.Storage_Init
                0x08004764      0x180 build/Storage.o
 .text.Storage_UpdateBaseInfo
                0x080048e4       0x7c build/Storage.o
 .text.Storage_Get_DevInfo
                0x08004960       0x54 build/Storage.o
 .text.Storage_Format
                0x080049b4       0xe8 build/Storage.o
 .text.Storage_Check_Tab
                0x08004a9c      0x204 build/Storage.o
 .text.Storage_Get_StorageInfo
                0x08004ca0      0x170 build/Storage.o
 .text.Storage_Clear_Tab
                0x08004e10       0x84 build/Storage.o
 .text.Storage_Search
                0x08004e94      0x224 build/Storage.o
 .text.Storage_ItemSlot_Update
                0x080050b8       0xc4 build/Storage.o
 .text.Storage_Get_Data
                0x0800517c      0x200 build/Storage.o
 .text.Storage_SlotData_Update
                0x0800537c      0x378 build/Storage.o
 .text.Storage_Link_FreeSlot
                0x080056f4      0x25c build/Storage.o
 .text.Storage_FreeSlot_CheckMerge
                0x08005950      0x110 build/Storage.o
 .text.Storage_DeleteSingleDataSlot
                0x08005a60      0x180 build/Storage.o
 .text.Storage_DeleteAllDataSlot
                0x08005be0      0x1ec build/Storage.o
 .text.Storage_DeleteItem
                0x08005dcc      0x1d8 build/Storage.o
 .text.Storage_CreateItem
                0x08005fa4      0x804 build/Storage.o
 .text.Storage_Establish_Tab
                0x080067a8      0x1f0 build/Storage.o
 .text.Storage_Build_StorageInfo
                0x08006998      0x388 build/Storage.o
 .text.Storage_Compare_ItemSlot_CRC
                0x08006d20       0x64 build/Storage.o
 .text.Storage_Comput_ItemSlot_CRC
                0x08006d84       0x50 build/Storage.o
 .text.Storage_Get_SecInfo
                0x08006dd4       0x3c build/Storage.o
 .text.Storage_Fill_ReserveSec
                0x08006e10       0xa0 build/Storage.o
 .text.Storage_Erase_FirmwareSection
                0x08006eb0       0x34 build/Storage.o
 .text.Storage_Read_Firmware
                0x08006ee4       0xfc build/Storage.o
 .text.Storage_Write_Firmware
                0x08006fe0      0x11c build/Storage.o
 .text.vListInitialise
                0x080070fc       0x40 build/list.o
                0x080070fc                vListInitialise
 .text.vListInitialiseItem
                0x0800713c       0x1a build/list.o
                0x0800713c                vListInitialiseItem
 .text.vListInsertEnd
                0x08007156       0x48 build/list.o
                0x08007156                vListInsertEnd
 .text.vListInsert
                0x0800719e       0x72 build/list.o
                0x0800719e                vListInsert
 .text.uxListRemove
                0x08007210       0x54 build/list.o
                0x08007210                uxListRemove
 .text.vApplicationGetIdleTaskMemory
                0x08007264       0x34 build/freertos.o
                0x08007264                vApplicationGetIdleTaskMemory
 .text.xQueueGenericReset
                0x08007298       0xd0 build/queue.o
                0x08007298                xQueueGenericReset
 .text.xQueueGenericCreateStatic
                0x08007368       0xf0 build/queue.o
                0x08007368                xQueueGenericCreateStatic
 .text.xQueueGenericCreate
                0x08007458       0x74 build/queue.o
                0x08007458                xQueueGenericCreate
 .text.prvInitialiseNewQueue
                0x080074cc       0x46 build/queue.o
 .text.xQueueCreateCountingSemaphoreStatic
                0x08007512       0x6e build/queue.o
                0x08007512                xQueueCreateCountingSemaphoreStatic
 .text.xQueueCreateCountingSemaphore
                0x08007580       0x66 build/queue.o
                0x08007580                xQueueCreateCountingSemaphore
 *fill*         0x080075e6        0x2 
 .text.xQueueGenericSend
                0x080075e8      0x1fc build/queue.o
                0x080075e8                xQueueGenericSend
 .text.xQueueGiveFromISR
                0x080077e4      0x11a build/queue.o
                0x080077e4                xQueueGiveFromISR
 *fill*         0x080078fe        0x2 
 .text.xQueueSemaphoreTake
                0x08007900      0x218 build/queue.o
                0x08007900                xQueueSemaphoreTake
 .text.xQueueReceiveFromISR
                0x08007b18      0x100 build/queue.o
                0x08007b18                xQueueReceiveFromISR
 .text.prvGetDisinheritPriorityAfterTimeout
                0x08007c18       0x30 build/queue.o
 .text.prvCopyDataToQueue
                0x08007c48       0xd4 build/queue.o
 .text.prvCopyDataFromQueue
                0x08007d1c       0x4c build/queue.o
 .text.prvUnlockQueue
                0x08007d68       0xa4 build/queue.o
 .text.prvIsQueueEmpty
                0x08007e0c       0x2c build/queue.o
 .text.prvIsQueueFull
                0x08007e38       0x30 build/queue.o
 .text.xTaskCreateStatic
                0x08007e68       0xba build/tasks.o
                0x08007e68                xTaskCreateStatic
 .text.xTaskCreate
                0x08007f22       0x8a build/tasks.o
                0x08007f22                xTaskCreate
 .text.prvInitialiseNewTask
                0x08007fac      0x124 build/tasks.o
 .text.prvAddNewTaskToReadyList
                0x080080d0       0xdc build/tasks.o
 .text.vTaskDelayUntil
                0x080081ac       0xfc build/tasks.o
                0x080081ac                vTaskDelayUntil
 .text.vTaskDelay
                0x080082a8       0x68 build/tasks.o
                0x080082a8                vTaskDelay
 .text.vTaskStartScheduler
                0x08008310       0xc0 build/tasks.o
                0x08008310                vTaskStartScheduler
 .text.vTaskSuspendAll
                0x080083d0       0x1c build/tasks.o
                0x080083d0                vTaskSuspendAll
 .text.xTaskResumeAll
                0x080083ec      0x138 build/tasks.o
                0x080083ec                xTaskResumeAll
 .text.xTaskGetTickCount
                0x08008524       0x20 build/tasks.o
                0x08008524                xTaskGetTickCount
 .text.xTaskGetTickCountFromISR
                0x08008544       0x24 build/tasks.o
                0x08008544                xTaskGetTickCountFromISR
 .text.pcTaskGetName
                0x08008568       0x48 build/tasks.o
                0x08008568                pcTaskGetName
 .text.xTaskIncrementTick
                0x080085b0      0x170 build/tasks.o
                0x080085b0                xTaskIncrementTick
 .text.vTaskSwitchContext
                0x08008720       0xb8 build/tasks.o
                0x08008720                vTaskSwitchContext
 .text.vTaskPlaceOnEventList
                0x080087d8       0x48 build/tasks.o
                0x080087d8                vTaskPlaceOnEventList
 .text.xTaskRemoveFromEventList
                0x08008820       0xc4 build/tasks.o
                0x08008820                xTaskRemoveFromEventList
 .text.vTaskInternalSetTimeOutState
                0x080088e4       0x2c build/tasks.o
                0x080088e4                vTaskInternalSetTimeOutState
 .text.xTaskCheckForTimeOut
                0x08008910       0xc4 build/tasks.o
                0x08008910                xTaskCheckForTimeOut
 .text.vTaskMissedYield
                0x080089d4       0x18 build/tasks.o
                0x080089d4                vTaskMissedYield
 .text.prvIdleTask
                0x080089ec       0x30 build/tasks.o
 .text.prvInitialiseTaskLists
                0x08008a1c       0x80 build/tasks.o
 .text.prvCheckTasksWaitingTermination
                0x08008a9c       0x5c build/tasks.o
 .text.prvDeleteTCB
                0x08008af8       0x5e build/tasks.o
 *fill*         0x08008b56        0x2 
 .text.prvResetNextTaskUnblockTime
                0x08008b58       0x40 build/tasks.o
 .text.xTaskGetCurrentTaskHandle
                0x08008b98       0x20 build/tasks.o
                0x08008b98                xTaskGetCurrentTaskHandle
 .text.xTaskGetCurrentTaskStack
                0x08008bb8       0x48 build/tasks.o
                0x08008bb8                xTaskGetCurrentTaskStack
 .text.xTaskGetCurrentTaskStackDeph
                0x08008c00       0x48 build/tasks.o
                0x08008c00                xTaskGetCurrentTaskStackDeph
 .text.xTaskGetSchedulerState
                0x08008c48       0x3c build/tasks.o
                0x08008c48                xTaskGetSchedulerState
 .text.xTaskPriorityInherit
                0x08008c84       0xec build/tasks.o
                0x08008c84                xTaskPriorityInherit
 .text.xTaskPriorityDisinherit
                0x08008d70      0x10c build/tasks.o
                0x08008d70                xTaskPriorityDisinherit
 .text.vTaskPriorityDisinheritAfterTimeout
                0x08008e7c      0x11c build/tasks.o
                0x08008e7c                vTaskPriorityDisinheritAfterTimeout
 .text.pvTaskIncrementMutexHeldCount
                0x08008f98       0x28 build/tasks.o
                0x08008f98                pvTaskIncrementMutexHeldCount
 .text.prvAddCurrentTaskToDelayedList
                0x08008fc0       0xcc build/tasks.o
 .text.makeFreeRtosPriority
                0x0800908c       0x30 build/cmsis_os.o
 .text.inHandlerMode
                0x080090bc       0x24 build/cmsis_os.o
 .text.osKernelStart
                0x080090e0        0xe build/cmsis_os.o
                0x080090e0                osKernelStart
 .text.osKernelSysTick
                0x080090ee       0x20 build/cmsis_os.o
                0x080090ee                osKernelSysTick
 .text.osThreadCreate
                0x0800910e       0x98 build/cmsis_os.o
                0x0800910e                osThreadCreate
 .text.osDelay  0x080091a6       0x28 build/cmsis_os.o
                0x080091a6                osDelay
 .text.osSemaphoreCreate
                0x080091ce       0x7e build/cmsis_os.o
                0x080091ce                osSemaphoreCreate
 .text.osSemaphoreWait
                0x0800924c       0x9c build/cmsis_os.o
                0x0800924c                osSemaphoreWait
 .text.osSemaphoreRelease
                0x080092e8       0x6c build/cmsis_os.o
                0x080092e8                osSemaphoreRelease
 .text.osDelayUntil
                0x08009354       0x2c build/cmsis_os.o
                0x08009354                osDelayUntil
 .text.pvPortMalloc
                0x08009380      0x198 build/heap_4.o
                0x08009380                pvPortMalloc
 .text.vPortFree
                0x08009518       0xc4 build/heap_4.o
                0x08009518                vPortFree
 .text.prvHeapInit
                0x080095dc       0xc4 build/heap_4.o
 .text.prvInsertBlockIntoFreeList
                0x080096a0       0xb4 build/heap_4.o
 .text.vPortGetHeapStats
                0x08009754       0xbc build/heap_4.o
                0x08009754                vPortGetHeapStats
 .text.pxPortInitialiseStack
                0x08009810       0x68 build/port.o
                0x08009810                pxPortInitialiseStack
 .text.prvTaskExitError
                0x08009878       0x58 build/port.o
 .text.SVC_Handler
                0x080098d0       0x28 build/port.o
                0x080098d0                SVC_Handler
 .text.prvPortStartFirstTask
                0x080098f8       0x28 build/port.o
 .text.xPortStartScheduler
                0x08009920      0x144 build/port.o
                0x08009920                xPortStartScheduler
 .text.vPortEnterCritical
                0x08009a64       0x60 build/port.o
                0x08009a64                vPortEnterCritical
 .text.vPortExitCritical
                0x08009ac4       0x54 build/port.o
                0x08009ac4                vPortExitCritical
 *fill*         0x08009b18        0x8 
 .text.PendSV_Handler
                0x08009b20       0x68 build/port.o
                0x08009b20                PendSV_Handler
 .text.xPortSysTickHandler
                0x08009b88       0x44 build/port.o
                0x08009b88                xPortSysTickHandler
 .text.vPortSetupTimerInterrupt
                0x08009bcc       0x48 build/port.o
                0x08009bcc                vPortSetupTimerInterrupt
 .text.vPortEnableVFP
                0x08009c14       0x14 build/port.o
 .text.vPortValidateInterruptPriority
                0x08009c28       0x80 build/port.o
                0x08009c28                vPortValidateInterruptPriority
 .text.shellExtNumType
                0x08009ca8       0x94 build/shell_ext.o
 .text.shellExtToNum
                0x08009d3c       0x54 build/shell_ext.o
 .text.shellExtParseChar
                0x08009d90       0xc4 build/shell_ext.o
 .text.shellExtParseString
                0x08009e54       0x90 build/shell_ext.o
 .text.shellExtParseNumber
                0x08009ee4      0x146 build/shell_ext.o
 .text.shellExtParseVar
                0x0800a02a       0x38 build/shell_ext.o
 .text.shellExtParsePara
                0x0800a062       0x82 build/shell_ext.o
                0x0800a062                shellExtParsePara
 .text.shellExtRun
                0x0800a0e4      0x15c build/shell_ext.o
                0x0800a0e4                shellExtRun
 .text.shellGetCurrent
                0x0800a240       0x64 build/shell.o
                0x0800a240                shellGetCurrent
 .text.shellWriteByte
                0x0800a2a4       0x20 build/shell.o
                0x0800a2a4                shellWriteByte
 .text.shellWriteString
                0x0800a2c4       0x38 build/shell.o
                0x0800a2c4                shellWriteString
 .text.shellWriteCommandLine
                0x0800a2fc       0x8c build/shell.o
 .text.shellCheckPermission
                0x0800a388       0x64 build/shell.o
                0x0800a388                shellCheckPermission
 .text.shellToHex
                0x0800a3ec       0x66 build/shell.o
                0x0800a3ec                shellToHex
 *fill*         0x0800a452        0x2 
 .text.shellToDec
                0x0800a454       0xb0 build/shell.o
                0x0800a454                shellToDec
 .text.shellStringCopy
                0x0800a504       0x4a build/shell.o
 .text.shellStringCompare
                0x0800a54e       0x5e build/shell.o
 .text.shellGetCommandName
                0x0800a5ac       0x78 build/shell.o
 .text.shellGetCommandDesc
                0x0800a624       0x54 build/shell.o
 .text.shellListItem
                0x0800a678       0xd8 build/shell.o
                0x0800a678                shellListItem
 .text.shellListCommand
                0x0800a750       0x88 build/shell.o
                0x0800a750                shellListCommand
 .text.shellListVar
                0x0800a7d8       0xa0 build/shell.o
                0x0800a7d8                shellListVar
 .text.shellListUser
                0x0800a878       0xa0 build/shell.o
                0x0800a878                shellListUser
 .text.shellListKey
                0x0800a918       0xa0 build/shell.o
                0x0800a918                shellListKey
 .text.shellListAll
                0x0800a9b8       0x16 build/shell.o
                0x0800a9b8                shellListAll
 *fill*         0x0800a9ce        0x2 
 .text.shellDeleteCommandLine
                0x0800a9d0       0x30 build/shell.o
                0x0800a9d0                shellDeleteCommandLine
 .text.shellClearCommandLine
                0x0800aa00       0x4a build/shell.o
                0x0800aa00                shellClearCommandLine
 .text.shellDeleteByte
                0x0800aa4a      0x186 build/shell.o
                0x0800aa4a                shellDeleteByte
 .text.shellParserParam
                0x0800abd0      0x10a build/shell.o
 .text.shellRemoveParamQuotes
                0x0800acda       0xa8 build/shell.o
 .text.shellSeekCommand
                0x0800ad82       0xb8 build/shell.o
                0x0800ad82                shellSeekCommand
 *fill*         0x0800ae3a        0x2 
 .text.shellGetVarValue
                0x0800ae3c       0x94 build/shell.o
                0x0800ae3c                shellGetVarValue
 .text.shellSetVarValue
                0x0800aed0       0xe8 build/shell.o
                0x0800aed0                shellSetVarValue
 .text.shellShowVar
                0x0800afb8       0xf0 build/shell.o
 .text.shellSetVar
                0x0800b0a8       0x8c build/shell.o
                0x0800b0a8                shellSetVar
 .text.shellRunCommand
                0x0800b134       0xea build/shell.o
                0x0800b134                shellRunCommand
 *fill*         0x0800b21e        0x2 
 .text.shellCheckPassword
                0x0800b220       0x60 build/shell.o
 .text.shellSetUser
                0x0800b280       0x90 build/shell.o
 .text.shellWriteReturnValue
                0x0800b310       0xa8 build/shell.o
 .text.shellHistoryAdd
                0x0800b3b8       0xbc build/shell.o
 .text.shellHistory
                0x0800b474      0x128 build/shell.o
 .text.shellExec
                0x0800b59c       0xa4 build/shell.o
                0x0800b59c                shellExec
 .text.shellUp  0x0800b640       0x18 build/shell.o
                0x0800b640                shellUp
 .text.shellDown
                0x0800b658       0x1a build/shell.o
                0x0800b658                shellDown
 .text.shellRight
                0x0800b672       0x38 build/shell.o
                0x0800b672                shellRight
 .text.shellLeft
                0x0800b6aa       0x2c build/shell.o
                0x0800b6aa                shellLeft
 *fill*         0x0800b6d6        0x2 
 .text.shellTab
                0x0800b6d8      0x1a8 build/shell.o
                0x0800b6d8                shellTab
 .text.shellBackspace
                0x0800b880       0x18 build/shell.o
                0x0800b880                shellBackspace
 .text.shellDelete
                0x0800b898       0x1a build/shell.o
                0x0800b898                shellDelete
 .text.shellEnter
                0x0800b8b2       0x1e build/shell.o
                0x0800b8b2                shellEnter
 .text.shellHelp
                0x0800b8d0       0xa0 build/shell.o
                0x0800b8d0                shellHelp
 .text.shellUsers
                0x0800b970       0x20 build/shell.o
                0x0800b970                shellUsers
 .text.shellCmds
                0x0800b990       0x20 build/shell.o
                0x0800b990                shellCmds
 .text.shellVars
                0x0800b9b0       0x20 build/shell.o
                0x0800b9b0                shellVars
 .text.shellKeys
                0x0800b9d0       0x20 build/shell.o
                0x0800b9d0                shellKeys
 .text.shellClear
                0x0800b9f0       0x2c build/shell.o
                0x0800b9f0                shellClear
 .text.__NVIC_SystemReset
                0x0800ba1c       0x2c build/kernel_stm32h743.o
 .text.Kernel_Init
                0x0800ba48      0x104 build/kernel_stm32h743.o
                0x0800ba48                Kernel_Init
 .text.Kernel_MPU_Config
                0x0800bb4c       0x5a build/kernel_stm32h743.o
                0x0800bb4c                Kernel_MPU_Config
 *fill*         0x0800bba6        0x2 
 .text.KernelClock_Init
                0x0800bba8      0x120 build/kernel_stm32h743.o
 .text.Kernel_Sys_BaseTick_Init
                0x0800bcc8       0x64 build/kernel_stm32h743.o
                0x0800bcc8                Kernel_Sys_BaseTick_Init
 .text.Kernel_EnableTimer_IRQ
                0x0800bd2c       0x30 build/kernel_stm32h743.o
                0x0800bd2c                Kernel_EnableTimer_IRQ
 .text.Kernel_DisableTimer_IRQ
                0x0800bd5c       0x30 build/kernel_stm32h743.o
                0x0800bd5c                Kernel_DisableTimer_IRQ
 .text.Kernel_TickVal_To_Us
                0x0800bd8c       0x34 build/kernel_stm32h743.o
                0x0800bd8c                Kernel_TickVal_To_Us
 .text.Kernel_Get_PeriodValue
                0x0800bdc0       0x28 build/kernel_stm32h743.o
                0x0800bdc0                Kernel_Get_PeriodValue
 .text.Kernel_Set_PeriodValue
                0x0800bde8       0x94 build/kernel_stm32h743.o
                0x0800bde8                Kernel_Set_PeriodValue
 .text.Kernel_Get_SysTimer_TickUnit
                0x0800be7c       0x28 build/kernel_stm32h743.o
                0x0800be7c                Kernel_Get_SysTimer_TickUnit
 .text.Kernel_Set_SysTimer_TickUnit
                0x0800bea4       0x4c build/kernel_stm32h743.o
                0x0800bea4                Kernel_Set_SysTimer_TickUnit
 .text.Kernel_BaseTick_DeInit
                0x0800bef0       0x30 build/kernel_stm32h743.o
                0x0800bef0                Kernel_BaseTick_DeInit
 .text.HAL_TIM_Base_MspInit
                0x0800bf20       0x90 build/kernel_stm32h743.o
                0x0800bf20                HAL_TIM_Base_MspInit
 .text.HAL_TIM_Base_MspDeInit
                0x0800bfb0       0x60 build/kernel_stm32h743.o
                0x0800bfb0                HAL_TIM_Base_MspDeInit
 .text.Kernel_BaseTick_Init
                0x0800c010       0x5c build/kernel_stm32h743.o
                0x0800c010                Kernel_BaseTick_Init
 .text.HAL_MspInit
                0x0800c06c       0x3c build/kernel_stm32h743.o
                0x0800c06c                HAL_MspInit
 .text.Kernel_reboot
                0x0800c0a8       0x16 build/kernel_stm32h743.o
                0x0800c0a8                Kernel_reboot
 .text.BspGPIO_GetEXTI_Index
                0x0800c0be       0x42 build/Bsp_GPIO.o
 .text.BspGPIO_CLK_Enable
                0x0800c100      0x1fc build/Bsp_GPIO.o
 .text.BspGPIO_GetExti_IRQnID
                0x0800c2fc      0x148 build/Bsp_GPIO.o
 .text.BspGPIO_ExtiSetMode
                0x0800c444       0xc2 build/Bsp_GPIO.o
 *fill*         0x0800c506        0x2 
 .text.BspGPIO_ResetExtiCallback
                0x0800c508       0x30 build/Bsp_GPIO.o
 .text.BspGPIO_Alternate_Init
                0x0800c538       0x52 build/Bsp_GPIO.o
 .text.BspGPIO_Input_Init
                0x0800c58a       0x3c build/Bsp_GPIO.o
 *fill*         0x0800c5c6        0x2 
 .text.BspGPIO_ExtiInit
                0x0800c5c8       0x98 build/Bsp_GPIO.o
 .text.BspGPIO_Output_Init
                0x0800c660       0x52 build/Bsp_GPIO.o
 .text.BspGPIO_Read
                0x0800c6b2       0x2c build/Bsp_GPIO.o
 .text.BspGPIO_Write
                0x0800c6de       0x22 build/Bsp_GPIO.o
 .text.HAL_GPIO_EXTI_Callback
                0x0800c700       0x48 build/Bsp_GPIO.o
                0x0800c700                HAL_GPIO_EXTI_Callback
 .text.BspUart_Init_Clock
                0x0800c748      0x1b8 build/Bsp_Uart.o
 .text.BspUart_Init_DMA
                0x0800c900      0x254 build/Bsp_Uart.o
 .text.BspUart_SetIRQ
                0x0800cb54       0xc0 build/Bsp_Uart.o
 .text.BspUart_Init
                0x0800cc14      0x214 build/Bsp_Uart.o
 .text.BspUart_DeInit
                0x0800ce28      0x16c build/Bsp_Uart.o
 .text.BspUart_Set_DataBit
                0x0800cf94       0x4a build/Bsp_Uart.o
 .text.BspUart_Set_Parity
                0x0800cfde       0x4a build/Bsp_Uart.o
 .text.BspUart_Set_StopBit
                0x0800d028       0x4a build/Bsp_Uart.o
 .text.BspUart_Swap_Pin
                0x0800d072       0x64 build/Bsp_Uart.o
 *fill*         0x0800d0d6        0x2 
 .text.BspUart_GetObj_Handle
                0x0800d0d8       0x30 build/Bsp_Uart.o
                0x0800d0d8                BspUart_GetObj_Handle
 .text.BspUart_Transfer
                0x0800d108       0x8c build/Bsp_Uart.o
 .text.BspUart_DMAStopRx
                0x0800d194       0x94 build/Bsp_Uart.o
 .text.BspUart_Set_Rx_Callback
                0x0800d228       0x28 build/Bsp_Uart.o
 .text.BspUart_Set_Tx_Callback
                0x0800d250       0x28 build/Bsp_Uart.o
 .text.UART_IRQ_Callback
                0x0800d278      0x324 build/Bsp_Uart.o
                0x0800d278                UART_IRQ_Callback
 .text.HAL_UART_RxCpltCallback
                0x0800d59c      0x15c build/Bsp_Uart.o
                0x0800d59c                HAL_UART_RxCpltCallback
 .text.HAL_UART_TxCpltCallback
                0x0800d6f8       0xb4 build/Bsp_Uart.o
                0x0800d6f8                HAL_UART_TxCpltCallback
 .text.HAL_UART_ErrorCallback
                0x0800d7ac       0xe4 build/Bsp_Uart.o
                0x0800d7ac                HAL_UART_ErrorCallback
 .text.BspFlash_Init
                0x0800d890       0xe0 build/Bsp_Flash.o
 .text.BspFlash_DeInit
                0x0800d970       0x10 build/Bsp_Flash.o
 .text.BspFlash_Read_From_Addr
                0x0800d980      0x128 build/Bsp_Flash.o
 .text.BspFlash_Write_To_Addr
                0x0800daa8      0x194 build/Bsp_Flash.o
 .text.BspFlash_Erase
                0x0800dc3c      0x174 build/Bsp_Flash.o
 .text.BspFlash_Get_Sector
                0x0800ddb0      0x1a8 build/Bsp_Flash.o
 .text.BspDMA_Get_Instance
                0x0800df58       0xf4 build/Bsp_DMA.o
 .text.BspDMA_DeInit
                0x0800e04c       0xbc build/Bsp_DMA.o
 .text.BspDMA_Regist_Obj
                0x0800e108       0x90 build/Bsp_DMA.o
 .text.BspDMA_Unregist_Obj
                0x0800e198       0x70 build/Bsp_DMA.o
 .text.BspDMA_Get_Handle
                0x0800e208       0x6c build/Bsp_DMA.o
 .text.BspDMA_EnableIRQ
                0x0800e274       0x50 build/Bsp_DMA.o
 .text.BspDMA_Get_IrqType
                0x0800e2c4       0xf0 build/Bsp_DMA.o
 .text.BspTimer_Get_Tick_HandlePtr
                0x0800e3b4       0x7c build/Bsp_Timer.o
                0x0800e3b4                BspTimer_Get_Tick_HandlePtr
 .text.BspSDRAM_Get_BankArea
                0x0800e430       0x2c build/Bsp_SDRAM.o
 .text.BspSDRAM_Get_BankNum
                0x0800e45c       0x2c build/Bsp_SDRAM.o
 .text.BspSDRAM_Get_RowBits
                0x0800e488       0x38 build/Bsp_SDRAM.o
 .text.BspSDRAM_Get_ColumnBits
                0x0800e4c0       0x48 build/Bsp_SDRAM.o
 .text.BspSDRAM_Bus_Width
                0x0800e508       0x38 build/Bsp_SDRAM.o
 .text.BspSDRAM_Init
                0x0800e540      0x268 build/Bsp_SDRAM.o
                0x0800e540                BspSDRAM_Init
 .text.BspQSPI_Init
                0x0800e7a8       0xf0 build/Bsp_QSPI.o
 .text.BspQSPI_Trans
                0x0800e898       0x4e build/Bsp_QSPI.o
 .text.BspQSPI_Recv
                0x0800e8e6       0x4e build/Bsp_QSPI.o
 .text.BspQSPI_Command
                0x0800e934       0xa4 build/Bsp_QSPI.o
 .text.BspQSPI_Polling
                0x0800e9d8       0xf0 build/Bsp_QSPI.o
 .text.BspQSPI_MemMap
                0x0800eac8       0xa4 build/Bsp_QSPI.o
 .text.BspQSPI_Check_CMD
                0x0800eb6c      0x128 build/Bsp_QSPI.o
 .text.NMI_Handler
                0x0800ec94        0x6 build/stm32h7xx_it.o
                0x0800ec94                NMI_Handler
 .text.MemManage_Handler
                0x0800ec9a        0x6 build/stm32h7xx_it.o
                0x0800ec9a                MemManage_Handler
 .text.BusFault_Handler
                0x0800eca0        0x6 build/stm32h7xx_it.o
                0x0800eca0                BusFault_Handler
 .text.UsageFault_Handler
                0x0800eca6        0x6 build/stm32h7xx_it.o
                0x0800eca6                UsageFault_Handler
 .text.DebugMon_Handler
                0x0800ecac        0xe build/stm32h7xx_it.o
                0x0800ecac                DebugMon_Handler
 .text.SysTick_Handler
                0x0800ecba        0xe build/stm32h7xx_it.o
                0x0800ecba                SysTick_Handler
 .text.OTG_FS_IRQHandler
                0x0800ecc8        0xe build/stm32h7xx_it.o
                0x0800ecc8                OTG_FS_IRQHandler
 .text.EXTI0_IRQHandler
                0x0800ecd6        0xe build/stm32h7xx_it.o
                0x0800ecd6                EXTI0_IRQHandler
 .text.EXTI1_IRQHandler
                0x0800ece4        0xe build/stm32h7xx_it.o
                0x0800ece4                EXTI1_IRQHandler
 .text.EXTI2_IRQHandler
                0x0800ecf2        0xe build/stm32h7xx_it.o
                0x0800ecf2                EXTI2_IRQHandler
 .text.EXTI3_IRQHandler
                0x0800ed00        0xe build/stm32h7xx_it.o
                0x0800ed00                EXTI3_IRQHandler
 .text.EXTI4_IRQHandler
                0x0800ed0e        0xe build/stm32h7xx_it.o
                0x0800ed0e                EXTI4_IRQHandler
 .text.EXTI9_5_IRQHandler
                0x0800ed1c       0x2a build/stm32h7xx_it.o
                0x0800ed1c                EXTI9_5_IRQHandler
 .text.EXTI15_10_IRQHandler
                0x0800ed46       0x38 build/stm32h7xx_it.o
                0x0800ed46                EXTI15_10_IRQHandler
 .text.SDMMC1_IRQHandler
                0x0800ed7e        0xe build/stm32h7xx_it.o
                0x0800ed7e                SDMMC1_IRQHandler
 .text.MDMA_IRQHandler
                0x0800ed8c        0xe build/stm32h7xx_it.o
                0x0800ed8c                MDMA_IRQHandler
 *fill*         0x0800ed9a        0x2 
 .text.DMA1_Stream0_IRQHandler
                0x0800ed9c       0x30 build/stm32h7xx_it.o
                0x0800ed9c                DMA1_Stream0_IRQHandler
 .text.DMA1_Stream1_IRQHandler
                0x0800edcc       0x30 build/stm32h7xx_it.o
                0x0800edcc                DMA1_Stream1_IRQHandler
 .text.DMA1_Stream2_IRQHandler
                0x0800edfc       0x30 build/stm32h7xx_it.o
                0x0800edfc                DMA1_Stream2_IRQHandler
 .text.DMA1_Stream3_IRQHandler
                0x0800ee2c       0x30 build/stm32h7xx_it.o
                0x0800ee2c                DMA1_Stream3_IRQHandler
 .text.DMA1_Stream4_IRQHandler
                0x0800ee5c       0x30 build/stm32h7xx_it.o
                0x0800ee5c                DMA1_Stream4_IRQHandler
 .text.DMA1_Stream5_IRQHandler
                0x0800ee8c       0x30 build/stm32h7xx_it.o
                0x0800ee8c                DMA1_Stream5_IRQHandler
 .text.DMA2_Stream0_IRQHandler
                0x0800eebc       0x30 build/stm32h7xx_it.o
                0x0800eebc                DMA2_Stream0_IRQHandler
 .text.DMA2_Stream1_IRQHandler
                0x0800eeec       0x30 build/stm32h7xx_it.o
                0x0800eeec                DMA2_Stream1_IRQHandler
 .text.USART1_IRQHandler
                0x0800ef1c       0x3c build/stm32h7xx_it.o
                0x0800ef1c                USART1_IRQHandler
 .text.UART4_IRQHandler
                0x0800ef58       0x3c build/stm32h7xx_it.o
                0x0800ef58                UART4_IRQHandler
 .text.USART6_IRQHandler
                0x0800ef94       0x3c build/stm32h7xx_it.o
                0x0800ef94                USART6_IRQHandler
 .text.UART7_IRQHandler
                0x0800efd0       0x3c build/stm32h7xx_it.o
                0x0800efd0                UART7_IRQHandler
 .text.TIM7_IRQHandler
                0x0800f00c       0x22 build/stm32h7xx_it.o
                0x0800f00c                TIM7_IRQHandler
 *fill*         0x0800f02e        0x2 
 .text.TIM17_IRQHandler
                0x0800f030       0x18 build/stm32h7xx_it.o
                0x0800f030                TIM17_IRQHandler
 .text.TIM16_IRQHandler
                0x0800f048       0x20 build/stm32h7xx_it.o
                0x0800f048                TIM16_IRQHandler
 .text.SystemInit
                0x0800f068      0x110 build/system_stm32h7xx.o
                0x0800f068                SystemInit
 .text.HAL_Init
                0x0800f178       0x78 build/stm32h7xx_hal.o
                0x0800f178                HAL_Init
 .text.HAL_InitTick
                0x0800f1f0       0x6c build/stm32h7xx_hal.o
                0x0800f1f0                HAL_InitTick
 .text.HAL_IncTick
                0x0800f25c       0x28 build/stm32h7xx_hal.o
                0x0800f25c                HAL_IncTick
 .text.HAL_GetTick
                0x0800f284       0x18 build/stm32h7xx_hal.o
                0x0800f284                HAL_GetTick
 .text.HAL_Delay
                0x0800f29c       0x48 build/stm32h7xx_hal.o
                0x0800f29c                HAL_Delay
 .text.HAL_GetREVID
                0x0800f2e4       0x18 build/stm32h7xx_hal.o
                0x0800f2e4                HAL_GetREVID
 .text.__NVIC_SetPriorityGrouping
                0x0800f2fc       0x48 build/stm32h7xx_hal_cortex.o
 .text.__NVIC_GetPriorityGrouping
                0x0800f344       0x1c build/stm32h7xx_hal_cortex.o
 .text.__NVIC_EnableIRQ
                0x0800f360       0x3c build/stm32h7xx_hal_cortex.o
 .text.__NVIC_DisableIRQ
                0x0800f39c       0x48 build/stm32h7xx_hal_cortex.o
 .text.__NVIC_SetPriority
                0x0800f3e4       0x54 build/stm32h7xx_hal_cortex.o
 .text.NVIC_EncodePriority
                0x0800f438       0x66 build/stm32h7xx_hal_cortex.o
 *fill*         0x0800f49e        0x2 
 .text.SysTick_Config
                0x0800f4a0       0x44 build/stm32h7xx_hal_cortex.o
 .text.HAL_NVIC_SetPriorityGrouping
                0x0800f4e4       0x16 build/stm32h7xx_hal_cortex.o
                0x0800f4e4                HAL_NVIC_SetPriorityGrouping
 .text.HAL_NVIC_SetPriority
                0x0800f4fa       0x34 build/stm32h7xx_hal_cortex.o
                0x0800f4fa                HAL_NVIC_SetPriority
 .text.HAL_NVIC_EnableIRQ
                0x0800f52e       0x1c build/stm32h7xx_hal_cortex.o
                0x0800f52e                HAL_NVIC_EnableIRQ
 .text.HAL_NVIC_DisableIRQ
                0x0800f54a       0x1c build/stm32h7xx_hal_cortex.o
                0x0800f54a                HAL_NVIC_DisableIRQ
 .text.HAL_SYSTICK_Config
                0x0800f566       0x18 build/stm32h7xx_hal_cortex.o
                0x0800f566                HAL_SYSTICK_Config
 *fill*         0x0800f57e        0x2 
 .text.HAL_MPU_Disable
                0x0800f580       0x30 build/stm32h7xx_hal_cortex.o
                0x0800f580                HAL_MPU_Disable
 .text.HAL_MPU_Enable
                0x0800f5b0       0x40 build/stm32h7xx_hal_cortex.o
                0x0800f5b0                HAL_MPU_Enable
 .text.HAL_MPU_ConfigRegion
                0x0800f5f0       0x88 build/stm32h7xx_hal_cortex.o
                0x0800f5f0                HAL_MPU_ConfigRegion
 .text.HAL_RCC_OscConfig
                0x0800f678      0x85c build/stm32h7xx_hal_rcc.o
                0x0800f678                HAL_RCC_OscConfig
 .text.HAL_RCC_ClockConfig
                0x0800fed4      0x36c build/stm32h7xx_hal_rcc.o
                0x0800fed4                HAL_RCC_ClockConfig
 .text.HAL_RCC_GetSysClockFreq
                0x08010240      0x2f4 build/stm32h7xx_hal_rcc.o
                0x08010240                HAL_RCC_GetSysClockFreq
 .text.HAL_RCC_GetHCLKFreq
                0x08010534       0x60 build/stm32h7xx_hal_rcc.o
                0x08010534                HAL_RCC_GetHCLKFreq
 .text.HAL_RCC_GetPCLK1Freq
                0x08010594       0x2c build/stm32h7xx_hal_rcc.o
                0x08010594                HAL_RCC_GetPCLK1Freq
 .text.HAL_RCC_GetPCLK2Freq
                0x080105c0       0x2c build/stm32h7xx_hal_rcc.o
                0x080105c0                HAL_RCC_GetPCLK2Freq
 .text.HAL_TIM_Base_Init
                0x080105ec       0xae build/stm32h7xx_hal_tim.o
                0x080105ec                HAL_TIM_Base_Init
 .text.HAL_TIM_Base_DeInit
                0x0801069a       0xb8 build/stm32h7xx_hal_tim.o
                0x0801069a                HAL_TIM_Base_DeInit
 *fill*         0x08010752        0x2 
 .text.HAL_TIM_Base_Start_IT
                0x08010754       0xf0 build/stm32h7xx_hal_tim.o
                0x08010754                HAL_TIM_Base_Start_IT
 .text.HAL_TIM_Base_Stop_IT
                0x08010844       0x5e build/stm32h7xx_hal_tim.o
                0x08010844                HAL_TIM_Base_Stop_IT
 .text.HAL_TIM_IRQHandler
                0x080108a2      0x23e build/stm32h7xx_hal_tim.o
                0x080108a2                HAL_TIM_IRQHandler
 .text.HAL_TIM_PeriodElapsedCallback
                0x08010ae0       0x14 build/stm32h7xx_hal_tim.o
                0x08010ae0                HAL_TIM_PeriodElapsedCallback
 .text.HAL_TIM_OC_DelayElapsedCallback
                0x08010af4       0x14 build/stm32h7xx_hal_tim.o
                0x08010af4                HAL_TIM_OC_DelayElapsedCallback
 .text.HAL_TIM_IC_CaptureCallback
                0x08010b08       0x14 build/stm32h7xx_hal_tim.o
                0x08010b08                HAL_TIM_IC_CaptureCallback
 .text.HAL_TIM_PWM_PulseFinishedCallback
                0x08010b1c       0x14 build/stm32h7xx_hal_tim.o
                0x08010b1c                HAL_TIM_PWM_PulseFinishedCallback
 .text.HAL_TIM_TriggerCallback
                0x08010b30       0x14 build/stm32h7xx_hal_tim.o
                0x08010b30                HAL_TIM_TriggerCallback
 .text.TIM_Base_SetConfig
                0x08010b44      0x134 build/stm32h7xx_hal_tim.o
                0x08010b44                TIM_Base_SetConfig
 .text.HAL_TIMEx_CommutCallback
                0x08010c78       0x14 build/stm32h7xx_hal_tim_ex.o
                0x08010c78                HAL_TIMEx_CommutCallback
 .text.HAL_TIMEx_BreakCallback
                0x08010c8c       0x14 build/stm32h7xx_hal_tim_ex.o
                0x08010c8c                HAL_TIMEx_BreakCallback
 .text.HAL_TIMEx_Break2Callback
                0x08010ca0       0x14 build/stm32h7xx_hal_tim_ex.o
                0x08010ca0                HAL_TIMEx_Break2Callback
 .text.HAL_RCCEx_PeriphCLKConfig
                0x08010cb4      0xe8c build/stm32h7xx_hal_rcc_ex.o
                0x08010cb4                HAL_RCCEx_PeriphCLKConfig
 .text.HAL_RCCEx_GetD3PCLK1Freq
                0x08011b40       0x2c build/stm32h7xx_hal_rcc_ex.o
                0x08011b40                HAL_RCCEx_GetD3PCLK1Freq
 .text.HAL_RCCEx_GetPLL2ClockFreq
                0x08011b6c      0x2a8 build/stm32h7xx_hal_rcc_ex.o
                0x08011b6c                HAL_RCCEx_GetPLL2ClockFreq
 .text.HAL_RCCEx_GetPLL3ClockFreq
                0x08011e14      0x2a8 build/stm32h7xx_hal_rcc_ex.o
                0x08011e14                HAL_RCCEx_GetPLL3ClockFreq
 .text.RCCEx_PLL2_Config
                0x080120bc      0x164 build/stm32h7xx_hal_rcc_ex.o
 .text.RCCEx_PLL3_Config
                0x08012220      0x164 build/stm32h7xx_hal_rcc_ex.o
 .text.HAL_UART_Init
                0x08012384       0xa0 build/stm32h7xx_hal_uart.o
                0x08012384                HAL_UART_Init
 .text.HAL_UART_DeInit
                0x08012424       0x78 build/stm32h7xx_hal_uart.o
                0x08012424                HAL_UART_DeInit
 .text.HAL_UART_MspInit
                0x0801249c       0x14 build/stm32h7xx_hal_uart.o
                0x0801249c                HAL_UART_MspInit
 .text.HAL_UART_MspDeInit
                0x080124b0       0x14 build/stm32h7xx_hal_uart.o
                0x080124b0                HAL_UART_MspDeInit
 .text.HAL_UART_Transmit
                0x080124c4      0x12c build/stm32h7xx_hal_uart.o
                0x080124c4                HAL_UART_Transmit
 .text.HAL_UART_Receive_IT
                0x080125f0       0xac build/stm32h7xx_hal_uart.o
                0x080125f0                HAL_UART_Receive_IT
 .text.HAL_UART_Transmit_DMA
                0x0801269c      0x124 build/stm32h7xx_hal_uart.o
                0x0801269c                HAL_UART_Transmit_DMA
 .text.HAL_UART_Receive_DMA
                0x080127c0       0xac build/stm32h7xx_hal_uart.o
                0x080127c0                HAL_UART_Receive_DMA
 .text.HAL_UART_DMAStop
                0x0801286c      0x126 build/stm32h7xx_hal_uart.o
                0x0801286c                HAL_UART_DMAStop
 *fill*         0x08012992        0x2 
 .text.HAL_UART_AbortReceive_IT
                0x08012994      0x194 build/stm32h7xx_hal_uart.o
                0x08012994                HAL_UART_AbortReceive_IT
 .text.HAL_UART_IRQHandler
                0x08012b28      0x73c build/stm32h7xx_hal_uart.o
                0x08012b28                HAL_UART_IRQHandler
 .text.HAL_UART_TxHalfCpltCallback
                0x08013264       0x14 build/stm32h7xx_hal_uart.o
                0x08013264                HAL_UART_TxHalfCpltCallback
 .text.HAL_UART_RxHalfCpltCallback
                0x08013278       0x14 build/stm32h7xx_hal_uart.o
                0x08013278                HAL_UART_RxHalfCpltCallback
 .text.HAL_UART_AbortReceiveCpltCallback
                0x0801328c       0x14 build/stm32h7xx_hal_uart.o
                0x0801328c                HAL_UART_AbortReceiveCpltCallback
 .text.HAL_UARTEx_RxEventCallback
                0x080132a0       0x18 build/stm32h7xx_hal_uart.o
                0x080132a0                HAL_UARTEx_RxEventCallback
 .text.UART_SetConfig
                0x080132b8      0xad0 build/stm32h7xx_hal_uart.o
                0x080132b8                UART_SetConfig
 .text.UART_AdvFeatureConfig
                0x08013d88      0x144 build/stm32h7xx_hal_uart.o
                0x08013d88                UART_AdvFeatureConfig
 .text.UART_CheckIdleState
                0x08013ecc       0x96 build/stm32h7xx_hal_uart.o
                0x08013ecc                UART_CheckIdleState
 .text.UART_WaitOnFlagUntilTimeout
                0x08013f62      0x190 build/stm32h7xx_hal_uart.o
                0x08013f62                UART_WaitOnFlagUntilTimeout
 *fill*         0x080140f2        0x2 
 .text.UART_Start_Receive_IT
                0x080140f4      0x254 build/stm32h7xx_hal_uart.o
                0x080140f4                UART_Start_Receive_IT
 .text.UART_Start_Receive_DMA
                0x08014348      0x150 build/stm32h7xx_hal_uart.o
                0x08014348                UART_Start_Receive_DMA
 .text.UART_EndTxTransfer
                0x08014498       0x82 build/stm32h7xx_hal_uart.o
 *fill*         0x0801451a        0x2 
 .text.UART_EndRxTransfer
                0x0801451c       0xcc build/stm32h7xx_hal_uart.o
 .text.UART_DMATransmitCplt
                0x080145e8       0x96 build/stm32h7xx_hal_uart.o
 .text.UART_DMATxHalfCplt
                0x0801467e       0x1c build/stm32h7xx_hal_uart.o
 .text.UART_DMAReceiveCplt
                0x0801469a      0x122 build/stm32h7xx_hal_uart.o
 .text.UART_DMARxHalfCplt
                0x080147bc       0x38 build/stm32h7xx_hal_uart.o
 .text.UART_DMAError
                0x080147f4       0x80 build/stm32h7xx_hal_uart.o
 .text.UART_DMAAbortOnError
                0x08014874       0x2c build/stm32h7xx_hal_uart.o
 .text.UART_DMARxOnlyAbortCallback
                0x080148a0       0x4a build/stm32h7xx_hal_uart.o
 .text.UART_EndTransmit_IT
                0x080148ea       0x56 build/stm32h7xx_hal_uart.o
 .text.UART_RxISR_8BIT
                0x08014940      0x160 build/stm32h7xx_hal_uart.o
 .text.UART_RxISR_16BIT
                0x08014aa0      0x160 build/stm32h7xx_hal_uart.o
 .text.UART_RxISR_8BIT_FIFOEN
                0x08014c00      0x2f8 build/stm32h7xx_hal_uart.o
 .text.UART_RxISR_16BIT_FIFOEN
                0x08014ef8      0x300 build/stm32h7xx_hal_uart.o
 .text.HAL_UARTEx_WakeupCallback
                0x080151f8       0x14 build/stm32h7xx_hal_uart_ex.o
                0x080151f8                HAL_UARTEx_WakeupCallback
 .text.HAL_UARTEx_RxFifoFullCallback
                0x0801520c       0x14 build/stm32h7xx_hal_uart_ex.o
                0x0801520c                HAL_UARTEx_RxFifoFullCallback
 .text.HAL_UARTEx_TxFifoEmptyCallback
                0x08015220       0x14 build/stm32h7xx_hal_uart_ex.o
                0x08015220                HAL_UARTEx_TxFifoEmptyCallback
 .text.HAL_UARTEx_DisableFifoMode
                0x08015234       0x72 build/stm32h7xx_hal_uart_ex.o
                0x08015234                HAL_UARTEx_DisableFifoMode
 .text.HAL_UARTEx_SetTxFifoThreshold
                0x080152a6       0x7c build/stm32h7xx_hal_uart_ex.o
                0x080152a6                HAL_UARTEx_SetTxFifoThreshold
 .text.HAL_UARTEx_SetRxFifoThreshold
                0x08015322       0x7c build/stm32h7xx_hal_uart_ex.o
                0x08015322                HAL_UARTEx_SetRxFifoThreshold
 *fill*         0x0801539e        0x2 
 .text.UARTEx_SetNbDataToProcess
                0x080153a0       0x9c build/stm32h7xx_hal_uart_ex.o
 .text.HAL_FLASH_Program
                0x0801543c      0x124 build/stm32h7xx_hal_flash.o
                0x0801543c                HAL_FLASH_Program
 .text.HAL_FLASH_Unlock
                0x08015560       0x74 build/stm32h7xx_hal_flash.o
                0x08015560                HAL_FLASH_Unlock
 .text.HAL_FLASH_Lock
                0x080155d4       0x54 build/stm32h7xx_hal_flash.o
                0x080155d4                HAL_FLASH_Lock
 .text.HAL_FLASH_OB_Unlock
                0x08015628       0x44 build/stm32h7xx_hal_flash.o
                0x08015628                HAL_FLASH_OB_Unlock
 .text.HAL_FLASH_OB_Lock
                0x0801566c       0x30 build/stm32h7xx_hal_flash.o
                0x0801566c                HAL_FLASH_OB_Lock
 .text.HAL_FLASH_OB_Launch
                0x0801569c       0x64 build/stm32h7xx_hal_flash.o
                0x0801569c                HAL_FLASH_OB_Launch
 .text.FLASH_WaitForLastOperation
                0x08015700      0x138 build/stm32h7xx_hal_flash.o
                0x08015700                FLASH_WaitForLastOperation
 .text.FLASH_OB_WaitForLastOperation
                0x08015838       0x78 build/stm32h7xx_hal_flash.o
                0x08015838                FLASH_OB_WaitForLastOperation
 .text.FLASH_CRC_WaitForLastOperation
                0x080158b0       0xf4 build/stm32h7xx_hal_flash.o
                0x080158b0                FLASH_CRC_WaitForLastOperation
 .text.HAL_FLASHEx_Erase
                0x080159a4      0x194 build/stm32h7xx_hal_flash_ex.o
                0x080159a4                HAL_FLASHEx_Erase
 .text.HAL_FLASHEx_OBProgram
                0x08015b38      0x148 build/stm32h7xx_hal_flash_ex.o
                0x08015b38                HAL_FLASHEx_OBProgram
 .text.HAL_FLASHEx_OBGetConfig
                0x08015c80       0xb6 build/stm32h7xx_hal_flash_ex.o
                0x08015c80                HAL_FLASHEx_OBGetConfig
 *fill*         0x08015d36        0x2 
 .text.FLASH_MassErase
                0x08015d38       0xd4 build/stm32h7xx_hal_flash_ex.o
 .text.FLASH_Erase_Sector
                0x08015e0c       0x7c build/stm32h7xx_hal_flash_ex.o
                0x08015e0c                FLASH_Erase_Sector
 .text.FLASH_OB_EnableWRP
                0x08015e88       0x54 build/stm32h7xx_hal_flash_ex.o
 .text.FLASH_OB_DisableWRP
                0x08015edc       0x50 build/stm32h7xx_hal_flash_ex.o
 .text.FLASH_OB_GetWRP
                0x08015f2c       0x5c build/stm32h7xx_hal_flash_ex.o
 .text.FLASH_OB_RDPConfig
                0x08015f88       0x28 build/stm32h7xx_hal_flash_ex.o
 .text.FLASH_OB_GetRDP
                0x08015fb0       0x38 build/stm32h7xx_hal_flash_ex.o
 .text.FLASH_OB_UserConfig
                0x08015fe8      0x144 build/stm32h7xx_hal_flash_ex.o
 .text.FLASH_OB_GetUser
                0x0801612c       0x2c build/stm32h7xx_hal_flash_ex.o
 .text.FLASH_OB_PCROPConfig
                0x08016158       0x6c build/stm32h7xx_hal_flash_ex.o
 .text.FLASH_OB_GetPCROP
                0x080161c4       0x84 build/stm32h7xx_hal_flash_ex.o
 .text.FLASH_OB_BOR_LevelConfig
                0x08016248       0x28 build/stm32h7xx_hal_flash_ex.o
 .text.FLASH_OB_GetBOR
                0x08016270       0x1c build/stm32h7xx_hal_flash_ex.o
 .text.FLASH_OB_BootAddConfig
                0x0801628c       0x54 build/stm32h7xx_hal_flash_ex.o
 .text.FLASH_OB_GetBootAdd
                0x080162e0       0x38 build/stm32h7xx_hal_flash_ex.o
 .text.FLASH_OB_SecureAreaConfig
                0x08016318       0x74 build/stm32h7xx_hal_flash_ex.o
 .text.FLASH_OB_GetSecureArea
                0x0801638c       0x84 build/stm32h7xx_hal_flash_ex.o
 .text.HAL_GPIO_Init
                0x08016410      0x360 build/stm32h7xx_hal_gpio.o
                0x08016410                HAL_GPIO_Init
 .text.HAL_GPIO_ReadPin
                0x08016770       0x30 build/stm32h7xx_hal_gpio.o
                0x08016770                HAL_GPIO_ReadPin
 .text.HAL_GPIO_WritePin
                0x080167a0       0x32 build/stm32h7xx_hal_gpio.o
                0x080167a0                HAL_GPIO_WritePin
 .text.HAL_GPIO_EXTI_IRQHandler
                0x080167d2       0x34 build/stm32h7xx_hal_gpio.o
                0x080167d2                HAL_GPIO_EXTI_IRQHandler
 *fill*         0x08016806        0x2 
 .text.HAL_DMA_Init
                0x08016808      0x6b8 build/stm32h7xx_hal_dma.o
                0x08016808                HAL_DMA_Init
 .text.HAL_DMA_DeInit
                0x08016ec0      0x36c build/stm32h7xx_hal_dma.o
                0x08016ec0                HAL_DMA_DeInit
 .text.HAL_DMA_Start_IT
                0x0801722c      0x4d4 build/stm32h7xx_hal_dma.o
                0x0801722c                HAL_DMA_Start_IT
 .text.HAL_DMA_Abort
                0x08017700      0x63c build/stm32h7xx_hal_dma.o
                0x08017700                HAL_DMA_Abort
 .text.HAL_DMA_Abort_IT
                0x08017d3c      0x48c build/stm32h7xx_hal_dma.o
                0x08017d3c                HAL_DMA_Abort_IT
 .text.HAL_DMA_IRQHandler
                0x080181c8      0xe54 build/stm32h7xx_hal_dma.o
                0x080181c8                HAL_DMA_IRQHandler
 .text.HAL_DMA_GetError
                0x0801901c       0x18 build/stm32h7xx_hal_dma.o
                0x0801901c                HAL_DMA_GetError
 .text.DMA_SetConfig
                0x08019034      0x358 build/stm32h7xx_hal_dma.o
 .text.DMA_CalcBaseAndBitshift
                0x0801938c      0x164 build/stm32h7xx_hal_dma.o
 .text.DMA_CheckFifoParam
                0x080194f0       0xf8 build/stm32h7xx_hal_dma.o
 .text.DMA_CalcDMAMUXChannelBaseAndMask
                0x080195e8      0x134 build/stm32h7xx_hal_dma.o
 .text.DMA_CalcDMAMUXRequestGenBaseAndMask
                0x0801971c       0xe8 build/stm32h7xx_hal_dma.o
 .text.HAL_PWREx_ConfigSupply
                0x08019804       0x74 build/stm32h7xx_hal_pwr_ex.o
                0x08019804                HAL_PWREx_ConfigSupply
 .text.HAL_QSPI_Init
                0x08019878       0xe8 build/stm32h7xx_hal_qspi.o
                0x08019878                HAL_QSPI_Init
 .text.HAL_QSPI_DeInit
                0x08019960       0x40 build/stm32h7xx_hal_qspi.o
                0x08019960                HAL_QSPI_DeInit
 .text.HAL_QSPI_MspInit
                0x080199a0       0x14 build/stm32h7xx_hal_qspi.o
                0x080199a0                HAL_QSPI_MspInit
 .text.HAL_QSPI_MspDeInit
                0x080199b4       0x14 build/stm32h7xx_hal_qspi.o
                0x080199b4                HAL_QSPI_MspDeInit
 .text.HAL_QSPI_Command
                0x080199c8       0xbc build/stm32h7xx_hal_qspi.o
                0x080199c8                HAL_QSPI_Command
 .text.HAL_QSPI_Transmit
                0x08019a84      0x124 build/stm32h7xx_hal_qspi.o
                0x08019a84                HAL_QSPI_Transmit
 .text.HAL_QSPI_Receive
                0x08019ba8      0x13a build/stm32h7xx_hal_qspi.o
                0x08019ba8                HAL_QSPI_Receive
 .text.HAL_QSPI_AutoPolling
                0x08019ce2       0xee build/stm32h7xx_hal_qspi.o
                0x08019ce2                HAL_QSPI_AutoPolling
 .text.HAL_QSPI_MemoryMapped
                0x08019dd0       0xc4 build/stm32h7xx_hal_qspi.o
                0x08019dd0                HAL_QSPI_MemoryMapped
 .text.HAL_QSPI_SetTimeout
                0x08019e94       0x1c build/stm32h7xx_hal_qspi.o
                0x08019e94                HAL_QSPI_SetTimeout
 .text.QSPI_WaitFlagStateUntilTimeout
                0x08019eb0       0x6e build/stm32h7xx_hal_qspi.o
 .text.QSPI_Config
                0x08019f1e      0x30c build/stm32h7xx_hal_qspi.o
 *fill*         0x0801a22a        0x2 
 .text.FMC_SDRAM_Init
                0x0801a22c       0xb8 build/stm32h7xx_ll_fmc.o
                0x0801a22c                FMC_SDRAM_Init
 .text.FMC_SDRAM_Timing_Init
                0x0801a2e4       0xd4 build/stm32h7xx_ll_fmc.o
                0x0801a2e4                FMC_SDRAM_Timing_Init
 .text.FMC_SDRAM_SendCommand
                0x0801a3b8       0x48 build/stm32h7xx_ll_fmc.o
                0x0801a3b8                FMC_SDRAM_SendCommand
 .text.FMC_SDRAM_ProgramRefreshRate
                0x0801a400       0x30 build/stm32h7xx_ll_fmc.o
                0x0801a400                FMC_SDRAM_ProgramRefreshRate
 .text.HAL_SDRAM_Init
                0x0801a430       0x78 build/stm32h7xx_hal_sdram.o
                0x0801a430                HAL_SDRAM_Init
 .text.HAL_SDRAM_MspInit
                0x0801a4a8       0x14 build/stm32h7xx_hal_sdram.o
                0x0801a4a8                HAL_SDRAM_MspInit
 .text.HAL_SDRAM_SendCommand
                0x0801a4bc       0x6a build/stm32h7xx_hal_sdram.o
                0x0801a4bc                HAL_SDRAM_SendCommand
 .text.HAL_SDRAM_ProgramRefreshRate
                0x0801a526       0x50 build/stm32h7xx_hal_sdram.o
                0x0801a526                HAL_SDRAM_ProgramRefreshRate
 *fill*         0x0801a576        0x2 
 .text.BspQSPI_Pin_Init
                0x0801a578      0x114 build/HW_Def.o
                0x0801a578                BspQSPI_Pin_Init
 .text.BspSDRAM_Pin_Init
                0x0801a68c      0x194 build/HW_Def.o
                0x0801a68c                BspSDRAM_Pin_Init
 .text.Reset_Handler
                0x0801a820       0x50 build/startup_stm32h743xx.o
                0x0801a820                Reset_Handler
 .text.Default_Handler
                0x0801a870        0x2 build/startup_stm32h743xx.o
                0x0801a870                RTC_Alarm_IRQHandler
                0x0801a870                TIM8_CC_IRQHandler
                0x0801a870                HRTIM1_Master_IRQHandler
                0x0801a870                UART8_IRQHandler
                0x0801a870                SPI4_IRQHandler
                0x0801a870                TIM1_CC_IRQHandler
                0x0801a870                BDMA_Channel6_IRQHandler
                0x0801a870                DMA2_Stream5_IRQHandler
                0x0801a870                HRTIM1_FLT_IRQHandler
                0x0801a870                JPEG_IRQHandler
                0x0801a870                BDMA_Channel1_IRQHandler
                0x0801a870                HRTIM1_TIMD_IRQHandler
                0x0801a870                TAMP_STAMP_IRQHandler
                0x0801a870                LPTIM4_IRQHandler
                0x0801a870                TIM8_TRG_COM_TIM14_IRQHandler
                0x0801a870                LPTIM2_IRQHandler
                0x0801a870                DFSDM1_FLT1_IRQHandler
                0x0801a870                DMAMUX2_OVR_IRQHandler
                0x0801a870                TIM8_UP_TIM13_IRQHandler
                0x0801a870                I2C3_ER_IRQHandler
                0x0801a870                DFSDM1_FLT2_IRQHandler
                0x0801a870                LPTIM3_IRQHandler
                0x0801a870                HSEM1_IRQHandler
                0x0801a870                I2C2_EV_IRQHandler
                0x0801a870                FPU_IRQHandler
                0x0801a870                OTG_HS_WKUP_IRQHandler
                0x0801a870                FDCAN1_IT1_IRQHandler
                0x0801a870                LTDC_ER_IRQHandler
                0x0801a870                DMA2_Stream2_IRQHandler
                0x0801a870                HRTIM1_TIME_IRQHandler
                0x0801a870                SPI1_IRQHandler
                0x0801a870                TIM6_DAC_IRQHandler
                0x0801a870                DCMI_IRQHandler
                0x0801a870                HRTIM1_TIMC_IRQHandler
                0x0801a870                DMA2_Stream3_IRQHandler
                0x0801a870                SAI2_IRQHandler
                0x0801a870                DFSDM1_FLT3_IRQHandler
                0x0801a870                USART3_IRQHandler
                0x0801a870                BDMA_Channel7_IRQHandler
                0x0801a870                LPTIM5_IRQHandler
                0x0801a870                UART5_IRQHandler
                0x0801a870                ADC3_IRQHandler
                0x0801a870                TIM4_IRQHandler
                0x0801a870                BDMA_Channel2_IRQHandler
                0x0801a870                QUADSPI_IRQHandler
                0x0801a870                I2C1_EV_IRQHandler
                0x0801a870                DMA1_Stream6_IRQHandler
                0x0801a870                DMAMUX1_OVR_IRQHandler
                0x0801a870                BDMA_Channel5_IRQHandler
                0x0801a870                TIM3_IRQHandler
                0x0801a870                RCC_IRQHandler
                0x0801a870                TIM8_BRK_TIM12_IRQHandler
                0x0801a870                TIM1_TRG_COM_IRQHandler
                0x0801a870                Default_Handler
                0x0801a870                ECC_IRQHandler
                0x0801a870                CEC_IRQHandler
                0x0801a870                BDMA_Channel0_IRQHandler
                0x0801a870                ADC_IRQHandler
                0x0801a870                DMA1_Stream7_IRQHandler
                0x0801a870                HRTIM1_TIMA_IRQHandler
                0x0801a870                SPI5_IRQHandler
                0x0801a870                TIM5_IRQHandler
                0x0801a870                DMA2_Stream7_IRQHandler
                0x0801a870                TIM15_IRQHandler
                0x0801a870                PVD_AVD_IRQHandler
                0x0801a870                I2C3_EV_IRQHandler
                0x0801a870                RTC_WKUP_IRQHandler
                0x0801a870                LTDC_IRQHandler
                0x0801a870                SAI3_IRQHandler
                0x0801a870                ETH_WKUP_IRQHandler
                0x0801a870                SPDIF_RX_IRQHandler
                0x0801a870                SPI2_IRQHandler
                0x0801a870                OTG_HS_EP1_IN_IRQHandler
                0x0801a870                CRS_IRQHandler
                0x0801a870                RNG_IRQHandler
                0x0801a870                HRTIM1_TIMB_IRQHandler
                0x0801a870                FDCAN2_IT1_IRQHandler
                0x0801a870                ETH_IRQHandler
                0x0801a870                TIM1_UP_IRQHandler
                0x0801a870                BDMA_Channel4_IRQHandler
                0x0801a870                OTG_HS_EP1_OUT_IRQHandler
                0x0801a870                WWDG_IRQHandler
                0x0801a870                SPI6_IRQHandler
                0x0801a870                MDIOS_IRQHandler
                0x0801a870                I2C4_EV_IRQHandler
                0x0801a870                FDCAN2_IT0_IRQHandler
                0x0801a870                LPUART1_IRQHandler
                0x0801a870                FDCAN1_IT0_IRQHandler
                0x0801a870                TIM2_IRQHandler
                0x0801a870                OTG_FS_WKUP_IRQHandler
                0x0801a870                OTG_HS_IRQHandler
                0x0801a870                DMA2D_IRQHandler
                0x0801a870                TIM1_BRK_IRQHandler
                0x0801a870                SDMMC2_IRQHandler
                0x0801a870                OTG_FS_EP1_OUT_IRQHandler
                0x0801a870                BDMA_Channel3_IRQHandler
                0x0801a870                MDIOS_WKUP_IRQHandler
                0x0801a870                USART2_IRQHandler
                0x0801a870                DFSDM1_FLT0_IRQHandler
                0x0801a870                SAI4_IRQHandler
                0x0801a870                I2C2_ER_IRQHandler
                0x0801a870                FLASH_IRQHandler
                0x0801a870                DMA2_Stream4_IRQHandler
                0x0801a870                SPI3_IRQHandler
                0x0801a870                WAKEUP_PIN_IRQHandler
                0x0801a870                OTG_FS_EP1_IN_IRQHandler
                0x0801a870                I2C1_ER_IRQHandler
                0x0801a870                FMC_IRQHandler
                0x0801a870                FDCAN_CAL_IRQHandler
                0x0801a870                SWPMI1_IRQHandler
                0x0801a870                COMP1_IRQHandler
                0x0801a870                LPTIM1_IRQHandler
                0x0801a870                I2C4_ER_IRQHandler
                0x0801a870                DMA2_Stream6_IRQHandler
                0x0801a870                SAI1_IRQHandler
 .text.atoi     0x0801a872        0x8 d:/hpm-compile-tool/gcc-arm-none-eabi-10.3-win/bin/../lib/gcc/arm-none-eabi/10.3.1/../../../../arm-none-eabi/lib/thumb/v7e-m+dp/hard\libc_nano.a(lib_a-atoi.o)
                0x0801a872                atoi
 *fill*         0x0801a87a        0x2 
 .text.__libc_init_array
                0x0801a87c       0x48 d:/hpm-compile-tool/gcc-arm-none-eabi-10.3-win/bin/../lib/gcc/arm-none-eabi/10.3.1/../../../../arm-none-eabi/lib/thumb/v7e-m+dp/hard\libc_nano.a(lib_a-init.o)
                0x0801a87c                __libc_init_array
 .text.malloc   0x0801a8c4       0x10 d:/hpm-compile-tool/gcc-arm-none-eabi-10.3-win/bin/../lib/gcc/arm-none-eabi/10.3.1/../../../../arm-none-eabi/lib/thumb/v7e-m+dp/hard\libc_nano.a(lib_a-malloc.o)
                0x0801a8c4                malloc
 .text.memcmp   0x0801a8d4       0x20 d:/hpm-compile-tool/gcc-arm-none-eabi-10.3-win/bin/../lib/gcc/arm-none-eabi/10.3.1/../../../../arm-none-eabi/lib/thumb/v7e-m+dp/hard\libc_nano.a(lib_a-memcmp.o)
                0x0801a8d4                memcmp
 .text.memcpy   0x0801a8f4       0x1c d:/hpm-compile-tool/gcc-arm-none-eabi-10.3-win/bin/../lib/gcc/arm-none-eabi/10.3.1/../../../../arm-none-eabi/lib/thumb/v7e-m+dp/hard\libc_nano.a(lib_a-memcpy-stub.o)
                0x0801a8f4                memcpy
 .text.memset   0x0801a910       0x10 d:/hpm-compile-tool/gcc-arm-none-eabi-10.3-win/bin/../lib/gcc/arm-none-eabi/10.3.1/../../../../arm-none-eabi/lib/thumb/v7e-m+dp/hard\libc_nano.a(lib_a-memset.o)
                0x0801a910                memset
 .text._free_r  0x0801a920       0x98 d:/hpm-compile-tool/gcc-arm-none-eabi-10.3-win/bin/../lib/gcc/arm-none-eabi/10.3.1/../../../../arm-none-eabi/lib/thumb/v7e-m+dp/hard\libc_nano.a(lib_a-nano-freer.o)
                0x0801a920                _free_r
 .text.sbrk_aligned
                0x0801a9b8       0x40 d:/hpm-compile-tool/gcc-arm-none-eabi-10.3-win/bin/../lib/gcc/arm-none-eabi/10.3.1/../../../../arm-none-eabi/lib/thumb/v7e-m+dp/hard\libc_nano.a(lib_a-nano-mallocr.o)
 .text._malloc_r
                0x0801a9f8       0xe8 d:/hpm-compile-tool/gcc-arm-none-eabi-10.3-win/bin/../lib/gcc/arm-none-eabi/10.3.1/../../../../arm-none-eabi/lib/thumb/v7e-m+dp/hard\libc_nano.a(lib_a-nano-mallocr.o)
                0x0801a9f8                _malloc_r
 .text.__cvt    0x0801aae0       0xa4 d:/hpm-compile-tool/gcc-arm-none-eabi-10.3-win/bin/../lib/gcc/arm-none-eabi/10.3.1/../../../../arm-none-eabi/lib/thumb/v7e-m+dp/hard\libc_nano.a(lib_a-nano-vfprintf_float.o)
                0x0801aae0                __cvt
 .text.__exponent
                0x0801ab84       0x7c d:/hpm-compile-tool/gcc-arm-none-eabi-10.3-win/bin/../lib/gcc/arm-none-eabi/10.3.1/../../../../arm-none-eabi/lib/thumb/v7e-m+dp/hard\libc_nano.a(lib_a-nano-vfprintf_float.o)
                0x0801ab84                __exponent
 .text._printf_float
                0x0801ac00      0x43c d:/hpm-compile-tool/gcc-arm-none-eabi-10.3-win/bin/../lib/gcc/arm-none-eabi/10.3.1/../../../../arm-none-eabi/lib/thumb/v7e-m+dp/hard\libc_nano.a(lib_a-nano-vfprintf_float.o)
                0x0801ac00                _printf_float
 .text._printf_common
                0x0801b03c       0xda d:/hpm-compile-tool/gcc-arm-none-eabi-10.3-win/bin/../lib/gcc/arm-none-eabi/10.3.1/../../../../arm-none-eabi/lib/thumb/v7e-m+dp/hard\libc_nano.a(lib_a-nano-vfprintf_i.o)
                0x0801b03c                _printf_common
 *fill*         0x0801b116        0x2 
 .text._printf_i
                0x0801b118      0x24c d:/hpm-compile-tool/gcc-arm-none-eabi-10.3-win/bin/../lib/gcc/arm-none-eabi/10.3.1/../../../../arm-none-eabi/lib/thumb/v7e-m+dp/hard\libc_nano.a(lib_a-nano-vfprintf_i.o)
                0x0801b118                _printf_i
 .text._sbrk_r  0x0801b364       0x20 d:/hpm-compile-tool/gcc-arm-none-eabi-10.3-win/bin/../lib/gcc/arm-none-eabi/10.3.1/../../../../arm-none-eabi/lib/thumb/v7e-m+dp/hard\libc_nano.a(lib_a-sbrkr.o)
                0x0801b364                _sbrk_r
 .text.snprintf
                0x0801b384       0x68 d:/hpm-compile-tool/gcc-arm-none-eabi-10.3-win/bin/../lib/gcc/arm-none-eabi/10.3.1/../../../../arm-none-eabi/lib/thumb/v7e-m+dp/hard\libc_nano.a(lib_a-snprintf.o)
                0x0801b384                sniprintf
                0x0801b384                snprintf
 .text.strcat   0x0801b3ec       0x1e d:/hpm-compile-tool/gcc-arm-none-eabi-10.3-win/bin/../lib/gcc/arm-none-eabi/10.3.1/../../../../arm-none-eabi/lib/thumb/v7e-m+dp/hard\libc_nano.a(lib_a-strcat.o)
                0x0801b3ec                strcat
 .text.strcpy   0x0801b40a       0x10 d:/hpm-compile-tool/gcc-arm-none-eabi-10.3-win/bin/../lib/gcc/arm-none-eabi/10.3.1/../../../../arm-none-eabi/lib/thumb/v7e-m+dp/hard\libc_nano.a(lib_a-strcpy.o)
                0x0801b40a                strcpy
 .text.strncmp  0x0801b41a       0x28 d:/hpm-compile-tool/gcc-arm-none-eabi-10.3-win/bin/../lib/gcc/arm-none-eabi/10.3.1/../../../../arm-none-eabi/lib/thumb/v7e-m+dp/hard\libc_nano.a(lib_a-strncmp.o)
                0x0801b41a                strncmp
 *fill*         0x0801b442        0x2 
 .text._strtol_l.constprop.0
                0x0801b444      0x104 d:/hpm-compile-tool/gcc-arm-none-eabi-10.3-win/bin/../lib/gcc/arm-none-eabi/10.3.1/../../../../arm-none-eabi/lib/thumb/v7e-m+dp/hard\libc_nano.a(lib_a-strtol.o)
 .text.strtol   0x0801b548       0x14 d:/hpm-compile-tool/gcc-arm-none-eabi-10.3-win/bin/../lib/gcc/arm-none-eabi/10.3.1/../../../../arm-none-eabi/lib/thumb/v7e-m+dp/hard\libc_nano.a(lib_a-strtol.o)
                0x0801b548                strtol
 .text._vsnprintf_r
                0x0801b55c       0x56 d:/hpm-compile-tool/gcc-arm-none-eabi-10.3-win/bin/../lib/gcc/arm-none-eabi/10.3.1/../../../../arm-none-eabi/lib/thumb/v7e-m+dp/hard\libc_nano.a(lib_a-vsnprintf.o)
                0x0801b55c                _vsniprintf_r
                0x0801b55c                _vsnprintf_r
 *fill*         0x0801b5b2        0x2 
 .text.vsnprintf
                0x0801b5b4       0x1c d:/hpm-compile-tool/gcc-arm-none-eabi-10.3-win/bin/../lib/gcc/arm-none-eabi/10.3.1/../../../../arm-none-eabi/lib/thumb/v7e-m+dp/hard\libc_nano.a(lib_a-vsnprintf.o)
                0x0801b5b4                vsniprintf
                0x0801b5b4                vsnprintf
 .text.quorem   0x0801b5d0      0x116 d:/hpm-compile-tool/gcc-arm-none-eabi-10.3-win/bin/../lib/gcc/arm-none-eabi/10.3.1/../../../../arm-none-eabi/lib/thumb/v7e-m+dp/hard\libc_nano.a(lib_a-dtoa.o)
 *fill*         0x0801b6e6        0x2 
 .text._dtoa_r  0x0801b6e8      0xadc d:/hpm-compile-tool/gcc-arm-none-eabi-10.3-win/bin/../lib/gcc/arm-none-eabi/10.3.1/../../../../arm-none-eabi/lib/thumb/v7e-m+dp/hard\libc_nano.a(lib_a-dtoa.o)
                0x0801b6e8                _dtoa_r
 .text.__errno  0x0801c1c4        0xc d:/hpm-compile-tool/gcc-arm-none-eabi-10.3-win/bin/../lib/gcc/arm-none-eabi/10.3.1/../../../../arm-none-eabi/lib/thumb/v7e-m+dp/hard\libc_nano.a(lib_a-errno.o)
                0x0801c1c4                __errno
 .text._localeconv_r
                0x0801c1d0        0x8 d:/hpm-compile-tool/gcc-arm-none-eabi-10.3-win/bin/../lib/gcc/arm-none-eabi/10.3.1/../../../../arm-none-eabi/lib/thumb/v7e-m+dp/hard\libc_nano.a(lib_a-localeconv.o)
                0x0801c1d0                _localeconv_r
 .text.__malloc_lock
                0x0801c1d8        0xc d:/hpm-compile-tool/gcc-arm-none-eabi-10.3-win/bin/../lib/gcc/arm-none-eabi/10.3.1/../../../../arm-none-eabi/lib/thumb/v7e-m+dp/hard\libc_nano.a(lib_a-mlock.o)
                0x0801c1d8                __malloc_lock
 .text.__malloc_unlock
                0x0801c1e4        0xc d:/hpm-compile-tool/gcc-arm-none-eabi-10.3-win/bin/../lib/gcc/arm-none-eabi/10.3.1/../../../../arm-none-eabi/lib/thumb/v7e-m+dp/hard\libc_nano.a(lib_a-mlock.o)
                0x0801c1e4                __malloc_unlock
 .text._Balloc  0x0801c1f0       0x80 d:/hpm-compile-tool/gcc-arm-none-eabi-10.3-win/bin/../lib/gcc/arm-none-eabi/10.3.1/../../../../arm-none-eabi/lib/thumb/v7e-m+dp/hard\libc_nano.a(lib_a-mprec.o)
                0x0801c1f0                _Balloc
 .text._Bfree   0x0801c270       0x44 d:/hpm-compile-tool/gcc-arm-none-eabi-10.3-win/bin/../lib/gcc/arm-none-eabi/10.3.1/../../../../arm-none-eabi/lib/thumb/v7e-m+dp/hard\libc_nano.a(lib_a-mprec.o)
                0x0801c270                _Bfree
 .text.__multadd
                0x0801c2b4       0x8c d:/hpm-compile-tool/gcc-arm-none-eabi-10.3-win/bin/../lib/gcc/arm-none-eabi/10.3.1/../../../../arm-none-eabi/lib/thumb/v7e-m+dp/hard\libc_nano.a(lib_a-mprec.o)
                0x0801c2b4                __multadd
 .text.__hi0bits
                0x0801c340       0x40 d:/hpm-compile-tool/gcc-arm-none-eabi-10.3-win/bin/../lib/gcc/arm-none-eabi/10.3.1/../../../../arm-none-eabi/lib/thumb/v7e-m+dp/hard\libc_nano.a(lib_a-mprec.o)
                0x0801c340                __hi0bits
 .text.__lo0bits
                0x0801c380       0x5e d:/hpm-compile-tool/gcc-arm-none-eabi-10.3-win/bin/../lib/gcc/arm-none-eabi/10.3.1/../../../../arm-none-eabi/lib/thumb/v7e-m+dp/hard\libc_nano.a(lib_a-mprec.o)
                0x0801c380                __lo0bits
 *fill*         0x0801c3de        0x2 
 .text.__i2b    0x0801c3e0       0x2c d:/hpm-compile-tool/gcc-arm-none-eabi-10.3-win/bin/../lib/gcc/arm-none-eabi/10.3.1/../../../../arm-none-eabi/lib/thumb/v7e-m+dp/hard\libc_nano.a(lib_a-mprec.o)
                0x0801c3e0                __i2b
 .text.__multiply
                0x0801c40c      0x154 d:/hpm-compile-tool/gcc-arm-none-eabi-10.3-win/bin/../lib/gcc/arm-none-eabi/10.3.1/../../../../arm-none-eabi/lib/thumb/v7e-m+dp/hard\libc_nano.a(lib_a-mprec.o)
                0x0801c40c                __multiply
 .text.__pow5mult
                0x0801c560       0xb4 d:/hpm-compile-tool/gcc-arm-none-eabi-10.3-win/bin/../lib/gcc/arm-none-eabi/10.3.1/../../../../arm-none-eabi/lib/thumb/v7e-m+dp/hard\libc_nano.a(lib_a-mprec.o)
                0x0801c560                __pow5mult
 .text.__lshift
                0x0801c614       0xe0 d:/hpm-compile-tool/gcc-arm-none-eabi-10.3-win/bin/../lib/gcc/arm-none-eabi/10.3.1/../../../../arm-none-eabi/lib/thumb/v7e-m+dp/hard\libc_nano.a(lib_a-mprec.o)
                0x0801c614                __lshift
 .text.__mcmp   0x0801c6f4       0x38 d:/hpm-compile-tool/gcc-arm-none-eabi-10.3-win/bin/../lib/gcc/arm-none-eabi/10.3.1/../../../../arm-none-eabi/lib/thumb/v7e-m+dp/hard\libc_nano.a(lib_a-mprec.o)
                0x0801c6f4                __mcmp
 .text.__mdiff  0x0801c72c      0x114 d:/hpm-compile-tool/gcc-arm-none-eabi-10.3-win/bin/../lib/gcc/arm-none-eabi/10.3.1/../../../../arm-none-eabi/lib/thumb/v7e-m+dp/hard\libc_nano.a(lib_a-mprec.o)
                0x0801c72c                __mdiff
 .text.__d2b    0x0801c840       0xb8 d:/hpm-compile-tool/gcc-arm-none-eabi-10.3-win/bin/../lib/gcc/arm-none-eabi/10.3.1/../../../../arm-none-eabi/lib/thumb/v7e-m+dp/hard\libc_nano.a(lib_a-mprec.o)
                0x0801c840                __d2b
 .text._calloc_r
                0x0801c8f8       0x2c d:/hpm-compile-tool/gcc-arm-none-eabi-10.3-win/bin/../lib/gcc/arm-none-eabi/10.3.1/../../../../arm-none-eabi/lib/thumb/v7e-m+dp/hard\libc_nano.a(lib_a-nano-callocr.o)
                0x0801c8f8                _calloc_r
 .text.__ssputs_r
                0x0801c924       0xb6 d:/hpm-compile-tool/gcc-arm-none-eabi-10.3-win/bin/../lib/gcc/arm-none-eabi/10.3.1/../../../../arm-none-eabi/lib/thumb/v7e-m+dp/hard\libc_nano.a(lib_a-nano-svfprintf.o)
                0x0801c924                __ssputs_r
 *fill*         0x0801c9da        0x2 
 .text._svfprintf_r
                0x0801c9dc      0x200 d:/hpm-compile-tool/gcc-arm-none-eabi-10.3-win/bin/../lib/gcc/arm-none-eabi/10.3.1/../../../../arm-none-eabi/lib/thumb/v7e-m+dp/hard\libc_nano.a(lib_a-nano-svfprintf.o)
                0x0801c9dc                _svfiprintf_r
                0x0801c9dc                _svfprintf_r
 .text.__sread  0x0801cbdc       0x22 d:/hpm-compile-tool/gcc-arm-none-eabi-10.3-win/bin/../lib/gcc/arm-none-eabi/10.3.1/../../../../arm-none-eabi/lib/thumb/v7e-m+dp/hard\libc_nano.a(lib_a-stdio.o)
                0x0801cbdc                __sread
 .text.__swrite
                0x0801cbfe       0x38 d:/hpm-compile-tool/gcc-arm-none-eabi-10.3-win/bin/../lib/gcc/arm-none-eabi/10.3.1/../../../../arm-none-eabi/lib/thumb/v7e-m+dp/hard\libc_nano.a(lib_a-stdio.o)
                0x0801cbfe                __swrite
 .text.__sseek  0x0801cc36       0x24 d:/hpm-compile-tool/gcc-arm-none-eabi-10.3-win/bin/../lib/gcc/arm-none-eabi/10.3.1/../../../../arm-none-eabi/lib/thumb/v7e-m+dp/hard\libc_nano.a(lib_a-stdio.o)
                0x0801cc36                __sseek
 .text.__sclose
                0x0801cc5a        0x8 d:/hpm-compile-tool/gcc-arm-none-eabi-10.3-win/bin/../lib/gcc/arm-none-eabi/10.3.1/../../../../arm-none-eabi/lib/thumb/v7e-m+dp/hard\libc_nano.a(lib_a-stdio.o)
                0x0801cc5a                __sclose
 *fill*         0x0801cc62        0x2 
 .text._write_r
                0x0801cc64       0x24 d:/hpm-compile-tool/gcc-arm-none-eabi-10.3-win/bin/../lib/gcc/arm-none-eabi/10.3.1/../../../../arm-none-eabi/lib/thumb/v7e-m+dp/hard\libc_nano.a(lib_a-writer.o)
                0x0801cc64                _write_r
 .text.__assert_func
                0x0801cc88       0x3c d:/hpm-compile-tool/gcc-arm-none-eabi-10.3-win/bin/../lib/gcc/arm-none-eabi/10.3.1/../../../../arm-none-eabi/lib/thumb/v7e-m+dp/hard\libc_nano.a(lib_a-assert.o)
                0x0801cc88                __assert_func
 .text._close_r
                0x0801ccc4       0x20 d:/hpm-compile-tool/gcc-arm-none-eabi-10.3-win/bin/../lib/gcc/arm-none-eabi/10.3.1/../../../../arm-none-eabi/lib/thumb/v7e-m+dp/hard\libc_nano.a(lib_a-closer.o)
                0x0801ccc4                _close_r
 .text.__sflush_r
                0x0801cce4      0x10c d:/hpm-compile-tool/gcc-arm-none-eabi-10.3-win/bin/../lib/gcc/arm-none-eabi/10.3.1/../../../../arm-none-eabi/lib/thumb/v7e-m+dp/hard\libc_nano.a(lib_a-fflush.o)
                0x0801cce4                __sflush_r
 .text._fflush_r
                0x0801cdf0       0x78 d:/hpm-compile-tool/gcc-arm-none-eabi-10.3-win/bin/../lib/gcc/arm-none-eabi/10.3.1/../../../../arm-none-eabi/lib/thumb/v7e-m+dp/hard\libc_nano.a(lib_a-fflush.o)
                0x0801cdf0                _fflush_r
 .text.std      0x0801ce68       0x48 d:/hpm-compile-tool/gcc-arm-none-eabi-10.3-win/bin/../lib/gcc/arm-none-eabi/10.3.1/../../../../arm-none-eabi/lib/thumb/v7e-m+dp/hard\libc_nano.a(lib_a-findfp.o)
 .text._cleanup_r
                0x0801ceb0        0xc d:/hpm-compile-tool/gcc-arm-none-eabi-10.3-win/bin/../lib/gcc/arm-none-eabi/10.3.1/../../../../arm-none-eabi/lib/thumb/v7e-m+dp/hard\libc_nano.a(lib_a-findfp.o)
                0x0801ceb0                _cleanup_r
 .text.__sfmoreglue
                0x0801cebc       0x2c d:/hpm-compile-tool/gcc-arm-none-eabi-10.3-win/bin/../lib/gcc/arm-none-eabi/10.3.1/../../../../arm-none-eabi/lib/thumb/v7e-m+dp/hard\libc_nano.a(lib_a-findfp.o)
                0x0801cebc                __sfmoreglue
 .text.__sfp_lock_acquire
                0x0801cee8        0xc d:/hpm-compile-tool/gcc-arm-none-eabi-10.3-win/bin/../lib/gcc/arm-none-eabi/10.3.1/../../../../arm-none-eabi/lib/thumb/v7e-m+dp/hard\libc_nano.a(lib_a-findfp.o)