ARM GAS  C:\Users\HUAV\AppData\Local\Temp\ccOAI1cW.s 			page 1


   1              		.cpu cortex-m7
   2              		.arch armv7e-m
   3              		.fpu fpv5-d16
   4              		.eabi_attribute 28, 1
   5              		.eabi_attribute 20, 1
   6              		.eabi_attribute 21, 1
   7              		.eabi_attribute 23, 3
   8              		.eabi_attribute 24, 1
   9              		.eabi_attribute 25, 1
  10              		.eabi_attribute 26, 1
  11              		.eabi_attribute 30, 6
  12              		.eabi_attribute 34, 1
  13              		.eabi_attribute 18, 4
  14              		.file	"util.c"
  15              		.text
  16              	.Ltext0:
  17              		.cfi_sections	.debug_frame
  18              		.section	.rodata.crc16_tab,"a"
  19              		.align	2
  22              	crc16_tab:
  23 0000 0000     		.short	0
  24 0002 2110     		.short	4129
  25 0004 4220     		.short	8258
  26 0006 6330     		.short	12387
  27 0008 8440     		.short	16516
  28 000a A550     		.short	20645
  29 000c C660     		.short	24774
  30 000e E770     		.short	28903
  31 0010 0881     		.short	-32504
  32 0012 2991     		.short	-28375
  33 0014 4AA1     		.short	-24246
  34 0016 6BB1     		.short	-20117
  35 0018 8CC1     		.short	-15988
  36 001a ADD1     		.short	-11859
  37 001c CEE1     		.short	-7730
  38 001e EFF1     		.short	-3601
  39 0020 3112     		.short	4657
  40 0022 1002     		.short	528
  41 0024 7332     		.short	12915
  42 0026 5222     		.short	8786
  43 0028 B552     		.short	21173
  44 002a 9442     		.short	17044
  45 002c F772     		.short	29431
  46 002e D662     		.short	25302
  47 0030 3993     		.short	-27847
  48 0032 1883     		.short	-31976
  49 0034 7BB3     		.short	-19589
  50 0036 5AA3     		.short	-23718
  51 0038 BDD3     		.short	-11331
  52 003a 9CC3     		.short	-15460
  53 003c FFF3     		.short	-3073
  54 003e DEE3     		.short	-7202
  55 0040 6224     		.short	9314
  56 0042 4334     		.short	13379
  57 0044 2004     		.short	1056
  58 0046 0114     		.short	5121
  59 0048 E664     		.short	25830
ARM GAS  C:\Users\HUAV\AppData\Local\Temp\ccOAI1cW.s 			page 2


  60 004a C774     		.short	29895
  61 004c A444     		.short	17572
  62 004e 8554     		.short	21637
  63 0050 6AA5     		.short	-23190
  64 0052 4BB5     		.short	-19125
  65 0054 2885     		.short	-31448
  66 0056 0995     		.short	-27383
  67 0058 EEE5     		.short	-6674
  68 005a CFF5     		.short	-2609
  69 005c ACC5     		.short	-14932
  70 005e 8DD5     		.short	-10867
  71 0060 5336     		.short	13907
  72 0062 7226     		.short	9842
  73 0064 1116     		.short	5649
  74 0066 3006     		.short	1584
  75 0068 D776     		.short	30423
  76 006a F666     		.short	26358
  77 006c 9556     		.short	22165
  78 006e B446     		.short	18100
  79 0070 5BB7     		.short	-18597
  80 0072 7AA7     		.short	-22662
  81 0074 1997     		.short	-26855
  82 0076 3887     		.short	-30920
  83 0078 DFF7     		.short	-2081
  84 007a FEE7     		.short	-6146
  85 007c 9DD7     		.short	-10339
  86 007e BCC7     		.short	-14404
  87 0080 C448     		.short	18628
  88 0082 E558     		.short	22757
  89 0084 8668     		.short	26758
  90 0086 A778     		.short	30887
  91 0088 4008     		.short	2112
  92 008a 6118     		.short	6241
  93 008c 0228     		.short	10242
  94 008e 2338     		.short	14371
  95 0090 CCC9     		.short	-13876
  96 0092 EDD9     		.short	-9747
  97 0094 8EE9     		.short	-5746
  98 0096 AFF9     		.short	-1617
  99 0098 4889     		.short	-30392
 100 009a 6999     		.short	-26263
 101 009c 0AA9     		.short	-22262
 102 009e 2BB9     		.short	-18133
 103 00a0 F55A     		.short	23285
 104 00a2 D44A     		.short	19156
 105 00a4 B77A     		.short	31415
 106 00a6 966A     		.short	27286
 107 00a8 711A     		.short	6769
 108 00aa 500A     		.short	2640
 109 00ac 333A     		.short	14899
 110 00ae 122A     		.short	10770
 111 00b0 FDDB     		.short	-9219
 112 00b2 DCCB     		.short	-13348
 113 00b4 BFFB     		.short	-1089
 114 00b6 9EEB     		.short	-5218
 115 00b8 799B     		.short	-25735
 116 00ba 588B     		.short	-29864
ARM GAS  C:\Users\HUAV\AppData\Local\Temp\ccOAI1cW.s 			page 3


 117 00bc 3BBB     		.short	-17605
 118 00be 1AAB     		.short	-21734
 119 00c0 A66C     		.short	27814
 120 00c2 877C     		.short	31879
 121 00c4 E44C     		.short	19684
 122 00c6 C55C     		.short	23749
 123 00c8 222C     		.short	11298
 124 00ca 033C     		.short	15363
 125 00cc 600C     		.short	3168
 126 00ce 411C     		.short	7233
 127 00d0 AEED     		.short	-4690
 128 00d2 8FFD     		.short	-625
 129 00d4 ECCD     		.short	-12820
 130 00d6 CDDD     		.short	-8755
 131 00d8 2AAD     		.short	-21206
 132 00da 0BBD     		.short	-17141
 133 00dc 688D     		.short	-29336
 134 00de 499D     		.short	-25271
 135 00e0 977E     		.short	32407
 136 00e2 B66E     		.short	28342
 137 00e4 D55E     		.short	24277
 138 00e6 F44E     		.short	20212
 139 00e8 133E     		.short	15891
 140 00ea 322E     		.short	11826
 141 00ec 511E     		.short	7761
 142 00ee 700E     		.short	3696
 143 00f0 9FFF     		.short	-97
 144 00f2 BEEF     		.short	-4162
 145 00f4 DDDF     		.short	-8227
 146 00f6 FCCF     		.short	-12292
 147 00f8 1BBF     		.short	-16613
 148 00fa 3AAF     		.short	-20678
 149 00fc 599F     		.short	-24743
 150 00fe 788F     		.short	-28808
 151 0100 8891     		.short	-28280
 152 0102 A981     		.short	-32343
 153 0104 CAB1     		.short	-20022
 154 0106 EBA1     		.short	-24085
 155 0108 0CD1     		.short	-12020
 156 010a 2DC1     		.short	-16083
 157 010c 4EF1     		.short	-3762
 158 010e 6FE1     		.short	-7825
 159 0110 8010     		.short	4224
 160 0112 A100     		.short	161
 161 0114 C230     		.short	12482
 162 0116 E320     		.short	8419
 163 0118 0450     		.short	20484
 164 011a 2540     		.short	16421
 165 011c 4670     		.short	28742
 166 011e 6760     		.short	24679
 167 0120 B983     		.short	-31815
 168 0122 9893     		.short	-27752
 169 0124 FBA3     		.short	-23557
 170 0126 DAB3     		.short	-19494
 171 0128 3DC3     		.short	-15555
 172 012a 1CD3     		.short	-11492
 173 012c 7FE3     		.short	-7297
ARM GAS  C:\Users\HUAV\AppData\Local\Temp\ccOAI1cW.s 			page 4


 174 012e 5EF3     		.short	-3234
 175 0130 B102     		.short	689
 176 0132 9012     		.short	4752
 177 0134 F322     		.short	8947
 178 0136 D232     		.short	13010
 179 0138 3542     		.short	16949
 180 013a 1452     		.short	21012
 181 013c 7762     		.short	25207
 182 013e 5672     		.short	29270
 183 0140 EAB5     		.short	-18966
 184 0142 CBA5     		.short	-23093
 185 0144 A895     		.short	-27224
 186 0146 8985     		.short	-31351
 187 0148 6EF5     		.short	-2706
 188 014a 4FE5     		.short	-6833
 189 014c 2CD5     		.short	-10964
 190 014e 0DC5     		.short	-15091
 191 0150 E234     		.short	13538
 192 0152 C324     		.short	9411
 193 0154 A014     		.short	5280
 194 0156 8104     		.short	1153
 195 0158 6674     		.short	29798
 196 015a 4764     		.short	25671
 197 015c 2454     		.short	21540
 198 015e 0544     		.short	17413
 199 0160 DBA7     		.short	-22565
 200 0162 FAB7     		.short	-18438
 201 0164 9987     		.short	-30823
 202 0166 B897     		.short	-26696
 203 0168 5FE7     		.short	-6305
 204 016a 7EF7     		.short	-2178
 205 016c 1DC7     		.short	-14563
 206 016e 3CD7     		.short	-10436
 207 0170 D326     		.short	9939
 208 0172 F236     		.short	14066
 209 0174 9106     		.short	1681
 210 0176 B016     		.short	5808
 211 0178 5766     		.short	26199
 212 017a 7676     		.short	30326
 213 017c 1546     		.short	17941
 214 017e 3456     		.short	22068
 215 0180 4CD9     		.short	-9908
 216 0182 6DC9     		.short	-13971
 217 0184 0EF9     		.short	-1778
 218 0186 2FE9     		.short	-5841
 219 0188 C899     		.short	-26168
 220 018a E989     		.short	-30231
 221 018c 8AB9     		.short	-18038
 222 018e ABA9     		.short	-22101
 223 0190 4458     		.short	22596
 224 0192 6548     		.short	18533
 225 0194 0678     		.short	30726
 226 0196 2768     		.short	26663
 227 0198 C018     		.short	6336
 228 019a E108     		.short	2273
 229 019c 8238     		.short	14466
 230 019e A328     		.short	10403
ARM GAS  C:\Users\HUAV\AppData\Local\Temp\ccOAI1cW.s 			page 5


 231 01a0 7DCB     		.short	-13443
 232 01a2 5CDB     		.short	-9380
 233 01a4 3FEB     		.short	-5313
 234 01a6 1EFB     		.short	-1250
 235 01a8 F98B     		.short	-29703
 236 01aa D89B     		.short	-25640
 237 01ac BBAB     		.short	-21573
 238 01ae 9ABB     		.short	-17510
 239 01b0 754A     		.short	19061
 240 01b2 545A     		.short	23124
 241 01b4 376A     		.short	27191
 242 01b6 167A     		.short	31254
 243 01b8 F10A     		.short	2801
 244 01ba D01A     		.short	6864
 245 01bc B32A     		.short	10931
 246 01be 923A     		.short	14994
 247 01c0 2EFD     		.short	-722
 248 01c2 0FED     		.short	-4849
 249 01c4 6CDD     		.short	-8852
 250 01c6 4DCD     		.short	-12979
 251 01c8 AABD     		.short	-16982
 252 01ca 8BAD     		.short	-21109
 253 01cc E89D     		.short	-25112
 254 01ce C98D     		.short	-29239
 255 01d0 267C     		.short	31782
 256 01d2 076C     		.short	27655
 257 01d4 645C     		.short	23652
 258 01d6 454C     		.short	19525
 259 01d8 A23C     		.short	15522
 260 01da 832C     		.short	11395
 261 01dc E01C     		.short	7392
 262 01de C10C     		.short	3265
 263 01e0 1FEF     		.short	-4321
 264 01e2 3EFF     		.short	-194
 265 01e4 5DCF     		.short	-12451
 266 01e6 7CDF     		.short	-8324
 267 01e8 9BAF     		.short	-20581
 268 01ea BABF     		.short	-16454
 269 01ec D98F     		.short	-28711
 270 01ee F89F     		.short	-24584
 271 01f0 176E     		.short	28183
 272 01f2 367E     		.short	32310
 273 01f4 554E     		.short	20053
 274 01f6 745E     		.short	24180
 275 01f8 932E     		.short	11923
 276 01fa B23E     		.short	16050
 277 01fc D10E     		.short	3793
 278 01fe F01E     		.short	7920
 279              		.section	.text.Common_CRC16,"ax",%progbits
 280              		.align	1
 281              		.global	Common_CRC16
 282              		.syntax unified
 283              		.thumb
 284              		.thumb_func
 286              	Common_CRC16:
 287              	.LFB0:
 288              		.file 1 "common/util.c"
ARM GAS  C:\Users\HUAV\AppData\Local\Temp\ccOAI1cW.s 			page 6


   1:common/util.c **** #include "util.h"
   2:common/util.c **** 
   3:common/util.c **** /* Table of CRC constants - implements x^16+x^12+x^5+1 */
   4:common/util.c **** static const uint16_t crc16_tab[] = 
   5:common/util.c **** {
   6:common/util.c ****     0x0000, 0x1021, 0x2042, 0x3063, 0x4084, 0x50a5, 0x60c6, 0x70e7,
   7:common/util.c ****     0x8108, 0x9129, 0xa14a, 0xb16b, 0xc18c, 0xd1ad, 0xe1ce, 0xf1ef,
   8:common/util.c ****     0x1231, 0x0210, 0x3273, 0x2252, 0x52b5, 0x4294, 0x72f7, 0x62d6,
   9:common/util.c ****     0x9339, 0x8318, 0xb37b, 0xa35a, 0xd3bd, 0xc39c, 0xf3ff, 0xe3de,
  10:common/util.c ****     0x2462, 0x3443, 0x0420, 0x1401, 0x64e6, 0x74c7, 0x44a4, 0x5485,
  11:common/util.c ****     0xa56a, 0xb54b, 0x8528, 0x9509, 0xe5ee, 0xf5cf, 0xc5ac, 0xd58d,
  12:common/util.c ****     0x3653, 0x2672, 0x1611, 0x0630, 0x76d7, 0x66f6, 0x5695, 0x46b4,
  13:common/util.c ****     0xb75b, 0xa77a, 0x9719, 0x8738, 0xf7df, 0xe7fe, 0xd79d, 0xc7bc,
  14:common/util.c ****     0x48c4, 0x58e5, 0x6886, 0x78a7, 0x0840, 0x1861, 0x2802, 0x3823,
  15:common/util.c ****     0xc9cc, 0xd9ed, 0xe98e, 0xf9af, 0x8948, 0x9969, 0xa90a, 0xb92b,
  16:common/util.c ****     0x5af5, 0x4ad4, 0x7ab7, 0x6a96, 0x1a71, 0x0a50, 0x3a33, 0x2a12,
  17:common/util.c ****     0xdbfd, 0xcbdc, 0xfbbf, 0xeb9e, 0x9b79, 0x8b58, 0xbb3b, 0xab1a,
  18:common/util.c ****     0x6ca6, 0x7c87, 0x4ce4, 0x5cc5, 0x2c22, 0x3c03, 0x0c60, 0x1c41,
  19:common/util.c ****     0xedae, 0xfd8f, 0xcdec, 0xddcd, 0xad2a, 0xbd0b, 0x8d68, 0x9d49,
  20:common/util.c ****     0x7e97, 0x6eb6, 0x5ed5, 0x4ef4, 0x3e13, 0x2e32, 0x1e51, 0x0e70,
  21:common/util.c ****     0xff9f, 0xefbe, 0xdfdd, 0xcffc, 0xbf1b, 0xaf3a, 0x9f59, 0x8f78,
  22:common/util.c ****     0x9188, 0x81a9, 0xb1ca, 0xa1eb, 0xd10c, 0xc12d, 0xf14e, 0xe16f,
  23:common/util.c ****     0x1080, 0x00a1, 0x30c2, 0x20e3, 0x5004, 0x4025, 0x7046, 0x6067,
  24:common/util.c ****     0x83b9, 0x9398, 0xa3fb, 0xb3da, 0xc33d, 0xd31c, 0xe37f, 0xf35e,
  25:common/util.c ****     0x02b1, 0x1290, 0x22f3, 0x32d2, 0x4235, 0x5214, 0x6277, 0x7256,
  26:common/util.c ****     0xb5ea, 0xa5cb, 0x95a8, 0x8589, 0xf56e, 0xe54f, 0xd52c, 0xc50d,
  27:common/util.c ****     0x34e2, 0x24c3, 0x14a0, 0x0481, 0x7466, 0x6447, 0x5424, 0x4405,
  28:common/util.c ****     0xa7db, 0xb7fa, 0x8799, 0x97b8, 0xe75f, 0xf77e, 0xc71d, 0xd73c,
  29:common/util.c ****     0x26d3, 0x36f2, 0x0691, 0x16b0, 0x6657, 0x7676, 0x4615, 0x5634,
  30:common/util.c ****     0xd94c, 0xc96d, 0xf90e, 0xe92f, 0x99c8, 0x89e9, 0xb98a, 0xa9ab,
  31:common/util.c ****     0x5844, 0x4865, 0x7806, 0x6827, 0x18c0, 0x08e1, 0x3882, 0x28a3,
  32:common/util.c ****     0xcb7d, 0xdb5c, 0xeb3f, 0xfb1e, 0x8bf9, 0x9bd8, 0xabbb, 0xbb9a,
  33:common/util.c ****     0x4a75, 0x5a54, 0x6a37, 0x7a16, 0x0af1, 0x1ad0, 0x2ab3, 0x3a92,
  34:common/util.c ****     0xfd2e, 0xed0f, 0xdd6c, 0xcd4d, 0xbdaa, 0xad8b, 0x9de8, 0x8dc9,
  35:common/util.c ****     0x7c26, 0x6c07, 0x5c64, 0x4c45, 0x3ca2, 0x2c83, 0x1ce0, 0x0cc1,
  36:common/util.c ****     0xef1f, 0xff3e, 0xcf5d, 0xdf7c, 0xaf9b, 0xbfba, 0x8fd9, 0x9ff8,
  37:common/util.c ****     0x6e17, 0x7e36, 0x4e55, 0x5e74, 0x2e93, 0x3eb2, 0x0ed1, 0x1ef0,
  38:common/util.c **** };
  39:common/util.c **** 
  40:common/util.c **** int16_t Common_CRC16(const uint8_t *pBuf, const uint32_t len)
  41:common/util.c **** {
 289              		.loc 1 41 1
 290              		.cfi_startproc
 291              		@ args = 0, pretend = 0, frame = 24
 292              		@ frame_needed = 1, uses_anonymous_args = 0
 293              		@ link register save eliminated.
 294 0000 80B4     		push	{r7}
 295              	.LCFI0:
 296              		.cfi_def_cfa_offset 4
 297              		.cfi_offset 7, -4
 298 0002 87B0     		sub	sp, sp, #28
 299              	.LCFI1:
 300              		.cfi_def_cfa_offset 32
 301 0004 00AF     		add	r7, sp, #0
 302              	.LCFI2:
 303              		.cfi_def_cfa_register 7
 304 0006 7860     		str	r0, [r7, #4]
ARM GAS  C:\Users\HUAV\AppData\Local\Temp\ccOAI1cW.s 			page 7


 305 0008 3960     		str	r1, [r7]
  42:common/util.c ****     uint16_t CheckSum = 0;
 306              		.loc 1 42 14
 307 000a 0023     		movs	r3, #0
 308 000c FB82     		strh	r3, [r7, #22]	@ movhi
  43:common/util.c ****     uint8_t j = 0;
 309              		.loc 1 43 13
 310 000e 0023     		movs	r3, #0
 311 0010 FB73     		strb	r3, [r7, #15]
  44:common/util.c **** 
  45:common/util.c ****     if(NULL == pBuf)
 312              		.loc 1 45 7
 313 0012 7B68     		ldr	r3, [r7, #4]
 314 0014 002B     		cmp	r3, #0
 315 0016 02D1     		bne	.L2
  46:common/util.c ****         return -1;
 316              		.loc 1 46 16
 317 0018 4FF0FF33 		mov	r3, #-1
 318 001c 20E0     		b	.L3
 319              	.L2:
 320              	.LBB2:
  47:common/util.c ****         
  48:common/util.c ****     for (uint32_t i = 0; i < len; i++)
 321              		.loc 1 48 19
 322 001e 0023     		movs	r3, #0
 323 0020 3B61     		str	r3, [r7, #16]
 324              		.loc 1 48 5
 325 0022 17E0     		b	.L4
 326              	.L5:
  49:common/util.c ****     {
  50:common/util.c ****         j = (uint8_t)(((CheckSum >> 8) ^ pBuf[i]) & 0xFF);
 327              		.loc 1 50 13 discriminator 3
 328 0024 FB8A     		ldrh	r3, [r7, #22]
 329 0026 1B0A     		lsrs	r3, r3, #8
 330 0028 9BB2     		uxth	r3, r3
 331 002a DAB2     		uxtb	r2, r3
 332              		.loc 1 50 46 discriminator 3
 333 002c 7968     		ldr	r1, [r7, #4]
 334 002e 3B69     		ldr	r3, [r7, #16]
 335 0030 0B44     		add	r3, r3, r1
 336 0032 1B78     		ldrb	r3, [r3]	@ zero_extendqisi2
 337              		.loc 1 50 11 discriminator 3
 338 0034 5340     		eors	r3, r3, r2
 339 0036 FB73     		strb	r3, [r7, #15]
  51:common/util.c ****         CheckSum = crc16_tab[j] ^ (CheckSum << 8);
 340              		.loc 1 51 29 discriminator 3
 341 0038 FB7B     		ldrb	r3, [r7, #15]	@ zero_extendqisi2
 342 003a 0C4A     		ldr	r2, .L6
 343 003c 32F81330 		ldrh	r3, [r2, r3, lsl #1]
 344 0040 1AB2     		sxth	r2, r3
 345              		.loc 1 51 45 discriminator 3
 346 0042 FB8A     		ldrh	r3, [r7, #22]
 347 0044 1B02     		lsls	r3, r3, #8
 348              		.loc 1 51 33 discriminator 3
 349 0046 1BB2     		sxth	r3, r3
 350 0048 5340     		eors	r3, r3, r2
 351 004a 1BB2     		sxth	r3, r3
ARM GAS  C:\Users\HUAV\AppData\Local\Temp\ccOAI1cW.s 			page 8


 352              		.loc 1 51 18 discriminator 3
 353 004c FB82     		strh	r3, [r7, #22]	@ movhi
  48:common/util.c ****     {
 354              		.loc 1 48 36 discriminator 3
 355 004e 3B69     		ldr	r3, [r7, #16]
 356 0050 0133     		adds	r3, r3, #1
 357 0052 3B61     		str	r3, [r7, #16]
 358              	.L4:
  48:common/util.c ****     {
 359              		.loc 1 48 5 discriminator 1
 360 0054 3A69     		ldr	r2, [r7, #16]
 361 0056 3B68     		ldr	r3, [r7]
 362 0058 9A42     		cmp	r2, r3
 363 005a E3D3     		bcc	.L5
 364              	.LBE2:
  52:common/util.c ****     }
  53:common/util.c ****     
  54:common/util.c ****     return CheckSum;
 365              		.loc 1 54 12
 366 005c B7F91630 		ldrsh	r3, [r7, #22]
 367              	.L3:
  55:common/util.c **** }
 368              		.loc 1 55 1
 369 0060 1846     		mov	r0, r3
 370 0062 1C37     		adds	r7, r7, #28
 371              	.LCFI3:
 372              		.cfi_def_cfa_offset 4
 373 0064 BD46     		mov	sp, r7
 374              	.LCFI4:
 375              		.cfi_def_cfa_register 13
 376              		@ sp needed
 377 0066 5DF8047B 		ldr	r7, [sp], #4
 378              	.LCFI5:
 379              		.cfi_restore 7
 380              		.cfi_def_cfa_offset 0
 381 006a 7047     		bx	lr
 382              	.L7:
 383              		.align	2
 384              	.L6:
 385 006c 00000000 		.word	crc16_tab
 386              		.cfi_endproc
 387              	.LFE0:
 389              		.section	.text.Get_Bit_Index,"ax",%progbits
 390              		.align	1
 391              		.global	Get_Bit_Index
 392              		.syntax unified
 393              		.thumb
 394              		.thumb_func
 396              	Get_Bit_Index:
 397              	.LFB1:
  56:common/util.c **** 
  57:common/util.c **** uint8_t Get_Bit_Index(uint16_t val)
  58:common/util.c **** {
 398              		.loc 1 58 1
 399              		.cfi_startproc
 400              		@ args = 0, pretend = 0, frame = 24
 401              		@ frame_needed = 1, uses_anonymous_args = 0
ARM GAS  C:\Users\HUAV\AppData\Local\Temp\ccOAI1cW.s 			page 9


 402              		@ link register save eliminated.
 403 0000 80B4     		push	{r7}
 404              	.LCFI6:
 405              		.cfi_def_cfa_offset 4
 406              		.cfi_offset 7, -4
 407 0002 87B0     		sub	sp, sp, #28
 408              	.LCFI7:
 409              		.cfi_def_cfa_offset 32
 410 0004 00AF     		add	r7, sp, #0
 411              	.LCFI8:
 412              		.cfi_def_cfa_register 7
 413 0006 0346     		mov	r3, r0
 414 0008 FB80     		strh	r3, [r7, #6]	@ movhi
  59:common/util.c **** 	float f_val = (float)val;
 415              		.loc 1 59 16
 416 000a FB88     		ldrh	r3, [r7, #6]
 417 000c 07EE903A 		vmov	s15, r3	@ int
 418 0010 F8EE677A 		vcvt.f32.u32	s15, s15
 419              		.loc 1 59 8
 420 0014 C7ED037A 		vstr.32	s15, [r7, #12]
  60:common/util.c **** 	uint32_t u32_val = 0;
 421              		.loc 1 60 11
 422 0018 0023     		movs	r3, #0
 423 001a 7B61     		str	r3, [r7, #20]
  61:common/util.c **** 	uint8_t bit = 0;
 424              		.loc 1 61 10
 425 001c 0023     		movs	r3, #0
 426 001e FB74     		strb	r3, [r7, #19]
  62:common/util.c **** 	
  63:common/util.c **** 	u32_val = *((unsigned long*)(&f_val));
 427              		.loc 1 63 31
 428 0020 07F10C03 		add	r3, r7, #12
 429              		.loc 1 63 10
 430 0024 1B68     		ldr	r3, [r3]
 431 0026 7B61     		str	r3, [r7, #20]
  64:common/util.c **** 	
  65:common/util.c **** 	bit = (u32_val >> 23) & 0xFF;
 432              		.loc 1 65 17
 433 0028 7B69     		ldr	r3, [r7, #20]
 434 002a DB0D     		lsrs	r3, r3, #23
 435              		.loc 1 65 6
 436 002c FB74     		strb	r3, [r7, #19]
  66:common/util.c **** 	bit -= 127;
 437              		.loc 1 66 6
 438 002e FB7C     		ldrb	r3, [r7, #19]
 439 0030 7F3B     		subs	r3, r3, #127
 440 0032 FB74     		strb	r3, [r7, #19]
  67:common/util.c **** 	
  68:common/util.c **** 	return bit;
 441              		.loc 1 68 9
 442 0034 FB7C     		ldrb	r3, [r7, #19]	@ zero_extendqisi2
  69:common/util.c **** }
 443              		.loc 1 69 1
 444 0036 1846     		mov	r0, r3
 445 0038 1C37     		adds	r7, r7, #28
 446              	.LCFI9:
 447              		.cfi_def_cfa_offset 4
ARM GAS  C:\Users\HUAV\AppData\Local\Temp\ccOAI1cW.s 			page 10


 448 003a BD46     		mov	sp, r7
 449              	.LCFI10:
 450              		.cfi_def_cfa_register 13
 451              		@ sp needed
 452 003c 5DF8047B 		ldr	r7, [sp], #4
 453              	.LCFI11:
 454              		.cfi_restore 7
 455              		.cfi_def_cfa_offset 0
 456 0040 7047     		bx	lr
 457              		.cfi_endproc
 458              	.LFE1:
 460              		.section	.text.Get_OnSet_Bit_Num,"ax",%progbits
 461              		.align	1
 462              		.global	Get_OnSet_Bit_Num
 463              		.syntax unified
 464              		.thumb
 465              		.thumb_func
 467              	Get_OnSet_Bit_Num:
 468              	.LFB2:
  70:common/util.c **** 
  71:common/util.c **** uint8_t Get_OnSet_Bit_Num(uint32_t value)
  72:common/util.c **** {
 469              		.loc 1 72 1
 470              		.cfi_startproc
 471              		@ args = 0, pretend = 0, frame = 8
 472              		@ frame_needed = 1, uses_anonymous_args = 0
 473              		@ link register save eliminated.
 474 0000 80B4     		push	{r7}
 475              	.LCFI12:
 476              		.cfi_def_cfa_offset 4
 477              		.cfi_offset 7, -4
 478 0002 83B0     		sub	sp, sp, #12
 479              	.LCFI13:
 480              		.cfi_def_cfa_offset 16
 481 0004 00AF     		add	r7, sp, #0
 482              	.LCFI14:
 483              		.cfi_def_cfa_register 7
 484 0006 7860     		str	r0, [r7, #4]
  73:common/util.c ****     value = ( value & 0x55555555 ) + ( (value >>1)  & 0x55555555 ) ; 
 485              		.loc 1 73 21
 486 0008 7B68     		ldr	r3, [r7, #4]
 487 000a 03F05532 		and	r2, r3, #1431655765
 488              		.loc 1 73 47
 489 000e 7B68     		ldr	r3, [r7, #4]
 490 0010 5B08     		lsrs	r3, r3, #1
 491              		.loc 1 73 53
 492 0012 03F05533 		and	r3, r3, #1431655765
 493              		.loc 1 73 11
 494 0016 1344     		add	r3, r3, r2
 495 0018 7B60     		str	r3, [r7, #4]
  74:common/util.c ****     value = ( value & 0x33333333 ) + ( (value >>2)  & 0x33333333 ) ; 
 496              		.loc 1 74 21
 497 001a 7B68     		ldr	r3, [r7, #4]
 498 001c 03F03332 		and	r2, r3, #858993459
 499              		.loc 1 74 47
 500 0020 7B68     		ldr	r3, [r7, #4]
 501 0022 9B08     		lsrs	r3, r3, #2
ARM GAS  C:\Users\HUAV\AppData\Local\Temp\ccOAI1cW.s 			page 11


 502              		.loc 1 74 53
 503 0024 03F03333 		and	r3, r3, #858993459
 504              		.loc 1 74 11
 505 0028 1344     		add	r3, r3, r2
 506 002a 7B60     		str	r3, [r7, #4]
  75:common/util.c ****     value = ( value & 0x0f0f0f0f ) + ( (value >>4)  & 0x0f0f0f0f ) ; 
 507              		.loc 1 75 21
 508 002c 7B68     		ldr	r3, [r7, #4]
 509 002e 03F00F32 		and	r2, r3, #252645135
 510              		.loc 1 75 47
 511 0032 7B68     		ldr	r3, [r7, #4]
 512 0034 1B09     		lsrs	r3, r3, #4
 513              		.loc 1 75 53
 514 0036 03F00F33 		and	r3, r3, #252645135
 515              		.loc 1 75 11
 516 003a 1344     		add	r3, r3, r2
 517 003c 7B60     		str	r3, [r7, #4]
  76:common/util.c ****     value = ( value & 0x00ff00ff ) + ( (value >>8)  & 0x00ff00ff ) ; 
 518              		.loc 1 76 21
 519 003e 7B68     		ldr	r3, [r7, #4]
 520 0040 03F0FF12 		and	r2, r3, #16711935
 521              		.loc 1 76 47
 522 0044 7B68     		ldr	r3, [r7, #4]
 523 0046 1B0A     		lsrs	r3, r3, #8
 524              		.loc 1 76 53
 525 0048 03F0FF13 		and	r3, r3, #16711935
 526              		.loc 1 76 11
 527 004c 1344     		add	r3, r3, r2
 528 004e 7B60     		str	r3, [r7, #4]
  77:common/util.c ****     value = ( value & 0x0000ffff ) + ( (value >>16) & 0x0000ffff ) ; 
 529              		.loc 1 77 21
 530 0050 7B68     		ldr	r3, [r7, #4]
 531 0052 9AB2     		uxth	r2, r3
 532              		.loc 1 77 47
 533 0054 7B68     		ldr	r3, [r7, #4]
 534 0056 1B0C     		lsrs	r3, r3, #16
 535              		.loc 1 77 11
 536 0058 1344     		add	r3, r3, r2
 537 005a 7B60     		str	r3, [r7, #4]
  78:common/util.c ****  
  79:common/util.c ****     return value  ; 
 538              		.loc 1 79 12
 539 005c 7B68     		ldr	r3, [r7, #4]
 540 005e DBB2     		uxtb	r3, r3
  80:common/util.c **** }
 541              		.loc 1 80 1
 542 0060 1846     		mov	r0, r3
 543 0062 0C37     		adds	r7, r7, #12
 544              	.LCFI15:
 545              		.cfi_def_cfa_offset 4
 546 0064 BD46     		mov	sp, r7
 547              	.LCFI16:
 548              		.cfi_def_cfa_register 13
 549              		@ sp needed
 550 0066 5DF8047B 		ldr	r7, [sp], #4
 551              	.LCFI17:
 552              		.cfi_restore 7
ARM GAS  C:\Users\HUAV\AppData\Local\Temp\ccOAI1cW.s 			page 12


 553              		.cfi_def_cfa_offset 0
 554 006a 7047     		bx	lr
 555              		.cfi_endproc
 556              	.LFE2:
 558              		.text
 559              	.Letext0:
 560              		.file 2 "d:\\hpm-compile-tool\\gcc-arm-none-eabi-10.3-win\\arm-none-eabi\\include\\machine\\_defau
 561              		.file 3 "d:\\hpm-compile-tool\\gcc-arm-none-eabi-10.3-win\\arm-none-eabi\\include\\sys\\_stdint.h"
ARM GAS  C:\Users\HUAV\AppData\Local\Temp\ccOAI1cW.s 			page 13


DEFINED SYMBOLS
                            *ABS*:00000000 util.c
C:\Users\HUAV\AppData\Local\Temp\ccOAI1cW.s:19     .rodata.crc16_tab:00000000 $d
C:\Users\HUAV\AppData\Local\Temp\ccOAI1cW.s:22     .rodata.crc16_tab:00000000 crc16_tab
C:\Users\HUAV\AppData\Local\Temp\ccOAI1cW.s:280    .text.Common_CRC16:00000000 $t
C:\Users\HUAV\AppData\Local\Temp\ccOAI1cW.s:286    .text.Common_CRC16:00000000 Common_CRC16
C:\Users\HUAV\AppData\Local\Temp\ccOAI1cW.s:385    .text.Common_CRC16:0000006c $d
C:\Users\HUAV\AppData\Local\Temp\ccOAI1cW.s:390    .text.Get_Bit_Index:00000000 $t
C:\Users\HUAV\AppData\Local\Temp\ccOAI1cW.s:396    .text.Get_Bit_Index:00000000 Get_Bit_Index
C:\Users\HUAV\AppData\Local\Temp\ccOAI1cW.s:461    .text.Get_OnSet_Bit_Num:00000000 $t
C:\Users\HUAV\AppData\Local\Temp\ccOAI1cW.s:467    .text.Get_OnSet_Bit_Num:00000000 Get_OnSet_Bit_Num

NO UNDEFINED SYMBOLS
